Archive member included because of file (symbol)

c:/program files (x86)/atmel/atmel toolchain/avr8 gcc/native/3.4.2.876/avr8-gnu-toolchain/bin/../lib/gcc/avr/4.7.2/avr4\libgcc.a(_udivmodqi4.o)
                              src/led_indic.o (__udivmodqi4)
c:/program files (x86)/atmel/atmel toolchain/avr8 gcc/native/3.4.2.876/avr8-gnu-toolchain/bin/../lib/gcc/avr/4.7.2/avr4\libgcc.a(_divmodsi4.o)
                              src/adc.o (__divmodsi4)
c:/program files (x86)/atmel/atmel toolchain/avr8 gcc/native/3.4.2.876/avr8-gnu-toolchain/bin/../lib/gcc/avr/4.7.2/avr4\libgcc.a(_exit.o)
                              c:/program files (x86)/atmel/atmel toolchain/avr8 gcc/native/3.4.2.876/avr8-gnu-toolchain/bin/../lib/gcc/avr/4.7.2/../../../../avr/lib/avr4/crtm8.o (exit)
c:/program files (x86)/atmel/atmel toolchain/avr8 gcc/native/3.4.2.876/avr8-gnu-toolchain/bin/../lib/gcc/avr/4.7.2/avr4\libgcc.a(_copy_data.o)
                              src/adc.o (__do_copy_data)
c:/program files (x86)/atmel/atmel toolchain/avr8 gcc/native/3.4.2.876/avr8-gnu-toolchain/bin/../lib/gcc/avr/4.7.2/avr4\libgcc.a(_clear_bss.o)
                              src/adc.o (__do_clear_bss)
c:/program files (x86)/atmel/atmel toolchain/avr8 gcc/native/3.4.2.876/avr8-gnu-toolchain/bin/../lib/gcc/avr/4.7.2/avr4\libgcc.a(_mulhisi3.o)
                              src/fir_filter.o (__mulhisi3)
c:/program files (x86)/atmel/atmel toolchain/avr8 gcc/native/3.4.2.876/avr8-gnu-toolchain/bin/../lib/gcc/avr/4.7.2/avr4\libgcc.a(_umulhisi3.o)
                              src/adc.o (__umulhisi3)
c:/program files (x86)/atmel/atmel toolchain/avr8 gcc/native/3.4.2.876/avr8-gnu-toolchain/bin/../lib/gcc/avr/4.7.2/avr4\libgcc.a(_usmulhisi3.o)
                              src/adc.o (__usmulhisi3)
c:/program files (x86)/atmel/atmel toolchain/avr8 gcc/native/3.4.2.876/avr8-gnu-toolchain/bin/../lib/gcc/avr/4.7.2/avr4\libgcc.a(_muluhisi3.o)
                              src/adc.o (__muluhisi3)
c:/program files (x86)/atmel/atmel toolchain/avr8 gcc/native/3.4.2.876/avr8-gnu-toolchain/bin/../lib/gcc/avr/4.7.2/avr4\libgcc.a(_udivmodsi4.o)
                              c:/program files (x86)/atmel/atmel toolchain/avr8 gcc/native/3.4.2.876/avr8-gnu-toolchain/bin/../lib/gcc/avr/4.7.2/avr4\libgcc.a(_divmodsi4.o) (__udivmodsi4)
c:/program files (x86)/atmel/atmel toolchain/avr8 gcc/native/3.4.2.876/avr8-gnu-toolchain/bin/../lib/gcc/avr/4.7.2/../../../../avr/lib/avr4\libc.a(memcpy_P.o)
                              src/control.o (memcpy_P)
c:/program files (x86)/atmel/atmel toolchain/avr8 gcc/native/3.4.2.876/avr8-gnu-toolchain/bin/../lib/gcc/avr/4.7.2/../../../../avr/lib/avr4\libc.a(eerd_block_atmega8.o)
                              src/control.o (__eerd_block_m8)
c:/program files (x86)/atmel/atmel toolchain/avr8 gcc/native/3.4.2.876/avr8-gnu-toolchain/bin/../lib/gcc/avr/4.7.2/../../../../avr/lib/avr4\libc.a(eerd_byte_atmega8.o)
                              src/control.o (__eerd_byte_m8)
c:/program files (x86)/atmel/atmel toolchain/avr8 gcc/native/3.4.2.876/avr8-gnu-toolchain/bin/../lib/gcc/avr/4.7.2/../../../../avr/lib/avr4\libc.a(eeupd_block_atmega8.o)
                              src/control.o (__eeupd_block_m8)
c:/program files (x86)/atmel/atmel toolchain/avr8 gcc/native/3.4.2.876/avr8-gnu-toolchain/bin/../lib/gcc/avr/4.7.2/../../../../avr/lib/avr4\libc.a(eeupd_byte_atmega8.o)
                              src/control.o (__eeupd_byte_m8)

Allocating common symbols
Common symbol       size              file

cp                  0x6               src/control.o
p                   0x4               src/control.o
extra_led_state     0x1               src/led_indic.o
adc_filtered        0x2               src/adc.o
wStartPos           0x1               src/led_indic.o
adc_normalized      0x2               src/adc.o
temp_str            0xa               src/menu.o
shifterState        0x1               src/led_indic.o
adc_status          0x1               src/adc.o
bufStartPos         0x1               src/led_indic.o
led_data_buffer     0xe               src/led_indic.o
dbg_PID_struct      0xc               src/pid_controller.o
adc_celsius         0x2               src/adc.o
raw_button_state    0x1               src/led_indic.o

Discarded input sections

 .bss           0x00000000        0x0 c:/program files (x86)/atmel/atmel toolchain/avr8 gcc/native/3.4.2.876/avr8-gnu-toolchain/bin/../lib/gcc/avr/4.7.2/../../../../avr/lib/avr4/crtm8.o
 .text          0x00000000        0x0 src/adc.o
 .text          0x00000000        0x0 src/buttons.o
 .text          0x00000000        0x0 src/control.o
 .text          0x00000000        0x0 src/fir_filter.o
 .bss           0x00000000        0x0 src/fir_filter.o
 .text          0x00000000        0x0 src/led_indic.o
 .text.setWindowStartPos
                0x00000000        0x8 src/led_indic.o
 .text.shiftWindowPosition
                0x00000000        0xe src/led_indic.o
 .text.setBufferStartPos
                0x00000000        0x8 src/led_indic.o
 .text.clearComma
                0x00000000       0x18 src/led_indic.o
 .text.toggleExtraLeds
                0x00000000        0xc src/led_indic.o
 .text          0x00000000        0x0 src/led_indic_hw.o
 .bss           0x00000000        0x0 src/led_indic_hw.o
 .text          0x00000000        0x0 src/menu.o
 .text          0x00000000        0x0 src/my_string.o
 .bss           0x00000000        0x0 src/my_string.o
 .text          0x00000000        0x0 src/pid1.o
 .text          0x00000000        0x0 src/pid_controller.o
 .text          0x00000000        0x0 src/power_control.o
 .text          0x00000000        0x0 src/soft_timer.o
 .bss           0x00000000        0x0 src/soft_timer.o
 .text          0x00000000        0x0 src/systimer.o
 .text.Sound_Stop
                0x00000000        0x6 src/systimer.o
 .text          0x00000000        0x0 src/usart.o
 .bss           0x00000000        0x0 src/usart.o
 .text          0x00000000        0x0 c:/program files (x86)/atmel/atmel toolchain/avr8 gcc/native/3.4.2.876/avr8-gnu-toolchain/bin/../lib/gcc/avr/4.7.2/avr4\libgcc.a(_udivmodqi4.o)
 .bss           0x00000000        0x0 c:/program files (x86)/atmel/atmel toolchain/avr8 gcc/native/3.4.2.876/avr8-gnu-toolchain/bin/../lib/gcc/avr/4.7.2/avr4\libgcc.a(_udivmodqi4.o)
 .text.libgcc.mul
                0x00000000        0x0 c:/program files (x86)/atmel/atmel toolchain/avr8 gcc/native/3.4.2.876/avr8-gnu-toolchain/bin/../lib/gcc/avr/4.7.2/avr4\libgcc.a(_udivmodqi4.o)
 .text.libgcc   0x00000000        0x0 c:/program files (x86)/atmel/atmel toolchain/avr8 gcc/native/3.4.2.876/avr8-gnu-toolchain/bin/../lib/gcc/avr/4.7.2/avr4\libgcc.a(_udivmodqi4.o)
 .text.libgcc.prologue
                0x00000000        0x0 c:/program files (x86)/atmel/atmel toolchain/avr8 gcc/native/3.4.2.876/avr8-gnu-toolchain/bin/../lib/gcc/avr/4.7.2/avr4\libgcc.a(_udivmodqi4.o)
 .text.libgcc.builtins
                0x00000000        0x0 c:/program files (x86)/atmel/atmel toolchain/avr8 gcc/native/3.4.2.876/avr8-gnu-toolchain/bin/../lib/gcc/avr/4.7.2/avr4\libgcc.a(_udivmodqi4.o)
 .text.libgcc.fmul
                0x00000000        0x0 c:/program files (x86)/atmel/atmel toolchain/avr8 gcc/native/3.4.2.876/avr8-gnu-toolchain/bin/../lib/gcc/avr/4.7.2/avr4\libgcc.a(_udivmodqi4.o)
 .text          0x00000000        0x0 c:/program files (x86)/atmel/atmel toolchain/avr8 gcc/native/3.4.2.876/avr8-gnu-toolchain/bin/../lib/gcc/avr/4.7.2/avr4\libgcc.a(_divmodsi4.o)
 .bss           0x00000000        0x0 c:/program files (x86)/atmel/atmel toolchain/avr8 gcc/native/3.4.2.876/avr8-gnu-toolchain/bin/../lib/gcc/avr/4.7.2/avr4\libgcc.a(_divmodsi4.o)
 .text.libgcc.mul
                0x00000000        0x0 c:/program files (x86)/atmel/atmel toolchain/avr8 gcc/native/3.4.2.876/avr8-gnu-toolchain/bin/../lib/gcc/avr/4.7.2/avr4\libgcc.a(_divmodsi4.o)
 .text.libgcc   0x00000000        0x0 c:/program files (x86)/atmel/atmel toolchain/avr8 gcc/native/3.4.2.876/avr8-gnu-toolchain/bin/../lib/gcc/avr/4.7.2/avr4\libgcc.a(_divmodsi4.o)
 .text.libgcc.prologue
                0x00000000        0x0 c:/program files (x86)/atmel/atmel toolchain/avr8 gcc/native/3.4.2.876/avr8-gnu-toolchain/bin/../lib/gcc/avr/4.7.2/avr4\libgcc.a(_divmodsi4.o)
 .text.libgcc.builtins
                0x00000000        0x0 c:/program files (x86)/atmel/atmel toolchain/avr8 gcc/native/3.4.2.876/avr8-gnu-toolchain/bin/../lib/gcc/avr/4.7.2/avr4\libgcc.a(_divmodsi4.o)
 .text.libgcc.fmul
                0x00000000        0x0 c:/program files (x86)/atmel/atmel toolchain/avr8 gcc/native/3.4.2.876/avr8-gnu-toolchain/bin/../lib/gcc/avr/4.7.2/avr4\libgcc.a(_divmodsi4.o)
 .text          0x00000000        0x0 c:/program files (x86)/atmel/atmel toolchain/avr8 gcc/native/3.4.2.876/avr8-gnu-toolchain/bin/../lib/gcc/avr/4.7.2/avr4\libgcc.a(_exit.o)
 .bss           0x00000000        0x0 c:/program files (x86)/atmel/atmel toolchain/avr8 gcc/native/3.4.2.876/avr8-gnu-toolchain/bin/../lib/gcc/avr/4.7.2/avr4\libgcc.a(_exit.o)
 .text.libgcc.mul
                0x00000000        0x0 c:/program files (x86)/atmel/atmel toolchain/avr8 gcc/native/3.4.2.876/avr8-gnu-toolchain/bin/../lib/gcc/avr/4.7.2/avr4\libgcc.a(_exit.o)
 .text.libgcc.div
                0x00000000        0x0 c:/program files (x86)/atmel/atmel toolchain/avr8 gcc/native/3.4.2.876/avr8-gnu-toolchain/bin/../lib/gcc/avr/4.7.2/avr4\libgcc.a(_exit.o)
 .text.libgcc   0x00000000        0x0 c:/program files (x86)/atmel/atmel toolchain/avr8 gcc/native/3.4.2.876/avr8-gnu-toolchain/bin/../lib/gcc/avr/4.7.2/avr4\libgcc.a(_exit.o)
 .text.libgcc.prologue
                0x00000000        0x0 c:/program files (x86)/atmel/atmel toolchain/avr8 gcc/native/3.4.2.876/avr8-gnu-toolchain/bin/../lib/gcc/avr/4.7.2/avr4\libgcc.a(_exit.o)
 .text.libgcc.builtins
                0x00000000        0x0 c:/program files (x86)/atmel/atmel toolchain/avr8 gcc/native/3.4.2.876/avr8-gnu-toolchain/bin/../lib/gcc/avr/4.7.2/avr4\libgcc.a(_exit.o)
 .text.libgcc.fmul
                0x00000000        0x0 c:/program files (x86)/atmel/atmel toolchain/avr8 gcc/native/3.4.2.876/avr8-gnu-toolchain/bin/../lib/gcc/avr/4.7.2/avr4\libgcc.a(_exit.o)
 .text          0x00000000        0x0 c:/program files (x86)/atmel/atmel toolchain/avr8 gcc/native/3.4.2.876/avr8-gnu-toolchain/bin/../lib/gcc/avr/4.7.2/avr4\libgcc.a(_copy_data.o)
 .bss           0x00000000        0x0 c:/program files (x86)/atmel/atmel toolchain/avr8 gcc/native/3.4.2.876/avr8-gnu-toolchain/bin/../lib/gcc/avr/4.7.2/avr4\libgcc.a(_copy_data.o)
 .text.libgcc.mul
                0x00000000        0x0 c:/program files (x86)/atmel/atmel toolchain/avr8 gcc/native/3.4.2.876/avr8-gnu-toolchain/bin/../lib/gcc/avr/4.7.2/avr4\libgcc.a(_copy_data.o)
 .text.libgcc.div
                0x00000000        0x0 c:/program files (x86)/atmel/atmel toolchain/avr8 gcc/native/3.4.2.876/avr8-gnu-toolchain/bin/../lib/gcc/avr/4.7.2/avr4\libgcc.a(_copy_data.o)
 .text.libgcc   0x00000000        0x0 c:/program files (x86)/atmel/atmel toolchain/avr8 gcc/native/3.4.2.876/avr8-gnu-toolchain/bin/../lib/gcc/avr/4.7.2/avr4\libgcc.a(_copy_data.o)
 .text.libgcc.prologue
                0x00000000        0x0 c:/program files (x86)/atmel/atmel toolchain/avr8 gcc/native/3.4.2.876/avr8-gnu-toolchain/bin/../lib/gcc/avr/4.7.2/avr4\libgcc.a(_copy_data.o)
 .text.libgcc.builtins
                0x00000000        0x0 c:/program files (x86)/atmel/atmel toolchain/avr8 gcc/native/3.4.2.876/avr8-gnu-toolchain/bin/../lib/gcc/avr/4.7.2/avr4\libgcc.a(_copy_data.o)
 .text.libgcc.fmul
                0x00000000        0x0 c:/program files (x86)/atmel/atmel toolchain/avr8 gcc/native/3.4.2.876/avr8-gnu-toolchain/bin/../lib/gcc/avr/4.7.2/avr4\libgcc.a(_copy_data.o)
 .text          0x00000000        0x0 c:/program files (x86)/atmel/atmel toolchain/avr8 gcc/native/3.4.2.876/avr8-gnu-toolchain/bin/../lib/gcc/avr/4.7.2/avr4\libgcc.a(_clear_bss.o)
 .bss           0x00000000        0x0 c:/program files (x86)/atmel/atmel toolchain/avr8 gcc/native/3.4.2.876/avr8-gnu-toolchain/bin/../lib/gcc/avr/4.7.2/avr4\libgcc.a(_clear_bss.o)
 .text.libgcc.mul
                0x00000000        0x0 c:/program files (x86)/atmel/atmel toolchain/avr8 gcc/native/3.4.2.876/avr8-gnu-toolchain/bin/../lib/gcc/avr/4.7.2/avr4\libgcc.a(_clear_bss.o)
 .text.libgcc.div
                0x00000000        0x0 c:/program files (x86)/atmel/atmel toolchain/avr8 gcc/native/3.4.2.876/avr8-gnu-toolchain/bin/../lib/gcc/avr/4.7.2/avr4\libgcc.a(_clear_bss.o)
 .text.libgcc   0x00000000        0x0 c:/program files (x86)/atmel/atmel toolchain/avr8 gcc/native/3.4.2.876/avr8-gnu-toolchain/bin/../lib/gcc/avr/4.7.2/avr4\libgcc.a(_clear_bss.o)
 .text.libgcc.prologue
                0x00000000        0x0 c:/program files (x86)/atmel/atmel toolchain/avr8 gcc/native/3.4.2.876/avr8-gnu-toolchain/bin/../lib/gcc/avr/4.7.2/avr4\libgcc.a(_clear_bss.o)
 .text.libgcc.builtins
                0x00000000        0x0 c:/program files (x86)/atmel/atmel toolchain/avr8 gcc/native/3.4.2.876/avr8-gnu-toolchain/bin/../lib/gcc/avr/4.7.2/avr4\libgcc.a(_clear_bss.o)
 .text.libgcc.fmul
                0x00000000        0x0 c:/program files (x86)/atmel/atmel toolchain/avr8 gcc/native/3.4.2.876/avr8-gnu-toolchain/bin/../lib/gcc/avr/4.7.2/avr4\libgcc.a(_clear_bss.o)
 .text          0x00000000        0x0 c:/program files (x86)/atmel/atmel toolchain/avr8 gcc/native/3.4.2.876/avr8-gnu-toolchain/bin/../lib/gcc/avr/4.7.2/avr4\libgcc.a(_mulhisi3.o)
 .bss           0x00000000        0x0 c:/program files (x86)/atmel/atmel toolchain/avr8 gcc/native/3.4.2.876/avr8-gnu-toolchain/bin/../lib/gcc/avr/4.7.2/avr4\libgcc.a(_mulhisi3.o)
 .text.libgcc.div
                0x00000000        0x0 c:/program files (x86)/atmel/atmel toolchain/avr8 gcc/native/3.4.2.876/avr8-gnu-toolchain/bin/../lib/gcc/avr/4.7.2/avr4\libgcc.a(_mulhisi3.o)
 .text.libgcc   0x00000000        0x0 c:/program files (x86)/atmel/atmel toolchain/avr8 gcc/native/3.4.2.876/avr8-gnu-toolchain/bin/../lib/gcc/avr/4.7.2/avr4\libgcc.a(_mulhisi3.o)
 .text.libgcc.prologue
                0x00000000        0x0 c:/program files (x86)/atmel/atmel toolchain/avr8 gcc/native/3.4.2.876/avr8-gnu-toolchain/bin/../lib/gcc/avr/4.7.2/avr4\libgcc.a(_mulhisi3.o)
 .text.libgcc.builtins
                0x00000000        0x0 c:/program files (x86)/atmel/atmel toolchain/avr8 gcc/native/3.4.2.876/avr8-gnu-toolchain/bin/../lib/gcc/avr/4.7.2/avr4\libgcc.a(_mulhisi3.o)
 .text.libgcc.fmul
                0x00000000        0x0 c:/program files (x86)/atmel/atmel toolchain/avr8 gcc/native/3.4.2.876/avr8-gnu-toolchain/bin/../lib/gcc/avr/4.7.2/avr4\libgcc.a(_mulhisi3.o)
 .text          0x00000000        0x0 c:/program files (x86)/atmel/atmel toolchain/avr8 gcc/native/3.4.2.876/avr8-gnu-toolchain/bin/../lib/gcc/avr/4.7.2/avr4\libgcc.a(_umulhisi3.o)
 .bss           0x00000000        0x0 c:/program files (x86)/atmel/atmel toolchain/avr8 gcc/native/3.4.2.876/avr8-gnu-toolchain/bin/../lib/gcc/avr/4.7.2/avr4\libgcc.a(_umulhisi3.o)
 .text.libgcc.div
                0x00000000        0x0 c:/program files (x86)/atmel/atmel toolchain/avr8 gcc/native/3.4.2.876/avr8-gnu-toolchain/bin/../lib/gcc/avr/4.7.2/avr4\libgcc.a(_umulhisi3.o)
 .text.libgcc   0x00000000        0x0 c:/program files (x86)/atmel/atmel toolchain/avr8 gcc/native/3.4.2.876/avr8-gnu-toolchain/bin/../lib/gcc/avr/4.7.2/avr4\libgcc.a(_umulhisi3.o)
 .text.libgcc.prologue
                0x00000000        0x0 c:/program files (x86)/atmel/atmel toolchain/avr8 gcc/native/3.4.2.876/avr8-gnu-toolchain/bin/../lib/gcc/avr/4.7.2/avr4\libgcc.a(_umulhisi3.o)
 .text.libgcc.builtins
                0x00000000        0x0 c:/program files (x86)/atmel/atmel toolchain/avr8 gcc/native/3.4.2.876/avr8-gnu-toolchain/bin/../lib/gcc/avr/4.7.2/avr4\libgcc.a(_umulhisi3.o)
 .text.libgcc.fmul
                0x00000000        0x0 c:/program files (x86)/atmel/atmel toolchain/avr8 gcc/native/3.4.2.876/avr8-gnu-toolchain/bin/../lib/gcc/avr/4.7.2/avr4\libgcc.a(_umulhisi3.o)
 .text          0x00000000        0x0 c:/program files (x86)/atmel/atmel toolchain/avr8 gcc/native/3.4.2.876/avr8-gnu-toolchain/bin/../lib/gcc/avr/4.7.2/avr4\libgcc.a(_usmulhisi3.o)
 .bss           0x00000000        0x0 c:/program files (x86)/atmel/atmel toolchain/avr8 gcc/native/3.4.2.876/avr8-gnu-toolchain/bin/../lib/gcc/avr/4.7.2/avr4\libgcc.a(_usmulhisi3.o)
 .text.libgcc.div
                0x00000000        0x0 c:/program files (x86)/atmel/atmel toolchain/avr8 gcc/native/3.4.2.876/avr8-gnu-toolchain/bin/../lib/gcc/avr/4.7.2/avr4\libgcc.a(_usmulhisi3.o)
 .text.libgcc   0x00000000        0x0 c:/program files (x86)/atmel/atmel toolchain/avr8 gcc/native/3.4.2.876/avr8-gnu-toolchain/bin/../lib/gcc/avr/4.7.2/avr4\libgcc.a(_usmulhisi3.o)
 .text.libgcc.prologue
                0x00000000        0x0 c:/program files (x86)/atmel/atmel toolchain/avr8 gcc/native/3.4.2.876/avr8-gnu-toolchain/bin/../lib/gcc/avr/4.7.2/avr4\libgcc.a(_usmulhisi3.o)
 .text.libgcc.builtins
                0x00000000        0x0 c:/program files (x86)/atmel/atmel toolchain/avr8 gcc/native/3.4.2.876/avr8-gnu-toolchain/bin/../lib/gcc/avr/4.7.2/avr4\libgcc.a(_usmulhisi3.o)
 .text.libgcc.fmul
                0x00000000        0x0 c:/program files (x86)/atmel/atmel toolchain/avr8 gcc/native/3.4.2.876/avr8-gnu-toolchain/bin/../lib/gcc/avr/4.7.2/avr4\libgcc.a(_usmulhisi3.o)
 .text          0x00000000        0x0 c:/program files (x86)/atmel/atmel toolchain/avr8 gcc/native/3.4.2.876/avr8-gnu-toolchain/bin/../lib/gcc/avr/4.7.2/avr4\libgcc.a(_muluhisi3.o)
 .bss           0x00000000        0x0 c:/program files (x86)/atmel/atmel toolchain/avr8 gcc/native/3.4.2.876/avr8-gnu-toolchain/bin/../lib/gcc/avr/4.7.2/avr4\libgcc.a(_muluhisi3.o)
 .text.libgcc.div
                0x00000000        0x0 c:/program files (x86)/atmel/atmel toolchain/avr8 gcc/native/3.4.2.876/avr8-gnu-toolchain/bin/../lib/gcc/avr/4.7.2/avr4\libgcc.a(_muluhisi3.o)
 .text.libgcc   0x00000000        0x0 c:/program files (x86)/atmel/atmel toolchain/avr8 gcc/native/3.4.2.876/avr8-gnu-toolchain/bin/../lib/gcc/avr/4.7.2/avr4\libgcc.a(_muluhisi3.o)
 .text.libgcc.prologue
                0x00000000        0x0 c:/program files (x86)/atmel/atmel toolchain/avr8 gcc/native/3.4.2.876/avr8-gnu-toolchain/bin/../lib/gcc/avr/4.7.2/avr4\libgcc.a(_muluhisi3.o)
 .text.libgcc.builtins
                0x00000000        0x0 c:/program files (x86)/atmel/atmel toolchain/avr8 gcc/native/3.4.2.876/avr8-gnu-toolchain/bin/../lib/gcc/avr/4.7.2/avr4\libgcc.a(_muluhisi3.o)
 .text.libgcc.fmul
                0x00000000        0x0 c:/program files (x86)/atmel/atmel toolchain/avr8 gcc/native/3.4.2.876/avr8-gnu-toolchain/bin/../lib/gcc/avr/4.7.2/avr4\libgcc.a(_muluhisi3.o)
 .text          0x00000000        0x0 c:/program files (x86)/atmel/atmel toolchain/avr8 gcc/native/3.4.2.876/avr8-gnu-toolchain/bin/../lib/gcc/avr/4.7.2/avr4\libgcc.a(_udivmodsi4.o)
 .bss           0x00000000        0x0 c:/program files (x86)/atmel/atmel toolchain/avr8 gcc/native/3.4.2.876/avr8-gnu-toolchain/bin/../lib/gcc/avr/4.7.2/avr4\libgcc.a(_udivmodsi4.o)
 .text.libgcc.mul
                0x00000000        0x0 c:/program files (x86)/atmel/atmel toolchain/avr8 gcc/native/3.4.2.876/avr8-gnu-toolchain/bin/../lib/gcc/avr/4.7.2/avr4\libgcc.a(_udivmodsi4.o)
 .text.libgcc   0x00000000        0x0 c:/program files (x86)/atmel/atmel toolchain/avr8 gcc/native/3.4.2.876/avr8-gnu-toolchain/bin/../lib/gcc/avr/4.7.2/avr4\libgcc.a(_udivmodsi4.o)
 .text.libgcc.prologue
                0x00000000        0x0 c:/program files (x86)/atmel/atmel toolchain/avr8 gcc/native/3.4.2.876/avr8-gnu-toolchain/bin/../lib/gcc/avr/4.7.2/avr4\libgcc.a(_udivmodsi4.o)
 .text.libgcc.builtins
                0x00000000        0x0 c:/program files (x86)/atmel/atmel toolchain/avr8 gcc/native/3.4.2.876/avr8-gnu-toolchain/bin/../lib/gcc/avr/4.7.2/avr4\libgcc.a(_udivmodsi4.o)
 .text.libgcc.fmul
                0x00000000        0x0 c:/program files (x86)/atmel/atmel toolchain/avr8 gcc/native/3.4.2.876/avr8-gnu-toolchain/bin/../lib/gcc/avr/4.7.2/avr4\libgcc.a(_udivmodsi4.o)
 .text          0x00000000        0x0 c:/program files (x86)/atmel/atmel toolchain/avr8 gcc/native/3.4.2.876/avr8-gnu-toolchain/bin/../lib/gcc/avr/4.7.2/../../../../avr/lib/avr4\libc.a(memcpy_P.o)
 .bss           0x00000000        0x0 c:/program files (x86)/atmel/atmel toolchain/avr8 gcc/native/3.4.2.876/avr8-gnu-toolchain/bin/../lib/gcc/avr/4.7.2/../../../../avr/lib/avr4\libc.a(memcpy_P.o)
 .text          0x00000000        0x0 c:/program files (x86)/atmel/atmel toolchain/avr8 gcc/native/3.4.2.876/avr8-gnu-toolchain/bin/../lib/gcc/avr/4.7.2/../../../../avr/lib/avr4\libc.a(eerd_block_atmega8.o)
 .bss           0x00000000        0x0 c:/program files (x86)/atmel/atmel toolchain/avr8 gcc/native/3.4.2.876/avr8-gnu-toolchain/bin/../lib/gcc/avr/4.7.2/../../../../avr/lib/avr4\libc.a(eerd_block_atmega8.o)
 .text          0x00000000        0x0 c:/program files (x86)/atmel/atmel toolchain/avr8 gcc/native/3.4.2.876/avr8-gnu-toolchain/bin/../lib/gcc/avr/4.7.2/../../../../avr/lib/avr4\libc.a(eerd_byte_atmega8.o)
 .bss           0x00000000        0x0 c:/program files (x86)/atmel/atmel toolchain/avr8 gcc/native/3.4.2.876/avr8-gnu-toolchain/bin/../lib/gcc/avr/4.7.2/../../../../avr/lib/avr4\libc.a(eerd_byte_atmega8.o)
 .text          0x00000000        0x0 c:/program files (x86)/atmel/atmel toolchain/avr8 gcc/native/3.4.2.876/avr8-gnu-toolchain/bin/../lib/gcc/avr/4.7.2/../../../../avr/lib/avr4\libc.a(eeupd_block_atmega8.o)
 .bss           0x00000000        0x0 c:/program files (x86)/atmel/atmel toolchain/avr8 gcc/native/3.4.2.876/avr8-gnu-toolchain/bin/../lib/gcc/avr/4.7.2/../../../../avr/lib/avr4\libc.a(eeupd_block_atmega8.o)
 .text          0x00000000        0x0 c:/program files (x86)/atmel/atmel toolchain/avr8 gcc/native/3.4.2.876/avr8-gnu-toolchain/bin/../lib/gcc/avr/4.7.2/../../../../avr/lib/avr4\libc.a(eeupd_byte_atmega8.o)
 .bss           0x00000000        0x0 c:/program files (x86)/atmel/atmel toolchain/avr8 gcc/native/3.4.2.876/avr8-gnu-toolchain/bin/../lib/gcc/avr/4.7.2/../../../../avr/lib/avr4\libc.a(eeupd_byte_atmega8.o)

Memory Configuration

Name             Origin             Length             Attributes
text             0x00000000         0x00002000         xr
data             0x00800060         0x0000ffa0         rw !x
eeprom           0x00810000         0x00010000         rw !x
fuse             0x00820000         0x00000400         rw !x
lock             0x00830000         0x00000400         rw !x
signature        0x00840000         0x00000400         rw !x
user_signatures  0x00850000         0x00000400         rw !x
*default*        0x00000000         0xffffffff

Linker script and memory map

LOAD c:/program files (x86)/atmel/atmel toolchain/avr8 gcc/native/3.4.2.876/avr8-gnu-toolchain/bin/../lib/gcc/avr/4.7.2/../../../../avr/lib/avr4/crtm8.o
LOAD src/adc.o
LOAD src/buttons.o
LOAD src/control.o
LOAD src/fir_filter.o
LOAD src/led_indic.o
LOAD src/led_indic_hw.o
LOAD src/menu.o
LOAD src/my_string.o
LOAD src/pid1.o
LOAD src/pid_controller.o
LOAD src/power_control.o
LOAD src/soft_timer.o
LOAD src/systimer.o
LOAD src/usart.o
START GROUP
LOAD c:/program files (x86)/atmel/atmel toolchain/avr8 gcc/native/3.4.2.876/avr8-gnu-toolchain/bin/../lib/gcc/avr/4.7.2/../../../../avr/lib/avr4\libm.a
END GROUP
LOAD c:/program files (x86)/atmel/atmel toolchain/avr8 gcc/native/3.4.2.876/avr8-gnu-toolchain/bin/../lib/gcc/avr/4.7.2/avr4\libgcc.a
LOAD c:/program files (x86)/atmel/atmel toolchain/avr8 gcc/native/3.4.2.876/avr8-gnu-toolchain/bin/../lib/gcc/avr/4.7.2/../../../../avr/lib/avr4\libc.a
LOAD c:/program files (x86)/atmel/atmel toolchain/avr8 gcc/native/3.4.2.876/avr8-gnu-toolchain/bin/../lib/gcc/avr/4.7.2/avr4\libgcc.a

.hash
 *(.hash)

.dynsym
 *(.dynsym)

.dynstr
 *(.dynstr)

.gnu.version
 *(.gnu.version)

.gnu.version_d
 *(.gnu.version_d)

.gnu.version_r
 *(.gnu.version_r)

.rel.init
 *(.rel.init)

.rela.init
 *(.rela.init)

.rel.text
 *(.rel.text)
 *(.rel.text.*)
 *(.rel.gnu.linkonce.t*)

.rela.text
 *(.rela.text)
 *(.rela.text.*)
 *(.rela.gnu.linkonce.t*)

.rel.fini
 *(.rel.fini)

.rela.fini
 *(.rela.fini)

.rel.rodata
 *(.rel.rodata)
 *(.rel.rodata.*)
 *(.rel.gnu.linkonce.r*)

.rela.rodata
 *(.rela.rodata)
 *(.rela.rodata.*)
 *(.rela.gnu.linkonce.r*)

.rel.data
 *(.rel.data)
 *(.rel.data.*)
 *(.rel.gnu.linkonce.d*)

.rela.data
 *(.rela.data)
 *(.rela.data.*)
 *(.rela.gnu.linkonce.d*)

.rel.ctors
 *(.rel.ctors)

.rela.ctors
 *(.rela.ctors)

.rel.dtors
 *(.rel.dtors)

.rela.dtors
 *(.rela.dtors)

.rel.got
 *(.rel.got)

.rela.got
 *(.rela.got)

.rel.bss
 *(.rel.bss)

.rela.bss
 *(.rela.bss)

.rel.plt
 *(.rel.plt)

.rela.plt
 *(.rela.plt)

.text           0x00000000     0x1c40
 *(.vectors)
 .vectors       0x00000000       0x26 c:/program files (x86)/atmel/atmel toolchain/avr8 gcc/native/3.4.2.876/avr8-gnu-toolchain/bin/../lib/gcc/avr/4.7.2/../../../../avr/lib/avr4/crtm8.o
                0x00000000                __vector_default
                0x00000000                __vectors
 *(.vectors)
 *(.progmem.gcc*)
 *(.progmem*)
 .progmem.data  0x00000026        0xa src/control.o
                0x00000026                pmCalibrationDefaults
                0x0000002c                pmGlobalDefaults
 .progmem.data  0x00000030       0x38 src/led_indic.o
                0x00000030                led_encode_table
 .progmem.data  0x00000068      0x136 src/menu.o
                0x00000068                ms_calibDo
                0x0000006c                ms_autoPoffDo
                0x00000073                ms_soundEnDo
                0x0000007a                ms_rollDo
                0x00000081                ms_realTempDo
                0x00000088                menuFunctionSet
                0x000000ea                menuJumpSet
                0x0000019e                . = ALIGN (0x2)
                0x0000019e                __trampolines_start = .
 *(.trampolines)
 .trampolines   0x0000019e        0x0 linker stubs
 *(.trampolines*)
                0x0000019e                __trampolines_end = .
 *(.jumptables)
 *(.jumptables*)
 *(.lowtext)
 *(.lowtext*)
                0x0000019e                __ctors_start = .
 *(.ctors)
                0x0000019e                __ctors_end = .
                0x0000019e                __dtors_start = .
 *(.dtors)
                0x0000019e                __dtors_end = .
 SORT(*)(.ctors)
 SORT(*)(.dtors)
 *(.init0)
 .init0         0x0000019e        0x0 c:/program files (x86)/atmel/atmel toolchain/avr8 gcc/native/3.4.2.876/avr8-gnu-toolchain/bin/../lib/gcc/avr/4.7.2/../../../../avr/lib/avr4/crtm8.o
                0x0000019e                __init
 *(.init0)
 *(.init1)
 *(.init1)
 *(.init2)
 .init2         0x0000019e        0xc c:/program files (x86)/atmel/atmel toolchain/avr8 gcc/native/3.4.2.876/avr8-gnu-toolchain/bin/../lib/gcc/avr/4.7.2/../../../../avr/lib/avr4/crtm8.o
 *(.init2)
 *(.init3)
 *(.init3)
 *(.init4)
 .init4         0x000001aa       0x16 c:/program files (x86)/atmel/atmel toolchain/avr8 gcc/native/3.4.2.876/avr8-gnu-toolchain/bin/../lib/gcc/avr/4.7.2/avr4\libgcc.a(_copy_data.o)
                0x000001aa                __do_copy_data
 .init4         0x000001c0       0x10 c:/program files (x86)/atmel/atmel toolchain/avr8 gcc/native/3.4.2.876/avr8-gnu-toolchain/bin/../lib/gcc/avr/4.7.2/avr4\libgcc.a(_clear_bss.o)
                0x000001c0                __do_clear_bss
 *(.init4)
 *(.init5)
 *(.init5)
 *(.init6)
 *(.init6)
 *(.init7)
 *(.init7)
 *(.init8)
 *(.init8)
 *(.init9)
 .init9         0x000001d0        0x4 c:/program files (x86)/atmel/atmel toolchain/avr8 gcc/native/3.4.2.876/avr8-gnu-toolchain/bin/../lib/gcc/avr/4.7.2/../../../../avr/lib/avr4/crtm8.o
 *(.init9)
 *(.text)
 .text          0x000001d4        0x2 c:/program files (x86)/atmel/atmel toolchain/avr8 gcc/native/3.4.2.876/avr8-gnu-toolchain/bin/../lib/gcc/avr/4.7.2/../../../../avr/lib/avr4/crtm8.o
                0x000001d4                __vector_1
                0x000001d4                __vector_12
                0x000001d4                __bad_interrupt
                0x000001d4                __vector_6
                0x000001d4                __vector_11
                0x000001d4                __vector_13
                0x000001d4                __vector_17
                0x000001d4                __vector_7
                0x000001d4                __vector_5
                0x000001d4                __vector_4
                0x000001d4                __vector_2
                0x000001d4                __vector_15
                0x000001d4                __vector_8
                0x000001d4                __vector_10
                0x000001d4                __vector_18
                0x000001d6                . = ALIGN (0x2)
 *(.text.*)
 .text.conv_ADC_to_Celsius
                0x000001d6       0x42 src/adc.o
                0x000001d6                conv_ADC_to_Celsius
 .text.conv_Celsius_to_ADC
                0x00000218       0x40 src/adc.o
                0x00000218                conv_Celsius_to_ADC
 .text.calculateCoeffs
                0x00000258       0x9a src/adc.o
                0x00000258                calculateCoeffs
 .text.update_normalized_adc
                0x000002f2       0x7c src/adc.o
                0x000002f2                update_normalized_adc
 .text.update_Celsius
                0x0000036e       0x14 src/adc.o
                0x0000036e                update_Celsius
 .text.__vector_14
                0x00000382       0x60 src/adc.o
                0x00000382                __vector_14
 .text.process_buttons
                0x000003e2       0x92 src/buttons.o
                0x000003e2                process_buttons
 .text.getDataCRC
                0x00000474       0x1e src/control.o
 .text.processRollControl
                0x00000492      0x126 src/control.o
                0x00000492                processRollControl
 .text.processHeaterControl
                0x000005b8       0x7a src/control.o
                0x000005b8                processHeaterControl
 .text.processHeaterEvents
                0x00000632       0x18 src/control.o
                0x00000632                processHeaterEvents
 .text.processHeaterAlerts
                0x0000064a       0x9a src/control.o
                0x0000064a                processHeaterAlerts
 .text.saveCalibrationToEEPROM
                0x000006e4       0x1e src/control.o
                0x000006e4                saveCalibrationToEEPROM
 .text.saveGlobalParamsToEEPROM
                0x00000702       0x1e src/control.o
                0x00000702                saveGlobalParamsToEEPROM
 .text.restoreGlobalParams
                0x00000720       0x78 src/control.o
                0x00000720                restoreGlobalParams
 .text.exitPowerOff
                0x00000798       0x20 src/control.o
                0x00000798                exitPowerOff
 .text.fir_i16_i8
                0x000007b8       0x94 src/fir_filter.o
                0x000007b8                fir_i16_i8
 .text.decode_led_char
                0x0000084c       0x2c src/led_indic.o
 .text.wrap_led_buffer_index
                0x00000878       0x20 src/led_indic.o
 .text.processLedIndicator
                0x00000898       0xbe src/led_indic.o
                0x00000898                processLedIndicator
 .text.fillLedBuffer
                0x00000956       0x48 src/led_indic.o
                0x00000956                fillLedBuffer
 .text.startShiftingWindowLeft
                0x0000099e       0x1c src/led_indic.o
                0x0000099e                startShiftingWindowLeft
 .text.startShiftingWindowRight
                0x000009ba       0x1c src/led_indic.o
                0x000009ba                startShiftingWindowRight
 .text.initLedIndicator
                0x000009d6       0x46 src/led_indic.o
                0x000009d6                initLedIndicator
 .text.printLedBuffer
                0x00000a1c       0x38 src/led_indic.o
                0x00000a1c                printLedBuffer
 .text.setComma
                0x00000a54       0x18 src/led_indic.o
                0x00000a54                setComma
 .text.setExtraLeds
                0x00000a6c        0xc src/led_indic.o
                0x00000a6c                setExtraLeds
 .text.clearExtraLeds
                0x00000a78        0xe src/led_indic.o
                0x00000a78                clearExtraLeds
 .text.led_clock_pulse
                0x00000a86       0x20 src/led_indic_hw.o
                0x00000a86                led_clock_pulse
 .text.set_led_segments
                0x00000aa6       0x1c src/led_indic_hw.o
                0x00000aa6                set_led_segments
 .text.enable_led_segments_pullups
                0x00000ac2        0xe src/led_indic_hw.o
                0x00000ac2                enable_led_segments_pullups
 .text.enable_led_segments
                0x00000ad0        0xe src/led_indic_hw.o
                0x00000ad0                enable_led_segments
 .text.disable_led_segments
                0x00000ade        0xe src/led_indic_hw.o
                0x00000ade                disable_led_segments
 .text.capture_button_state
                0x00000aec       0x16 src/led_indic_hw.o
                0x00000aec                capture_button_state
 .text.processItemFunction
                0x00000b02        0xa src/menu.o
 .text.mf_setTempLeave
                0x00000b0c       0x1c src/menu.o
 .text.mf_leafSelectAct
                0x00000b28       0x1c src/menu.o
 .text.mf_sndenLeave
                0x00000b44       0x1c src/menu.o
 .text.mf_autopoffLeave
                0x00000b60       0x1c src/menu.o
 .text.mf_actpoffLeave
                0x00000b7c        0x6 src/menu.o
 .text.mf_calibDoExit
                0x00000b82        0xe src/menu.o
 .text.mf_actpoffDo
                0x00000b90        0x8 src/menu.o
 .text.mf_cdoneDo
                0x00000b98        0x8 src/menu.o
 .text.mf_actpoffSelect
                0x00000ba0        0xc src/menu.o
 .text.mf_leafSelect
                0x00000bac       0x10 src/menu.o
 .text.mf_calibP2Select
                0x00000bbc       0x18 src/menu.o
 .text.mf_calibP1Select
                0x00000bd4       0x18 src/menu.o
 .text.mf_autopoffSelect
                0x00000bec        0xc src/menu.o
 .text.mf_sndenSelect
                0x00000bf8        0xc src/menu.o
 .text.mf_rollLeave
                0x00000c04        0xe src/menu.o
 .text.mf_setTempSelect
                0x00000c12       0x10 src/menu.o
 .text.mf_realTempLeave
                0x00000c22        0x4 src/menu.o
 .text.mf_cdoneSelect
                0x00000c26       0x32 src/menu.o
 .text.mf_autopoffDo
                0x00000c58       0x76 src/menu.o
 .text.mf_calibDo
                0x00000cce       0x64 src/menu.o
 .text.mf_sndenDo
                0x00000d32       0x66 src/menu.o
 .text.mf_rollDo
                0x00000d98       0xa8 src/menu.o
 .text.mf_rollSelect
                0x00000e40        0x6 src/menu.o
 .text.mf_setTempDo
                0x00000e46       0x72 src/menu.o
 .text.mf_realTempSelect
                0x00000eb8        0x4 src/menu.o
 .text.mf_realTempDo
                0x00000ebc       0x46 src/menu.o
 .text.getMenuFunctionRecord.constprop.1
                0x00000f02       0x42 src/menu.o
 .text.InitMenu
                0x00000f44       0x12 src/menu.o
                0x00000f44                InitMenu
 .text.processMenu
                0x00000f56      0x110 src/menu.o
                0x00000f56                processMenu
 .text.i32toa_align_right
                0x00001066       0x9a src/my_string.o
                0x00001066                i32toa_align_right
 .text.u16toa_align_right
                0x00001100        0xe src/my_string.o
                0x00001100                u16toa_align_right
 .text.logI32p  0x0000110e        0xe src/pid1.o
 .text.logU16p  0x0000111c        0xe src/pid1.o
 .text.startup.main
                0x0000112a      0x1f4 src/pid1.o
                0x0000112a                main
 .text.setPIDIntegratorLimit
                0x0000131e       0x1a src/pid_controller.o
                0x0000131e                setPIDIntegratorLimit
 .text.processPID
                0x00001338      0x206 src/pid_controller.o
                0x00001338                processPID
 .text.setHeaterPower
                0x0000153e       0x1c src/power_control.o
                0x0000153e                setHeaterPower
 .text.setMotorDirection
                0x0000155a       0x3e src/power_control.o
                0x0000155a                setMotorDirection
 .text.stopCycleRolling
                0x00001598       0x34 src/power_control.o
                0x00001598                stopCycleRolling
 .text.clearRollFlags
                0x000015cc       0x16 src/power_control.o
                0x000015cc                clearRollFlags
 .text.isTopPointValid
                0x000015e2       0x28 src/power_control.o
                0x000015e2                isTopPointValid
 .text.isBottomPointValid
                0x0000160a       0x28 src/power_control.o
                0x0000160a                isBottomPointValid
 .text.startCycleRolling
                0x00001632       0x2c src/power_control.o
                0x00001632                startCycleRolling
 .text.isACSyncPresent
                0x0000165e        0xe src/power_control.o
                0x0000165e                isACSyncPresent
 .text.__vector_16
                0x0000166c       0x7c src/power_control.o
                0x0000166c                __vector_16
 .text.__vector_9
                0x000016e8      0x192 src/power_control.o
                0x000016e8                __vector_9
 .text.processSoftTimer8b
                0x0000187a       0x58 src/soft_timer.o
                0x0000187a                processSoftTimer8b
 .text.processSystemTimers
                0x000018d2       0xa2 src/systimer.o
                0x000018d2                processSystemTimers
 .text.resetAutoPowerOffCounter
                0x00001974        0x6 src/systimer.o
                0x00001974                resetAutoPowerOffCounter
 .text.__vector_3
                0x0000197a      0x110 src/systimer.o
                0x0000197a                __vector_3
 .text.Sound_Play
                0x00001a8a       0x24 src/systimer.o
                0x00001a8a                Sound_Play
 .text.Sound_OverrideDisable
                0x00001aae        0x8 src/systimer.o
                0x00001aae                Sound_OverrideDisable
 .text.USART_send
                0x00001ab6        0xa src/usart.o
                0x00001ab6                USART_send
 .text.USART_sendstr
                0x00001ac0       0x24 src/usart.o
                0x00001ac0                USART_sendstr
 .text.libgcc.div
                0x00001ae4       0x18 c:/program files (x86)/atmel/atmel toolchain/avr8 gcc/native/3.4.2.876/avr8-gnu-toolchain/bin/../lib/gcc/avr/4.7.2/avr4\libgcc.a(_udivmodqi4.o)
                0x00001ae4                __udivmodqi4
 .text.libgcc.div
                0x00001afc       0x36 c:/program files (x86)/atmel/atmel toolchain/avr8 gcc/native/3.4.2.876/avr8-gnu-toolchain/bin/../lib/gcc/avr/4.7.2/avr4\libgcc.a(_divmodsi4.o)
                0x00001afc                __divmodsi4
 .text.libgcc.mul
                0x00001b32        0xc c:/program files (x86)/atmel/atmel toolchain/avr8 gcc/native/3.4.2.876/avr8-gnu-toolchain/bin/../lib/gcc/avr/4.7.2/avr4\libgcc.a(_mulhisi3.o)
                0x00001b32                __mulhisi3
 .text.libgcc.mul
                0x00001b3e       0x18 c:/program files (x86)/atmel/atmel toolchain/avr8 gcc/native/3.4.2.876/avr8-gnu-toolchain/bin/../lib/gcc/avr/4.7.2/avr4\libgcc.a(_umulhisi3.o)
                0x00001b3e                __umulhisi3
 .text.libgcc.mul
                0x00001b56        0xc c:/program files (x86)/atmel/atmel toolchain/avr8 gcc/native/3.4.2.876/avr8-gnu-toolchain/bin/../lib/gcc/avr/4.7.2/avr4\libgcc.a(_usmulhisi3.o)
                0x00001b56                __usmulhisi3
                0x00001b58                __usmulhisi3_tail
 .text.libgcc.mul
                0x00001b62       0x14 c:/program files (x86)/atmel/atmel toolchain/avr8 gcc/native/3.4.2.876/avr8-gnu-toolchain/bin/../lib/gcc/avr/4.7.2/avr4\libgcc.a(_muluhisi3.o)
                0x00001b62                __muluhisi3
 .text.libgcc.div
                0x00001b76       0x44 c:/program files (x86)/atmel/atmel toolchain/avr8 gcc/native/3.4.2.876/avr8-gnu-toolchain/bin/../lib/gcc/avr/4.7.2/avr4\libgcc.a(_udivmodsi4.o)
                0x00001b76                __udivmodsi4
 .text.avr-libc
                0x00001bba       0x12 c:/program files (x86)/atmel/atmel toolchain/avr8 gcc/native/3.4.2.876/avr8-gnu-toolchain/bin/../lib/gcc/avr/4.7.2/../../../../avr/lib/avr4\libc.a(memcpy_P.o)
                0x00001bba                memcpy_P
 .text.avr-libc
                0x00001bcc       0x20 c:/program files (x86)/atmel/atmel toolchain/avr8 gcc/native/3.4.2.876/avr8-gnu-toolchain/bin/../lib/gcc/avr/4.7.2/../../../../avr/lib/avr4\libc.a(eerd_block_atmega8.o)
                0x00001bcc                __eerd_block_m8
                0x00001bd0                __eerd_blraw_m8
 .text.avr-libc
                0x00001bec       0x10 c:/program files (x86)/atmel/atmel toolchain/avr8 gcc/native/3.4.2.876/avr8-gnu-toolchain/bin/../lib/gcc/avr/4.7.2/../../../../avr/lib/avr4\libc.a(eerd_byte_atmega8.o)
                0x00001bec                __eerd_byte_m8
 .text.avr-libc
                0x00001bfc       0x1e c:/program files (x86)/atmel/atmel toolchain/avr8 gcc/native/3.4.2.876/avr8-gnu-toolchain/bin/../lib/gcc/avr/4.7.2/../../../../avr/lib/avr4\libc.a(eeupd_block_atmega8.o)
                0x00001bfc                __eeupd_block_m8
 .text.avr-libc
                0x00001c1a       0x22 c:/program files (x86)/atmel/atmel toolchain/avr8 gcc/native/3.4.2.876/avr8-gnu-toolchain/bin/../lib/gcc/avr/4.7.2/../../../../avr/lib/avr4\libc.a(eeupd_byte_atmega8.o)
                0x00001c1a                __eeupd_byte_m8
                0x00001c1c                __eeupd_r18_m8
                0x00001c3c                . = ALIGN (0x2)
 *(.fini9)
 .fini9         0x00001c3c        0x0 c:/program files (x86)/atmel/atmel toolchain/avr8 gcc/native/3.4.2.876/avr8-gnu-toolchain/bin/../lib/gcc/avr/4.7.2/avr4\libgcc.a(_exit.o)
                0x00001c3c                _exit
                0x00001c3c                exit
 *(.fini9)
 *(.fini8)
 *(.fini8)
 *(.fini7)
 *(.fini7)
 *(.fini6)
 *(.fini6)
 *(.fini5)
 *(.fini5)
 *(.fini4)
 *(.fini4)
 *(.fini3)
 *(.fini3)
 *(.fini2)
 *(.fini2)
 *(.fini1)
 *(.fini1)
 *(.fini0)
 .fini0         0x00001c3c        0x4 c:/program files (x86)/atmel/atmel toolchain/avr8 gcc/native/3.4.2.876/avr8-gnu-toolchain/bin/../lib/gcc/avr/4.7.2/avr4\libgcc.a(_exit.o)
 *(.fini0)
                0x00001c40                _etext = .

.data           0x00800060       0x88 load address 0x00001c40
                0x00800060                PROVIDE (__data_start, .)
 *(.data)
 .data          0x00800060        0x0 c:/program files (x86)/atmel/atmel toolchain/avr8 gcc/native/3.4.2.876/avr8-gnu-toolchain/bin/../lib/gcc/avr/4.7.2/../../../../avr/lib/avr4/crtm8.o
 .data          0x00800060       0x18 src/adc.o
 .data          0x00800078        0x1 src/buttons.o
 .data          0x00800079        0x4 src/control.o
 .data          0x0080007d        0x0 src/fir_filter.o
 .data          0x0080007d        0x0 src/led_indic.o
 .data          0x0080007d        0x0 src/led_indic_hw.o
 .data          0x0080007d        0x4 src/menu.o
 .data          0x00800081        0x0 src/my_string.o
 .data          0x00800081        0x0 src/pid1.o
 .data          0x00800081        0x0 src/pid_controller.o
 .data          0x00800081        0x2 src/power_control.o
 .data          0x00800083        0x0 src/soft_timer.o
 .data          0x00800083        0xa src/systimer.o
                0x00800083                sys_timers
                0x00800089                menuUpdateTimer
 .data          0x0080008d        0x0 src/usart.o
 .data          0x0080008d        0x0 c:/program files (x86)/atmel/atmel toolchain/avr8 gcc/native/3.4.2.876/avr8-gnu-toolchain/bin/../lib/gcc/avr/4.7.2/avr4\libgcc.a(_udivmodqi4.o)
 .data          0x0080008d        0x0 c:/program files (x86)/atmel/atmel toolchain/avr8 gcc/native/3.4.2.876/avr8-gnu-toolchain/bin/../lib/gcc/avr/4.7.2/avr4\libgcc.a(_divmodsi4.o)
 .data          0x0080008d        0x0 c:/program files (x86)/atmel/atmel toolchain/avr8 gcc/native/3.4.2.876/avr8-gnu-toolchain/bin/../lib/gcc/avr/4.7.2/avr4\libgcc.a(_exit.o)
 .data          0x0080008d        0x0 c:/program files (x86)/atmel/atmel toolchain/avr8 gcc/native/3.4.2.876/avr8-gnu-toolchain/bin/../lib/gcc/avr/4.7.2/avr4\libgcc.a(_copy_data.o)
 .data          0x0080008d        0x0 c:/program files (x86)/atmel/atmel toolchain/avr8 gcc/native/3.4.2.876/avr8-gnu-toolchain/bin/../lib/gcc/avr/4.7.2/avr4\libgcc.a(_clear_bss.o)
 .data          0x0080008d        0x0 c:/program files (x86)/atmel/atmel toolchain/avr8 gcc/native/3.4.2.876/avr8-gnu-toolchain/bin/../lib/gcc/avr/4.7.2/avr4\libgcc.a(_mulhisi3.o)
 .data          0x0080008d        0x0 c:/program files (x86)/atmel/atmel toolchain/avr8 gcc/native/3.4.2.876/avr8-gnu-toolchain/bin/../lib/gcc/avr/4.7.2/avr4\libgcc.a(_umulhisi3.o)
 .data          0x0080008d        0x0 c:/program files (x86)/atmel/atmel toolchain/avr8 gcc/native/3.4.2.876/avr8-gnu-toolchain/bin/../lib/gcc/avr/4.7.2/avr4\libgcc.a(_usmulhisi3.o)
 .data          0x0080008d        0x0 c:/program files (x86)/atmel/atmel toolchain/avr8 gcc/native/3.4.2.876/avr8-gnu-toolchain/bin/../lib/gcc/avr/4.7.2/avr4\libgcc.a(_muluhisi3.o)
 .data          0x0080008d        0x0 c:/program files (x86)/atmel/atmel toolchain/avr8 gcc/native/3.4.2.876/avr8-gnu-toolchain/bin/../lib/gcc/avr/4.7.2/avr4\libgcc.a(_udivmodsi4.o)
 .data          0x0080008d        0x0 c:/program files (x86)/atmel/atmel toolchain/avr8 gcc/native/3.4.2.876/avr8-gnu-toolchain/bin/../lib/gcc/avr/4.7.2/../../../../avr/lib/avr4\libc.a(memcpy_P.o)
 .data          0x0080008d        0x0 c:/program files (x86)/atmel/atmel toolchain/avr8 gcc/native/3.4.2.876/avr8-gnu-toolchain/bin/../lib/gcc/avr/4.7.2/../../../../avr/lib/avr4\libc.a(eerd_block_atmega8.o)
 .data          0x0080008d        0x0 c:/program files (x86)/atmel/atmel toolchain/avr8 gcc/native/3.4.2.876/avr8-gnu-toolchain/bin/../lib/gcc/avr/4.7.2/../../../../avr/lib/avr4\libc.a(eerd_byte_atmega8.o)
 .data          0x0080008d        0x0 c:/program files (x86)/atmel/atmel toolchain/avr8 gcc/native/3.4.2.876/avr8-gnu-toolchain/bin/../lib/gcc/avr/4.7.2/../../../../avr/lib/avr4\libc.a(eeupd_block_atmega8.o)
 .data          0x0080008d        0x0 c:/program files (x86)/atmel/atmel toolchain/avr8 gcc/native/3.4.2.876/avr8-gnu-toolchain/bin/../lib/gcc/avr/4.7.2/../../../../avr/lib/avr4\libc.a(eeupd_byte_atmega8.o)
 *(.data*)
 *(.rodata)
 *(.rodata*)
 .rodata.str1.1
                0x0080008d       0x1a src/control.o
 .rodata.str1.1
                0x008000a7       0x31 src/menu.o
 .rodata.str1.1
                0x008000d8       0x10 src/pid1.o
                                 0x15 (size before relaxing)
 *(.gnu.linkonce.d*)
                0x008000e8                . = ALIGN (0x2)
                0x008000e8                _edata = .
                0x008000e8                PROVIDE (__data_end, .)

.bss            0x008000e8       0xfe
                0x008000e8                PROVIDE (__bss_start, .)
 *(.bss)
 .bss           0x008000e8       0x72 src/adc.o
 .bss           0x0080015a        0x8 src/buttons.o
                0x0080015a                button_action_long
                0x0080015b                button_action_up_short
                0x0080015c                button_action_rep
                0x0080015d                button_action_down
                0x0080015e                button_state
 .bss           0x00800162        0x2 src/control.o
                0x00800162                autoPowerOffState
 .bss           0x00800164        0x6 src/led_indic.o
 .bss           0x0080016a        0xf src/menu.o
 .bss           0x00800179       0x14 src/pid1.o
 .bss           0x0080018d        0x8 src/pid_controller.o
 .bss           0x00800195        0xd src/power_control.o
                0x00800195                activeRollCycle
                0x00800196                rollState
 .bss           0x008001a2        0xa src/systimer.o
 *(.bss*)
 *(COMMON)
 COMMON         0x008001ac        0x7 src/adc.o
                0x008001ac                adc_filtered
                0x008001ae                adc_normalized
                0x008001b0                adc_status
                0x008001b1                adc_celsius
 COMMON         0x008001b3        0xa src/control.o
                0x008001b3                cp
                0x008001b9                p
 COMMON         0x008001bd       0x13 src/led_indic.o
                0x008001bd                extra_led_state
                0x008001be                wStartPos
                0x008001bf                shifterState
                0x008001c0                bufStartPos
                0x008001c1                led_data_buffer
                0x008001cf                raw_button_state
 COMMON         0x008001d0        0xa src/menu.o
                0x008001d0                temp_str
 COMMON         0x008001da        0xc src/pid_controller.o
                0x008001da                dbg_PID_struct
                0x008001e6                PROVIDE (__bss_end, .)
                0x00001c40                __data_load_start = LOADADDR (.data)
                0x00001cc8                __data_load_end = (__data_load_start + SIZEOF (.data))

.noinit         0x008001e6        0x0
                0x008001e6                PROVIDE (__noinit_start, .)
 *(.noinit*)
                0x008001e6                PROVIDE (__noinit_end, .)
                0x008001e6                _end = .
                0x008001e6                PROVIDE (__heap_start, .)

.eeprom         0x00810000       0x70
 *(.eeprom*)
 .eeprom        0x00810000        0xc src/control.o
                0x00810000                ee_cParamsCRC
                0x00810001                ee_gParamsCRC
                0x00810002                eeCalibrationParams
                0x00810008                eeGlobalParams
 .eeprom        0x0081000c       0x64 src/systimer.o
                0x0081000c                m_siren4
                0x00810014                m_siren3
                0x0081001a                m_siren2
                0x00810034                m_siren1
                0x00810040                m_beep_warn_poff
                0x00810054                m_beep_err1
                0x0081005c                m_beep_500Hz_40ms
                0x00810060                m_beep_800Hz_40ms
                0x00810064                m_beep_1000Hz_40ms
                0x00810068                m_beep_1000Hz_100ms
                0x0081006c                m_beep_1000Hz_1000ms
                0x00810070                __eeprom_end = .

.fuse
 *(.fuse)
 *(.lfuse)
 *(.hfuse)
 *(.efuse)

.lock
 *(.lock*)

.signature
 *(.signature*)

.user_signatures
 *(.user_signatures*)

.stab           0x00000000      0xad4
 *(.stab)
 .stab          0x00000000      0x6cc c:/program files (x86)/atmel/atmel toolchain/avr8 gcc/native/3.4.2.876/avr8-gnu-toolchain/bin/../lib/gcc/avr/4.7.2/../../../../avr/lib/avr4/crtm8.o
 .stab          0x000006cc       0x84 c:/program files (x86)/atmel/atmel toolchain/avr8 gcc/native/3.4.2.876/avr8-gnu-toolchain/bin/../lib/gcc/avr/4.7.2/../../../../avr/lib/avr4\libc.a(memcpy_P.o)
                                 0x90 (size before relaxing)
 .stab          0x00000750      0x108 c:/program files (x86)/atmel/atmel toolchain/avr8 gcc/native/3.4.2.876/avr8-gnu-toolchain/bin/../lib/gcc/avr/4.7.2/../../../../avr/lib/avr4\libc.a(eerd_block_atmega8.o)
                                0x114 (size before relaxing)
 .stab          0x00000858       0x90 c:/program files (x86)/atmel/atmel toolchain/avr8 gcc/native/3.4.2.876/avr8-gnu-toolchain/bin/../lib/gcc/avr/4.7.2/../../../../avr/lib/avr4\libc.a(eerd_byte_atmega8.o)
                                 0x9c (size before relaxing)
 .stab          0x000008e8       0xe4 c:/program files (x86)/atmel/atmel toolchain/avr8 gcc/native/3.4.2.876/avr8-gnu-toolchain/bin/../lib/gcc/avr/4.7.2/../../../../avr/lib/avr4\libc.a(eeupd_block_atmega8.o)
                                 0xf0 (size before relaxing)
 .stab          0x000009cc      0x108 c:/program files (x86)/atmel/atmel toolchain/avr8 gcc/native/3.4.2.876/avr8-gnu-toolchain/bin/../lib/gcc/avr/4.7.2/../../../../avr/lib/avr4\libc.a(eeupd_byte_atmega8.o)
                                0x114 (size before relaxing)

.stabstr        0x00000000      0x269
 *(.stabstr)
 .stabstr       0x00000000      0x269 c:/program files (x86)/atmel/atmel toolchain/avr8 gcc/native/3.4.2.876/avr8-gnu-toolchain/bin/../lib/gcc/avr/4.7.2/../../../../avr/lib/avr4/crtm8.o

.stab.excl
 *(.stab.excl)

.stab.exclstr
 *(.stab.exclstr)

.stab.index
 *(.stab.index)

.stab.indexstr
 *(.stab.indexstr)

.comment        0x00000000       0x2f
 *(.comment)
 .comment       0x00000000       0x2f src/adc.o
                                 0x30 (size before relaxing)
 .comment       0x00000000       0x30 src/buttons.o
 .comment       0x00000000       0x30 src/control.o
 .comment       0x00000000       0x30 src/fir_filter.o
 .comment       0x00000000       0x30 src/led_indic.o
 .comment       0x00000000       0x30 src/led_indic_hw.o
 .comment       0x00000000       0x30 src/menu.o
 .comment       0x00000000       0x30 src/my_string.o
 .comment       0x00000000       0x30 src/pid1.o
 .comment       0x00000000       0x30 src/pid_controller.o
 .comment       0x00000000       0x30 src/power_control.o
 .comment       0x00000000       0x30 src/soft_timer.o
 .comment       0x00000000       0x30 src/systimer.o
 .comment       0x00000000       0x30 src/usart.o

.debug
 *(.debug)

.line
 *(.line)

.debug_srcinfo
 *(.debug_srcinfo)

.debug_sfnames
 *(.debug_sfnames)

.debug_aranges  0x00000000      0x448
 *(.debug_aranges)
 .debug_aranges
                0x00000000       0x48 src/adc.o
 .debug_aranges
                0x00000048       0x20 src/buttons.o
 .debug_aranges
                0x00000068       0x60 src/control.o
 .debug_aranges
                0x000000c8       0x20 src/fir_filter.o
 .debug_aranges
                0x000000e8       0x98 src/led_indic.o
 .debug_aranges
                0x00000180       0x48 src/led_indic_hw.o
 .debug_aranges
                0x000001c8      0x108 src/menu.o
 .debug_aranges
                0x000002d0       0x28 src/my_string.o
 .debug_aranges
                0x000002f8       0x30 src/pid1.o
 .debug_aranges
                0x00000328       0x28 src/pid_controller.o
 .debug_aranges
                0x00000350       0x68 src/power_control.o
 .debug_aranges
                0x000003b8       0x20 src/soft_timer.o
 .debug_aranges
                0x000003d8       0x48 src/systimer.o
 .debug_aranges
                0x00000420       0x28 src/usart.o

.debug_pubnames
 *(.debug_pubnames)

.debug_info     0x00000000     0x4608
 *(.debug_info)
 .debug_info    0x00000000      0x36d src/adc.o
 .debug_info    0x0000036d      0x17f src/buttons.o
 .debug_info    0x000004ec      0xb1f src/control.o
 .debug_info    0x0000100b      0x15f src/fir_filter.o
 .debug_info    0x0000116a      0x971 src/led_indic.o
 .debug_info    0x00001adb      0x21c src/led_indic_hw.o
 .debug_info    0x00001cf7     0x10f0 src/menu.o
 .debug_info    0x00002de7      0x149 src/my_string.o
 .debug_info    0x00002f30      0x90f src/pid1.o
 .debug_info    0x0000383f      0x227 src/pid_controller.o
 .debug_info    0x00003a66      0x3b6 src/power_control.o
 .debug_info    0x00003e1c      0x161 src/soft_timer.o
 .debug_info    0x00003f7d      0x5a9 src/systimer.o
 .debug_info    0x00004526       0xe2 src/usart.o
 *(.gnu.linkonce.wi.*)

.debug_abbrev   0x00000000     0x1662
 *(.debug_abbrev)
 .debug_abbrev  0x00000000      0x18a src/adc.o
 .debug_abbrev  0x0000018a       0x98 src/buttons.o
 .debug_abbrev  0x00000222      0x30e src/control.o
 .debug_abbrev  0x00000530       0xc6 src/fir_filter.o
 .debug_abbrev  0x000005f6      0x2d8 src/led_indic.o
 .debug_abbrev  0x000008ce      0x154 src/led_indic_hw.o
 .debug_abbrev  0x00000a22      0x33b src/menu.o
 .debug_abbrev  0x00000d5d       0xbb src/my_string.o
 .debug_abbrev  0x00000e18      0x261 src/pid1.o
 .debug_abbrev  0x00001079       0xd2 src/pid_controller.o
 .debug_abbrev  0x0000114b      0x1bc src/power_control.o
 .debug_abbrev  0x00001307       0xba src/soft_timer.o
 .debug_abbrev  0x000013c1      0x1f3 src/systimer.o
 .debug_abbrev  0x000015b4       0xae src/usart.o

.debug_line     0x00000000     0x1e09
 *(.debug_line)
 .debug_line    0x00000000      0x16e src/adc.o
 .debug_line    0x0000016e      0x116 src/buttons.o
 .debug_line    0x00000284      0x466 src/control.o
 .debug_line    0x000006ea      0x102 src/fir_filter.o
 .debug_line    0x000007ec      0x329 src/led_indic.o
 .debug_line    0x00000b15      0x206 src/led_indic_hw.o
 .debug_line    0x00000d1b      0x52e src/menu.o
 .debug_line    0x00001249      0x120 src/my_string.o
 .debug_line    0x00001369      0x2ab src/pid1.o
 .debug_line    0x00001614      0x138 src/pid_controller.o
 .debug_line    0x0000174c      0x1fb src/power_control.o
 .debug_line    0x00001947       0xfe src/soft_timer.o
 .debug_line    0x00001a45      0x2d2 src/systimer.o
 .debug_line    0x00001d17       0xf2 src/usart.o

.debug_frame    0x00000000      0x990
 *(.debug_frame)
 .debug_frame   0x00000000       0xf0 src/adc.o
 .debug_frame   0x000000f0       0x24 src/buttons.o
 .debug_frame   0x00000114       0xc4 src/control.o
 .debug_frame   0x000001d8       0x4c src/fir_filter.o
 .debug_frame   0x00000224      0x150 src/led_indic.o
 .debug_frame   0x00000374       0x74 src/led_indic_hw.o
 .debug_frame   0x000003e8      0x240 src/menu.o
 .debug_frame   0x00000628       0x5c src/my_string.o
 .debug_frame   0x00000684       0x44 src/pid1.o
 .debug_frame   0x000006c8       0x80 src/pid_controller.o
 .debug_frame   0x00000748      0x124 src/power_control.o
 .debug_frame   0x0000086c       0x24 src/soft_timer.o
 .debug_frame   0x00000890       0xbc src/systimer.o
 .debug_frame   0x0000094c       0x44 src/usart.o

.debug_str      0x00000000     0x129a
 *(.debug_str)
 .debug_str     0x00000000      0x221 src/adc.o
                                0x26c (size before relaxing)
 .debug_str     0x00000221       0xfa src/buttons.o
                                0x1ba (size before relaxing)
 .debug_str     0x0000031b      0x3eb src/control.o
                                0x579 (size before relaxing)
 .debug_str     0x00000706       0x25 src/fir_filter.o
                                0x134 (size before relaxing)
 .debug_str     0x0000072b      0x382 src/led_indic.o
                                0x4ab (size before relaxing)
 .debug_str     0x00000aad       0x22 src/led_indic_hw.o
                                0x1ab (size before relaxing)
 .debug_str     0x00000acf      0x416 src/menu.o
                                0x6d3 (size before relaxing)
 .debug_str     0x00000ee5       0x1f src/my_string.o
                                0x10c (size before relaxing)
 .debug_str     0x00000f04      0x10f src/pid1.o
                                0x48b (size before relaxing)
 .debug_str     0x00001013       0x5d src/pid_controller.o
                                0x1e3 (size before relaxing)
 .debug_str     0x00001070       0xdc src/power_control.o
                                0x296 (size before relaxing)
 .debug_str     0x0000114c       0x20 src/soft_timer.o
                                0x125 (size before relaxing)
 .debug_str     0x0000116c      0x114 src/systimer.o
                                0x3a3 (size before relaxing)
 .debug_str     0x00001280       0x1a src/usart.o
                                 0xdc (size before relaxing)

.debug_loc      0x00000000     0x1c5b
 *(.debug_loc)
 .debug_loc     0x00000000      0x268 src/adc.o
 .debug_loc     0x00000268       0x69 src/buttons.o
 .debug_loc     0x000002d1      0x2d7 src/control.o
 .debug_loc     0x000005a8      0x15a src/fir_filter.o
 .debug_loc     0x00000702      0x5fd src/led_indic.o
 .debug_loc     0x00000cff       0xf6 src/led_indic_hw.o
 .debug_loc     0x00000df5      0x30f src/menu.o
 .debug_loc     0x00001104      0x219 src/my_string.o
 .debug_loc     0x0000131d      0x124 src/pid1.o
 .debug_loc     0x00001441      0x331 src/pid_controller.o
 .debug_loc     0x00001772      0x29f src/power_control.o
 .debug_loc     0x00001a11       0x47 src/soft_timer.o
 .debug_loc     0x00001a58      0x172 src/systimer.o
 .debug_loc     0x00001bca       0x91 src/usart.o

.debug_macinfo
 *(.debug_macinfo)

.debug_pubtypes
 *(.debug_pubtypes)

.debug_ranges   0x00000000      0x368
 *(.debug_ranges)
 .debug_ranges  0x00000000       0x38 src/adc.o
 .debug_ranges  0x00000038       0x10 src/buttons.o
 .debug_ranges  0x00000048       0x50 src/control.o
 .debug_ranges  0x00000098       0x10 src/fir_filter.o
 .debug_ranges  0x000000a8       0x88 src/led_indic.o
 .debug_ranges  0x00000130       0x38 src/led_indic_hw.o
 .debug_ranges  0x00000168       0xf8 src/menu.o
 .debug_ranges  0x00000260       0x18 src/my_string.o
 .debug_ranges  0x00000278       0x20 src/pid1.o
 .debug_ranges  0x00000298       0x18 src/pid_controller.o
 .debug_ranges  0x000002b0       0x58 src/power_control.o
 .debug_ranges  0x00000308       0x10 src/soft_timer.o
 .debug_ranges  0x00000318       0x38 src/systimer.o
 .debug_ranges  0x00000350       0x18 src/usart.o

.debug_macro
 *(.debug_macro)
OUTPUT(pid1.elf elf32-avr)
LOAD linker stubs
