Archive member included because of file (symbol)

c:/program files (x86)/atmel/atmel toolchain/avr8 gcc/native/3.4.2.876/avr8-gnu-toolchain/bin/../lib/gcc/avr/4.7.2/avr4\libgcc.a(_udivmodqi4.o)
                              src/led_indic.o (__udivmodqi4)
c:/program files (x86)/atmel/atmel toolchain/avr8 gcc/native/3.4.2.876/avr8-gnu-toolchain/bin/../lib/gcc/avr/4.7.2/avr4\libgcc.a(_udivmodhi4.o)
                              src/my_string.o (__udivmodhi4)
c:/program files (x86)/atmel/atmel toolchain/avr8 gcc/native/3.4.2.876/avr8-gnu-toolchain/bin/../lib/gcc/avr/4.7.2/avr4\libgcc.a(_divmodhi4.o)
                              src/control.o (__divmodhi4)
c:/program files (x86)/atmel/atmel toolchain/avr8 gcc/native/3.4.2.876/avr8-gnu-toolchain/bin/../lib/gcc/avr/4.7.2/avr4\libgcc.a(_udivmodsi4.o)
                              src/adc.o (__udivmodsi4)
c:/program files (x86)/atmel/atmel toolchain/avr8 gcc/native/3.4.2.876/avr8-gnu-toolchain/bin/../lib/gcc/avr/4.7.2/avr4\libgcc.a(_divmodsi4.o)
                              src/adc.o (__divmodsi4)
c:/program files (x86)/atmel/atmel toolchain/avr8 gcc/native/3.4.2.876/avr8-gnu-toolchain/bin/../lib/gcc/avr/4.7.2/avr4\libgcc.a(_exit.o)
                              c:/program files (x86)/atmel/atmel toolchain/avr8 gcc/native/3.4.2.876/avr8-gnu-toolchain/bin/../lib/gcc/avr/4.7.2/../../../../avr/lib/avr4/crtm8.o (exit)
c:/program files (x86)/atmel/atmel toolchain/avr8 gcc/native/3.4.2.876/avr8-gnu-toolchain/bin/../lib/gcc/avr/4.7.2/avr4\libgcc.a(_copy_data.o)
                              src/adc.o (__do_copy_data)
c:/program files (x86)/atmel/atmel toolchain/avr8 gcc/native/3.4.2.876/avr8-gnu-toolchain/bin/../lib/gcc/avr/4.7.2/avr4\libgcc.a(_clear_bss.o)
                              src/adc.o (__do_clear_bss)
c:/program files (x86)/atmel/atmel toolchain/avr8 gcc/native/3.4.2.876/avr8-gnu-toolchain/bin/../lib/gcc/avr/4.7.2/avr4\libgcc.a(_umulhisi3.o)
                              src/adc.o (__umulhisi3)
c:/program files (x86)/atmel/atmel toolchain/avr8 gcc/native/3.4.2.876/avr8-gnu-toolchain/bin/../lib/gcc/avr/4.7.2/avr4\libgcc.a(_usmulhisi3.o)
                              src/adc.o (__usmulhisi3)
c:/program files (x86)/atmel/atmel toolchain/avr8 gcc/native/3.4.2.876/avr8-gnu-toolchain/bin/../lib/gcc/avr/4.7.2/avr4\libgcc.a(_muluhisi3.o)
                              src/adc.o (__muluhisi3)
c:/program files (x86)/atmel/atmel toolchain/avr8 gcc/native/3.4.2.876/avr8-gnu-toolchain/bin/../lib/gcc/avr/4.7.2/../../../../avr/lib/avr4\libc.a(eerd_block_atmega8.o)
                              src/control.o (__eerd_block_m8)

Allocating common symbols
Common symbol       size              file

p                   0xa               src/control.o
extra_led_state     0x1               src/led_indic.o
dbg_PID_output      0x2               src/control.o
PIDsampledADC       0x2               src/adc.o
adc_oversampled     0x2               src/adc.o
raw_adc_buffer      0x28              src/adc.o
dbg_SetTempCelsius  0x1               src/control.o
wStartPos           0x1               src/led_indic.o
dbg_PID_p_term      0x2               src/control.o
dbg_RealTempPID     0x2               src/control.o
adc_normalized      0x2               src/adc.o
dbg_PID_i_term      0x2               src/control.o
pid_dterm_buffer    0x8               src/control.o
dbg_PID_d_term      0x2               src/control.o
shifterState        0x1               src/led_indic.o
bufStartPos         0x1               src/led_indic.o
led_data_buffer     0xe               src/led_indic.o
adc_celsius         0x2               src/adc.o
dbg_RealTempCelsius
                    0x1               src/control.o
dbg_SetTempPID      0x2               src/control.o
raw_button_state    0x1               src/led_indic.o

Discarded input sections

 .bss           0x00000000        0x0 c:/program files (x86)/atmel/atmel toolchain/avr8 gcc/native/3.4.2.876/avr8-gnu-toolchain/bin/../lib/gcc/avr/4.7.2/../../../../avr/lib/avr4/crtm8.o
 .text          0x00000000        0x0 src/adc.o
 .text          0x00000000        0x0 src/buttons.o
 .text          0x00000000        0x0 src/control.o
 .text          0x00000000        0x0 src/led_indic.o
 .text.setWindowStartPos
                0x00000000        0x8 src/led_indic.o
 .text.shiftWindowPosition
                0x00000000        0xe src/led_indic.o
 .text.setBufferStartPos
                0x00000000        0x8 src/led_indic.o
 .text.clearComma
                0x00000000       0x18 src/led_indic.o
 .text.toggleExtraLeds
                0x00000000        0xc src/led_indic.o
 .text          0x00000000        0x0 src/led_indic_hw.o
 .bss           0x00000000        0x0 src/led_indic_hw.o
 .text          0x00000000        0x0 src/menu.o
 .text          0x00000000        0x0 src/my_string.o
 .bss           0x00000000        0x0 src/my_string.o
 .text          0x00000000        0x0 src/pid1.o
 .bss           0x00000000        0x0 src/pid1.o
 .text          0x00000000        0x0 src/power_control.o
 .text          0x00000000        0x0 src/soft_timer.o
 .bss           0x00000000        0x0 src/soft_timer.o
 .text          0x00000000        0x0 src/systimer.o
 .text.SetBeeperPeriod
                0x00000000       0x24 src/systimer.o
 .text.StopBeep
                0x00000000       0x10 src/systimer.o
 .text          0x00000000        0x0 src/usart.o
 .bss           0x00000000        0x0 src/usart.o
 .text          0x00000000        0x0 c:/program files (x86)/atmel/atmel toolchain/avr8 gcc/native/3.4.2.876/avr8-gnu-toolchain/bin/../lib/gcc/avr/4.7.2/avr4\libgcc.a(_udivmodqi4.o)
 .bss           0x00000000        0x0 c:/program files (x86)/atmel/atmel toolchain/avr8 gcc/native/3.4.2.876/avr8-gnu-toolchain/bin/../lib/gcc/avr/4.7.2/avr4\libgcc.a(_udivmodqi4.o)
 .text.libgcc.mul
                0x00000000        0x0 c:/program files (x86)/atmel/atmel toolchain/avr8 gcc/native/3.4.2.876/avr8-gnu-toolchain/bin/../lib/gcc/avr/4.7.2/avr4\libgcc.a(_udivmodqi4.o)
 .text.libgcc   0x00000000        0x0 c:/program files (x86)/atmel/atmel toolchain/avr8 gcc/native/3.4.2.876/avr8-gnu-toolchain/bin/../lib/gcc/avr/4.7.2/avr4\libgcc.a(_udivmodqi4.o)
 .text.libgcc.prologue
                0x00000000        0x0 c:/program files (x86)/atmel/atmel toolchain/avr8 gcc/native/3.4.2.876/avr8-gnu-toolchain/bin/../lib/gcc/avr/4.7.2/avr4\libgcc.a(_udivmodqi4.o)
 .text.libgcc.builtins
                0x00000000        0x0 c:/program files (x86)/atmel/atmel toolchain/avr8 gcc/native/3.4.2.876/avr8-gnu-toolchain/bin/../lib/gcc/avr/4.7.2/avr4\libgcc.a(_udivmodqi4.o)
 .text.libgcc.fmul
                0x00000000        0x0 c:/program files (x86)/atmel/atmel toolchain/avr8 gcc/native/3.4.2.876/avr8-gnu-toolchain/bin/../lib/gcc/avr/4.7.2/avr4\libgcc.a(_udivmodqi4.o)
 .text          0x00000000        0x0 c:/program files (x86)/atmel/atmel toolchain/avr8 gcc/native/3.4.2.876/avr8-gnu-toolchain/bin/../lib/gcc/avr/4.7.2/avr4\libgcc.a(_udivmodhi4.o)
 .bss           0x00000000        0x0 c:/program files (x86)/atmel/atmel toolchain/avr8 gcc/native/3.4.2.876/avr8-gnu-toolchain/bin/../lib/gcc/avr/4.7.2/avr4\libgcc.a(_udivmodhi4.o)
 .text.libgcc.mul
                0x00000000        0x0 c:/program files (x86)/atmel/atmel toolchain/avr8 gcc/native/3.4.2.876/avr8-gnu-toolchain/bin/../lib/gcc/avr/4.7.2/avr4\libgcc.a(_udivmodhi4.o)
 .text.libgcc   0x00000000        0x0 c:/program files (x86)/atmel/atmel toolchain/avr8 gcc/native/3.4.2.876/avr8-gnu-toolchain/bin/../lib/gcc/avr/4.7.2/avr4\libgcc.a(_udivmodhi4.o)
 .text.libgcc.prologue
                0x00000000        0x0 c:/program files (x86)/atmel/atmel toolchain/avr8 gcc/native/3.4.2.876/avr8-gnu-toolchain/bin/../lib/gcc/avr/4.7.2/avr4\libgcc.a(_udivmodhi4.o)
 .text.libgcc.builtins
                0x00000000        0x0 c:/program files (x86)/atmel/atmel toolchain/avr8 gcc/native/3.4.2.876/avr8-gnu-toolchain/bin/../lib/gcc/avr/4.7.2/avr4\libgcc.a(_udivmodhi4.o)
 .text.libgcc.fmul
                0x00000000        0x0 c:/program files (x86)/atmel/atmel toolchain/avr8 gcc/native/3.4.2.876/avr8-gnu-toolchain/bin/../lib/gcc/avr/4.7.2/avr4\libgcc.a(_udivmodhi4.o)
 .text          0x00000000        0x0 c:/program files (x86)/atmel/atmel toolchain/avr8 gcc/native/3.4.2.876/avr8-gnu-toolchain/bin/../lib/gcc/avr/4.7.2/avr4\libgcc.a(_divmodhi4.o)
 .bss           0x00000000        0x0 c:/program files (x86)/atmel/atmel toolchain/avr8 gcc/native/3.4.2.876/avr8-gnu-toolchain/bin/../lib/gcc/avr/4.7.2/avr4\libgcc.a(_divmodhi4.o)
 .text.libgcc.mul
                0x00000000        0x0 c:/program files (x86)/atmel/atmel toolchain/avr8 gcc/native/3.4.2.876/avr8-gnu-toolchain/bin/../lib/gcc/avr/4.7.2/avr4\libgcc.a(_divmodhi4.o)
 .text.libgcc   0x00000000        0x0 c:/program files (x86)/atmel/atmel toolchain/avr8 gcc/native/3.4.2.876/avr8-gnu-toolchain/bin/../lib/gcc/avr/4.7.2/avr4\libgcc.a(_divmodhi4.o)
 .text.libgcc.prologue
                0x00000000        0x0 c:/program files (x86)/atmel/atmel toolchain/avr8 gcc/native/3.4.2.876/avr8-gnu-toolchain/bin/../lib/gcc/avr/4.7.2/avr4\libgcc.a(_divmodhi4.o)
 .text.libgcc.builtins
                0x00000000        0x0 c:/program files (x86)/atmel/atmel toolchain/avr8 gcc/native/3.4.2.876/avr8-gnu-toolchain/bin/../lib/gcc/avr/4.7.2/avr4\libgcc.a(_divmodhi4.o)
 .text.libgcc.fmul
                0x00000000        0x0 c:/program files (x86)/atmel/atmel toolchain/avr8 gcc/native/3.4.2.876/avr8-gnu-toolchain/bin/../lib/gcc/avr/4.7.2/avr4\libgcc.a(_divmodhi4.o)
 .text          0x00000000        0x0 c:/program files (x86)/atmel/atmel toolchain/avr8 gcc/native/3.4.2.876/avr8-gnu-toolchain/bin/../lib/gcc/avr/4.7.2/avr4\libgcc.a(_udivmodsi4.o)
 .bss           0x00000000        0x0 c:/program files (x86)/atmel/atmel toolchain/avr8 gcc/native/3.4.2.876/avr8-gnu-toolchain/bin/../lib/gcc/avr/4.7.2/avr4\libgcc.a(_udivmodsi4.o)
 .text.libgcc.mul
                0x00000000        0x0 c:/program files (x86)/atmel/atmel toolchain/avr8 gcc/native/3.4.2.876/avr8-gnu-toolchain/bin/../lib/gcc/avr/4.7.2/avr4\libgcc.a(_udivmodsi4.o)
 .text.libgcc   0x00000000        0x0 c:/program files (x86)/atmel/atmel toolchain/avr8 gcc/native/3.4.2.876/avr8-gnu-toolchain/bin/../lib/gcc/avr/4.7.2/avr4\libgcc.a(_udivmodsi4.o)
 .text.libgcc.prologue
                0x00000000        0x0 c:/program files (x86)/atmel/atmel toolchain/avr8 gcc/native/3.4.2.876/avr8-gnu-toolchain/bin/../lib/gcc/avr/4.7.2/avr4\libgcc.a(_udivmodsi4.o)
 .text.libgcc.builtins
                0x00000000        0x0 c:/program files (x86)/atmel/atmel toolchain/avr8 gcc/native/3.4.2.876/avr8-gnu-toolchain/bin/../lib/gcc/avr/4.7.2/avr4\libgcc.a(_udivmodsi4.o)
 .text.libgcc.fmul
                0x00000000        0x0 c:/program files (x86)/atmel/atmel toolchain/avr8 gcc/native/3.4.2.876/avr8-gnu-toolchain/bin/../lib/gcc/avr/4.7.2/avr4\libgcc.a(_udivmodsi4.o)
 .text          0x00000000        0x0 c:/program files (x86)/atmel/atmel toolchain/avr8 gcc/native/3.4.2.876/avr8-gnu-toolchain/bin/../lib/gcc/avr/4.7.2/avr4\libgcc.a(_divmodsi4.o)
 .bss           0x00000000        0x0 c:/program files (x86)/atmel/atmel toolchain/avr8 gcc/native/3.4.2.876/avr8-gnu-toolchain/bin/../lib/gcc/avr/4.7.2/avr4\libgcc.a(_divmodsi4.o)
 .text.libgcc.mul
                0x00000000        0x0 c:/program files (x86)/atmel/atmel toolchain/avr8 gcc/native/3.4.2.876/avr8-gnu-toolchain/bin/../lib/gcc/avr/4.7.2/avr4\libgcc.a(_divmodsi4.o)
 .text.libgcc   0x00000000        0x0 c:/program files (x86)/atmel/atmel toolchain/avr8 gcc/native/3.4.2.876/avr8-gnu-toolchain/bin/../lib/gcc/avr/4.7.2/avr4\libgcc.a(_divmodsi4.o)
 .text.libgcc.prologue
                0x00000000        0x0 c:/program files (x86)/atmel/atmel toolchain/avr8 gcc/native/3.4.2.876/avr8-gnu-toolchain/bin/../lib/gcc/avr/4.7.2/avr4\libgcc.a(_divmodsi4.o)
 .text.libgcc.builtins
                0x00000000        0x0 c:/program files (x86)/atmel/atmel toolchain/avr8 gcc/native/3.4.2.876/avr8-gnu-toolchain/bin/../lib/gcc/avr/4.7.2/avr4\libgcc.a(_divmodsi4.o)
 .text.libgcc.fmul
                0x00000000        0x0 c:/program files (x86)/atmel/atmel toolchain/avr8 gcc/native/3.4.2.876/avr8-gnu-toolchain/bin/../lib/gcc/avr/4.7.2/avr4\libgcc.a(_divmodsi4.o)
 .text          0x00000000        0x0 c:/program files (x86)/atmel/atmel toolchain/avr8 gcc/native/3.4.2.876/avr8-gnu-toolchain/bin/../lib/gcc/avr/4.7.2/avr4\libgcc.a(_exit.o)
 .bss           0x00000000        0x0 c:/program files (x86)/atmel/atmel toolchain/avr8 gcc/native/3.4.2.876/avr8-gnu-toolchain/bin/../lib/gcc/avr/4.7.2/avr4\libgcc.a(_exit.o)
 .text.libgcc.mul
                0x00000000        0x0 c:/program files (x86)/atmel/atmel toolchain/avr8 gcc/native/3.4.2.876/avr8-gnu-toolchain/bin/../lib/gcc/avr/4.7.2/avr4\libgcc.a(_exit.o)
 .text.libgcc.div
                0x00000000        0x0 c:/program files (x86)/atmel/atmel toolchain/avr8 gcc/native/3.4.2.876/avr8-gnu-toolchain/bin/../lib/gcc/avr/4.7.2/avr4\libgcc.a(_exit.o)
 .text.libgcc   0x00000000        0x0 c:/program files (x86)/atmel/atmel toolchain/avr8 gcc/native/3.4.2.876/avr8-gnu-toolchain/bin/../lib/gcc/avr/4.7.2/avr4\libgcc.a(_exit.o)
 .text.libgcc.prologue
                0x00000000        0x0 c:/program files (x86)/atmel/atmel toolchain/avr8 gcc/native/3.4.2.876/avr8-gnu-toolchain/bin/../lib/gcc/avr/4.7.2/avr4\libgcc.a(_exit.o)
 .text.libgcc.builtins
                0x00000000        0x0 c:/program files (x86)/atmel/atmel toolchain/avr8 gcc/native/3.4.2.876/avr8-gnu-toolchain/bin/../lib/gcc/avr/4.7.2/avr4\libgcc.a(_exit.o)
 .text.libgcc.fmul
                0x00000000        0x0 c:/program files (x86)/atmel/atmel toolchain/avr8 gcc/native/3.4.2.876/avr8-gnu-toolchain/bin/../lib/gcc/avr/4.7.2/avr4\libgcc.a(_exit.o)
 .text          0x00000000        0x0 c:/program files (x86)/atmel/atmel toolchain/avr8 gcc/native/3.4.2.876/avr8-gnu-toolchain/bin/../lib/gcc/avr/4.7.2/avr4\libgcc.a(_copy_data.o)
 .bss           0x00000000        0x0 c:/program files (x86)/atmel/atmel toolchain/avr8 gcc/native/3.4.2.876/avr8-gnu-toolchain/bin/../lib/gcc/avr/4.7.2/avr4\libgcc.a(_copy_data.o)
 .text.libgcc.mul
                0x00000000        0x0 c:/program files (x86)/atmel/atmel toolchain/avr8 gcc/native/3.4.2.876/avr8-gnu-toolchain/bin/../lib/gcc/avr/4.7.2/avr4\libgcc.a(_copy_data.o)
 .text.libgcc.div
                0x00000000        0x0 c:/program files (x86)/atmel/atmel toolchain/avr8 gcc/native/3.4.2.876/avr8-gnu-toolchain/bin/../lib/gcc/avr/4.7.2/avr4\libgcc.a(_copy_data.o)
 .text.libgcc   0x00000000        0x0 c:/program files (x86)/atmel/atmel toolchain/avr8 gcc/native/3.4.2.876/avr8-gnu-toolchain/bin/../lib/gcc/avr/4.7.2/avr4\libgcc.a(_copy_data.o)
 .text.libgcc.prologue
                0x00000000        0x0 c:/program files (x86)/atmel/atmel toolchain/avr8 gcc/native/3.4.2.876/avr8-gnu-toolchain/bin/../lib/gcc/avr/4.7.2/avr4\libgcc.a(_copy_data.o)
 .text.libgcc.builtins
                0x00000000        0x0 c:/program files (x86)/atmel/atmel toolchain/avr8 gcc/native/3.4.2.876/avr8-gnu-toolchain/bin/../lib/gcc/avr/4.7.2/avr4\libgcc.a(_copy_data.o)
 .text.libgcc.fmul
                0x00000000        0x0 c:/program files (x86)/atmel/atmel toolchain/avr8 gcc/native/3.4.2.876/avr8-gnu-toolchain/bin/../lib/gcc/avr/4.7.2/avr4\libgcc.a(_copy_data.o)
 .text          0x00000000        0x0 c:/program files (x86)/atmel/atmel toolchain/avr8 gcc/native/3.4.2.876/avr8-gnu-toolchain/bin/../lib/gcc/avr/4.7.2/avr4\libgcc.a(_clear_bss.o)
 .bss           0x00000000        0x0 c:/program files (x86)/atmel/atmel toolchain/avr8 gcc/native/3.4.2.876/avr8-gnu-toolchain/bin/../lib/gcc/avr/4.7.2/avr4\libgcc.a(_clear_bss.o)
 .text.libgcc.mul
                0x00000000        0x0 c:/program files (x86)/atmel/atmel toolchain/avr8 gcc/native/3.4.2.876/avr8-gnu-toolchain/bin/../lib/gcc/avr/4.7.2/avr4\libgcc.a(_clear_bss.o)
 .text.libgcc.div
                0x00000000        0x0 c:/program files (x86)/atmel/atmel toolchain/avr8 gcc/native/3.4.2.876/avr8-gnu-toolchain/bin/../lib/gcc/avr/4.7.2/avr4\libgcc.a(_clear_bss.o)
 .text.libgcc   0x00000000        0x0 c:/program files (x86)/atmel/atmel toolchain/avr8 gcc/native/3.4.2.876/avr8-gnu-toolchain/bin/../lib/gcc/avr/4.7.2/avr4\libgcc.a(_clear_bss.o)
 .text.libgcc.prologue
                0x00000000        0x0 c:/program files (x86)/atmel/atmel toolchain/avr8 gcc/native/3.4.2.876/avr8-gnu-toolchain/bin/../lib/gcc/avr/4.7.2/avr4\libgcc.a(_clear_bss.o)
 .text.libgcc.builtins
                0x00000000        0x0 c:/program files (x86)/atmel/atmel toolchain/avr8 gcc/native/3.4.2.876/avr8-gnu-toolchain/bin/../lib/gcc/avr/4.7.2/avr4\libgcc.a(_clear_bss.o)
 .text.libgcc.fmul
                0x00000000        0x0 c:/program files (x86)/atmel/atmel toolchain/avr8 gcc/native/3.4.2.876/avr8-gnu-toolchain/bin/../lib/gcc/avr/4.7.2/avr4\libgcc.a(_clear_bss.o)
 .text          0x00000000        0x0 c:/program files (x86)/atmel/atmel toolchain/avr8 gcc/native/3.4.2.876/avr8-gnu-toolchain/bin/../lib/gcc/avr/4.7.2/avr4\libgcc.a(_umulhisi3.o)
 .bss           0x00000000        0x0 c:/program files (x86)/atmel/atmel toolchain/avr8 gcc/native/3.4.2.876/avr8-gnu-toolchain/bin/../lib/gcc/avr/4.7.2/avr4\libgcc.a(_umulhisi3.o)
 .text.libgcc.div
                0x00000000        0x0 c:/program files (x86)/atmel/atmel toolchain/avr8 gcc/native/3.4.2.876/avr8-gnu-toolchain/bin/../lib/gcc/avr/4.7.2/avr4\libgcc.a(_umulhisi3.o)
 .text.libgcc   0x00000000        0x0 c:/program files (x86)/atmel/atmel toolchain/avr8 gcc/native/3.4.2.876/avr8-gnu-toolchain/bin/../lib/gcc/avr/4.7.2/avr4\libgcc.a(_umulhisi3.o)
 .text.libgcc.prologue
                0x00000000        0x0 c:/program files (x86)/atmel/atmel toolchain/avr8 gcc/native/3.4.2.876/avr8-gnu-toolchain/bin/../lib/gcc/avr/4.7.2/avr4\libgcc.a(_umulhisi3.o)
 .text.libgcc.builtins
                0x00000000        0x0 c:/program files (x86)/atmel/atmel toolchain/avr8 gcc/native/3.4.2.876/avr8-gnu-toolchain/bin/../lib/gcc/avr/4.7.2/avr4\libgcc.a(_umulhisi3.o)
 .text.libgcc.fmul
                0x00000000        0x0 c:/program files (x86)/atmel/atmel toolchain/avr8 gcc/native/3.4.2.876/avr8-gnu-toolchain/bin/../lib/gcc/avr/4.7.2/avr4\libgcc.a(_umulhisi3.o)
 .text          0x00000000        0x0 c:/program files (x86)/atmel/atmel toolchain/avr8 gcc/native/3.4.2.876/avr8-gnu-toolchain/bin/../lib/gcc/avr/4.7.2/avr4\libgcc.a(_usmulhisi3.o)
 .bss           0x00000000        0x0 c:/program files (x86)/atmel/atmel toolchain/avr8 gcc/native/3.4.2.876/avr8-gnu-toolchain/bin/../lib/gcc/avr/4.7.2/avr4\libgcc.a(_usmulhisi3.o)
 .text.libgcc.div
                0x00000000        0x0 c:/program files (x86)/atmel/atmel toolchain/avr8 gcc/native/3.4.2.876/avr8-gnu-toolchain/bin/../lib/gcc/avr/4.7.2/avr4\libgcc.a(_usmulhisi3.o)
 .text.libgcc   0x00000000        0x0 c:/program files (x86)/atmel/atmel toolchain/avr8 gcc/native/3.4.2.876/avr8-gnu-toolchain/bin/../lib/gcc/avr/4.7.2/avr4\libgcc.a(_usmulhisi3.o)
 .text.libgcc.prologue
                0x00000000        0x0 c:/program files (x86)/atmel/atmel toolchain/avr8 gcc/native/3.4.2.876/avr8-gnu-toolchain/bin/../lib/gcc/avr/4.7.2/avr4\libgcc.a(_usmulhisi3.o)
 .text.libgcc.builtins
                0x00000000        0x0 c:/program files (x86)/atmel/atmel toolchain/avr8 gcc/native/3.4.2.876/avr8-gnu-toolchain/bin/../lib/gcc/avr/4.7.2/avr4\libgcc.a(_usmulhisi3.o)
 .text.libgcc.fmul
                0x00000000        0x0 c:/program files (x86)/atmel/atmel toolchain/avr8 gcc/native/3.4.2.876/avr8-gnu-toolchain/bin/../lib/gcc/avr/4.7.2/avr4\libgcc.a(_usmulhisi3.o)
 .text          0x00000000        0x0 c:/program files (x86)/atmel/atmel toolchain/avr8 gcc/native/3.4.2.876/avr8-gnu-toolchain/bin/../lib/gcc/avr/4.7.2/avr4\libgcc.a(_muluhisi3.o)
 .bss           0x00000000        0x0 c:/program files (x86)/atmel/atmel toolchain/avr8 gcc/native/3.4.2.876/avr8-gnu-toolchain/bin/../lib/gcc/avr/4.7.2/avr4\libgcc.a(_muluhisi3.o)
 .text.libgcc.div
                0x00000000        0x0 c:/program files (x86)/atmel/atmel toolchain/avr8 gcc/native/3.4.2.876/avr8-gnu-toolchain/bin/../lib/gcc/avr/4.7.2/avr4\libgcc.a(_muluhisi3.o)
 .text.libgcc   0x00000000        0x0 c:/program files (x86)/atmel/atmel toolchain/avr8 gcc/native/3.4.2.876/avr8-gnu-toolchain/bin/../lib/gcc/avr/4.7.2/avr4\libgcc.a(_muluhisi3.o)
 .text.libgcc.prologue
                0x00000000        0x0 c:/program files (x86)/atmel/atmel toolchain/avr8 gcc/native/3.4.2.876/avr8-gnu-toolchain/bin/../lib/gcc/avr/4.7.2/avr4\libgcc.a(_muluhisi3.o)
 .text.libgcc.builtins
                0x00000000        0x0 c:/program files (x86)/atmel/atmel toolchain/avr8 gcc/native/3.4.2.876/avr8-gnu-toolchain/bin/../lib/gcc/avr/4.7.2/avr4\libgcc.a(_muluhisi3.o)
 .text.libgcc.fmul
                0x00000000        0x0 c:/program files (x86)/atmel/atmel toolchain/avr8 gcc/native/3.4.2.876/avr8-gnu-toolchain/bin/../lib/gcc/avr/4.7.2/avr4\libgcc.a(_muluhisi3.o)
 .text          0x00000000        0x0 c:/program files (x86)/atmel/atmel toolchain/avr8 gcc/native/3.4.2.876/avr8-gnu-toolchain/bin/../lib/gcc/avr/4.7.2/../../../../avr/lib/avr4\libc.a(eerd_block_atmega8.o)
 .bss           0x00000000        0x0 c:/program files (x86)/atmel/atmel toolchain/avr8 gcc/native/3.4.2.876/avr8-gnu-toolchain/bin/../lib/gcc/avr/4.7.2/../../../../avr/lib/avr4\libc.a(eerd_block_atmega8.o)

Memory Configuration

Name             Origin             Length             Attributes
text             0x00000000         0x00002000         xr
data             0x00800060         0x0000ffa0         rw !x
eeprom           0x00810000         0x00010000         rw !x
fuse             0x00820000         0x00000400         rw !x
lock             0x00830000         0x00000400         rw !x
signature        0x00840000         0x00000400         rw !x
user_signatures  0x00850000         0x00000400         rw !x
*default*        0x00000000         0xffffffff

Linker script and memory map

LOAD c:/program files (x86)/atmel/atmel toolchain/avr8 gcc/native/3.4.2.876/avr8-gnu-toolchain/bin/../lib/gcc/avr/4.7.2/../../../../avr/lib/avr4/crtm8.o
LOAD src/adc.o
LOAD src/buttons.o
LOAD src/control.o
LOAD src/led_indic.o
LOAD src/led_indic_hw.o
LOAD src/menu.o
LOAD src/my_string.o
LOAD src/pid1.o
LOAD src/power_control.o
LOAD src/soft_timer.o
LOAD src/systimer.o
LOAD src/usart.o
START GROUP
LOAD c:/program files (x86)/atmel/atmel toolchain/avr8 gcc/native/3.4.2.876/avr8-gnu-toolchain/bin/../lib/gcc/avr/4.7.2/../../../../avr/lib/avr4\libm.a
END GROUP
LOAD c:/program files (x86)/atmel/atmel toolchain/avr8 gcc/native/3.4.2.876/avr8-gnu-toolchain/bin/../lib/gcc/avr/4.7.2/avr4\libgcc.a
LOAD c:/program files (x86)/atmel/atmel toolchain/avr8 gcc/native/3.4.2.876/avr8-gnu-toolchain/bin/../lib/gcc/avr/4.7.2/../../../../avr/lib/avr4\libc.a
LOAD c:/program files (x86)/atmel/atmel toolchain/avr8 gcc/native/3.4.2.876/avr8-gnu-toolchain/bin/../lib/gcc/avr/4.7.2/avr4\libgcc.a

.hash
 *(.hash)

.dynsym
 *(.dynsym)

.dynstr
 *(.dynstr)

.gnu.version
 *(.gnu.version)

.gnu.version_d
 *(.gnu.version_d)

.gnu.version_r
 *(.gnu.version_r)

.rel.init
 *(.rel.init)

.rela.init
 *(.rela.init)

.rel.text
 *(.rel.text)
 *(.rel.text.*)
 *(.rel.gnu.linkonce.t*)

.rela.text
 *(.rela.text)
 *(.rela.text.*)
 *(.rela.gnu.linkonce.t*)

.rel.fini
 *(.rel.fini)

.rela.fini
 *(.rela.fini)

.rel.rodata
 *(.rel.rodata)
 *(.rel.rodata.*)
 *(.rel.gnu.linkonce.r*)

.rela.rodata
 *(.rela.rodata)
 *(.rela.rodata.*)
 *(.rela.gnu.linkonce.r*)

.rel.data
 *(.rel.data)
 *(.rel.data.*)
 *(.rel.gnu.linkonce.d*)

.rela.data
 *(.rela.data)
 *(.rela.data.*)
 *(.rela.gnu.linkonce.d*)

.rel.ctors
 *(.rel.ctors)

.rela.ctors
 *(.rela.ctors)

.rel.dtors
 *(.rel.dtors)

.rela.dtors
 *(.rela.dtors)

.rel.got
 *(.rel.got)

.rela.got
 *(.rela.got)

.rel.bss
 *(.rel.bss)

.rela.bss
 *(.rela.bss)

.rel.plt
 *(.rel.plt)

.rela.plt
 *(.rela.plt)

.text           0x00000000     0x1ac4
 *(.vectors)
 .vectors       0x00000000       0x26 c:/program files (x86)/atmel/atmel toolchain/avr8 gcc/native/3.4.2.876/avr8-gnu-toolchain/bin/../lib/gcc/avr/4.7.2/../../../../avr/lib/avr4/crtm8.o
                0x00000000                __vector_default
                0x00000000                __vectors
 *(.vectors)
 *(.progmem.gcc*)
 *(.progmem*)
 .progmem.data  0x00000026      0x102 src/menu.o
                0x00000026                menuFunctionSet
                0x00000088                menuJumpSet
                0x00000128                . = ALIGN (0x2)
                0x00000128                __trampolines_start = .
 *(.trampolines)
 .trampolines   0x00000128        0x0 linker stubs
 *(.trampolines*)
                0x00000128                __trampolines_end = .
 *(.jumptables)
 *(.jumptables*)
 *(.lowtext)
 *(.lowtext*)
                0x00000128                __ctors_start = .
 *(.ctors)
                0x00000128                __ctors_end = .
                0x00000128                __dtors_start = .
 *(.dtors)
                0x00000128                __dtors_end = .
 SORT(*)(.ctors)
 SORT(*)(.dtors)
 *(.init0)
 .init0         0x00000128        0x0 c:/program files (x86)/atmel/atmel toolchain/avr8 gcc/native/3.4.2.876/avr8-gnu-toolchain/bin/../lib/gcc/avr/4.7.2/../../../../avr/lib/avr4/crtm8.o
                0x00000128                __init
 *(.init0)
 *(.init1)
 *(.init1)
 *(.init2)
 .init2         0x00000128        0xc c:/program files (x86)/atmel/atmel toolchain/avr8 gcc/native/3.4.2.876/avr8-gnu-toolchain/bin/../lib/gcc/avr/4.7.2/../../../../avr/lib/avr4/crtm8.o
 *(.init2)
 *(.init3)
 *(.init3)
 *(.init4)
 .init4         0x00000134       0x16 c:/program files (x86)/atmel/atmel toolchain/avr8 gcc/native/3.4.2.876/avr8-gnu-toolchain/bin/../lib/gcc/avr/4.7.2/avr4\libgcc.a(_copy_data.o)
                0x00000134                __do_copy_data
 .init4         0x0000014a       0x10 c:/program files (x86)/atmel/atmel toolchain/avr8 gcc/native/3.4.2.876/avr8-gnu-toolchain/bin/../lib/gcc/avr/4.7.2/avr4\libgcc.a(_clear_bss.o)
                0x0000014a                __do_clear_bss
 *(.init4)
 *(.init5)
 *(.init5)
 *(.init6)
 *(.init6)
 *(.init7)
 *(.init7)
 *(.init8)
 *(.init8)
 *(.init9)
 .init9         0x0000015a        0x4 c:/program files (x86)/atmel/atmel toolchain/avr8 gcc/native/3.4.2.876/avr8-gnu-toolchain/bin/../lib/gcc/avr/4.7.2/../../../../avr/lib/avr4/crtm8.o
 *(.init9)
 *(.text)
 .text          0x0000015e        0x2 c:/program files (x86)/atmel/atmel toolchain/avr8 gcc/native/3.4.2.876/avr8-gnu-toolchain/bin/../lib/gcc/avr/4.7.2/../../../../avr/lib/avr4/crtm8.o
                0x0000015e                __vector_1
                0x0000015e                __vector_12
                0x0000015e                __bad_interrupt
                0x0000015e                __vector_6
                0x0000015e                __vector_11
                0x0000015e                __vector_13
                0x0000015e                __vector_17
                0x0000015e                __vector_7
                0x0000015e                __vector_5
                0x0000015e                __vector_4
                0x0000015e                __vector_2
                0x0000015e                __vector_15
                0x0000015e                __vector_8
                0x0000015e                __vector_10
                0x0000015e                __vector_18
                0x00000160                . = ALIGN (0x2)
 *(.text.*)
 .text.conv_ADC_to_Celsius
                0x00000160       0x42 src/adc.o
                0x00000160                conv_ADC_to_Celsius
 .text.conv_Celsius_to_ADC
                0x000001a2       0x42 src/adc.o
                0x000001a2                conv_Celsius_to_ADC
 .text.calculateCoeffs
                0x000001e4       0x9a src/adc.o
                0x000001e4                calculateCoeffs
 .text.update_normalized_adc
                0x0000027e       0x54 src/adc.o
                0x0000027e                update_normalized_adc
 .text.update_Celsius
                0x000002d2       0x14 src/adc.o
                0x000002d2                update_Celsius
 .text.addToRingU16
                0x000002e6       0xa2 src/adc.o
                0x000002e6                addToRingU16
 .text.__vector_14
                0x00000388       0x56 src/adc.o
                0x00000388                __vector_14
 .text.getNormalizedRingU16
                0x000003de       0x18 src/adc.o
                0x000003de                getNormalizedRingU16
 .text.process_buttons
                0x000003f6       0xc2 src/buttons.o
                0x000003f6                process_buttons
 .text.processRollControl
                0x000004b8       0xf8 src/control.o
                0x000004b8                processRollControl
 .text.samplePIDProcessValue
                0x000005b0       0x10 src/control.o
                0x000005b0                samplePIDProcessValue
 .text.processPID
                0x000005c0      0x100 src/control.o
                0x000005c0                processPID
 .text.processHeaterControl
                0x000006c0       0xb4 src/control.o
                0x000006c0                processHeaterControl
 .text.heaterInit
                0x00000774       0x10 src/control.o
                0x00000774                heaterInit
 .text.processHeaterAlerts
                0x00000784       0x9c src/control.o
                0x00000784                processHeaterAlerts
 .text.restoreGlobalParams
                0x00000820        0xe src/control.o
                0x00000820                restoreGlobalParams
 .text.exitPowerOff
                0x0000082e       0x10 src/control.o
                0x0000082e                exitPowerOff
 .text.decode_led_char
                0x0000083e       0xee src/led_indic.o
 .text.wrap_led_buffer_index
                0x0000092c       0x20 src/led_indic.o
 .text.processLedIndicator
                0x0000094c       0xc0 src/led_indic.o
                0x0000094c                processLedIndicator
 .text.fillLedBuffer
                0x00000a0c       0x48 src/led_indic.o
                0x00000a0c                fillLedBuffer
 .text.startShiftingWindowLeft
                0x00000a54       0x1c src/led_indic.o
                0x00000a54                startShiftingWindowLeft
 .text.startShiftingWindowRight
                0x00000a70       0x1c src/led_indic.o
                0x00000a70                startShiftingWindowRight
 .text.initLedIndicator
                0x00000a8c       0x46 src/led_indic.o
                0x00000a8c                initLedIndicator
 .text.printLedBuffer
                0x00000ad2       0x74 src/led_indic.o
                0x00000ad2                printLedBuffer
 .text.setComma
                0x00000b46       0x18 src/led_indic.o
                0x00000b46                setComma
 .text.setExtraLeds
                0x00000b5e        0xc src/led_indic.o
                0x00000b5e                setExtraLeds
 .text.clearExtraLeds
                0x00000b6a        0xe src/led_indic.o
                0x00000b6a                clearExtraLeds
 .text.led_clock_pulse
                0x00000b78       0x20 src/led_indic_hw.o
                0x00000b78                led_clock_pulse
 .text.set_led_segments
                0x00000b98       0x1c src/led_indic_hw.o
                0x00000b98                set_led_segments
 .text.enable_led_segments_pullups
                0x00000bb4        0xe src/led_indic_hw.o
                0x00000bb4                enable_led_segments_pullups
 .text.enable_led_segments
                0x00000bc2        0xe src/led_indic_hw.o
                0x00000bc2                enable_led_segments
 .text.disable_led_segments
                0x00000bd0        0xe src/led_indic_hw.o
                0x00000bd0                disable_led_segments
 .text.capture_button_state
                0x00000bde       0x16 src/led_indic_hw.o
                0x00000bde                capture_button_state
 .text.processItemFunction
                0x00000bf4        0xa src/menu.o
 .text.mf_setTempLeave
                0x00000bfe        0xc src/menu.o
                0x00000bfe                mf_setTempLeave
 .text.mf_leafSelectAct
                0x00000c0a       0x1c src/menu.o
                0x00000c0a                mf_leafSelectAct
 .text.mf_leafExit
                0x00000c26        0xc src/menu.o
                0x00000c26                mf_leafExit
 .text.mf_actpoffLeave
                0x00000c32        0x6 src/menu.o
                0x00000c32                mf_actpoffLeave
 .text.mf_calibDoExit
                0x00000c38       0x16 src/menu.o
                0x00000c38                mf_calibDoExit
 .text.mf_cdoneDo
                0x00000c4e        0x8 src/menu.o
                0x00000c4e                mf_cdoneDo
 .text.mf_actpoffDo
                0x00000c56        0x8 src/menu.o
                0x00000c56                mf_actpoffDo
 .text.mf_cdone2Select
                0x00000c5e       0x1a src/menu.o
                0x00000c5e                mf_cdone2Select
 .text.mf_cdone1Select
                0x00000c78       0x1a src/menu.o
                0x00000c78                mf_cdone1Select
 .text.mf_autopoffDo
                0x00000c92       0xa2 src/menu.o
                0x00000c92                mf_autopoffDo
 .text.mf_realTempDo
                0x00000d34       0x56 src/menu.o
                0x00000d34                mf_realTempDo
 .text.mf_calib2Do
                0x00000d8a       0x9c src/menu.o
                0x00000d8a                mf_calib2Do
 .text.mf_calib1Do
                0x00000e26       0x9c src/menu.o
                0x00000e26                mf_calib1Do
 .text.mf_actpoffSelect
                0x00000ec2        0xc src/menu.o
                0x00000ec2                mf_actpoffSelect
 .text.mf_leafSelect
                0x00000ece       0x10 src/menu.o
                0x00000ece                mf_leafSelect
 .text.mf_calibSelect
                0x00000ede       0x14 src/menu.o
                0x00000ede                mf_calibSelect
 .text.mf_rollLeave
                0x00000ef2       0x10 src/menu.o
                0x00000ef2                mf_rollLeave
 .text.mf_setTempSelect
                0x00000f02        0x6 src/menu.o
                0x00000f02                mf_setTempSelect
 .text.mf_realTempLeave
                0x00000f08        0x4 src/menu.o
                0x00000f08                mf_realTempLeave
 .text.mf_sndenDo
                0x00000f0c       0x8a src/menu.o
                0x00000f0c                mf_sndenDo
 .text.mf_rollDo
                0x00000f96       0xce src/menu.o
                0x00000f96                mf_rollDo
 .text.mf_rollSelect
                0x00001064        0x6 src/menu.o
                0x00001064                mf_rollSelect
 .text.mf_setTempDo
                0x0000106a       0x9e src/menu.o
                0x0000106a                mf_setTempDo
 .text.mf_realTempSelect
                0x00001108        0x4 src/menu.o
                0x00001108                mf_realTempSelect
 .text.getMenuFunctionRecord.constprop.0
                0x0000110c       0x6c src/menu.o
 .text.InitMenu
                0x00001178       0x12 src/menu.o
                0x00001178                InitMenu
 .text.processMenu
                0x0000118a       0xf8 src/menu.o
                0x0000118a                processMenu
 .text.u16toa_align_right
                0x00001282       0x40 src/my_string.o
                0x00001282                u16toa_align_right
 .text.init_system_io
                0x000012c2       0x56 src/pid1.o
                0x000012c2                init_system_io
 .text.startup.main
                0x00001318      0x110 src/pid1.o
                0x00001318                main
 .text.setHeaterControl
                0x00001428       0x1c src/power_control.o
                0x00001428                setHeaterControl
 .text.forceHeaterControlUpdate
                0x00001444       0x1a src/power_control.o
                0x00001444                forceHeaterControlUpdate
 .text.setMotorDirection
                0x0000145e       0x42 src/power_control.o
                0x0000145e                setMotorDirection
 .text.stopCycleRolling
                0x000014a0       0x38 src/power_control.o
                0x000014a0                stopCycleRolling
 .text.isTopPointValid
                0x000014d8       0x20 src/power_control.o
                0x000014d8                isTopPointValid
 .text.isBottomPointValid
                0x000014f8       0x20 src/power_control.o
                0x000014f8                isBottomPointValid
 .text.startCycleRolling
                0x00001518       0x30 src/power_control.o
                0x00001518                startCycleRolling
 .text.__vector_16
                0x00001548       0x50 src/power_control.o
                0x00001548                __vector_16
 .text.__vector_9
                0x00001598      0x1d8 src/power_control.o
                0x00001598                __vector_9
 .text.processSoftTimer8b
                0x00001770       0x58 src/soft_timer.o
                0x00001770                processSoftTimer8b
 .text.processSystemTimers
                0x000017c8       0xb4 src/systimer.o
                0x000017c8                processSystemTimers
 .text.resetAutoPowerOffCounter
                0x0000187c        0x6 src/systimer.o
                0x0000187c                resetAutoPowerOffCounter
 .text.SetBeeperFreq
                0x00001882       0x40 src/systimer.o
                0x00001882                SetBeeperFreq
 .text.StartBeep
                0x000018c2       0x24 src/systimer.o
                0x000018c2                StartBeep
 .text.OverrideSoundDisable
                0x000018e6        0x8 src/systimer.o
                0x000018e6                OverrideSoundDisable
 .text.__vector_3
                0x000018ee       0x6c src/systimer.o
                0x000018ee                __vector_3
 .text.USART_send
                0x0000195a        0xa src/usart.o
                0x0000195a                USART_send
 .text.USART_sendstr
                0x00001964       0x24 src/usart.o
                0x00001964                USART_sendstr
 .text.libgcc.div
                0x00001988       0x18 c:/program files (x86)/atmel/atmel toolchain/avr8 gcc/native/3.4.2.876/avr8-gnu-toolchain/bin/../lib/gcc/avr/4.7.2/avr4\libgcc.a(_udivmodqi4.o)
                0x00001988                __udivmodqi4
 .text.libgcc.div
                0x000019a0       0x28 c:/program files (x86)/atmel/atmel toolchain/avr8 gcc/native/3.4.2.876/avr8-gnu-toolchain/bin/../lib/gcc/avr/4.7.2/avr4\libgcc.a(_udivmodhi4.o)
                0x000019a0                __udivmodhi4
 .text.libgcc.div
                0x000019c8       0x26 c:/program files (x86)/atmel/atmel toolchain/avr8 gcc/native/3.4.2.876/avr8-gnu-toolchain/bin/../lib/gcc/avr/4.7.2/avr4\libgcc.a(_divmodhi4.o)
                0x000019c8                _div
                0x000019c8                __divmodhi4
 .text.libgcc.div
                0x000019ee       0x44 c:/program files (x86)/atmel/atmel toolchain/avr8 gcc/native/3.4.2.876/avr8-gnu-toolchain/bin/../lib/gcc/avr/4.7.2/avr4\libgcc.a(_udivmodsi4.o)
                0x000019ee                __udivmodsi4
 .text.libgcc.div
                0x00001a32       0x36 c:/program files (x86)/atmel/atmel toolchain/avr8 gcc/native/3.4.2.876/avr8-gnu-toolchain/bin/../lib/gcc/avr/4.7.2/avr4\libgcc.a(_divmodsi4.o)
                0x00001a32                __divmodsi4
 .text.libgcc.mul
                0x00001a68       0x18 c:/program files (x86)/atmel/atmel toolchain/avr8 gcc/native/3.4.2.876/avr8-gnu-toolchain/bin/../lib/gcc/avr/4.7.2/avr4\libgcc.a(_umulhisi3.o)
                0x00001a68                __umulhisi3
 .text.libgcc.mul
                0x00001a80        0xc c:/program files (x86)/atmel/atmel toolchain/avr8 gcc/native/3.4.2.876/avr8-gnu-toolchain/bin/../lib/gcc/avr/4.7.2/avr4\libgcc.a(_usmulhisi3.o)
                0x00001a80                __usmulhisi3
                0x00001a82                __usmulhisi3_tail
 .text.libgcc.mul
                0x00001a8c       0x14 c:/program files (x86)/atmel/atmel toolchain/avr8 gcc/native/3.4.2.876/avr8-gnu-toolchain/bin/../lib/gcc/avr/4.7.2/avr4\libgcc.a(_muluhisi3.o)
                0x00001a8c                __muluhisi3
 .text.avr-libc
                0x00001aa0       0x20 c:/program files (x86)/atmel/atmel toolchain/avr8 gcc/native/3.4.2.876/avr8-gnu-toolchain/bin/../lib/gcc/avr/4.7.2/../../../../avr/lib/avr4\libc.a(eerd_block_atmega8.o)
                0x00001aa0                __eerd_block_m8
                0x00001aa4                __eerd_blraw_m8
                0x00001ac0                . = ALIGN (0x2)
 *(.fini9)
 .fini9         0x00001ac0        0x0 c:/program files (x86)/atmel/atmel toolchain/avr8 gcc/native/3.4.2.876/avr8-gnu-toolchain/bin/../lib/gcc/avr/4.7.2/avr4\libgcc.a(_exit.o)
                0x00001ac0                _exit
                0x00001ac0                exit
 *(.fini9)
 *(.fini8)
 *(.fini8)
 *(.fini7)
 *(.fini7)
 *(.fini6)
 *(.fini6)
 *(.fini5)
 *(.fini5)
 *(.fini4)
 *(.fini4)
 *(.fini3)
 *(.fini3)
 *(.fini2)
 *(.fini2)
 *(.fini1)
 *(.fini1)
 *(.fini0)
 .fini0         0x00001ac0        0x4 c:/program files (x86)/atmel/atmel toolchain/avr8 gcc/native/3.4.2.876/avr8-gnu-toolchain/bin/../lib/gcc/avr/4.7.2/avr4\libgcc.a(_exit.o)
 *(.fini0)
                0x00001ac4                _etext = .

.data           0x00800060       0x68 load address 0x00001ac4
                0x00800060                PROVIDE (__data_start, .)
 *(.data)
 .data          0x00800060        0x0 c:/program files (x86)/atmel/atmel toolchain/avr8 gcc/native/3.4.2.876/avr8-gnu-toolchain/bin/../lib/gcc/avr/4.7.2/../../../../avr/lib/avr4/crtm8.o
 .data          0x00800060        0x9 src/adc.o
                0x00800060                ringBufADC
 .data          0x00800069        0x1 src/buttons.o
 .data          0x0080006a        0xc src/control.o
                0x0080006a                ringBufDterm
 .data          0x00800076        0x0 src/led_indic.o
 .data          0x00800076        0x0 src/led_indic_hw.o
 .data          0x00800076        0x4 src/menu.o
 .data          0x0080007a        0x0 src/my_string.o
 .data          0x0080007a        0x0 src/pid1.o
 .data          0x0080007a        0x2 src/power_control.o
                0x0080007a                p_state
 .data          0x0080007c        0x0 src/soft_timer.o
 .data          0x0080007c        0xa src/systimer.o
                0x0080007c                sys_timers
                0x00800082                menuUpdateTimer
 .data          0x00800086        0x0 src/usart.o
 .data          0x00800086        0x0 c:/program files (x86)/atmel/atmel toolchain/avr8 gcc/native/3.4.2.876/avr8-gnu-toolchain/bin/../lib/gcc/avr/4.7.2/avr4\libgcc.a(_udivmodqi4.o)
 .data          0x00800086        0x0 c:/program files (x86)/atmel/atmel toolchain/avr8 gcc/native/3.4.2.876/avr8-gnu-toolchain/bin/../lib/gcc/avr/4.7.2/avr4\libgcc.a(_udivmodhi4.o)
 .data          0x00800086        0x0 c:/program files (x86)/atmel/atmel toolchain/avr8 gcc/native/3.4.2.876/avr8-gnu-toolchain/bin/../lib/gcc/avr/4.7.2/avr4\libgcc.a(_divmodhi4.o)
 .data          0x00800086        0x0 c:/program files (x86)/atmel/atmel toolchain/avr8 gcc/native/3.4.2.876/avr8-gnu-toolchain/bin/../lib/gcc/avr/4.7.2/avr4\libgcc.a(_udivmodsi4.o)
 .data          0x00800086        0x0 c:/program files (x86)/atmel/atmel toolchain/avr8 gcc/native/3.4.2.876/avr8-gnu-toolchain/bin/../lib/gcc/avr/4.7.2/avr4\libgcc.a(_divmodsi4.o)
 .data          0x00800086        0x0 c:/program files (x86)/atmel/atmel toolchain/avr8 gcc/native/3.4.2.876/avr8-gnu-toolchain/bin/../lib/gcc/avr/4.7.2/avr4\libgcc.a(_exit.o)
 .data          0x00800086        0x0 c:/program files (x86)/atmel/atmel toolchain/avr8 gcc/native/3.4.2.876/avr8-gnu-toolchain/bin/../lib/gcc/avr/4.7.2/avr4\libgcc.a(_copy_data.o)
 .data          0x00800086        0x0 c:/program files (x86)/atmel/atmel toolchain/avr8 gcc/native/3.4.2.876/avr8-gnu-toolchain/bin/../lib/gcc/avr/4.7.2/avr4\libgcc.a(_clear_bss.o)
 .data          0x00800086        0x0 c:/program files (x86)/atmel/atmel toolchain/avr8 gcc/native/3.4.2.876/avr8-gnu-toolchain/bin/../lib/gcc/avr/4.7.2/avr4\libgcc.a(_umulhisi3.o)
 .data          0x00800086        0x0 c:/program files (x86)/atmel/atmel toolchain/avr8 gcc/native/3.4.2.876/avr8-gnu-toolchain/bin/../lib/gcc/avr/4.7.2/avr4\libgcc.a(_usmulhisi3.o)
 .data          0x00800086        0x0 c:/program files (x86)/atmel/atmel toolchain/avr8 gcc/native/3.4.2.876/avr8-gnu-toolchain/bin/../lib/gcc/avr/4.7.2/avr4\libgcc.a(_muluhisi3.o)
 .data          0x00800086        0x0 c:/program files (x86)/atmel/atmel toolchain/avr8 gcc/native/3.4.2.876/avr8-gnu-toolchain/bin/../lib/gcc/avr/4.7.2/../../../../avr/lib/avr4\libc.a(eerd_block_atmega8.o)
 *(.data*)
 *(.rodata)
 .rodata        0x00800086       0x2a src/menu.o
 *(.rodata*)
 .rodata.str1.1
                0x008000b0        0xe src/menu.o
 .rodata.str1.1
                0x008000be        0xa src/pid1.o
 *(.gnu.linkonce.d*)
                0x008000c8                . = ALIGN (0x2)
                0x008000c8                _edata = .
                0x008000c8                PROVIDE (__data_end, .)

.bss            0x008000c8       0xa2
                0x008000c8                PROVIDE (__bss_start, .)
 *(.bss)
 .bss           0x008000c8        0x8 src/adc.o
 .bss           0x008000d0        0x8 src/buttons.o
                0x008000d0                button_action_long
                0x008000d1                button_action_up_short
                0x008000d2                button_action_rep
                0x008000d3                button_action_down
                0x008000d4                button_state
 .bss           0x008000d8        0xa src/control.o
                0x008000d8                autoPowerOffState
 .bss           0x008000e2        0x6 src/led_indic.o
 .bss           0x008000e8        0xe src/menu.o
 .bss           0x008000f6        0xe src/power_control.o
                0x008000f6                activeRollCycle
                0x008000f7                rollState
                0x008000f8                heater_reg_cnt
                0x008000f9                heaterState
                0x008000fa                ctrl_heater
 .bss           0x00800104        0x3 src/systimer.o
 *(.bss*)
 *(COMMON)
 COMMON         0x00800107       0x30 src/adc.o
                0x00800107                PIDsampledADC
                0x00800109                adc_oversampled
                0x0080010b                raw_adc_buffer
                0x00800133                adc_normalized
                0x00800135                adc_celsius
 COMMON         0x00800137       0x20 src/control.o
                0x00800137                p
                0x00800141                dbg_PID_output
                0x00800143                dbg_SetTempCelsius
                0x00800144                dbg_PID_p_term
                0x00800146                dbg_RealTempPID
                0x00800148                dbg_PID_i_term
                0x0080014a                pid_dterm_buffer
                0x00800152                dbg_PID_d_term
                0x00800154                dbg_RealTempCelsius
                0x00800155                dbg_SetTempPID
 COMMON         0x00800157       0x13 src/led_indic.o
                0x00800157                extra_led_state
                0x00800158                wStartPos
                0x00800159                shifterState
                0x0080015a                bufStartPos
                0x0080015b                led_data_buffer
                0x00800169                raw_button_state
                0x0080016a                PROVIDE (__bss_end, .)
                0x00001ac4                __data_load_start = LOADADDR (.data)
                0x00001b2c                __data_load_end = (__data_load_start + SIZEOF (.data))

.noinit         0x0080016a        0x0
                0x0080016a                PROVIDE (__noinit_start, .)
 *(.noinit*)
                0x0080016a                PROVIDE (__noinit_end, .)
                0x0080016a                _end = .
                0x0080016a                PROVIDE (__heap_start, .)

.eeprom         0x00810000        0xa
 *(.eeprom*)
 .eeprom        0x00810000        0xa src/control.o
                0x00810000                nvParams
                0x0081000a                __eeprom_end = .

.fuse
 *(.fuse)
 *(.lfuse)
 *(.hfuse)
 *(.efuse)

.lock
 *(.lock*)

.signature
 *(.signature*)

.user_signatures
 *(.user_signatures*)

.stab           0x00000000      0x7d4
 *(.stab)
 .stab          0x00000000      0x6cc c:/program files (x86)/atmel/atmel toolchain/avr8 gcc/native/3.4.2.876/avr8-gnu-toolchain/bin/../lib/gcc/avr/4.7.2/../../../../avr/lib/avr4/crtm8.o
 .stab          0x000006cc      0x108 c:/program files (x86)/atmel/atmel toolchain/avr8 gcc/native/3.4.2.876/avr8-gnu-toolchain/bin/../lib/gcc/avr/4.7.2/../../../../avr/lib/avr4\libc.a(eerd_block_atmega8.o)
                                0x114 (size before relaxing)

.stabstr        0x00000000       0xe3
 *(.stabstr)
 .stabstr       0x00000000       0xe3 c:/program files (x86)/atmel/atmel toolchain/avr8 gcc/native/3.4.2.876/avr8-gnu-toolchain/bin/../lib/gcc/avr/4.7.2/../../../../avr/lib/avr4/crtm8.o

.stab.excl
 *(.stab.excl)

.stab.exclstr
 *(.stab.exclstr)

.stab.index
 *(.stab.index)

.stab.indexstr
 *(.stab.indexstr)

.comment        0x00000000       0x2f
 *(.comment)
 .comment       0x00000000       0x2f src/adc.o
                                 0x30 (size before relaxing)
 .comment       0x00000000       0x30 src/buttons.o
 .comment       0x00000000       0x30 src/control.o
 .comment       0x00000000       0x30 src/led_indic.o
 .comment       0x00000000       0x30 src/led_indic_hw.o
 .comment       0x00000000       0x30 src/menu.o
 .comment       0x00000000       0x30 src/my_string.o
 .comment       0x00000000       0x30 src/pid1.o
 .comment       0x00000000       0x30 src/power_control.o
 .comment       0x00000000       0x30 src/soft_timer.o
 .comment       0x00000000       0x30 src/systimer.o
 .comment       0x00000000       0x30 src/usart.o

.debug
 *(.debug)

.line
 *(.line)

.debug_srcinfo
 *(.debug_srcinfo)

.debug_sfnames
 *(.debug_sfnames)

.debug_aranges  0x00000000      0x3f0
 *(.debug_aranges)
 .debug_aranges
                0x00000000       0x58 src/adc.o
 .debug_aranges
                0x00000058       0x20 src/buttons.o
 .debug_aranges
                0x00000078       0x58 src/control.o
 .debug_aranges
                0x000000d0       0x98 src/led_indic.o
 .debug_aranges
                0x00000168       0x48 src/led_indic_hw.o
 .debug_aranges
                0x000001b0       0xf8 src/menu.o
 .debug_aranges
                0x000002a8       0x20 src/my_string.o
 .debug_aranges
                0x000002c8       0x28 src/pid1.o
 .debug_aranges
                0x000002f0       0x60 src/power_control.o
 .debug_aranges
                0x00000350       0x20 src/soft_timer.o
 .debug_aranges
                0x00000370       0x58 src/systimer.o
 .debug_aranges
                0x000003c8       0x28 src/usart.o

.debug_pubnames
 *(.debug_pubnames)

.debug_info     0x00000000     0x3a26
 *(.debug_info)
 .debug_info    0x00000000      0x3b3 src/adc.o
 .debug_info    0x000003b3      0x16d src/buttons.o
 .debug_info    0x00000520      0x894 src/control.o
 .debug_info    0x00000db4      0x8c1 src/led_indic.o
 .debug_info    0x00001675      0x21c src/led_indic_hw.o
 .debug_info    0x00001891     0x1024 src/menu.o
 .debug_info    0x000028b5       0xda src/my_string.o
 .debug_info    0x0000298f      0x675 src/pid1.o
 .debug_info    0x00003004      0x3c1 src/power_control.o
 .debug_info    0x000033c5      0x161 src/soft_timer.o
 .debug_info    0x00003526      0x41e src/systimer.o
 .debug_info    0x00003944       0xe2 src/usart.o
 *(.gnu.linkonce.wi.*)

.debug_abbrev   0x00000000     0x138f
 *(.debug_abbrev)
 .debug_abbrev  0x00000000      0x1a5 src/adc.o
 .debug_abbrev  0x000001a5       0x98 src/buttons.o
 .debug_abbrev  0x0000023d      0x24e src/control.o
 .debug_abbrev  0x0000048b      0x2a9 src/led_indic.o
 .debug_abbrev  0x00000734      0x154 src/led_indic_hw.o
 .debug_abbrev  0x00000888      0x373 src/menu.o
 .debug_abbrev  0x00000bfb       0x89 src/my_string.o
 .debug_abbrev  0x00000c84      0x214 src/pid1.o
 .debug_abbrev  0x00000e98      0x1b6 src/power_control.o
 .debug_abbrev  0x0000104e       0xba src/soft_timer.o
 .debug_abbrev  0x00001108      0x1d9 src/systimer.o
 .debug_abbrev  0x000012e1       0xae src/usart.o

.debug_line     0x00000000     0x183f
 *(.debug_line)
 .debug_line    0x00000000      0x189 src/adc.o
 .debug_line    0x00000189      0x111 src/buttons.o
 .debug_line    0x0000029a      0x35b src/control.o
 .debug_line    0x000005f5      0x362 src/led_indic.o
 .debug_line    0x00000957      0x206 src/led_indic_hw.o
 .debug_line    0x00000b5d      0x3e3 src/menu.o
 .debug_line    0x00000f40       0xf6 src/my_string.o
 .debug_line    0x00001036      0x265 src/pid1.o
 .debug_line    0x0000129b      0x1f1 src/power_control.o
 .debug_line    0x0000148c       0xfe src/soft_timer.o
 .debug_line    0x0000158a      0x1c3 src/systimer.o
 .debug_line    0x0000174d       0xf2 src/usart.o

.debug_frame    0x00000000      0x930
 *(.debug_frame)
 .debug_frame   0x00000000      0x158 src/adc.o
 .debug_frame   0x00000158       0x24 src/buttons.o
 .debug_frame   0x0000017c       0xbc src/control.o
 .debug_frame   0x00000238      0x15c src/led_indic.o
 .debug_frame   0x00000394       0x74 src/led_indic_hw.o
 .debug_frame   0x00000408      0x270 src/menu.o
 .debug_frame   0x00000678       0x30 src/my_string.o
 .debug_frame   0x000006a8       0x44 src/pid1.o
 .debug_frame   0x000006ec      0x100 src/power_control.o
 .debug_frame   0x000007ec       0x24 src/soft_timer.o
 .debug_frame   0x00000810       0xdc src/systimer.o
 .debug_frame   0x000008ec       0x44 src/usart.o

.debug_str      0x00000000      0xfb3
 *(.debug_str)
 .debug_str     0x00000000      0x251 src/adc.o
                                0x294 (size before relaxing)
 .debug_str     0x00000251       0xeb src/buttons.o
                                0x1ab (size before relaxing)
 .debug_str     0x0000033c      0x32d src/control.o
                                0x563 (size before relaxing)
 .debug_str     0x00000669      0x32f src/led_indic.o
                                0x465 (size before relaxing)
 .debug_str     0x00000998       0x22 src/led_indic_hw.o
                                0x1ab (size before relaxing)
 .debug_str     0x000009ba      0x3c1 src/menu.o
                                0x69d (size before relaxing)
 .debug_str     0x00000d7b       0x1d src/my_string.o
                                 0xef (size before relaxing)
 .debug_str     0x00000d98       0x7a src/pid1.o
                                0x38f (size before relaxing)
 .debug_str     0x00000e12       0xed src/power_control.o
                                0x2f5 (size before relaxing)
 .debug_str     0x00000eff       0x20 src/soft_timer.o
                                0x125 (size before relaxing)
 .debug_str     0x00000f1f       0x7a src/systimer.o
                                0x2e5 (size before relaxing)
 .debug_str     0x00000f99       0x1a src/usart.o
                                 0xdc (size before relaxing)

.debug_loc      0x00000000     0x1bb9
 *(.debug_loc)
 .debug_loc     0x00000000      0x379 src/adc.o
 .debug_loc     0x00000379       0x69 src/buttons.o
 .debug_loc     0x000003e2      0x21d src/control.o
 .debug_loc     0x000005ff      0x7f7 src/led_indic.o
 .debug_loc     0x00000df6       0xf6 src/led_indic_hw.o
 .debug_loc     0x00000eec      0x730 src/menu.o
 .debug_loc     0x0000161c       0xca src/my_string.o
 .debug_loc     0x000016e6       0x8f src/pid1.o
 .debug_loc     0x00001775      0x1b2 src/power_control.o
 .debug_loc     0x00001927       0x47 src/soft_timer.o
 .debug_loc     0x0000196e      0x1ba src/systimer.o
 .debug_loc     0x00001b28       0x91 src/usart.o

.debug_macinfo
 *(.debug_macinfo)

.debug_pubtypes
 *(.debug_pubtypes)

.debug_ranges   0x00000000      0x330
 *(.debug_ranges)
 .debug_ranges  0x00000000       0x48 src/adc.o
 .debug_ranges  0x00000048       0x10 src/buttons.o
 .debug_ranges  0x00000058       0x48 src/control.o
 .debug_ranges  0x000000a0       0x88 src/led_indic.o
 .debug_ranges  0x00000128       0x38 src/led_indic_hw.o
 .debug_ranges  0x00000160       0xe8 src/menu.o
 .debug_ranges  0x00000248       0x10 src/my_string.o
 .debug_ranges  0x00000258       0x18 src/pid1.o
 .debug_ranges  0x00000270       0x50 src/power_control.o
 .debug_ranges  0x000002c0       0x10 src/soft_timer.o
 .debug_ranges  0x000002d0       0x48 src/systimer.o
 .debug_ranges  0x00000318       0x18 src/usart.o

.debug_macro
 *(.debug_macro)
OUTPUT(pid1.elf elf32-avr)
LOAD linker stubs
