Archive member included because of file (symbol)

c:/program files (x86)/atmel/atmel toolchain/avr8 gcc/native/3.4.2.876/avr8-gnu-toolchain/bin/../lib/gcc/avr/4.7.2/avr4\libgcc.a(_mulsi3.o)
                              src/pid_controller.o (__mulsi3)
c:/program files (x86)/atmel/atmel toolchain/avr8 gcc/native/3.4.2.876/avr8-gnu-toolchain/bin/../lib/gcc/avr/4.7.2/avr4\libgcc.a(_udivmodqi4.o)
                              src/led_indic.o (__udivmodqi4)
c:/program files (x86)/atmel/atmel toolchain/avr8 gcc/native/3.4.2.876/avr8-gnu-toolchain/bin/../lib/gcc/avr/4.7.2/avr4\libgcc.a(_divmodsi4.o)
                              src/adc.o (__divmodsi4)
c:/program files (x86)/atmel/atmel toolchain/avr8 gcc/native/3.4.2.876/avr8-gnu-toolchain/bin/../lib/gcc/avr/4.7.2/avr4\libgcc.a(_exit.o)
                              c:/program files (x86)/atmel/atmel toolchain/avr8 gcc/native/3.4.2.876/avr8-gnu-toolchain/bin/../lib/gcc/avr/4.7.2/../../../../avr/lib/avr4/crtm8.o (exit)
c:/program files (x86)/atmel/atmel toolchain/avr8 gcc/native/3.4.2.876/avr8-gnu-toolchain/bin/../lib/gcc/avr/4.7.2/avr4\libgcc.a(_copy_data.o)
                              src/adc.o (__do_copy_data)
c:/program files (x86)/atmel/atmel toolchain/avr8 gcc/native/3.4.2.876/avr8-gnu-toolchain/bin/../lib/gcc/avr/4.7.2/avr4\libgcc.a(_clear_bss.o)
                              src/adc.o (__do_clear_bss)
c:/program files (x86)/atmel/atmel toolchain/avr8 gcc/native/3.4.2.876/avr8-gnu-toolchain/bin/../lib/gcc/avr/4.7.2/avr4\libgcc.a(_mulhisi3.o)
                              src/fir_filter.o (__mulhisi3)
c:/program files (x86)/atmel/atmel toolchain/avr8 gcc/native/3.4.2.876/avr8-gnu-toolchain/bin/../lib/gcc/avr/4.7.2/avr4\libgcc.a(_umulhisi3.o)
                              src/adc.o (__umulhisi3)
c:/program files (x86)/atmel/atmel toolchain/avr8 gcc/native/3.4.2.876/avr8-gnu-toolchain/bin/../lib/gcc/avr/4.7.2/avr4\libgcc.a(_usmulhisi3.o)
                              src/adc.o (__usmulhisi3)
c:/program files (x86)/atmel/atmel toolchain/avr8 gcc/native/3.4.2.876/avr8-gnu-toolchain/bin/../lib/gcc/avr/4.7.2/avr4\libgcc.a(_muluhisi3.o)
                              src/adc.o (__muluhisi3)
c:/program files (x86)/atmel/atmel toolchain/avr8 gcc/native/3.4.2.876/avr8-gnu-toolchain/bin/../lib/gcc/avr/4.7.2/avr4\libgcc.a(_udivmodsi4.o)
                              c:/program files (x86)/atmel/atmel toolchain/avr8 gcc/native/3.4.2.876/avr8-gnu-toolchain/bin/../lib/gcc/avr/4.7.2/avr4\libgcc.a(_divmodsi4.o) (__udivmodsi4)
c:/program files (x86)/atmel/atmel toolchain/avr8 gcc/native/3.4.2.876/avr8-gnu-toolchain/bin/../lib/gcc/avr/4.7.2/../../../../avr/lib/avr4\libc.a(memcpy_P.o)
                              src/control.o (memcpy_P)
c:/program files (x86)/atmel/atmel toolchain/avr8 gcc/native/3.4.2.876/avr8-gnu-toolchain/bin/../lib/gcc/avr/4.7.2/../../../../avr/lib/avr4\libc.a(eerd_block_atmega8.o)
                              src/control.o (__eerd_block_m8)
c:/program files (x86)/atmel/atmel toolchain/avr8 gcc/native/3.4.2.876/avr8-gnu-toolchain/bin/../lib/gcc/avr/4.7.2/../../../../avr/lib/avr4\libc.a(eerd_byte_atmega8.o)
                              src/control.o (__eerd_byte_m8)
c:/program files (x86)/atmel/atmel toolchain/avr8 gcc/native/3.4.2.876/avr8-gnu-toolchain/bin/../lib/gcc/avr/4.7.2/../../../../avr/lib/avr4\libc.a(eeupd_block_atmega8.o)
                              src/control.o (__eeupd_block_m8)
c:/program files (x86)/atmel/atmel toolchain/avr8 gcc/native/3.4.2.876/avr8-gnu-toolchain/bin/../lib/gcc/avr/4.7.2/../../../../avr/lib/avr4\libc.a(eeupd_byte_atmega8.o)
                              src/control.o (__eeupd_byte_m8)

Allocating common symbols
Common symbol       size              file

dbg_SetPointCelsius
                    0x1               src/control.o
cp                  0x6               src/control.o
p                   0x4               src/control.o
extra_led_state     0x1               src/led_indic.o
dbg_PID_output      0x2               src/pid_controller.o
adc_filtered        0x2               src/adc.o
adc_oversampled     0x2               src/adc.o
raw_adc_buffer      0x40              src/adc.o
wStartPos           0x1               src/led_indic.o
dbg_PID_p_term      0x2               src/pid_controller.o
dbg_RealTempPID     0x2               src/control.o
adc_normalized      0x2               src/adc.o
dbg_PID_i_term      0x2               src/pid_controller.o
temp_str            0xa               src/menu.o
dbg_PID_d_term      0x2               src/pid_controller.o
shifterState        0x1               src/led_indic.o
adc_status          0x1               src/adc.o
bufStartPos         0x1               src/led_indic.o
led_data_buffer     0xe               src/led_indic.o
adc_celsius         0x2               src/adc.o
str                 0x14              src/pid1.o
dbg_SetPointPID     0x2               src/control.o
filter_buffer       0x28              src/adc.o
raw_button_state    0x1               src/led_indic.o

Discarded input sections

 .bss           0x00000000        0x0 c:/program files (x86)/atmel/atmel toolchain/avr8 gcc/native/3.4.2.876/avr8-gnu-toolchain/bin/../lib/gcc/avr/4.7.2/../../../../avr/lib/avr4/crtm8.o
 .text          0x00000000        0x0 src/adc.o
 .text          0x00000000        0x0 src/buttons.o
 .text          0x00000000        0x0 src/control.o
 .text          0x00000000        0x0 src/fir_filter.o
 .bss           0x00000000        0x0 src/fir_filter.o
 .text          0x00000000        0x0 src/led_indic.o
 .text.setWindowStartPos
                0x00000000        0x8 src/led_indic.o
 .text.shiftWindowPosition
                0x00000000        0xe src/led_indic.o
 .text.setBufferStartPos
                0x00000000        0x8 src/led_indic.o
 .text.clearComma
                0x00000000       0x18 src/led_indic.o
 .text.toggleExtraLeds
                0x00000000        0xc src/led_indic.o
 .text          0x00000000        0x0 src/led_indic_hw.o
 .bss           0x00000000        0x0 src/led_indic_hw.o
 .text          0x00000000        0x0 src/menu.o
 .text          0x00000000        0x0 src/my_string.o
 .bss           0x00000000        0x0 src/my_string.o
 .text          0x00000000        0x0 src/pid1.o
 .bss           0x00000000        0x0 src/pid1.o
 .text          0x00000000        0x0 src/pid_controller.o
 .text          0x00000000        0x0 src/power_control.o
 .text          0x00000000        0x0 src/soft_timer.o
 .bss           0x00000000        0x0 src/soft_timer.o
 .text          0x00000000        0x0 src/systimer.o
 .text.Sound_Stop
                0x00000000        0x6 src/systimer.o
 .text          0x00000000        0x0 src/usart.o
 .bss           0x00000000        0x0 src/usart.o
 .text          0x00000000        0x0 c:/program files (x86)/atmel/atmel toolchain/avr8 gcc/native/3.4.2.876/avr8-gnu-toolchain/bin/../lib/gcc/avr/4.7.2/avr4\libgcc.a(_mulsi3.o)
 .bss           0x00000000        0x0 c:/program files (x86)/atmel/atmel toolchain/avr8 gcc/native/3.4.2.876/avr8-gnu-toolchain/bin/../lib/gcc/avr/4.7.2/avr4\libgcc.a(_mulsi3.o)
 .text.libgcc.div
                0x00000000        0x0 c:/program files (x86)/atmel/atmel toolchain/avr8 gcc/native/3.4.2.876/avr8-gnu-toolchain/bin/../lib/gcc/avr/4.7.2/avr4\libgcc.a(_mulsi3.o)
 .text.libgcc   0x00000000        0x0 c:/program files (x86)/atmel/atmel toolchain/avr8 gcc/native/3.4.2.876/avr8-gnu-toolchain/bin/../lib/gcc/avr/4.7.2/avr4\libgcc.a(_mulsi3.o)
 .text.libgcc.prologue
                0x00000000        0x0 c:/program files (x86)/atmel/atmel toolchain/avr8 gcc/native/3.4.2.876/avr8-gnu-toolchain/bin/../lib/gcc/avr/4.7.2/avr4\libgcc.a(_mulsi3.o)
 .text.libgcc.builtins
                0x00000000        0x0 c:/program files (x86)/atmel/atmel toolchain/avr8 gcc/native/3.4.2.876/avr8-gnu-toolchain/bin/../lib/gcc/avr/4.7.2/avr4\libgcc.a(_mulsi3.o)
 .text.libgcc.fmul
                0x00000000        0x0 c:/program files (x86)/atmel/atmel toolchain/avr8 gcc/native/3.4.2.876/avr8-gnu-toolchain/bin/../lib/gcc/avr/4.7.2/avr4\libgcc.a(_mulsi3.o)
 .text          0x00000000        0x0 c:/program files (x86)/atmel/atmel toolchain/avr8 gcc/native/3.4.2.876/avr8-gnu-toolchain/bin/../lib/gcc/avr/4.7.2/avr4\libgcc.a(_udivmodqi4.o)
 .bss           0x00000000        0x0 c:/program files (x86)/atmel/atmel toolchain/avr8 gcc/native/3.4.2.876/avr8-gnu-toolchain/bin/../lib/gcc/avr/4.7.2/avr4\libgcc.a(_udivmodqi4.o)
 .text.libgcc.mul
                0x00000000        0x0 c:/program files (x86)/atmel/atmel toolchain/avr8 gcc/native/3.4.2.876/avr8-gnu-toolchain/bin/../lib/gcc/avr/4.7.2/avr4\libgcc.a(_udivmodqi4.o)
 .text.libgcc   0x00000000        0x0 c:/program files (x86)/atmel/atmel toolchain/avr8 gcc/native/3.4.2.876/avr8-gnu-toolchain/bin/../lib/gcc/avr/4.7.2/avr4\libgcc.a(_udivmodqi4.o)
 .text.libgcc.prologue
                0x00000000        0x0 c:/program files (x86)/atmel/atmel toolchain/avr8 gcc/native/3.4.2.876/avr8-gnu-toolchain/bin/../lib/gcc/avr/4.7.2/avr4\libgcc.a(_udivmodqi4.o)
 .text.libgcc.builtins
                0x00000000        0x0 c:/program files (x86)/atmel/atmel toolchain/avr8 gcc/native/3.4.2.876/avr8-gnu-toolchain/bin/../lib/gcc/avr/4.7.2/avr4\libgcc.a(_udivmodqi4.o)
 .text.libgcc.fmul
                0x00000000        0x0 c:/program files (x86)/atmel/atmel toolchain/avr8 gcc/native/3.4.2.876/avr8-gnu-toolchain/bin/../lib/gcc/avr/4.7.2/avr4\libgcc.a(_udivmodqi4.o)
 .text          0x00000000        0x0 c:/program files (x86)/atmel/atmel toolchain/avr8 gcc/native/3.4.2.876/avr8-gnu-toolchain/bin/../lib/gcc/avr/4.7.2/avr4\libgcc.a(_divmodsi4.o)
 .bss           0x00000000        0x0 c:/program files (x86)/atmel/atmel toolchain/avr8 gcc/native/3.4.2.876/avr8-gnu-toolchain/bin/../lib/gcc/avr/4.7.2/avr4\libgcc.a(_divmodsi4.o)
 .text.libgcc.mul
                0x00000000        0x0 c:/program files (x86)/atmel/atmel toolchain/avr8 gcc/native/3.4.2.876/avr8-gnu-toolchain/bin/../lib/gcc/avr/4.7.2/avr4\libgcc.a(_divmodsi4.o)
 .text.libgcc   0x00000000        0x0 c:/program files (x86)/atmel/atmel toolchain/avr8 gcc/native/3.4.2.876/avr8-gnu-toolchain/bin/../lib/gcc/avr/4.7.2/avr4\libgcc.a(_divmodsi4.o)
 .text.libgcc.prologue
                0x00000000        0x0 c:/program files (x86)/atmel/atmel toolchain/avr8 gcc/native/3.4.2.876/avr8-gnu-toolchain/bin/../lib/gcc/avr/4.7.2/avr4\libgcc.a(_divmodsi4.o)
 .text.libgcc.builtins
                0x00000000        0x0 c:/program files (x86)/atmel/atmel toolchain/avr8 gcc/native/3.4.2.876/avr8-gnu-toolchain/bin/../lib/gcc/avr/4.7.2/avr4\libgcc.a(_divmodsi4.o)
 .text.libgcc.fmul
                0x00000000        0x0 c:/program files (x86)/atmel/atmel toolchain/avr8 gcc/native/3.4.2.876/avr8-gnu-toolchain/bin/../lib/gcc/avr/4.7.2/avr4\libgcc.a(_divmodsi4.o)
 .text          0x00000000        0x0 c:/program files (x86)/atmel/atmel toolchain/avr8 gcc/native/3.4.2.876/avr8-gnu-toolchain/bin/../lib/gcc/avr/4.7.2/avr4\libgcc.a(_exit.o)
 .bss           0x00000000        0x0 c:/program files (x86)/atmel/atmel toolchain/avr8 gcc/native/3.4.2.876/avr8-gnu-toolchain/bin/../lib/gcc/avr/4.7.2/avr4\libgcc.a(_exit.o)
 .text.libgcc.mul
                0x00000000        0x0 c:/program files (x86)/atmel/atmel toolchain/avr8 gcc/native/3.4.2.876/avr8-gnu-toolchain/bin/../lib/gcc/avr/4.7.2/avr4\libgcc.a(_exit.o)
 .text.libgcc.div
                0x00000000        0x0 c:/program files (x86)/atmel/atmel toolchain/avr8 gcc/native/3.4.2.876/avr8-gnu-toolchain/bin/../lib/gcc/avr/4.7.2/avr4\libgcc.a(_exit.o)
 .text.libgcc   0x00000000        0x0 c:/program files (x86)/atmel/atmel toolchain/avr8 gcc/native/3.4.2.876/avr8-gnu-toolchain/bin/../lib/gcc/avr/4.7.2/avr4\libgcc.a(_exit.o)
 .text.libgcc.prologue
                0x00000000        0x0 c:/program files (x86)/atmel/atmel toolchain/avr8 gcc/native/3.4.2.876/avr8-gnu-toolchain/bin/../lib/gcc/avr/4.7.2/avr4\libgcc.a(_exit.o)
 .text.libgcc.builtins
                0x00000000        0x0 c:/program files (x86)/atmel/atmel toolchain/avr8 gcc/native/3.4.2.876/avr8-gnu-toolchain/bin/../lib/gcc/avr/4.7.2/avr4\libgcc.a(_exit.o)
 .text.libgcc.fmul
                0x00000000        0x0 c:/program files (x86)/atmel/atmel toolchain/avr8 gcc/native/3.4.2.876/avr8-gnu-toolchain/bin/../lib/gcc/avr/4.7.2/avr4\libgcc.a(_exit.o)
 .text          0x00000000        0x0 c:/program files (x86)/atmel/atmel toolchain/avr8 gcc/native/3.4.2.876/avr8-gnu-toolchain/bin/../lib/gcc/avr/4.7.2/avr4\libgcc.a(_copy_data.o)
 .bss           0x00000000        0x0 c:/program files (x86)/atmel/atmel toolchain/avr8 gcc/native/3.4.2.876/avr8-gnu-toolchain/bin/../lib/gcc/avr/4.7.2/avr4\libgcc.a(_copy_data.o)
 .text.libgcc.mul
                0x00000000        0x0 c:/program files (x86)/atmel/atmel toolchain/avr8 gcc/native/3.4.2.876/avr8-gnu-toolchain/bin/../lib/gcc/avr/4.7.2/avr4\libgcc.a(_copy_data.o)
 .text.libgcc.div
                0x00000000        0x0 c:/program files (x86)/atmel/atmel toolchain/avr8 gcc/native/3.4.2.876/avr8-gnu-toolchain/bin/../lib/gcc/avr/4.7.2/avr4\libgcc.a(_copy_data.o)
 .text.libgcc   0x00000000        0x0 c:/program files (x86)/atmel/atmel toolchain/avr8 gcc/native/3.4.2.876/avr8-gnu-toolchain/bin/../lib/gcc/avr/4.7.2/avr4\libgcc.a(_copy_data.o)
 .text.libgcc.prologue
                0x00000000        0x0 c:/program files (x86)/atmel/atmel toolchain/avr8 gcc/native/3.4.2.876/avr8-gnu-toolchain/bin/../lib/gcc/avr/4.7.2/avr4\libgcc.a(_copy_data.o)
 .text.libgcc.builtins
                0x00000000        0x0 c:/program files (x86)/atmel/atmel toolchain/avr8 gcc/native/3.4.2.876/avr8-gnu-toolchain/bin/../lib/gcc/avr/4.7.2/avr4\libgcc.a(_copy_data.o)
 .text.libgcc.fmul
                0x00000000        0x0 c:/program files (x86)/atmel/atmel toolchain/avr8 gcc/native/3.4.2.876/avr8-gnu-toolchain/bin/../lib/gcc/avr/4.7.2/avr4\libgcc.a(_copy_data.o)
 .text          0x00000000        0x0 c:/program files (x86)/atmel/atmel toolchain/avr8 gcc/native/3.4.2.876/avr8-gnu-toolchain/bin/../lib/gcc/avr/4.7.2/avr4\libgcc.a(_clear_bss.o)
 .bss           0x00000000        0x0 c:/program files (x86)/atmel/atmel toolchain/avr8 gcc/native/3.4.2.876/avr8-gnu-toolchain/bin/../lib/gcc/avr/4.7.2/avr4\libgcc.a(_clear_bss.o)
 .text.libgcc.mul
                0x00000000        0x0 c:/program files (x86)/atmel/atmel toolchain/avr8 gcc/native/3.4.2.876/avr8-gnu-toolchain/bin/../lib/gcc/avr/4.7.2/avr4\libgcc.a(_clear_bss.o)
 .text.libgcc.div
                0x00000000        0x0 c:/program files (x86)/atmel/atmel toolchain/avr8 gcc/native/3.4.2.876/avr8-gnu-toolchain/bin/../lib/gcc/avr/4.7.2/avr4\libgcc.a(_clear_bss.o)
 .text.libgcc   0x00000000        0x0 c:/program files (x86)/atmel/atmel toolchain/avr8 gcc/native/3.4.2.876/avr8-gnu-toolchain/bin/../lib/gcc/avr/4.7.2/avr4\libgcc.a(_clear_bss.o)
 .text.libgcc.prologue
                0x00000000        0x0 c:/program files (x86)/atmel/atmel toolchain/avr8 gcc/native/3.4.2.876/avr8-gnu-toolchain/bin/../lib/gcc/avr/4.7.2/avr4\libgcc.a(_clear_bss.o)
 .text.libgcc.builtins
                0x00000000        0x0 c:/program files (x86)/atmel/atmel toolchain/avr8 gcc/native/3.4.2.876/avr8-gnu-toolchain/bin/../lib/gcc/avr/4.7.2/avr4\libgcc.a(_clear_bss.o)
 .text.libgcc.fmul
                0x00000000        0x0 c:/program files (x86)/atmel/atmel toolchain/avr8 gcc/native/3.4.2.876/avr8-gnu-toolchain/bin/../lib/gcc/avr/4.7.2/avr4\libgcc.a(_clear_bss.o)
 .text          0x00000000        0x0 c:/program files (x86)/atmel/atmel toolchain/avr8 gcc/native/3.4.2.876/avr8-gnu-toolchain/bin/../lib/gcc/avr/4.7.2/avr4\libgcc.a(_mulhisi3.o)
 .bss           0x00000000        0x0 c:/program files (x86)/atmel/atmel toolchain/avr8 gcc/native/3.4.2.876/avr8-gnu-toolchain/bin/../lib/gcc/avr/4.7.2/avr4\libgcc.a(_mulhisi3.o)
 .text.libgcc.div
                0x00000000        0x0 c:/program files (x86)/atmel/atmel toolchain/avr8 gcc/native/3.4.2.876/avr8-gnu-toolchain/bin/../lib/gcc/avr/4.7.2/avr4\libgcc.a(_mulhisi3.o)
 .text.libgcc   0x00000000        0x0 c:/program files (x86)/atmel/atmel toolchain/avr8 gcc/native/3.4.2.876/avr8-gnu-toolchain/bin/../lib/gcc/avr/4.7.2/avr4\libgcc.a(_mulhisi3.o)
 .text.libgcc.prologue
                0x00000000        0x0 c:/program files (x86)/atmel/atmel toolchain/avr8 gcc/native/3.4.2.876/avr8-gnu-toolchain/bin/../lib/gcc/avr/4.7.2/avr4\libgcc.a(_mulhisi3.o)
 .text.libgcc.builtins
                0x00000000        0x0 c:/program files (x86)/atmel/atmel toolchain/avr8 gcc/native/3.4.2.876/avr8-gnu-toolchain/bin/../lib/gcc/avr/4.7.2/avr4\libgcc.a(_mulhisi3.o)
 .text.libgcc.fmul
                0x00000000        0x0 c:/program files (x86)/atmel/atmel toolchain/avr8 gcc/native/3.4.2.876/avr8-gnu-toolchain/bin/../lib/gcc/avr/4.7.2/avr4\libgcc.a(_mulhisi3.o)
 .text          0x00000000        0x0 c:/program files (x86)/atmel/atmel toolchain/avr8 gcc/native/3.4.2.876/avr8-gnu-toolchain/bin/../lib/gcc/avr/4.7.2/avr4\libgcc.a(_umulhisi3.o)
 .bss           0x00000000        0x0 c:/program files (x86)/atmel/atmel toolchain/avr8 gcc/native/3.4.2.876/avr8-gnu-toolchain/bin/../lib/gcc/avr/4.7.2/avr4\libgcc.a(_umulhisi3.o)
 .text.libgcc.div
                0x00000000        0x0 c:/program files (x86)/atmel/atmel toolchain/avr8 gcc/native/3.4.2.876/avr8-gnu-toolchain/bin/../lib/gcc/avr/4.7.2/avr4\libgcc.a(_umulhisi3.o)
 .text.libgcc   0x00000000        0x0 c:/program files (x86)/atmel/atmel toolchain/avr8 gcc/native/3.4.2.876/avr8-gnu-toolchain/bin/../lib/gcc/avr/4.7.2/avr4\libgcc.a(_umulhisi3.o)
 .text.libgcc.prologue
                0x00000000        0x0 c:/program files (x86)/atmel/atmel toolchain/avr8 gcc/native/3.4.2.876/avr8-gnu-toolchain/bin/../lib/gcc/avr/4.7.2/avr4\libgcc.a(_umulhisi3.o)
 .text.libgcc.builtins
                0x00000000        0x0 c:/program files (x86)/atmel/atmel toolchain/avr8 gcc/native/3.4.2.876/avr8-gnu-toolchain/bin/../lib/gcc/avr/4.7.2/avr4\libgcc.a(_umulhisi3.o)
 .text.libgcc.fmul
                0x00000000        0x0 c:/program files (x86)/atmel/atmel toolchain/avr8 gcc/native/3.4.2.876/avr8-gnu-toolchain/bin/../lib/gcc/avr/4.7.2/avr4\libgcc.a(_umulhisi3.o)
 .text          0x00000000        0x0 c:/program files (x86)/atmel/atmel toolchain/avr8 gcc/native/3.4.2.876/avr8-gnu-toolchain/bin/../lib/gcc/avr/4.7.2/avr4\libgcc.a(_usmulhisi3.o)
 .bss           0x00000000        0x0 c:/program files (x86)/atmel/atmel toolchain/avr8 gcc/native/3.4.2.876/avr8-gnu-toolchain/bin/../lib/gcc/avr/4.7.2/avr4\libgcc.a(_usmulhisi3.o)
 .text.libgcc.div
                0x00000000        0x0 c:/program files (x86)/atmel/atmel toolchain/avr8 gcc/native/3.4.2.876/avr8-gnu-toolchain/bin/../lib/gcc/avr/4.7.2/avr4\libgcc.a(_usmulhisi3.o)
 .text.libgcc   0x00000000        0x0 c:/program files (x86)/atmel/atmel toolchain/avr8 gcc/native/3.4.2.876/avr8-gnu-toolchain/bin/../lib/gcc/avr/4.7.2/avr4\libgcc.a(_usmulhisi3.o)
 .text.libgcc.prologue
                0x00000000        0x0 c:/program files (x86)/atmel/atmel toolchain/avr8 gcc/native/3.4.2.876/avr8-gnu-toolchain/bin/../lib/gcc/avr/4.7.2/avr4\libgcc.a(_usmulhisi3.o)
 .text.libgcc.builtins
                0x00000000        0x0 c:/program files (x86)/atmel/atmel toolchain/avr8 gcc/native/3.4.2.876/avr8-gnu-toolchain/bin/../lib/gcc/avr/4.7.2/avr4\libgcc.a(_usmulhisi3.o)
 .text.libgcc.fmul
                0x00000000        0x0 c:/program files (x86)/atmel/atmel toolchain/avr8 gcc/native/3.4.2.876/avr8-gnu-toolchain/bin/../lib/gcc/avr/4.7.2/avr4\libgcc.a(_usmulhisi3.o)
 .text          0x00000000        0x0 c:/program files (x86)/atmel/atmel toolchain/avr8 gcc/native/3.4.2.876/avr8-gnu-toolchain/bin/../lib/gcc/avr/4.7.2/avr4\libgcc.a(_muluhisi3.o)
 .bss           0x00000000        0x0 c:/program files (x86)/atmel/atmel toolchain/avr8 gcc/native/3.4.2.876/avr8-gnu-toolchain/bin/../lib/gcc/avr/4.7.2/avr4\libgcc.a(_muluhisi3.o)
 .text.libgcc.div
                0x00000000        0x0 c:/program files (x86)/atmel/atmel toolchain/avr8 gcc/native/3.4.2.876/avr8-gnu-toolchain/bin/../lib/gcc/avr/4.7.2/avr4\libgcc.a(_muluhisi3.o)
 .text.libgcc   0x00000000        0x0 c:/program files (x86)/atmel/atmel toolchain/avr8 gcc/native/3.4.2.876/avr8-gnu-toolchain/bin/../lib/gcc/avr/4.7.2/avr4\libgcc.a(_muluhisi3.o)
 .text.libgcc.prologue
                0x00000000        0x0 c:/program files (x86)/atmel/atmel toolchain/avr8 gcc/native/3.4.2.876/avr8-gnu-toolchain/bin/../lib/gcc/avr/4.7.2/avr4\libgcc.a(_muluhisi3.o)
 .text.libgcc.builtins
                0x00000000        0x0 c:/program files (x86)/atmel/atmel toolchain/avr8 gcc/native/3.4.2.876/avr8-gnu-toolchain/bin/../lib/gcc/avr/4.7.2/avr4\libgcc.a(_muluhisi3.o)
 .text.libgcc.fmul
                0x00000000        0x0 c:/program files (x86)/atmel/atmel toolchain/avr8 gcc/native/3.4.2.876/avr8-gnu-toolchain/bin/../lib/gcc/avr/4.7.2/avr4\libgcc.a(_muluhisi3.o)
 .text          0x00000000        0x0 c:/program files (x86)/atmel/atmel toolchain/avr8 gcc/native/3.4.2.876/avr8-gnu-toolchain/bin/../lib/gcc/avr/4.7.2/avr4\libgcc.a(_udivmodsi4.o)
 .bss           0x00000000        0x0 c:/program files (x86)/atmel/atmel toolchain/avr8 gcc/native/3.4.2.876/avr8-gnu-toolchain/bin/../lib/gcc/avr/4.7.2/avr4\libgcc.a(_udivmodsi4.o)
 .text.libgcc.mul
                0x00000000        0x0 c:/program files (x86)/atmel/atmel toolchain/avr8 gcc/native/3.4.2.876/avr8-gnu-toolchain/bin/../lib/gcc/avr/4.7.2/avr4\libgcc.a(_udivmodsi4.o)
 .text.libgcc   0x00000000        0x0 c:/program files (x86)/atmel/atmel toolchain/avr8 gcc/native/3.4.2.876/avr8-gnu-toolchain/bin/../lib/gcc/avr/4.7.2/avr4\libgcc.a(_udivmodsi4.o)
 .text.libgcc.prologue
                0x00000000        0x0 c:/program files (x86)/atmel/atmel toolchain/avr8 gcc/native/3.4.2.876/avr8-gnu-toolchain/bin/../lib/gcc/avr/4.7.2/avr4\libgcc.a(_udivmodsi4.o)
 .text.libgcc.builtins
                0x00000000        0x0 c:/program files (x86)/atmel/atmel toolchain/avr8 gcc/native/3.4.2.876/avr8-gnu-toolchain/bin/../lib/gcc/avr/4.7.2/avr4\libgcc.a(_udivmodsi4.o)
 .text.libgcc.fmul
                0x00000000        0x0 c:/program files (x86)/atmel/atmel toolchain/avr8 gcc/native/3.4.2.876/avr8-gnu-toolchain/bin/../lib/gcc/avr/4.7.2/avr4\libgcc.a(_udivmodsi4.o)
 .text          0x00000000        0x0 c:/program files (x86)/atmel/atmel toolchain/avr8 gcc/native/3.4.2.876/avr8-gnu-toolchain/bin/../lib/gcc/avr/4.7.2/../../../../avr/lib/avr4\libc.a(memcpy_P.o)
 .bss           0x00000000        0x0 c:/program files (x86)/atmel/atmel toolchain/avr8 gcc/native/3.4.2.876/avr8-gnu-toolchain/bin/../lib/gcc/avr/4.7.2/../../../../avr/lib/avr4\libc.a(memcpy_P.o)
 .text          0x00000000        0x0 c:/program files (x86)/atmel/atmel toolchain/avr8 gcc/native/3.4.2.876/avr8-gnu-toolchain/bin/../lib/gcc/avr/4.7.2/../../../../avr/lib/avr4\libc.a(eerd_block_atmega8.o)
 .bss           0x00000000        0x0 c:/program files (x86)/atmel/atmel toolchain/avr8 gcc/native/3.4.2.876/avr8-gnu-toolchain/bin/../lib/gcc/avr/4.7.2/../../../../avr/lib/avr4\libc.a(eerd_block_atmega8.o)
 .text          0x00000000        0x0 c:/program files (x86)/atmel/atmel toolchain/avr8 gcc/native/3.4.2.876/avr8-gnu-toolchain/bin/../lib/gcc/avr/4.7.2/../../../../avr/lib/avr4\libc.a(eerd_byte_atmega8.o)
 .bss           0x00000000        0x0 c:/program files (x86)/atmel/atmel toolchain/avr8 gcc/native/3.4.2.876/avr8-gnu-toolchain/bin/../lib/gcc/avr/4.7.2/../../../../avr/lib/avr4\libc.a(eerd_byte_atmega8.o)
 .text          0x00000000        0x0 c:/program files (x86)/atmel/atmel toolchain/avr8 gcc/native/3.4.2.876/avr8-gnu-toolchain/bin/../lib/gcc/avr/4.7.2/../../../../avr/lib/avr4\libc.a(eeupd_block_atmega8.o)
 .bss           0x00000000        0x0 c:/program files (x86)/atmel/atmel toolchain/avr8 gcc/native/3.4.2.876/avr8-gnu-toolchain/bin/../lib/gcc/avr/4.7.2/../../../../avr/lib/avr4\libc.a(eeupd_block_atmega8.o)
 .text          0x00000000        0x0 c:/program files (x86)/atmel/atmel toolchain/avr8 gcc/native/3.4.2.876/avr8-gnu-toolchain/bin/../lib/gcc/avr/4.7.2/../../../../avr/lib/avr4\libc.a(eeupd_byte_atmega8.o)
 .bss           0x00000000        0x0 c:/program files (x86)/atmel/atmel toolchain/avr8 gcc/native/3.4.2.876/avr8-gnu-toolchain/bin/../lib/gcc/avr/4.7.2/../../../../avr/lib/avr4\libc.a(eeupd_byte_atmega8.o)

Memory Configuration

Name             Origin             Length             Attributes
text             0x00000000         0x00002000         xr
data             0x00800060         0x0000ffa0         rw !x
eeprom           0x00810000         0x00010000         rw !x
fuse             0x00820000         0x00000400         rw !x
lock             0x00830000         0x00000400         rw !x
signature        0x00840000         0x00000400         rw !x
user_signatures  0x00850000         0x00000400         rw !x
*default*        0x00000000         0xffffffff

Linker script and memory map

LOAD c:/program files (x86)/atmel/atmel toolchain/avr8 gcc/native/3.4.2.876/avr8-gnu-toolchain/bin/../lib/gcc/avr/4.7.2/../../../../avr/lib/avr4/crtm8.o
LOAD src/adc.o
LOAD src/buttons.o
LOAD src/control.o
LOAD src/fir_filter.o
LOAD src/led_indic.o
LOAD src/led_indic_hw.o
LOAD src/menu.o
LOAD src/my_string.o
LOAD src/pid1.o
LOAD src/pid_controller.o
LOAD src/power_control.o
LOAD src/soft_timer.o
LOAD src/systimer.o
LOAD src/usart.o
START GROUP
LOAD c:/program files (x86)/atmel/atmel toolchain/avr8 gcc/native/3.4.2.876/avr8-gnu-toolchain/bin/../lib/gcc/avr/4.7.2/../../../../avr/lib/avr4\libm.a
END GROUP
LOAD c:/program files (x86)/atmel/atmel toolchain/avr8 gcc/native/3.4.2.876/avr8-gnu-toolchain/bin/../lib/gcc/avr/4.7.2/avr4\libgcc.a
LOAD c:/program files (x86)/atmel/atmel toolchain/avr8 gcc/native/3.4.2.876/avr8-gnu-toolchain/bin/../lib/gcc/avr/4.7.2/../../../../avr/lib/avr4\libc.a
LOAD c:/program files (x86)/atmel/atmel toolchain/avr8 gcc/native/3.4.2.876/avr8-gnu-toolchain/bin/../lib/gcc/avr/4.7.2/avr4\libgcc.a

.hash
 *(.hash)

.dynsym
 *(.dynsym)

.dynstr
 *(.dynstr)

.gnu.version
 *(.gnu.version)

.gnu.version_d
 *(.gnu.version_d)

.gnu.version_r
 *(.gnu.version_r)

.rel.init
 *(.rel.init)

.rela.init
 *(.rela.init)

.rel.text
 *(.rel.text)
 *(.rel.text.*)
 *(.rel.gnu.linkonce.t*)

.rela.text
 *(.rela.text)
 *(.rela.text.*)
 *(.rela.gnu.linkonce.t*)

.rel.fini
 *(.rel.fini)

.rela.fini
 *(.rela.fini)

.rel.rodata
 *(.rel.rodata)
 *(.rel.rodata.*)
 *(.rel.gnu.linkonce.r*)

.rela.rodata
 *(.rela.rodata)
 *(.rela.rodata.*)
 *(.rela.gnu.linkonce.r*)

.rel.data
 *(.rel.data)
 *(.rel.data.*)
 *(.rel.gnu.linkonce.d*)

.rela.data
 *(.rela.data)
 *(.rela.data.*)
 *(.rela.gnu.linkonce.d*)

.rel.ctors
 *(.rel.ctors)

.rela.ctors
 *(.rela.ctors)

.rel.dtors
 *(.rel.dtors)

.rela.dtors
 *(.rela.dtors)

.rel.got
 *(.rel.got)

.rela.got
 *(.rela.got)

.rel.bss
 *(.rel.bss)

.rela.bss
 *(.rela.bss)

.rel.plt
 *(.rel.plt)

.rela.plt
 *(.rela.plt)

.text           0x00000000     0x1d66
 *(.vectors)
 .vectors       0x00000000       0x26 c:/program files (x86)/atmel/atmel toolchain/avr8 gcc/native/3.4.2.876/avr8-gnu-toolchain/bin/../lib/gcc/avr/4.7.2/../../../../avr/lib/avr4/crtm8.o
                0x00000000                __vector_default
                0x00000000                __vectors
 *(.vectors)
 *(.progmem.gcc*)
 *(.progmem*)
 .progmem.data  0x00000026        0xa src/control.o
                0x00000026                pmCalibrationDefaults
                0x0000002c                pmGlobalDefaults
 .progmem.data  0x00000030       0x38 src/led_indic.o
                0x00000030                led_encode_table
 .progmem.data  0x00000068      0x136 src/menu.o
                0x00000068                ms_calibDo
                0x0000006c                ms_autoPoffDo
                0x00000073                ms_soundEnDo
                0x0000007a                ms_rollDo
                0x00000081                ms_realTempDo
                0x00000088                menuFunctionSet
                0x000000ea                menuJumpSet
                0x0000019e                . = ALIGN (0x2)
                0x0000019e                __trampolines_start = .
 *(.trampolines)
 .trampolines   0x0000019e        0x0 linker stubs
 *(.trampolines*)
                0x0000019e                __trampolines_end = .
 *(.jumptables)
 *(.jumptables*)
 *(.lowtext)
 *(.lowtext*)
                0x0000019e                __ctors_start = .
 *(.ctors)
                0x0000019e                __ctors_end = .
                0x0000019e                __dtors_start = .
 *(.dtors)
                0x0000019e                __dtors_end = .
 SORT(*)(.ctors)
 SORT(*)(.dtors)
 *(.init0)
 .init0         0x0000019e        0x0 c:/program files (x86)/atmel/atmel toolchain/avr8 gcc/native/3.4.2.876/avr8-gnu-toolchain/bin/../lib/gcc/avr/4.7.2/../../../../avr/lib/avr4/crtm8.o
                0x0000019e                __init
 *(.init0)
 *(.init1)
 *(.init1)
 *(.init2)
 .init2         0x0000019e        0xc c:/program files (x86)/atmel/atmel toolchain/avr8 gcc/native/3.4.2.876/avr8-gnu-toolchain/bin/../lib/gcc/avr/4.7.2/../../../../avr/lib/avr4/crtm8.o
 *(.init2)
 *(.init3)
 *(.init3)
 *(.init4)
 .init4         0x000001aa       0x16 c:/program files (x86)/atmel/atmel toolchain/avr8 gcc/native/3.4.2.876/avr8-gnu-toolchain/bin/../lib/gcc/avr/4.7.2/avr4\libgcc.a(_copy_data.o)
                0x000001aa                __do_copy_data
 .init4         0x000001c0       0x10 c:/program files (x86)/atmel/atmel toolchain/avr8 gcc/native/3.4.2.876/avr8-gnu-toolchain/bin/../lib/gcc/avr/4.7.2/avr4\libgcc.a(_clear_bss.o)
                0x000001c0                __do_clear_bss
 *(.init4)
 *(.init5)
 *(.init5)
 *(.init6)
 *(.init6)
 *(.init7)
 *(.init7)
 *(.init8)
 *(.init8)
 *(.init9)
 .init9         0x000001d0        0x4 c:/program files (x86)/atmel/atmel toolchain/avr8 gcc/native/3.4.2.876/avr8-gnu-toolchain/bin/../lib/gcc/avr/4.7.2/../../../../avr/lib/avr4/crtm8.o
 *(.init9)
 *(.text)
 .text          0x000001d4        0x2 c:/program files (x86)/atmel/atmel toolchain/avr8 gcc/native/3.4.2.876/avr8-gnu-toolchain/bin/../lib/gcc/avr/4.7.2/../../../../avr/lib/avr4/crtm8.o
                0x000001d4                __vector_1
                0x000001d4                __vector_12
                0x000001d4                __bad_interrupt
                0x000001d4                __vector_6
                0x000001d4                __vector_11
                0x000001d4                __vector_13
                0x000001d4                __vector_17
                0x000001d4                __vector_7
                0x000001d4                __vector_5
                0x000001d4                __vector_4
                0x000001d4                __vector_2
                0x000001d4                __vector_15
                0x000001d4                __vector_8
                0x000001d4                __vector_10
                0x000001d4                __vector_18
                0x000001d6                . = ALIGN (0x2)
 *(.text.*)
 .text.conv_ADC_to_Celsius
                0x000001d6       0x42 src/adc.o
                0x000001d6                conv_ADC_to_Celsius
 .text.conv_Celsius_to_ADC
                0x00000218       0x40 src/adc.o
                0x00000218                conv_Celsius_to_ADC
 .text.calculateCoeffs
                0x00000258       0x9a src/adc.o
                0x00000258                calculateCoeffs
 .text.update_normalized_adc
                0x000002f2       0x78 src/adc.o
                0x000002f2                update_normalized_adc
 .text.update_Celsius
                0x0000036a       0x14 src/adc.o
                0x0000036a                update_Celsius
 .text.__vector_14
                0x0000037e       0x60 src/adc.o
                0x0000037e                __vector_14
 .text.process_buttons
                0x000003de       0x92 src/buttons.o
                0x000003de                process_buttons
 .text.getDataCRC
                0x00000470       0x1e src/control.o
 .text.processRollControl
                0x0000048e      0x126 src/control.o
                0x0000048e                processRollControl
 .text.processHeaterControl
                0x000005b4      0x110 src/control.o
                0x000005b4                processHeaterControl
 .text.processHeaterEvents
                0x000006c4       0x24 src/control.o
                0x000006c4                processHeaterEvents
 .text.processHeaterAlerts
                0x000006e8       0xa8 src/control.o
                0x000006e8                processHeaterAlerts
 .text.saveCalibrationToEEPROM
                0x00000790       0x1e src/control.o
                0x00000790                saveCalibrationToEEPROM
 .text.saveGlobalParamsToEEPROM
                0x000007ae       0x1e src/control.o
                0x000007ae                saveGlobalParamsToEEPROM
 .text.restoreGlobalParams
                0x000007cc       0x78 src/control.o
                0x000007cc                restoreGlobalParams
 .text.exitPowerOff
                0x00000844       0x12 src/control.o
                0x00000844                exitPowerOff
 .text.fir_i16_i8
                0x00000856       0x94 src/fir_filter.o
                0x00000856                fir_i16_i8
 .text.decode_led_char
                0x000008ea       0x2c src/led_indic.o
 .text.wrap_led_buffer_index
                0x00000916       0x20 src/led_indic.o
 .text.processLedIndicator
                0x00000936       0xbe src/led_indic.o
                0x00000936                processLedIndicator
 .text.fillLedBuffer
                0x000009f4       0x48 src/led_indic.o
                0x000009f4                fillLedBuffer
 .text.startShiftingWindowLeft
                0x00000a3c       0x1c src/led_indic.o
                0x00000a3c                startShiftingWindowLeft
 .text.startShiftingWindowRight
                0x00000a58       0x1c src/led_indic.o
                0x00000a58                startShiftingWindowRight
 .text.initLedIndicator
                0x00000a74       0x46 src/led_indic.o
                0x00000a74                initLedIndicator
 .text.printLedBuffer
                0x00000aba       0x38 src/led_indic.o
                0x00000aba                printLedBuffer
 .text.setComma
                0x00000af2       0x18 src/led_indic.o
                0x00000af2                setComma
 .text.setExtraLeds
                0x00000b0a        0xc src/led_indic.o
                0x00000b0a                setExtraLeds
 .text.clearExtraLeds
                0x00000b16        0xe src/led_indic.o
                0x00000b16                clearExtraLeds
 .text.led_clock_pulse
                0x00000b24       0x20 src/led_indic_hw.o
                0x00000b24                led_clock_pulse
 .text.set_led_segments
                0x00000b44       0x1c src/led_indic_hw.o
                0x00000b44                set_led_segments
 .text.enable_led_segments_pullups
                0x00000b60        0xe src/led_indic_hw.o
                0x00000b60                enable_led_segments_pullups
 .text.enable_led_segments
                0x00000b6e        0xe src/led_indic_hw.o
                0x00000b6e                enable_led_segments
 .text.disable_led_segments
                0x00000b7c        0xe src/led_indic_hw.o
                0x00000b7c                disable_led_segments
 .text.capture_button_state
                0x00000b8a       0x16 src/led_indic_hw.o
                0x00000b8a                capture_button_state
 .text.processItemFunction
                0x00000ba0        0xa src/menu.o
 .text.mf_setTempLeave
                0x00000baa       0x1c src/menu.o
 .text.mf_leafSelectAct
                0x00000bc6       0x1c src/menu.o
 .text.mf_sndenLeave
                0x00000be2       0x1c src/menu.o
 .text.mf_autopoffLeave
                0x00000bfe       0x1c src/menu.o
 .text.mf_actpoffLeave
                0x00000c1a        0x6 src/menu.o
 .text.mf_calibDoExit
                0x00000c20       0x16 src/menu.o
 .text.mf_actpoffDo
                0x00000c36        0x8 src/menu.o
 .text.mf_cdoneDo
                0x00000c3e        0x8 src/menu.o
 .text.mf_actpoffSelect
                0x00000c46        0xc src/menu.o
 .text.mf_leafSelect
                0x00000c52       0x10 src/menu.o
 .text.mf_calibP2Select
                0x00000c62       0x18 src/menu.o
 .text.mf_calibP1Select
                0x00000c7a       0x18 src/menu.o
 .text.mf_autopoffSelect
                0x00000c92        0xc src/menu.o
 .text.mf_sndenSelect
                0x00000c9e        0xc src/menu.o
 .text.mf_rollLeave
                0x00000caa        0xe src/menu.o
 .text.mf_setTempSelect
                0x00000cb8       0x10 src/menu.o
 .text.mf_realTempLeave
                0x00000cc8        0x4 src/menu.o
 .text.mf_cdoneSelect
                0x00000ccc       0x32 src/menu.o
 .text.mf_autopoffDo
                0x00000cfe       0x76 src/menu.o
 .text.mf_calibDo
                0x00000d74       0x6c src/menu.o
 .text.mf_sndenDo
                0x00000de0       0x66 src/menu.o
 .text.mf_rollDo
                0x00000e46       0xa8 src/menu.o
 .text.mf_rollSelect
                0x00000eee        0x6 src/menu.o
 .text.mf_setTempDo
                0x00000ef4       0x72 src/menu.o
 .text.mf_realTempSelect
                0x00000f66        0x4 src/menu.o
 .text.mf_realTempDo
                0x00000f6a       0x46 src/menu.o
 .text.getMenuFunctionRecord.constprop.1
                0x00000fb0       0x42 src/menu.o
 .text.InitMenu
                0x00000ff2       0x12 src/menu.o
                0x00000ff2                InitMenu
 .text.processMenu
                0x00001004      0x114 src/menu.o
                0x00001004                processMenu
 .text.i32toa_align_right
                0x00001118       0x9a src/my_string.o
                0x00001118                i32toa_align_right
 .text.u16toa_align_right
                0x000011b2        0xe src/my_string.o
                0x000011b2                u16toa_align_right
 .text.logI32p  0x000011c0        0xe src/pid1.o
 .text.logU16p  0x000011ce        0xe src/pid1.o
 .text.startup.main
                0x000011dc      0x222 src/pid1.o
                0x000011dc                main
 .text.setPIDIntegratorLimit
                0x000013fe       0x32 src/pid_controller.o
                0x000013fe                setPIDIntegratorLimit
 .text.processPID
                0x00001430      0x214 src/pid_controller.o
                0x00001430                processPID
 .text.setHeaterPower
                0x00001644       0x1a src/power_control.o
                0x00001644                setHeaterPower
 .text.setMotorDirection
                0x0000165e       0x42 src/power_control.o
                0x0000165e                setMotorDirection
 .text.stopCycleRolling
                0x000016a0       0x38 src/power_control.o
                0x000016a0                stopCycleRolling
 .text.isTopPointValid
                0x000016d8       0x20 src/power_control.o
                0x000016d8                isTopPointValid
 .text.isBottomPointValid
                0x000016f8       0x20 src/power_control.o
                0x000016f8                isBottomPointValid
 .text.startCycleRolling
                0x00001718       0x30 src/power_control.o
                0x00001718                startCycleRolling
 .text.__vector_16
                0x00001748       0x7c src/power_control.o
                0x00001748                __vector_16
 .text.__vector_9
                0x000017c4      0x192 src/power_control.o
                0x000017c4                __vector_9
 .text.processSoftTimer8b
                0x00001956       0x58 src/soft_timer.o
                0x00001956                processSoftTimer8b
 .text.processSystemTimers
                0x000019ae       0xce src/systimer.o
                0x000019ae                processSystemTimers
 .text.resetAutoPowerOffCounter
                0x00001a7c        0x6 src/systimer.o
                0x00001a7c                resetAutoPowerOffCounter
 .text.__vector_3
                0x00001a82      0x110 src/systimer.o
                0x00001a82                __vector_3
 .text.Sound_Play
                0x00001b92       0x24 src/systimer.o
                0x00001b92                Sound_Play
 .text.Sound_OverrideDisable
                0x00001bb6        0x8 src/systimer.o
                0x00001bb6                Sound_OverrideDisable
 .text.USART_send
                0x00001bbe        0xa src/usart.o
                0x00001bbe                USART_send
 .text.USART_sendstr
                0x00001bc8       0x24 src/usart.o
                0x00001bc8                USART_sendstr
 .text.libgcc.mul
                0x00001bec       0x1e c:/program files (x86)/atmel/atmel toolchain/avr8 gcc/native/3.4.2.876/avr8-gnu-toolchain/bin/../lib/gcc/avr/4.7.2/avr4\libgcc.a(_mulsi3.o)
                0x00001bec                __mulsi3
 .text.libgcc.div
                0x00001c0a       0x18 c:/program files (x86)/atmel/atmel toolchain/avr8 gcc/native/3.4.2.876/avr8-gnu-toolchain/bin/../lib/gcc/avr/4.7.2/avr4\libgcc.a(_udivmodqi4.o)
                0x00001c0a                __udivmodqi4
 .text.libgcc.div
                0x00001c22       0x36 c:/program files (x86)/atmel/atmel toolchain/avr8 gcc/native/3.4.2.876/avr8-gnu-toolchain/bin/../lib/gcc/avr/4.7.2/avr4\libgcc.a(_divmodsi4.o)
                0x00001c22                __divmodsi4
 .text.libgcc.mul
                0x00001c58        0xc c:/program files (x86)/atmel/atmel toolchain/avr8 gcc/native/3.4.2.876/avr8-gnu-toolchain/bin/../lib/gcc/avr/4.7.2/avr4\libgcc.a(_mulhisi3.o)
                0x00001c58                __mulhisi3
 .text.libgcc.mul
                0x00001c64       0x18 c:/program files (x86)/atmel/atmel toolchain/avr8 gcc/native/3.4.2.876/avr8-gnu-toolchain/bin/../lib/gcc/avr/4.7.2/avr4\libgcc.a(_umulhisi3.o)
                0x00001c64                __umulhisi3
 .text.libgcc.mul
                0x00001c7c        0xc c:/program files (x86)/atmel/atmel toolchain/avr8 gcc/native/3.4.2.876/avr8-gnu-toolchain/bin/../lib/gcc/avr/4.7.2/avr4\libgcc.a(_usmulhisi3.o)
                0x00001c7c                __usmulhisi3
                0x00001c7e                __usmulhisi3_tail
 .text.libgcc.mul
                0x00001c88       0x14 c:/program files (x86)/atmel/atmel toolchain/avr8 gcc/native/3.4.2.876/avr8-gnu-toolchain/bin/../lib/gcc/avr/4.7.2/avr4\libgcc.a(_muluhisi3.o)
                0x00001c88                __muluhisi3
 .text.libgcc.div
                0x00001c9c       0x44 c:/program files (x86)/atmel/atmel toolchain/avr8 gcc/native/3.4.2.876/avr8-gnu-toolchain/bin/../lib/gcc/avr/4.7.2/avr4\libgcc.a(_udivmodsi4.o)
                0x00001c9c                __udivmodsi4
 .text.avr-libc
                0x00001ce0       0x12 c:/program files (x86)/atmel/atmel toolchain/avr8 gcc/native/3.4.2.876/avr8-gnu-toolchain/bin/../lib/gcc/avr/4.7.2/../../../../avr/lib/avr4\libc.a(memcpy_P.o)
                0x00001ce0                memcpy_P
 .text.avr-libc
                0x00001cf2       0x20 c:/program files (x86)/atmel/atmel toolchain/avr8 gcc/native/3.4.2.876/avr8-gnu-toolchain/bin/../lib/gcc/avr/4.7.2/../../../../avr/lib/avr4\libc.a(eerd_block_atmega8.o)
                0x00001cf2                __eerd_block_m8
                0x00001cf6                __eerd_blraw_m8
 .text.avr-libc
                0x00001d12       0x10 c:/program files (x86)/atmel/atmel toolchain/avr8 gcc/native/3.4.2.876/avr8-gnu-toolchain/bin/../lib/gcc/avr/4.7.2/../../../../avr/lib/avr4\libc.a(eerd_byte_atmega8.o)
                0x00001d12                __eerd_byte_m8
 .text.avr-libc
                0x00001d22       0x1e c:/program files (x86)/atmel/atmel toolchain/avr8 gcc/native/3.4.2.876/avr8-gnu-toolchain/bin/../lib/gcc/avr/4.7.2/../../../../avr/lib/avr4\libc.a(eeupd_block_atmega8.o)
                0x00001d22                __eeupd_block_m8
 .text.avr-libc
                0x00001d40       0x22 c:/program files (x86)/atmel/atmel toolchain/avr8 gcc/native/3.4.2.876/avr8-gnu-toolchain/bin/../lib/gcc/avr/4.7.2/../../../../avr/lib/avr4\libc.a(eeupd_byte_atmega8.o)
                0x00001d40                __eeupd_byte_m8
                0x00001d42                __eeupd_r18_m8
                0x00001d62                . = ALIGN (0x2)
 *(.fini9)
 .fini9         0x00001d62        0x0 c:/program files (x86)/atmel/atmel toolchain/avr8 gcc/native/3.4.2.876/avr8-gnu-toolchain/bin/../lib/gcc/avr/4.7.2/avr4\libgcc.a(_exit.o)
                0x00001d62                _exit
                0x00001d62                exit
 *(.fini9)
 *(.fini8)
 *(.fini8)
 *(.fini7)
 *(.fini7)
 *(.fini6)
 *(.fini6)
 *(.fini5)
 *(.fini5)
 *(.fini4)
 *(.fini4)
 *(.fini3)
 *(.fini3)
 *(.fini2)
 *(.fini2)
 *(.fini1)
 *(.fini1)
 *(.fini0)
 .fini0         0x00001d62        0x4 c:/program files (x86)/atmel/atmel toolchain/avr8 gcc/native/3.4.2.876/avr8-gnu-toolchain/bin/../lib/gcc/avr/4.7.2/avr4\libgcc.a(_exit.o)
 *(.fini0)
                0x00001d66                _etext = .

.data           0x00800060       0x70 load address 0x00001d66
                0x00800060                PROVIDE (__data_start, .)
 *(.data)
 .data          0x00800060        0x0 c:/program files (x86)/atmel/atmel toolchain/avr8 gcc/native/3.4.2.876/avr8-gnu-toolchain/bin/../lib/gcc/avr/4.7.2/../../../../avr/lib/avr4/crtm8.o
 .data          0x00800060       0x18 src/adc.o
                0x00800060                fir_filter_rect
 .data          0x00800078        0x1 src/buttons.o
 .data          0x00800079        0x4 src/control.o
 .data          0x0080007d        0x0 src/fir_filter.o
 .data          0x0080007d        0x0 src/led_indic.o
 .data          0x0080007d        0x0 src/led_indic_hw.o
 .data          0x0080007d        0x4 src/menu.o
 .data          0x00800081        0x0 src/my_string.o
 .data          0x00800081        0x0 src/pid1.o
 .data          0x00800081        0x0 src/pid_controller.o
 .data          0x00800081        0x2 src/power_control.o
                0x00800081                p_state
 .data          0x00800083        0x0 src/soft_timer.o
 .data          0x00800083        0xb src/systimer.o
                0x00800083                sys_timers
                0x0080008a                menuUpdateTimer
 .data          0x0080008e        0x0 src/usart.o
 .data          0x0080008e        0x0 c:/program files (x86)/atmel/atmel toolchain/avr8 gcc/native/3.4.2.876/avr8-gnu-toolchain/bin/../lib/gcc/avr/4.7.2/avr4\libgcc.a(_mulsi3.o)
 .data          0x0080008e        0x0 c:/program files (x86)/atmel/atmel toolchain/avr8 gcc/native/3.4.2.876/avr8-gnu-toolchain/bin/../lib/gcc/avr/4.7.2/avr4\libgcc.a(_udivmodqi4.o)
 .data          0x0080008e        0x0 c:/program files (x86)/atmel/atmel toolchain/avr8 gcc/native/3.4.2.876/avr8-gnu-toolchain/bin/../lib/gcc/avr/4.7.2/avr4\libgcc.a(_divmodsi4.o)
 .data          0x0080008e        0x0 c:/program files (x86)/atmel/atmel toolchain/avr8 gcc/native/3.4.2.876/avr8-gnu-toolchain/bin/../lib/gcc/avr/4.7.2/avr4\libgcc.a(_exit.o)
 .data          0x0080008e        0x0 c:/program files (x86)/atmel/atmel toolchain/avr8 gcc/native/3.4.2.876/avr8-gnu-toolchain/bin/../lib/gcc/avr/4.7.2/avr4\libgcc.a(_copy_data.o)
 .data          0x0080008e        0x0 c:/program files (x86)/atmel/atmel toolchain/avr8 gcc/native/3.4.2.876/avr8-gnu-toolchain/bin/../lib/gcc/avr/4.7.2/avr4\libgcc.a(_clear_bss.o)
 .data          0x0080008e        0x0 c:/program files (x86)/atmel/atmel toolchain/avr8 gcc/native/3.4.2.876/avr8-gnu-toolchain/bin/../lib/gcc/avr/4.7.2/avr4\libgcc.a(_mulhisi3.o)
 .data          0x0080008e        0x0 c:/program files (x86)/atmel/atmel toolchain/avr8 gcc/native/3.4.2.876/avr8-gnu-toolchain/bin/../lib/gcc/avr/4.7.2/avr4\libgcc.a(_umulhisi3.o)
 .data          0x0080008e        0x0 c:/program files (x86)/atmel/atmel toolchain/avr8 gcc/native/3.4.2.876/avr8-gnu-toolchain/bin/../lib/gcc/avr/4.7.2/avr4\libgcc.a(_usmulhisi3.o)
 .data          0x0080008e        0x0 c:/program files (x86)/atmel/atmel toolchain/avr8 gcc/native/3.4.2.876/avr8-gnu-toolchain/bin/../lib/gcc/avr/4.7.2/avr4\libgcc.a(_muluhisi3.o)
 .data          0x0080008e        0x0 c:/program files (x86)/atmel/atmel toolchain/avr8 gcc/native/3.4.2.876/avr8-gnu-toolchain/bin/../lib/gcc/avr/4.7.2/avr4\libgcc.a(_udivmodsi4.o)
 .data          0x0080008e        0x0 c:/program files (x86)/atmel/atmel toolchain/avr8 gcc/native/3.4.2.876/avr8-gnu-toolchain/bin/../lib/gcc/avr/4.7.2/../../../../avr/lib/avr4\libc.a(memcpy_P.o)
 .data          0x0080008e        0x0 c:/program files (x86)/atmel/atmel toolchain/avr8 gcc/native/3.4.2.876/avr8-gnu-toolchain/bin/../lib/gcc/avr/4.7.2/../../../../avr/lib/avr4\libc.a(eerd_block_atmega8.o)
 .data          0x0080008e        0x0 c:/program files (x86)/atmel/atmel toolchain/avr8 gcc/native/3.4.2.876/avr8-gnu-toolchain/bin/../lib/gcc/avr/4.7.2/../../../../avr/lib/avr4\libc.a(eerd_byte_atmega8.o)
 .data          0x0080008e        0x0 c:/program files (x86)/atmel/atmel toolchain/avr8 gcc/native/3.4.2.876/avr8-gnu-toolchain/bin/../lib/gcc/avr/4.7.2/../../../../avr/lib/avr4\libc.a(eeupd_block_atmega8.o)
 .data          0x0080008e        0x0 c:/program files (x86)/atmel/atmel toolchain/avr8 gcc/native/3.4.2.876/avr8-gnu-toolchain/bin/../lib/gcc/avr/4.7.2/../../../../avr/lib/avr4\libc.a(eeupd_byte_atmega8.o)
 *(.data*)
 *(.rodata)
 *(.rodata*)
 .rodata.str1.1
                0x0080008e       0x31 src/menu.o
 .rodata.str1.1
                0x008000bf       0x10 src/pid1.o
                                 0x15 (size before relaxing)
 *(.gnu.linkonce.d*)
                0x008000d0                . = ALIGN (0x2)
 *fill*         0x008000cf        0x1 
                0x008000d0                _edata = .
                0x008000d0                PROVIDE (__data_end, .)

.bss            0x008000d0      0x102
                0x008000d0                PROVIDE (__bss_start, .)
 *(.bss)
 .bss           0x008000d0        0x8 src/adc.o
 .bss           0x008000d8        0x8 src/buttons.o
                0x008000d8                button_action_long
                0x008000d9                button_action_up_short
                0x008000da                button_action_rep
                0x008000db                button_action_down
                0x008000dc                button_state
 .bss           0x008000e0        0x3 src/control.o
                0x008000e0                autoPowerOffState
                0x008000e1                heaterState
 .bss           0x008000e3        0x6 src/led_indic.o
 .bss           0x008000e9        0xf src/menu.o
 .bss           0x008000f8        0xa src/pid_controller.o
 .bss           0x00800102        0xd src/power_control.o
                0x00800102                activeRollCycle
                0x00800103                rollState
 .bss           0x0080010f        0xa src/systimer.o
 *(.bss*)
 *(COMMON)
 COMMON         0x00800119       0x71 src/adc.o
                0x00800119                adc_filtered
                0x0080011b                adc_oversampled
                0x0080011d                raw_adc_buffer
                0x0080015d                adc_normalized
                0x0080015f                adc_status
                0x00800160                adc_celsius
                0x00800162                filter_buffer
 COMMON         0x0080018a        0xf src/control.o
                0x0080018a                dbg_SetPointCelsius
                0x0080018b                cp
                0x00800191                p
                0x00800195                dbg_RealTempPID
                0x00800197                dbg_SetPointPID
 COMMON         0x00800199       0x13 src/led_indic.o
                0x00800199                extra_led_state
                0x0080019a                wStartPos
                0x0080019b                shifterState
                0x0080019c                bufStartPos
                0x0080019d                led_data_buffer
                0x008001ab                raw_button_state
 COMMON         0x008001ac        0xa src/menu.o
                0x008001ac                temp_str
 COMMON         0x008001b6       0x14 src/pid1.o
                0x008001b6                str
 COMMON         0x008001ca        0x8 src/pid_controller.o
                0x008001ca                dbg_PID_output
                0x008001cc                dbg_PID_p_term
                0x008001ce                dbg_PID_i_term
                0x008001d0                dbg_PID_d_term
                0x008001d2                PROVIDE (__bss_end, .)
                0x00001d66                __data_load_start = LOADADDR (.data)
                0x00001dd6                __data_load_end = (__data_load_start + SIZEOF (.data))

.noinit         0x008001d2        0x0
                0x008001d2                PROVIDE (__noinit_start, .)
 *(.noinit*)
                0x008001d2                PROVIDE (__noinit_end, .)
                0x008001d2                _end = .
                0x008001d2                PROVIDE (__heap_start, .)

.eeprom         0x00810000       0x70
 *(.eeprom*)
 .eeprom        0x00810000        0xc src/control.o
                0x00810000                ee_cParamsCRC
                0x00810001                ee_gParamsCRC
                0x00810002                eeCalibrationParams
                0x00810008                eeGlobalParams
 .eeprom        0x0081000c       0x64 src/systimer.o
                0x0081000c                m_siren4
                0x00810014                m_siren3
                0x0081001a                m_siren2
                0x00810034                m_siren1
                0x00810040                m_beep_warn_poff
                0x00810054                m_beep_err1
                0x0081005c                m_beep_500Hz_40ms
                0x00810060                m_beep_800Hz_40ms
                0x00810064                m_beep_1000Hz_40ms
                0x00810068                m_beep_1000Hz_100ms
                0x0081006c                m_beep_1000Hz_1000ms
                0x00810070                __eeprom_end = .

.fuse
 *(.fuse)
 *(.lfuse)
 *(.hfuse)
 *(.efuse)

.lock
 *(.lock*)

.signature
 *(.signature*)

.user_signatures
 *(.user_signatures*)

.stab           0x00000000      0xad4
 *(.stab)
 .stab          0x00000000      0x6cc c:/program files (x86)/atmel/atmel toolchain/avr8 gcc/native/3.4.2.876/avr8-gnu-toolchain/bin/../lib/gcc/avr/4.7.2/../../../../avr/lib/avr4/crtm8.o
 .stab          0x000006cc       0x84 c:/program files (x86)/atmel/atmel toolchain/avr8 gcc/native/3.4.2.876/avr8-gnu-toolchain/bin/../lib/gcc/avr/4.7.2/../../../../avr/lib/avr4\libc.a(memcpy_P.o)
                                 0x90 (size before relaxing)
 .stab          0x00000750      0x108 c:/program files (x86)/atmel/atmel toolchain/avr8 gcc/native/3.4.2.876/avr8-gnu-toolchain/bin/../lib/gcc/avr/4.7.2/../../../../avr/lib/avr4\libc.a(eerd_block_atmega8.o)
                                0x114 (size before relaxing)
 .stab          0x00000858       0x90 c:/program files (x86)/atmel/atmel toolchain/avr8 gcc/native/3.4.2.876/avr8-gnu-toolchain/bin/../lib/gcc/avr/4.7.2/../../../../avr/lib/avr4\libc.a(eerd_byte_atmega8.o)
                                 0x9c (size before relaxing)
 .stab          0x000008e8       0xe4 c:/program files (x86)/atmel/atmel toolchain/avr8 gcc/native/3.4.2.876/avr8-gnu-toolchain/bin/../lib/gcc/avr/4.7.2/../../../../avr/lib/avr4\libc.a(eeupd_block_atmega8.o)
                                 0xf0 (size before relaxing)
 .stab          0x000009cc      0x108 c:/program files (x86)/atmel/atmel toolchain/avr8 gcc/native/3.4.2.876/avr8-gnu-toolchain/bin/../lib/gcc/avr/4.7.2/../../../../avr/lib/avr4\libc.a(eeupd_byte_atmega8.o)
                                0x114 (size before relaxing)

.stabstr        0x00000000      0x269
 *(.stabstr)
 .stabstr       0x00000000      0x269 c:/program files (x86)/atmel/atmel toolchain/avr8 gcc/native/3.4.2.876/avr8-gnu-toolchain/bin/../lib/gcc/avr/4.7.2/../../../../avr/lib/avr4/crtm8.o

.stab.excl
 *(.stab.excl)

.stab.exclstr
 *(.stab.exclstr)

.stab.index
 *(.stab.index)

.stab.indexstr
 *(.stab.indexstr)

.comment        0x00000000       0x2f
 *(.comment)
 .comment       0x00000000       0x2f src/adc.o
                                 0x30 (size before relaxing)
 .comment       0x00000000       0x30 src/buttons.o
 .comment       0x00000000       0x30 src/control.o
 .comment       0x00000000       0x30 src/fir_filter.o
 .comment       0x00000000       0x30 src/led_indic.o
 .comment       0x00000000       0x30 src/led_indic_hw.o
 .comment       0x00000000       0x30 src/menu.o
 .comment       0x00000000       0x30 src/my_string.o
 .comment       0x00000000       0x30 src/pid1.o
 .comment       0x00000000       0x30 src/pid_controller.o
 .comment       0x00000000       0x30 src/power_control.o
 .comment       0x00000000       0x30 src/soft_timer.o
 .comment       0x00000000       0x30 src/systimer.o
 .comment       0x00000000       0x30 src/usart.o

.debug
 *(.debug)

.line
 *(.line)

.debug_srcinfo
 *(.debug_srcinfo)

.debug_sfnames
 *(.debug_sfnames)

.debug_aranges  0x00000000      0x438
 *(.debug_aranges)
 .debug_aranges
                0x00000000       0x48 src/adc.o
 .debug_aranges
                0x00000048       0x20 src/buttons.o
 .debug_aranges
                0x00000068       0x60 src/control.o
 .debug_aranges
                0x000000c8       0x20 src/fir_filter.o
 .debug_aranges
                0x000000e8       0x98 src/led_indic.o
 .debug_aranges
                0x00000180       0x48 src/led_indic_hw.o
 .debug_aranges
                0x000001c8      0x108 src/menu.o
 .debug_aranges
                0x000002d0       0x28 src/my_string.o
 .debug_aranges
                0x000002f8       0x30 src/pid1.o
 .debug_aranges
                0x00000328       0x28 src/pid_controller.o
 .debug_aranges
                0x00000350       0x58 src/power_control.o
 .debug_aranges
                0x000003a8       0x20 src/soft_timer.o
 .debug_aranges
                0x000003c8       0x48 src/systimer.o
 .debug_aranges
                0x00000410       0x28 src/usart.o

.debug_pubnames
 *(.debug_pubnames)

.debug_info     0x00000000     0x46b0
 *(.debug_info)
 .debug_info    0x00000000      0x371 src/adc.o
 .debug_info    0x00000371      0x17f src/buttons.o
 .debug_info    0x000004f0      0xb7b src/control.o
 .debug_info    0x0000106b      0x15f src/fir_filter.o
 .debug_info    0x000011ca      0x971 src/led_indic.o
 .debug_info    0x00001b3b      0x21c src/led_indic_hw.o
 .debug_info    0x00001d57     0x1180 src/menu.o
 .debug_info    0x00002ed7      0x149 src/my_string.o
 .debug_info    0x00003020      0x94e src/pid1.o
 .debug_info    0x0000396e      0x1ef src/pid_controller.o
 .debug_info    0x00003b5d      0x341 src/power_control.o
 .debug_info    0x00003e9e      0x161 src/soft_timer.o
 .debug_info    0x00003fff      0x5cf src/systimer.o
 .debug_info    0x000045ce       0xe2 src/usart.o
 *(.gnu.linkonce.wi.*)

.debug_abbrev   0x00000000     0x1608
 *(.debug_abbrev)
 .debug_abbrev  0x00000000      0x18a src/adc.o
 .debug_abbrev  0x0000018a       0x98 src/buttons.o
 .debug_abbrev  0x00000222      0x2ef src/control.o
 .debug_abbrev  0x00000511       0xc6 src/fir_filter.o
 .debug_abbrev  0x000005d7      0x2d8 src/led_indic.o
 .debug_abbrev  0x000008af      0x154 src/led_indic_hw.o
 .debug_abbrev  0x00000a03      0x33b src/menu.o
 .debug_abbrev  0x00000d3e       0xbb src/my_string.o
 .debug_abbrev  0x00000df9      0x263 src/pid1.o
 .debug_abbrev  0x0000105c       0xad src/pid_controller.o
 .debug_abbrev  0x00001109      0x195 src/power_control.o
 .debug_abbrev  0x0000129e       0xba src/soft_timer.o
 .debug_abbrev  0x00001358      0x202 src/systimer.o
 .debug_abbrev  0x0000155a       0xae src/usart.o

.debug_line     0x00000000     0x1dd4
 *(.debug_line)
 .debug_line    0x00000000      0x16e src/adc.o
 .debug_line    0x0000016e      0x116 src/buttons.o
 .debug_line    0x00000284      0x47d src/control.o
 .debug_line    0x00000701      0x102 src/fir_filter.o
 .debug_line    0x00000803      0x329 src/led_indic.o
 .debug_line    0x00000b2c      0x206 src/led_indic_hw.o
 .debug_line    0x00000d32      0x52e src/menu.o
 .debug_line    0x00001260      0x120 src/my_string.o
 .debug_line    0x00001380      0x2a3 src/pid1.o
 .debug_line    0x00001623      0x11d src/pid_controller.o
 .debug_line    0x00001740      0x1d2 src/power_control.o
 .debug_line    0x00001912       0xfe src/soft_timer.o
 .debug_line    0x00001a10      0x2d2 src/systimer.o
 .debug_line    0x00001ce2       0xf2 src/usart.o

.debug_frame    0x00000000      0x98c
 *(.debug_frame)
 .debug_frame   0x00000000       0xf0 src/adc.o
 .debug_frame   0x000000f0       0x24 src/buttons.o
 .debug_frame   0x00000114       0xd8 src/control.o
 .debug_frame   0x000001ec       0x4c src/fir_filter.o
 .debug_frame   0x00000238      0x150 src/led_indic.o
 .debug_frame   0x00000388       0x74 src/led_indic_hw.o
 .debug_frame   0x000003fc      0x240 src/menu.o
 .debug_frame   0x0000063c       0x5c src/my_string.o
 .debug_frame   0x00000698       0x54 src/pid1.o
 .debug_frame   0x000006ec       0x78 src/pid_controller.o
 .debug_frame   0x00000764      0x104 src/power_control.o
 .debug_frame   0x00000868       0x24 src/soft_timer.o
 .debug_frame   0x0000088c       0xbc src/systimer.o
 .debug_frame   0x00000948       0x44 src/usart.o

.debug_str      0x00000000     0x12ba
 *(.debug_str)
 .debug_str     0x00000000      0x221 src/adc.o
                                0x26c (size before relaxing)
 .debug_str     0x00000221       0xfa src/buttons.o
                                0x1ba (size before relaxing)
 .debug_str     0x0000031b      0x487 src/control.o
                                0x610 (size before relaxing)
 .debug_str     0x000007a2       0x25 src/fir_filter.o
                                0x134 (size before relaxing)
 .debug_str     0x000007c7      0x382 src/led_indic.o
                                0x4ab (size before relaxing)
 .debug_str     0x00000b49       0x22 src/led_indic_hw.o
                                0x1ab (size before relaxing)
 .debug_str     0x00000b6b      0x416 src/menu.o
                                0x758 (size before relaxing)
 .debug_str     0x00000f81       0x1f src/my_string.o
                                0x10c (size before relaxing)
 .debug_str     0x00000fa0       0xf0 src/pid1.o
                                0x4f7 (size before relaxing)
 .debug_str     0x00001090       0x69 src/pid_controller.o
                                0x1c2 (size before relaxing)
 .debug_str     0x000010f9       0xce src/power_control.o
                                0x271 (size before relaxing)
 .debug_str     0x000011c7       0x20 src/soft_timer.o
                                0x125 (size before relaxing)
 .debug_str     0x000011e7       0xb9 src/systimer.o
                                0x3c1 (size before relaxing)
 .debug_str     0x000012a0       0x1a src/usart.o
                                 0xdc (size before relaxing)

.debug_loc      0x00000000     0x1be3
 *(.debug_loc)
 .debug_loc     0x00000000      0x268 src/adc.o
 .debug_loc     0x00000268       0x69 src/buttons.o
 .debug_loc     0x000002d1      0x335 src/control.o
 .debug_loc     0x00000606      0x15a src/fir_filter.o
 .debug_loc     0x00000760      0x5fd src/led_indic.o
 .debug_loc     0x00000d5d       0xf6 src/led_indic_hw.o
 .debug_loc     0x00000e53      0x30f src/menu.o
 .debug_loc     0x00001162      0x219 src/my_string.o
 .debug_loc     0x0000137b      0x12a src/pid1.o
 .debug_loc     0x000014a5      0x2ff src/pid_controller.o
 .debug_loc     0x000017a4      0x1f5 src/power_control.o
 .debug_loc     0x00001999       0x47 src/soft_timer.o
 .debug_loc     0x000019e0      0x172 src/systimer.o
 .debug_loc     0x00001b52       0x91 src/usart.o

.debug_macinfo
 *(.debug_macinfo)

.debug_pubtypes
 *(.debug_pubtypes)

.debug_ranges   0x00000000      0x358
 *(.debug_ranges)
 .debug_ranges  0x00000000       0x38 src/adc.o
 .debug_ranges  0x00000038       0x10 src/buttons.o
 .debug_ranges  0x00000048       0x50 src/control.o
 .debug_ranges  0x00000098       0x10 src/fir_filter.o
 .debug_ranges  0x000000a8       0x88 src/led_indic.o
 .debug_ranges  0x00000130       0x38 src/led_indic_hw.o
 .debug_ranges  0x00000168       0xf8 src/menu.o
 .debug_ranges  0x00000260       0x18 src/my_string.o
 .debug_ranges  0x00000278       0x20 src/pid1.o
 .debug_ranges  0x00000298       0x18 src/pid_controller.o
 .debug_ranges  0x000002b0       0x48 src/power_control.o
 .debug_ranges  0x000002f8       0x10 src/soft_timer.o
 .debug_ranges  0x00000308       0x38 src/systimer.o
 .debug_ranges  0x00000340       0x18 src/usart.o

.debug_macro
 *(.debug_macro)
OUTPUT(pid1.elf elf32-avr)
LOAD linker stubs
