Archive member included because of file (symbol)

c:/program files (x86)/atmel/atmel toolchain/avr8 gcc/native/3.4.2.876/avr8-gnu-toolchain/bin/../lib/gcc/avr/4.7.2/avr4\libgcc.a(_divmodhi4.o)
                              src/control.o (__divmodhi4)
c:/program files (x86)/atmel/atmel toolchain/avr8 gcc/native/3.4.2.876/avr8-gnu-toolchain/bin/../lib/gcc/avr/4.7.2/avr4\libgcc.a(_divmodsi4.o)
                              src/adc.o (__divmodsi4)
c:/program files (x86)/atmel/atmel toolchain/avr8 gcc/native/3.4.2.876/avr8-gnu-toolchain/bin/../lib/gcc/avr/4.7.2/avr4\libgcc.a(_exit.o)
                              c:/program files (x86)/atmel/atmel toolchain/avr8 gcc/native/3.4.2.876/avr8-gnu-toolchain/bin/../lib/gcc/avr/4.7.2/../../../../avr/lib/avr4/crtm8.o (exit)
c:/program files (x86)/atmel/atmel toolchain/avr8 gcc/native/3.4.2.876/avr8-gnu-toolchain/bin/../lib/gcc/avr/4.7.2/avr4\libgcc.a(_copy_data.o)
                              src/adc.o (__do_copy_data)
c:/program files (x86)/atmel/atmel toolchain/avr8 gcc/native/3.4.2.876/avr8-gnu-toolchain/bin/../lib/gcc/avr/4.7.2/avr4\libgcc.a(_clear_bss.o)
                              src/adc.o (__do_clear_bss)
c:/program files (x86)/atmel/atmel toolchain/avr8 gcc/native/3.4.2.876/avr8-gnu-toolchain/bin/../lib/gcc/avr/4.7.2/avr4\libgcc.a(_umulhisi3.o)
                              src/adc.o (__umulhisi3)
c:/program files (x86)/atmel/atmel toolchain/avr8 gcc/native/3.4.2.876/avr8-gnu-toolchain/bin/../lib/gcc/avr/4.7.2/avr4\libgcc.a(_usmulhisi3.o)
                              src/adc.o (__usmulhisi3)
c:/program files (x86)/atmel/atmel toolchain/avr8 gcc/native/3.4.2.876/avr8-gnu-toolchain/bin/../lib/gcc/avr/4.7.2/avr4\libgcc.a(_muluhisi3.o)
                              src/adc.o (__muluhisi3)
c:/program files (x86)/atmel/atmel toolchain/avr8 gcc/native/3.4.2.876/avr8-gnu-toolchain/bin/../lib/gcc/avr/4.7.2/avr4\libgcc.a(_udivmodhi4.o)
                              c:/program files (x86)/atmel/atmel toolchain/avr8 gcc/native/3.4.2.876/avr8-gnu-toolchain/bin/../lib/gcc/avr/4.7.2/avr4\libgcc.a(_divmodhi4.o) (__udivmodhi4)
c:/program files (x86)/atmel/atmel toolchain/avr8 gcc/native/3.4.2.876/avr8-gnu-toolchain/bin/../lib/gcc/avr/4.7.2/avr4\libgcc.a(_udivmodsi4.o)
                              c:/program files (x86)/atmel/atmel toolchain/avr8 gcc/native/3.4.2.876/avr8-gnu-toolchain/bin/../lib/gcc/avr/4.7.2/avr4\libgcc.a(_divmodsi4.o) (__udivmodsi4)
c:/program files (x86)/atmel/atmel toolchain/avr8 gcc/native/3.4.2.876/avr8-gnu-toolchain/bin/../lib/gcc/avr/4.7.2/../../../../avr/lib/avr4\libc.a(eerd_block_atmega8.o)
                              src/control.o (__eerd_block_m8)

Allocating common symbols
Common symbol       size              file

selectedMenuItemID  0x1               src/menu.o
extra_led_state     0x1               src/led_indic.o
menuTimer           0x4               src/menu.o
setTempDbg          0x1               src/control.o
cpoint1             0x1               src/control.o
activeRollCycle     0x1               src/power_control.o
cpoint1_copy        0x1               src/menu.o
cpoint2_copy        0x1               src/menu.o
wStartPos           0x1               src/led_indic.o
setup_temp_value    0x2               src/control.o
sound_enable        0x1               src/control.o
rollCycleSet        0x1               src/control.o
adc_filtered_value  0x2               src/adc.o
shifterState        0x1               src/led_indic.o
bufStartPos         0x1               src/led_indic.o
led_data_buffer     0xe               src/led_indic.o
userTimer           0x4               src/menu.o
cpoint1_adc         0x2               src/control.o
power_off_timeout   0x1               src/control.o
selectedMenuFunctionRecord
                    0x7               src/menu.o
adc_filtered_celsius
                    0x2               src/adc.o
cpoint2_adc         0x2               src/control.o
cpoint2             0x1               src/control.o
raw_button_state    0x1               src/led_indic.o

Discarded input sections

 .bss           0x00000000        0x0 c:/program files (x86)/atmel/atmel toolchain/avr8 gcc/native/3.4.2.876/avr8-gnu-toolchain/bin/../lib/gcc/avr/4.7.2/../../../../avr/lib/avr4/crtm8.o
 .text          0x00000000        0x0 src/adc.o
 .text          0x00000000        0x0 src/buttons.o
 .text          0x00000000        0x0 src/control.o
 .text          0x00000000        0x0 src/led_indic.o
 .text.setWindowStartPos
                0x00000000        0x8 src/led_indic.o
 .text.shiftWindowPosition
                0x00000000        0xe src/led_indic.o
 .text.setBufferStartPos
                0x00000000        0x8 src/led_indic.o
 .text.clearComma
                0x00000000       0x18 src/led_indic.o
 .text.toggleExtraLeds
                0x00000000        0xc src/led_indic.o
 .text          0x00000000        0x0 src/led_indic_hw.o
 .bss           0x00000000        0x0 src/led_indic_hw.o
 .text          0x00000000        0x0 src/menu.o
 .bss           0x00000000        0x0 src/menu.o
 .text          0x00000000        0x0 src/my_string.o
 .bss           0x00000000        0x0 src/my_string.o
 .text          0x00000000        0x0 src/pid1.o
 .bss           0x00000000        0x0 src/pid1.o
 .text          0x00000000        0x0 src/power_control.o
 .text          0x00000000        0x0 src/soft_timer.o
 .bss           0x00000000        0x0 src/soft_timer.o
 .text          0x00000000        0x0 src/systimer.o
 .text.SetBeeperPeriod
                0x00000000       0x2a src/systimer.o
 .text.StopBeep
                0x00000000       0x10 src/systimer.o
 .text          0x00000000        0x0 src/usart.o
 .bss           0x00000000        0x0 src/usart.o
 .text          0x00000000        0x0 c:/program files (x86)/atmel/atmel toolchain/avr8 gcc/native/3.4.2.876/avr8-gnu-toolchain/bin/../lib/gcc/avr/4.7.2/avr4\libgcc.a(_divmodhi4.o)
 .bss           0x00000000        0x0 c:/program files (x86)/atmel/atmel toolchain/avr8 gcc/native/3.4.2.876/avr8-gnu-toolchain/bin/../lib/gcc/avr/4.7.2/avr4\libgcc.a(_divmodhi4.o)
 .text.libgcc.mul
                0x00000000        0x0 c:/program files (x86)/atmel/atmel toolchain/avr8 gcc/native/3.4.2.876/avr8-gnu-toolchain/bin/../lib/gcc/avr/4.7.2/avr4\libgcc.a(_divmodhi4.o)
 .text.libgcc   0x00000000        0x0 c:/program files (x86)/atmel/atmel toolchain/avr8 gcc/native/3.4.2.876/avr8-gnu-toolchain/bin/../lib/gcc/avr/4.7.2/avr4\libgcc.a(_divmodhi4.o)
 .text.libgcc.prologue
                0x00000000        0x0 c:/program files (x86)/atmel/atmel toolchain/avr8 gcc/native/3.4.2.876/avr8-gnu-toolchain/bin/../lib/gcc/avr/4.7.2/avr4\libgcc.a(_divmodhi4.o)
 .text.libgcc.builtins
                0x00000000        0x0 c:/program files (x86)/atmel/atmel toolchain/avr8 gcc/native/3.4.2.876/avr8-gnu-toolchain/bin/../lib/gcc/avr/4.7.2/avr4\libgcc.a(_divmodhi4.o)
 .text.libgcc.fmul
                0x00000000        0x0 c:/program files (x86)/atmel/atmel toolchain/avr8 gcc/native/3.4.2.876/avr8-gnu-toolchain/bin/../lib/gcc/avr/4.7.2/avr4\libgcc.a(_divmodhi4.o)
 .text          0x00000000        0x0 c:/program files (x86)/atmel/atmel toolchain/avr8 gcc/native/3.4.2.876/avr8-gnu-toolchain/bin/../lib/gcc/avr/4.7.2/avr4\libgcc.a(_divmodsi4.o)
 .bss           0x00000000        0x0 c:/program files (x86)/atmel/atmel toolchain/avr8 gcc/native/3.4.2.876/avr8-gnu-toolchain/bin/../lib/gcc/avr/4.7.2/avr4\libgcc.a(_divmodsi4.o)
 .text.libgcc.mul
                0x00000000        0x0 c:/program files (x86)/atmel/atmel toolchain/avr8 gcc/native/3.4.2.876/avr8-gnu-toolchain/bin/../lib/gcc/avr/4.7.2/avr4\libgcc.a(_divmodsi4.o)
 .text.libgcc   0x00000000        0x0 c:/program files (x86)/atmel/atmel toolchain/avr8 gcc/native/3.4.2.876/avr8-gnu-toolchain/bin/../lib/gcc/avr/4.7.2/avr4\libgcc.a(_divmodsi4.o)
 .text.libgcc.prologue
                0x00000000        0x0 c:/program files (x86)/atmel/atmel toolchain/avr8 gcc/native/3.4.2.876/avr8-gnu-toolchain/bin/../lib/gcc/avr/4.7.2/avr4\libgcc.a(_divmodsi4.o)
 .text.libgcc.builtins
                0x00000000        0x0 c:/program files (x86)/atmel/atmel toolchain/avr8 gcc/native/3.4.2.876/avr8-gnu-toolchain/bin/../lib/gcc/avr/4.7.2/avr4\libgcc.a(_divmodsi4.o)
 .text.libgcc.fmul
                0x00000000        0x0 c:/program files (x86)/atmel/atmel toolchain/avr8 gcc/native/3.4.2.876/avr8-gnu-toolchain/bin/../lib/gcc/avr/4.7.2/avr4\libgcc.a(_divmodsi4.o)
 .text          0x00000000        0x0 c:/program files (x86)/atmel/atmel toolchain/avr8 gcc/native/3.4.2.876/avr8-gnu-toolchain/bin/../lib/gcc/avr/4.7.2/avr4\libgcc.a(_exit.o)
 .bss           0x00000000        0x0 c:/program files (x86)/atmel/atmel toolchain/avr8 gcc/native/3.4.2.876/avr8-gnu-toolchain/bin/../lib/gcc/avr/4.7.2/avr4\libgcc.a(_exit.o)
 .text.libgcc.mul
                0x00000000        0x0 c:/program files (x86)/atmel/atmel toolchain/avr8 gcc/native/3.4.2.876/avr8-gnu-toolchain/bin/../lib/gcc/avr/4.7.2/avr4\libgcc.a(_exit.o)
 .text.libgcc.div
                0x00000000        0x0 c:/program files (x86)/atmel/atmel toolchain/avr8 gcc/native/3.4.2.876/avr8-gnu-toolchain/bin/../lib/gcc/avr/4.7.2/avr4\libgcc.a(_exit.o)
 .text.libgcc   0x00000000        0x0 c:/program files (x86)/atmel/atmel toolchain/avr8 gcc/native/3.4.2.876/avr8-gnu-toolchain/bin/../lib/gcc/avr/4.7.2/avr4\libgcc.a(_exit.o)
 .text.libgcc.prologue
                0x00000000        0x0 c:/program files (x86)/atmel/atmel toolchain/avr8 gcc/native/3.4.2.876/avr8-gnu-toolchain/bin/../lib/gcc/avr/4.7.2/avr4\libgcc.a(_exit.o)
 .text.libgcc.builtins
                0x00000000        0x0 c:/program files (x86)/atmel/atmel toolchain/avr8 gcc/native/3.4.2.876/avr8-gnu-toolchain/bin/../lib/gcc/avr/4.7.2/avr4\libgcc.a(_exit.o)
 .text.libgcc.fmul
                0x00000000        0x0 c:/program files (x86)/atmel/atmel toolchain/avr8 gcc/native/3.4.2.876/avr8-gnu-toolchain/bin/../lib/gcc/avr/4.7.2/avr4\libgcc.a(_exit.o)
 .text          0x00000000        0x0 c:/program files (x86)/atmel/atmel toolchain/avr8 gcc/native/3.4.2.876/avr8-gnu-toolchain/bin/../lib/gcc/avr/4.7.2/avr4\libgcc.a(_copy_data.o)
 .bss           0x00000000        0x0 c:/program files (x86)/atmel/atmel toolchain/avr8 gcc/native/3.4.2.876/avr8-gnu-toolchain/bin/../lib/gcc/avr/4.7.2/avr4\libgcc.a(_copy_data.o)
 .text.libgcc.mul
                0x00000000        0x0 c:/program files (x86)/atmel/atmel toolchain/avr8 gcc/native/3.4.2.876/avr8-gnu-toolchain/bin/../lib/gcc/avr/4.7.2/avr4\libgcc.a(_copy_data.o)
 .text.libgcc.div
                0x00000000        0x0 c:/program files (x86)/atmel/atmel toolchain/avr8 gcc/native/3.4.2.876/avr8-gnu-toolchain/bin/../lib/gcc/avr/4.7.2/avr4\libgcc.a(_copy_data.o)
 .text.libgcc   0x00000000        0x0 c:/program files (x86)/atmel/atmel toolchain/avr8 gcc/native/3.4.2.876/avr8-gnu-toolchain/bin/../lib/gcc/avr/4.7.2/avr4\libgcc.a(_copy_data.o)
 .text.libgcc.prologue
                0x00000000        0x0 c:/program files (x86)/atmel/atmel toolchain/avr8 gcc/native/3.4.2.876/avr8-gnu-toolchain/bin/../lib/gcc/avr/4.7.2/avr4\libgcc.a(_copy_data.o)
 .text.libgcc.builtins
                0x00000000        0x0 c:/program files (x86)/atmel/atmel toolchain/avr8 gcc/native/3.4.2.876/avr8-gnu-toolchain/bin/../lib/gcc/avr/4.7.2/avr4\libgcc.a(_copy_data.o)
 .text.libgcc.fmul
                0x00000000        0x0 c:/program files (x86)/atmel/atmel toolchain/avr8 gcc/native/3.4.2.876/avr8-gnu-toolchain/bin/../lib/gcc/avr/4.7.2/avr4\libgcc.a(_copy_data.o)
 .text          0x00000000        0x0 c:/program files (x86)/atmel/atmel toolchain/avr8 gcc/native/3.4.2.876/avr8-gnu-toolchain/bin/../lib/gcc/avr/4.7.2/avr4\libgcc.a(_clear_bss.o)
 .bss           0x00000000        0x0 c:/program files (x86)/atmel/atmel toolchain/avr8 gcc/native/3.4.2.876/avr8-gnu-toolchain/bin/../lib/gcc/avr/4.7.2/avr4\libgcc.a(_clear_bss.o)
 .text.libgcc.mul
                0x00000000        0x0 c:/program files (x86)/atmel/atmel toolchain/avr8 gcc/native/3.4.2.876/avr8-gnu-toolchain/bin/../lib/gcc/avr/4.7.2/avr4\libgcc.a(_clear_bss.o)
 .text.libgcc.div
                0x00000000        0x0 c:/program files (x86)/atmel/atmel toolchain/avr8 gcc/native/3.4.2.876/avr8-gnu-toolchain/bin/../lib/gcc/avr/4.7.2/avr4\libgcc.a(_clear_bss.o)
 .text.libgcc   0x00000000        0x0 c:/program files (x86)/atmel/atmel toolchain/avr8 gcc/native/3.4.2.876/avr8-gnu-toolchain/bin/../lib/gcc/avr/4.7.2/avr4\libgcc.a(_clear_bss.o)
 .text.libgcc.prologue
                0x00000000        0x0 c:/program files (x86)/atmel/atmel toolchain/avr8 gcc/native/3.4.2.876/avr8-gnu-toolchain/bin/../lib/gcc/avr/4.7.2/avr4\libgcc.a(_clear_bss.o)
 .text.libgcc.builtins
                0x00000000        0x0 c:/program files (x86)/atmel/atmel toolchain/avr8 gcc/native/3.4.2.876/avr8-gnu-toolchain/bin/../lib/gcc/avr/4.7.2/avr4\libgcc.a(_clear_bss.o)
 .text.libgcc.fmul
                0x00000000        0x0 c:/program files (x86)/atmel/atmel toolchain/avr8 gcc/native/3.4.2.876/avr8-gnu-toolchain/bin/../lib/gcc/avr/4.7.2/avr4\libgcc.a(_clear_bss.o)
 .text          0x00000000        0x0 c:/program files (x86)/atmel/atmel toolchain/avr8 gcc/native/3.4.2.876/avr8-gnu-toolchain/bin/../lib/gcc/avr/4.7.2/avr4\libgcc.a(_umulhisi3.o)
 .bss           0x00000000        0x0 c:/program files (x86)/atmel/atmel toolchain/avr8 gcc/native/3.4.2.876/avr8-gnu-toolchain/bin/../lib/gcc/avr/4.7.2/avr4\libgcc.a(_umulhisi3.o)
 .text.libgcc.div
                0x00000000        0x0 c:/program files (x86)/atmel/atmel toolchain/avr8 gcc/native/3.4.2.876/avr8-gnu-toolchain/bin/../lib/gcc/avr/4.7.2/avr4\libgcc.a(_umulhisi3.o)
 .text.libgcc   0x00000000        0x0 c:/program files (x86)/atmel/atmel toolchain/avr8 gcc/native/3.4.2.876/avr8-gnu-toolchain/bin/../lib/gcc/avr/4.7.2/avr4\libgcc.a(_umulhisi3.o)
 .text.libgcc.prologue
                0x00000000        0x0 c:/program files (x86)/atmel/atmel toolchain/avr8 gcc/native/3.4.2.876/avr8-gnu-toolchain/bin/../lib/gcc/avr/4.7.2/avr4\libgcc.a(_umulhisi3.o)
 .text.libgcc.builtins
                0x00000000        0x0 c:/program files (x86)/atmel/atmel toolchain/avr8 gcc/native/3.4.2.876/avr8-gnu-toolchain/bin/../lib/gcc/avr/4.7.2/avr4\libgcc.a(_umulhisi3.o)
 .text.libgcc.fmul
                0x00000000        0x0 c:/program files (x86)/atmel/atmel toolchain/avr8 gcc/native/3.4.2.876/avr8-gnu-toolchain/bin/../lib/gcc/avr/4.7.2/avr4\libgcc.a(_umulhisi3.o)
 .text          0x00000000        0x0 c:/program files (x86)/atmel/atmel toolchain/avr8 gcc/native/3.4.2.876/avr8-gnu-toolchain/bin/../lib/gcc/avr/4.7.2/avr4\libgcc.a(_usmulhisi3.o)
 .bss           0x00000000        0x0 c:/program files (x86)/atmel/atmel toolchain/avr8 gcc/native/3.4.2.876/avr8-gnu-toolchain/bin/../lib/gcc/avr/4.7.2/avr4\libgcc.a(_usmulhisi3.o)
 .text.libgcc.div
                0x00000000        0x0 c:/program files (x86)/atmel/atmel toolchain/avr8 gcc/native/3.4.2.876/avr8-gnu-toolchain/bin/../lib/gcc/avr/4.7.2/avr4\libgcc.a(_usmulhisi3.o)
 .text.libgcc   0x00000000        0x0 c:/program files (x86)/atmel/atmel toolchain/avr8 gcc/native/3.4.2.876/avr8-gnu-toolchain/bin/../lib/gcc/avr/4.7.2/avr4\libgcc.a(_usmulhisi3.o)
 .text.libgcc.prologue
                0x00000000        0x0 c:/program files (x86)/atmel/atmel toolchain/avr8 gcc/native/3.4.2.876/avr8-gnu-toolchain/bin/../lib/gcc/avr/4.7.2/avr4\libgcc.a(_usmulhisi3.o)
 .text.libgcc.builtins
                0x00000000        0x0 c:/program files (x86)/atmel/atmel toolchain/avr8 gcc/native/3.4.2.876/avr8-gnu-toolchain/bin/../lib/gcc/avr/4.7.2/avr4\libgcc.a(_usmulhisi3.o)
 .text.libgcc.fmul
                0x00000000        0x0 c:/program files (x86)/atmel/atmel toolchain/avr8 gcc/native/3.4.2.876/avr8-gnu-toolchain/bin/../lib/gcc/avr/4.7.2/avr4\libgcc.a(_usmulhisi3.o)
 .text          0x00000000        0x0 c:/program files (x86)/atmel/atmel toolchain/avr8 gcc/native/3.4.2.876/avr8-gnu-toolchain/bin/../lib/gcc/avr/4.7.2/avr4\libgcc.a(_muluhisi3.o)
 .bss           0x00000000        0x0 c:/program files (x86)/atmel/atmel toolchain/avr8 gcc/native/3.4.2.876/avr8-gnu-toolchain/bin/../lib/gcc/avr/4.7.2/avr4\libgcc.a(_muluhisi3.o)
 .text.libgcc.div
                0x00000000        0x0 c:/program files (x86)/atmel/atmel toolchain/avr8 gcc/native/3.4.2.876/avr8-gnu-toolchain/bin/../lib/gcc/avr/4.7.2/avr4\libgcc.a(_muluhisi3.o)
 .text.libgcc   0x00000000        0x0 c:/program files (x86)/atmel/atmel toolchain/avr8 gcc/native/3.4.2.876/avr8-gnu-toolchain/bin/../lib/gcc/avr/4.7.2/avr4\libgcc.a(_muluhisi3.o)
 .text.libgcc.prologue
                0x00000000        0x0 c:/program files (x86)/atmel/atmel toolchain/avr8 gcc/native/3.4.2.876/avr8-gnu-toolchain/bin/../lib/gcc/avr/4.7.2/avr4\libgcc.a(_muluhisi3.o)
 .text.libgcc.builtins
                0x00000000        0x0 c:/program files (x86)/atmel/atmel toolchain/avr8 gcc/native/3.4.2.876/avr8-gnu-toolchain/bin/../lib/gcc/avr/4.7.2/avr4\libgcc.a(_muluhisi3.o)
 .text.libgcc.fmul
                0x00000000        0x0 c:/program files (x86)/atmel/atmel toolchain/avr8 gcc/native/3.4.2.876/avr8-gnu-toolchain/bin/../lib/gcc/avr/4.7.2/avr4\libgcc.a(_muluhisi3.o)
 .text          0x00000000        0x0 c:/program files (x86)/atmel/atmel toolchain/avr8 gcc/native/3.4.2.876/avr8-gnu-toolchain/bin/../lib/gcc/avr/4.7.2/avr4\libgcc.a(_udivmodhi4.o)
 .bss           0x00000000        0x0 c:/program files (x86)/atmel/atmel toolchain/avr8 gcc/native/3.4.2.876/avr8-gnu-toolchain/bin/../lib/gcc/avr/4.7.2/avr4\libgcc.a(_udivmodhi4.o)
 .text.libgcc.mul
                0x00000000        0x0 c:/program files (x86)/atmel/atmel toolchain/avr8 gcc/native/3.4.2.876/avr8-gnu-toolchain/bin/../lib/gcc/avr/4.7.2/avr4\libgcc.a(_udivmodhi4.o)
 .text.libgcc   0x00000000        0x0 c:/program files (x86)/atmel/atmel toolchain/avr8 gcc/native/3.4.2.876/avr8-gnu-toolchain/bin/../lib/gcc/avr/4.7.2/avr4\libgcc.a(_udivmodhi4.o)
 .text.libgcc.prologue
                0x00000000        0x0 c:/program files (x86)/atmel/atmel toolchain/avr8 gcc/native/3.4.2.876/avr8-gnu-toolchain/bin/../lib/gcc/avr/4.7.2/avr4\libgcc.a(_udivmodhi4.o)
 .text.libgcc.builtins
                0x00000000        0x0 c:/program files (x86)/atmel/atmel toolchain/avr8 gcc/native/3.4.2.876/avr8-gnu-toolchain/bin/../lib/gcc/avr/4.7.2/avr4\libgcc.a(_udivmodhi4.o)
 .text.libgcc.fmul
                0x00000000        0x0 c:/program files (x86)/atmel/atmel toolchain/avr8 gcc/native/3.4.2.876/avr8-gnu-toolchain/bin/../lib/gcc/avr/4.7.2/avr4\libgcc.a(_udivmodhi4.o)
 .text          0x00000000        0x0 c:/program files (x86)/atmel/atmel toolchain/avr8 gcc/native/3.4.2.876/avr8-gnu-toolchain/bin/../lib/gcc/avr/4.7.2/avr4\libgcc.a(_udivmodsi4.o)
 .bss           0x00000000        0x0 c:/program files (x86)/atmel/atmel toolchain/avr8 gcc/native/3.4.2.876/avr8-gnu-toolchain/bin/../lib/gcc/avr/4.7.2/avr4\libgcc.a(_udivmodsi4.o)
 .text.libgcc.mul
                0x00000000        0x0 c:/program files (x86)/atmel/atmel toolchain/avr8 gcc/native/3.4.2.876/avr8-gnu-toolchain/bin/../lib/gcc/avr/4.7.2/avr4\libgcc.a(_udivmodsi4.o)
 .text.libgcc   0x00000000        0x0 c:/program files (x86)/atmel/atmel toolchain/avr8 gcc/native/3.4.2.876/avr8-gnu-toolchain/bin/../lib/gcc/avr/4.7.2/avr4\libgcc.a(_udivmodsi4.o)
 .text.libgcc.prologue
                0x00000000        0x0 c:/program files (x86)/atmel/atmel toolchain/avr8 gcc/native/3.4.2.876/avr8-gnu-toolchain/bin/../lib/gcc/avr/4.7.2/avr4\libgcc.a(_udivmodsi4.o)
 .text.libgcc.builtins
                0x00000000        0x0 c:/program files (x86)/atmel/atmel toolchain/avr8 gcc/native/3.4.2.876/avr8-gnu-toolchain/bin/../lib/gcc/avr/4.7.2/avr4\libgcc.a(_udivmodsi4.o)
 .text.libgcc.fmul
                0x00000000        0x0 c:/program files (x86)/atmel/atmel toolchain/avr8 gcc/native/3.4.2.876/avr8-gnu-toolchain/bin/../lib/gcc/avr/4.7.2/avr4\libgcc.a(_udivmodsi4.o)
 .text          0x00000000        0x0 c:/program files (x86)/atmel/atmel toolchain/avr8 gcc/native/3.4.2.876/avr8-gnu-toolchain/bin/../lib/gcc/avr/4.7.2/../../../../avr/lib/avr4\libc.a(eerd_block_atmega8.o)
 .bss           0x00000000        0x0 c:/program files (x86)/atmel/atmel toolchain/avr8 gcc/native/3.4.2.876/avr8-gnu-toolchain/bin/../lib/gcc/avr/4.7.2/../../../../avr/lib/avr4\libc.a(eerd_block_atmega8.o)

Memory Configuration

Name             Origin             Length             Attributes
text             0x00000000         0x00002000         xr
data             0x00800060         0x0000ffa0         rw !x
eeprom           0x00810000         0x00010000         rw !x
fuse             0x00820000         0x00000400         rw !x
lock             0x00830000         0x00000400         rw !x
signature        0x00840000         0x00000400         rw !x
user_signatures  0x00850000         0x00000400         rw !x
*default*        0x00000000         0xffffffff

Linker script and memory map

LOAD c:/program files (x86)/atmel/atmel toolchain/avr8 gcc/native/3.4.2.876/avr8-gnu-toolchain/bin/../lib/gcc/avr/4.7.2/../../../../avr/lib/avr4/crtm8.o
LOAD src/adc.o
LOAD src/buttons.o
LOAD src/control.o
LOAD src/led_indic.o
LOAD src/led_indic_hw.o
LOAD src/menu.o
LOAD src/my_string.o
LOAD src/pid1.o
LOAD src/power_control.o
LOAD src/soft_timer.o
LOAD src/systimer.o
LOAD src/usart.o
START GROUP
LOAD c:/program files (x86)/atmel/atmel toolchain/avr8 gcc/native/3.4.2.876/avr8-gnu-toolchain/bin/../lib/gcc/avr/4.7.2/../../../../avr/lib/avr4\libm.a
END GROUP
LOAD c:/program files (x86)/atmel/atmel toolchain/avr8 gcc/native/3.4.2.876/avr8-gnu-toolchain/bin/../lib/gcc/avr/4.7.2/avr4\libgcc.a
LOAD c:/program files (x86)/atmel/atmel toolchain/avr8 gcc/native/3.4.2.876/avr8-gnu-toolchain/bin/../lib/gcc/avr/4.7.2/../../../../avr/lib/avr4\libc.a
LOAD c:/program files (x86)/atmel/atmel toolchain/avr8 gcc/native/3.4.2.876/avr8-gnu-toolchain/bin/../lib/gcc/avr/4.7.2/avr4\libgcc.a

.hash
 *(.hash)

.dynsym
 *(.dynsym)

.dynstr
 *(.dynstr)

.gnu.version
 *(.gnu.version)

.gnu.version_d
 *(.gnu.version_d)

.gnu.version_r
 *(.gnu.version_r)

.rel.init
 *(.rel.init)

.rela.init
 *(.rela.init)

.rel.text
 *(.rel.text)
 *(.rel.text.*)
 *(.rel.gnu.linkonce.t*)

.rela.text
 *(.rela.text)
 *(.rela.text.*)
 *(.rela.gnu.linkonce.t*)

.rel.fini
 *(.rel.fini)

.rela.fini
 *(.rela.fini)

.rel.rodata
 *(.rel.rodata)
 *(.rel.rodata.*)
 *(.rel.gnu.linkonce.r*)

.rela.rodata
 *(.rela.rodata)
 *(.rela.rodata.*)
 *(.rela.gnu.linkonce.r*)

.rel.data
 *(.rel.data)
 *(.rel.data.*)
 *(.rel.gnu.linkonce.d*)

.rela.data
 *(.rela.data)
 *(.rela.data.*)
 *(.rela.gnu.linkonce.d*)

.rel.ctors
 *(.rel.ctors)

.rela.ctors
 *(.rela.ctors)

.rel.dtors
 *(.rel.dtors)

.rela.dtors
 *(.rela.dtors)

.rel.got
 *(.rel.got)

.rela.got
 *(.rela.got)

.rel.bss
 *(.rel.bss)

.rela.bss
 *(.rela.bss)

.rel.plt
 *(.rel.plt)

.rela.plt
 *(.rela.plt)

.text           0x00000000     0x1970
 *(.vectors)
 .vectors       0x00000000       0x26 c:/program files (x86)/atmel/atmel toolchain/avr8 gcc/native/3.4.2.876/avr8-gnu-toolchain/bin/../lib/gcc/avr/4.7.2/../../../../avr/lib/avr4/crtm8.o
                0x00000000                __vector_default
                0x00000000                __vectors
 *(.vectors)
 *(.progmem.gcc*)
 .progmem.gcc_sw_table.decode_led_char
                0x00000026      0x122 src/led_indic.o
 *(.progmem*)
 .progmem.data  0x00000148       0xec src/menu.o
                0x00000148                menuFunctionSet
                0x000001a3                menuJumpSet
                0x00000234                . = ALIGN (0x2)
                0x00000234                __trampolines_start = .
 *(.trampolines)
 .trampolines   0x00000234        0x0 linker stubs
 *(.trampolines*)
                0x00000234                __trampolines_end = .
 *(.jumptables)
 *(.jumptables*)
 *(.lowtext)
 *(.lowtext*)
                0x00000234                __ctors_start = .
 *(.ctors)
                0x00000234                __ctors_end = .
                0x00000234                __dtors_start = .
 *(.dtors)
                0x00000234                __dtors_end = .
 SORT(*)(.ctors)
 SORT(*)(.dtors)
 *(.init0)
 .init0         0x00000234        0x0 c:/program files (x86)/atmel/atmel toolchain/avr8 gcc/native/3.4.2.876/avr8-gnu-toolchain/bin/../lib/gcc/avr/4.7.2/../../../../avr/lib/avr4/crtm8.o
                0x00000234                __init
 *(.init0)
 *(.init1)
 *(.init1)
 *(.init2)
 .init2         0x00000234        0xc c:/program files (x86)/atmel/atmel toolchain/avr8 gcc/native/3.4.2.876/avr8-gnu-toolchain/bin/../lib/gcc/avr/4.7.2/../../../../avr/lib/avr4/crtm8.o
 *(.init2)
 *(.init3)
 *(.init3)
 *(.init4)
 .init4         0x00000240       0x16 c:/program files (x86)/atmel/atmel toolchain/avr8 gcc/native/3.4.2.876/avr8-gnu-toolchain/bin/../lib/gcc/avr/4.7.2/avr4\libgcc.a(_copy_data.o)
                0x00000240                __do_copy_data
 .init4         0x00000256       0x10 c:/program files (x86)/atmel/atmel toolchain/avr8 gcc/native/3.4.2.876/avr8-gnu-toolchain/bin/../lib/gcc/avr/4.7.2/avr4\libgcc.a(_clear_bss.o)
                0x00000256                __do_clear_bss
 *(.init4)
 *(.init5)
 *(.init5)
 *(.init6)
 *(.init6)
 *(.init7)
 *(.init7)
 *(.init8)
 *(.init8)
 *(.init9)
 .init9         0x00000266        0x4 c:/program files (x86)/atmel/atmel toolchain/avr8 gcc/native/3.4.2.876/avr8-gnu-toolchain/bin/../lib/gcc/avr/4.7.2/../../../../avr/lib/avr4/crtm8.o
 *(.init9)
 *(.text)
 .text          0x0000026a        0x2 c:/program files (x86)/atmel/atmel toolchain/avr8 gcc/native/3.4.2.876/avr8-gnu-toolchain/bin/../lib/gcc/avr/4.7.2/../../../../avr/lib/avr4/crtm8.o
                0x0000026a                __vector_1
                0x0000026a                __vector_12
                0x0000026a                __bad_interrupt
                0x0000026a                __vector_6
                0x0000026a                __vector_11
                0x0000026a                __vector_13
                0x0000026a                __vector_17
                0x0000026a                __vector_7
                0x0000026a                __vector_5
                0x0000026a                __vector_4
                0x0000026a                __vector_2
                0x0000026a                __vector_15
                0x0000026a                __vector_8
                0x0000026a                __vector_10
                0x0000026a                __vector_18
                0x0000026c                . = ALIGN (0x2)
 *(.text.*)
 .text.conv_ADC_to_Celsius
                0x0000026c       0x44 src/adc.o
                0x0000026c                conv_ADC_to_Celsius
 .text.conv_Celsius_to_ADC
                0x000002b0       0x40 src/adc.o
                0x000002b0                conv_Celsius_to_ADC
 .text.calculateCoeffs
                0x000002f0       0xa0 src/adc.o
                0x000002f0                calculateCoeffs
 .text.update_filtered_adc
                0x00000390       0x48 src/adc.o
                0x00000390                update_filtered_adc
 .text.__vector_14
                0x000003d8       0x8e src/adc.o
                0x000003d8                __vector_14
 .text.process_buttons
                0x00000466       0xe6 src/buttons.o
                0x00000466                process_buttons
 .text.processRollControl
                0x0000054c       0xf0 src/control.o
                0x0000054c                processRollControl
 .text.processPID
                0x0000063c       0x48 src/control.o
                0x0000063c                processPID
 .text.processHeaterControl
                0x00000684       0x5c src/control.o
                0x00000684                processHeaterControl
 .text.restoreGlobalParams
                0x000006e0       0x74 src/control.o
                0x000006e0                restoreGlobalParams
 .text.exitPowerOff
                0x00000754        0x2 src/control.o
                0x00000754                exitPowerOff
 .text.processAutoPowerOff
                0x00000756        0x2 src/control.o
                0x00000756                processAutoPowerOff
 .text.decode_led_char
                0x00000758       0x6c src/led_indic.o
 .text.wrap_led_buffer_index
                0x000007c4       0x38 src/led_indic.o
 .text.processLedIndicator
                0x000007fc       0xd2 src/led_indic.o
                0x000007fc                processLedIndicator
 .text.fillLedBuffer
                0x000008ce       0x3c src/led_indic.o
                0x000008ce                fillLedBuffer
 .text.startShiftingWindowLeft
                0x0000090a       0x1c src/led_indic.o
                0x0000090a                startShiftingWindowLeft
 .text.startShiftingWindowRight
                0x00000926       0x1c src/led_indic.o
                0x00000926                startShiftingWindowRight
 .text.initLedIndicator
                0x00000942       0x46 src/led_indic.o
                0x00000942                initLedIndicator
 .text.printLedBuffer
                0x00000988       0x8c src/led_indic.o
                0x00000988                printLedBuffer
 .text.setComma
                0x00000a14       0x18 src/led_indic.o
                0x00000a14                setComma
 .text.setExtraLeds
                0x00000a2c        0xc src/led_indic.o
                0x00000a2c                setExtraLeds
 .text.clearExtraLeds
                0x00000a38        0xe src/led_indic.o
                0x00000a38                clearExtraLeds
 .text.led_clock_pulse
                0x00000a46       0x20 src/led_indic_hw.o
                0x00000a46                led_clock_pulse
 .text.set_led_segments
                0x00000a66       0x1c src/led_indic_hw.o
                0x00000a66                set_led_segments
 .text.enable_led_segments_pullups
                0x00000a82        0xe src/led_indic_hw.o
                0x00000a82                enable_led_segments_pullups
 .text.enable_led_segments
                0x00000a90        0xe src/led_indic_hw.o
                0x00000a90                enable_led_segments
 .text.disable_led_segments
                0x00000a9e        0xe src/led_indic_hw.o
                0x00000a9e                disable_led_segments
 .text.capture_button_state
                0x00000aac       0x16 src/led_indic_hw.o
                0x00000aac                capture_button_state
 .text.restartMenuTimer
                0x00000ac2        0x6 src/menu.o
 .text.mf_setTempLeave
                0x00000ac8        0xc src/menu.o
                0x00000ac8                mf_setTempLeave
 .text.mf_leafSelectAct
                0x00000ad4       0x1c src/menu.o
                0x00000ad4                mf_leafSelectAct
 .text.mf_leafExit
                0x00000af0        0xc src/menu.o
                0x00000af0                mf_leafExit
 .text.mf_cdoneDo
                0x00000afc        0xa src/menu.o
                0x00000afc                mf_cdoneDo
 .text.mf_cdone2Select
                0x00000b06       0x1c src/menu.o
                0x00000b06                mf_cdone2Select
 .text.mf_cdone1Select
                0x00000b22       0x1c src/menu.o
                0x00000b22                mf_cdone1Select
 .text.mf_calib2Do
                0x00000b3e       0x94 src/menu.o
                0x00000b3e                mf_calib2Do
 .text.mf_calib1Do
                0x00000bd2       0x94 src/menu.o
                0x00000bd2                mf_calib1Do
 .text.mf_autopoffDo
                0x00000c66       0xa6 src/menu.o
                0x00000c66                mf_autopoffDo
 .text.mf_realTempDo
                0x00000d0c       0x56 src/menu.o
                0x00000d0c                mf_realTempDo
 .text.mf_sndenDo
                0x00000d62       0x8a src/menu.o
                0x00000d62                mf_sndenDo
 .text.mf_leafSelect
                0x00000dec       0x10 src/menu.o
                0x00000dec                mf_leafSelect
 .text.mf_calibSelect
                0x00000dfc       0x14 src/menu.o
                0x00000dfc                mf_calibSelect
 .text.mf_rollLeave
                0x00000e10       0x10 src/menu.o
                0x00000e10                mf_rollLeave
 .text.mf_setTempSelect
                0x00000e20        0x8 src/menu.o
                0x00000e20                mf_setTempSelect
 .text.mf_realTempLeave
                0x00000e28        0x6 src/menu.o
                0x00000e28                mf_realTempLeave
 .text.mf_rollDo
                0x00000e2e       0xd2 src/menu.o
                0x00000e2e                mf_rollDo
 .text.mf_rollSelect
                0x00000f00        0x8 src/menu.o
                0x00000f00                mf_rollSelect
 .text.mf_setTempDo
                0x00000f08       0xb8 src/menu.o
                0x00000f08                mf_setTempDo
 .text.mf_realTempSelect
                0x00000fc0        0x6 src/menu.o
                0x00000fc0                mf_realTempSelect
 .text.InitMenu
                0x00000fc6       0xba src/menu.o
                0x00000fc6                InitMenu
 .text.processMenu
                0x00001080      0x17e src/menu.o
                0x00001080                processMenu
 .text.u16toa_align_right
                0x000011fe       0x78 src/my_string.o
                0x000011fe                u16toa_align_right
 .text.init_system
                0x00001276       0x62 src/pid1.o
                0x00001276                init_system
 .text.main     0x000012d8      0x118 src/pid1.o
                0x000012d8                main
 .text.setHeaterControl
                0x000013f0       0x20 src/power_control.o
                0x000013f0                setHeaterControl
 .text.setMotorDirection
                0x00001410       0x3c src/power_control.o
                0x00001410                setMotorDirection
 .text.stopCycleRolling
                0x0000144c       0x38 src/power_control.o
                0x0000144c                stopCycleRolling
 .text.isTopPointValid
                0x00001484       0x20 src/power_control.o
                0x00001484                isTopPointValid
 .text.isBottomPointValid
                0x000014a4       0x20 src/power_control.o
                0x000014a4                isBottomPointValid
 .text.startCycleRolling
                0x000014c4       0x30 src/power_control.o
                0x000014c4                startCycleRolling
 .text.__vector_16
                0x000014f4       0x44 src/power_control.o
                0x000014f4                __vector_16
 .text.__vector_9
                0x00001538      0x1c2 src/power_control.o
                0x00001538                __vector_9
 .text.processSoftTimer8b
                0x000016fa       0x5c src/soft_timer.o
                0x000016fa                processSoftTimer8b
 .text.SetBeeperFreq
                0x00001756       0x42 src/systimer.o
                0x00001756                SetBeeperFreq
 .text.StartBeep
                0x00001798       0x18 src/systimer.o
                0x00001798                StartBeep
 .text.__vector_3
                0x000017b0       0x6a src/systimer.o
                0x000017b0                __vector_3
 .text.USART_send
                0x0000181a        0xa src/usart.o
                0x0000181a                USART_send
 .text.USART_sendstr
                0x00001824       0x28 src/usart.o
                0x00001824                USART_sendstr
 .text.libgcc.div
                0x0000184c       0x26 c:/program files (x86)/atmel/atmel toolchain/avr8 gcc/native/3.4.2.876/avr8-gnu-toolchain/bin/../lib/gcc/avr/4.7.2/avr4\libgcc.a(_divmodhi4.o)
                0x0000184c                _div
                0x0000184c                __divmodhi4
 .text.libgcc.div
                0x00001872       0x36 c:/program files (x86)/atmel/atmel toolchain/avr8 gcc/native/3.4.2.876/avr8-gnu-toolchain/bin/../lib/gcc/avr/4.7.2/avr4\libgcc.a(_divmodsi4.o)
                0x00001872                __divmodsi4
 .text.libgcc.mul
                0x000018a8       0x18 c:/program files (x86)/atmel/atmel toolchain/avr8 gcc/native/3.4.2.876/avr8-gnu-toolchain/bin/../lib/gcc/avr/4.7.2/avr4\libgcc.a(_umulhisi3.o)
                0x000018a8                __umulhisi3
 .text.libgcc.mul
                0x000018c0        0xc c:/program files (x86)/atmel/atmel toolchain/avr8 gcc/native/3.4.2.876/avr8-gnu-toolchain/bin/../lib/gcc/avr/4.7.2/avr4\libgcc.a(_usmulhisi3.o)
                0x000018c0                __usmulhisi3
                0x000018c2                __usmulhisi3_tail
 .text.libgcc.mul
                0x000018cc       0x14 c:/program files (x86)/atmel/atmel toolchain/avr8 gcc/native/3.4.2.876/avr8-gnu-toolchain/bin/../lib/gcc/avr/4.7.2/avr4\libgcc.a(_muluhisi3.o)
                0x000018cc                __muluhisi3
 .text.libgcc.div
                0x000018e0       0x28 c:/program files (x86)/atmel/atmel toolchain/avr8 gcc/native/3.4.2.876/avr8-gnu-toolchain/bin/../lib/gcc/avr/4.7.2/avr4\libgcc.a(_udivmodhi4.o)
                0x000018e0                __udivmodhi4
 .text.libgcc.div
                0x00001908       0x44 c:/program files (x86)/atmel/atmel toolchain/avr8 gcc/native/3.4.2.876/avr8-gnu-toolchain/bin/../lib/gcc/avr/4.7.2/avr4\libgcc.a(_udivmodsi4.o)
                0x00001908                __udivmodsi4
 .text.avr-libc
                0x0000194c       0x20 c:/program files (x86)/atmel/atmel toolchain/avr8 gcc/native/3.4.2.876/avr8-gnu-toolchain/bin/../lib/gcc/avr/4.7.2/../../../../avr/lib/avr4\libc.a(eerd_block_atmega8.o)
                0x0000194c                __eerd_block_m8
                0x00001950                __eerd_blraw_m8
                0x0000196c                . = ALIGN (0x2)
 *(.fini9)
 .fini9         0x0000196c        0x0 c:/program files (x86)/atmel/atmel toolchain/avr8 gcc/native/3.4.2.876/avr8-gnu-toolchain/bin/../lib/gcc/avr/4.7.2/avr4\libgcc.a(_exit.o)
                0x0000196c                _exit
                0x0000196c                exit
 *(.fini9)
 *(.fini8)
 *(.fini8)
 *(.fini7)
 *(.fini7)
 *(.fini6)
 *(.fini6)
 *(.fini5)
 *(.fini5)
 *(.fini4)
 *(.fini4)
 *(.fini3)
 *(.fini3)
 *(.fini2)
 *(.fini2)
 *(.fini1)
 *(.fini1)
 *(.fini0)
 .fini0         0x0000196c        0x4 c:/program files (x86)/atmel/atmel toolchain/avr8 gcc/native/3.4.2.876/avr8-gnu-toolchain/bin/../lib/gcc/avr/4.7.2/avr4\libgcc.a(_exit.o)
 *(.fini0)
                0x00001970                _etext = .

.data           0x00800060       0x42 load address 0x00001970
                0x00800060                PROVIDE (__data_start, .)
 *(.data)
 .data          0x00800060        0x0 c:/program files (x86)/atmel/atmel toolchain/avr8 gcc/native/3.4.2.876/avr8-gnu-toolchain/bin/../lib/gcc/avr/4.7.2/../../../../avr/lib/avr4/crtm8.o
 .data          0x00800060        0x1 src/adc.o
 .data          0x00800061        0x1 src/buttons.o
 .data          0x00800062        0x0 src/control.o
 .data          0x00800062        0x0 src/led_indic.o
 .data          0x00800062        0x0 src/led_indic_hw.o
 .data          0x00800062        0x0 src/menu.o
 .data          0x00800062        0x0 src/my_string.o
 .data          0x00800062        0x0 src/pid1.o
 .data          0x00800062        0x1 src/power_control.o
 .data          0x00800063        0x0 src/soft_timer.o
 .data          0x00800063        0x4 src/systimer.o
                0x00800063                menuUpdateTimer
 .data          0x00800067        0x0 src/usart.o
 .data          0x00800067        0x0 c:/program files (x86)/atmel/atmel toolchain/avr8 gcc/native/3.4.2.876/avr8-gnu-toolchain/bin/../lib/gcc/avr/4.7.2/avr4\libgcc.a(_divmodhi4.o)
 .data          0x00800067        0x0 c:/program files (x86)/atmel/atmel toolchain/avr8 gcc/native/3.4.2.876/avr8-gnu-toolchain/bin/../lib/gcc/avr/4.7.2/avr4\libgcc.a(_divmodsi4.o)
 .data          0x00800067        0x0 c:/program files (x86)/atmel/atmel toolchain/avr8 gcc/native/3.4.2.876/avr8-gnu-toolchain/bin/../lib/gcc/avr/4.7.2/avr4\libgcc.a(_exit.o)
 .data          0x00800067        0x0 c:/program files (x86)/atmel/atmel toolchain/avr8 gcc/native/3.4.2.876/avr8-gnu-toolchain/bin/../lib/gcc/avr/4.7.2/avr4\libgcc.a(_copy_data.o)
 .data          0x00800067        0x0 c:/program files (x86)/atmel/atmel toolchain/avr8 gcc/native/3.4.2.876/avr8-gnu-toolchain/bin/../lib/gcc/avr/4.7.2/avr4\libgcc.a(_clear_bss.o)
 .data          0x00800067        0x0 c:/program files (x86)/atmel/atmel toolchain/avr8 gcc/native/3.4.2.876/avr8-gnu-toolchain/bin/../lib/gcc/avr/4.7.2/avr4\libgcc.a(_umulhisi3.o)
 .data          0x00800067        0x0 c:/program files (x86)/atmel/atmel toolchain/avr8 gcc/native/3.4.2.876/avr8-gnu-toolchain/bin/../lib/gcc/avr/4.7.2/avr4\libgcc.a(_usmulhisi3.o)
 .data          0x00800067        0x0 c:/program files (x86)/atmel/atmel toolchain/avr8 gcc/native/3.4.2.876/avr8-gnu-toolchain/bin/../lib/gcc/avr/4.7.2/avr4\libgcc.a(_muluhisi3.o)
 .data          0x00800067        0x0 c:/program files (x86)/atmel/atmel toolchain/avr8 gcc/native/3.4.2.876/avr8-gnu-toolchain/bin/../lib/gcc/avr/4.7.2/avr4\libgcc.a(_udivmodhi4.o)
 .data          0x00800067        0x0 c:/program files (x86)/atmel/atmel toolchain/avr8 gcc/native/3.4.2.876/avr8-gnu-toolchain/bin/../lib/gcc/avr/4.7.2/avr4\libgcc.a(_udivmodsi4.o)
 .data          0x00800067        0x0 c:/program files (x86)/atmel/atmel toolchain/avr8 gcc/native/3.4.2.876/avr8-gnu-toolchain/bin/../lib/gcc/avr/4.7.2/../../../../avr/lib/avr4\libc.a(eerd_block_atmega8.o)
 *(.data*)
 *(.rodata)
 .rodata        0x00800067       0x2a src/menu.o
 *(.rodata*)
 .rodata.str1.1
                0x00800091        0x7 src/menu.o
 .rodata.str1.1
                0x00800098        0xa src/pid1.o
 *(.gnu.linkonce.d*)
                0x008000a2                . = ALIGN (0x2)
                0x008000a2                _edata = .
                0x008000a2                PROVIDE (__data_end, .)

.bss            0x008000a2       0x6c
                0x008000a2                PROVIDE (__bss_start, .)
 *(.bss)
 .bss           0x008000a2       0x18 src/adc.o
 .bss           0x008000ba        0x8 src/buttons.o
                0x008000ba                button_action_long
                0x008000bb                button_action_up_short
                0x008000bc                button_action_rep
                0x008000bd                button_action_down
                0x008000be                button_state
 .bss           0x008000c2        0x2 src/control.o
 .bss           0x008000c4        0x6 src/led_indic.o
 .bss           0x008000ca        0xc src/power_control.o
                0x008000ca                rollState
                0x008000cb                heaterState
                0x008000cc                ctrl_heater
 .bss           0x008000d6        0x2 src/systimer.o
 *(.bss*)
 *(COMMON)
 COMMON         0x008000d8        0x4 src/adc.o
                0x008000d8                adc_filtered_value
                0x008000da                adc_filtered_celsius
 COMMON         0x008000dc        0xc src/control.o
                0x008000dc                setTempDbg
                0x008000dd                cpoint1
                0x008000de                setup_temp_value
                0x008000e0                sound_enable
                0x008000e1                rollCycleSet
                0x008000e2                cpoint1_adc
                0x008000e4                power_off_timeout
                0x008000e5                cpoint2_adc
                0x008000e7                cpoint2
 COMMON         0x008000e8       0x13 src/led_indic.o
                0x008000e8                extra_led_state
                0x008000e9                wStartPos
                0x008000ea                shifterState
                0x008000eb                bufStartPos
                0x008000ec                led_data_buffer
                0x008000fa                raw_button_state
 COMMON         0x008000fb       0x12 src/menu.o
                0x008000fb                selectedMenuItemID
                0x008000fc                menuTimer
                0x00800100                cpoint1_copy
                0x00800101                cpoint2_copy
                0x00800102                userTimer
                0x00800106                selectedMenuFunctionRecord
 COMMON         0x0080010d        0x1 src/power_control.o
                0x0080010d                activeRollCycle
                0x0080010e                PROVIDE (__bss_end, .)
                0x00001970                __data_load_start = LOADADDR (.data)
                0x000019b2                __data_load_end = (__data_load_start + SIZEOF (.data))

.noinit         0x0080010e        0x0
                0x0080010e                PROVIDE (__noinit_start, .)
 *(.noinit*)
                0x0080010e                PROVIDE (__noinit_end, .)
                0x0080010e                _end = .
                0x0080010e                PROVIDE (__heap_start, .)

.eeprom         0x00810000        0xa
 *(.eeprom*)
 .eeprom        0x00810000        0xa src/control.o
                0x00810000                nvParams
                0x0081000a                __eeprom_end = .

.fuse
 *(.fuse)
 *(.lfuse)
 *(.hfuse)
 *(.efuse)

.lock
 *(.lock*)

.signature
 *(.signature*)

.user_signatures
 *(.user_signatures*)

.stab           0x00000000      0x7d4
 *(.stab)
 .stab          0x00000000      0x6cc c:/program files (x86)/atmel/atmel toolchain/avr8 gcc/native/3.4.2.876/avr8-gnu-toolchain/bin/../lib/gcc/avr/4.7.2/../../../../avr/lib/avr4/crtm8.o
 .stab          0x000006cc      0x108 c:/program files (x86)/atmel/atmel toolchain/avr8 gcc/native/3.4.2.876/avr8-gnu-toolchain/bin/../lib/gcc/avr/4.7.2/../../../../avr/lib/avr4\libc.a(eerd_block_atmega8.o)
                                0x114 (size before relaxing)

.stabstr        0x00000000       0xe3
 *(.stabstr)
 .stabstr       0x00000000       0xe3 c:/program files (x86)/atmel/atmel toolchain/avr8 gcc/native/3.4.2.876/avr8-gnu-toolchain/bin/../lib/gcc/avr/4.7.2/../../../../avr/lib/avr4/crtm8.o

.stab.excl
 *(.stab.excl)

.stab.exclstr
 *(.stab.exclstr)

.stab.index
 *(.stab.index)

.stab.indexstr
 *(.stab.indexstr)

.comment        0x00000000       0x2f
 *(.comment)
 .comment       0x00000000       0x2f src/adc.o
                                 0x30 (size before relaxing)
 .comment       0x00000000       0x30 src/buttons.o
 .comment       0x00000000       0x30 src/control.o
 .comment       0x00000000       0x30 src/led_indic.o
 .comment       0x00000000       0x30 src/led_indic_hw.o
 .comment       0x00000000       0x30 src/menu.o
 .comment       0x00000000       0x30 src/my_string.o
 .comment       0x00000000       0x30 src/pid1.o
 .comment       0x00000000       0x30 src/power_control.o
 .comment       0x00000000       0x30 src/soft_timer.o
 .comment       0x00000000       0x30 src/systimer.o
 .comment       0x00000000       0x30 src/usart.o

.debug
 *(.debug)

.line
 *(.line)

.debug_srcinfo
 *(.debug_srcinfo)

.debug_sfnames
 *(.debug_sfnames)

.debug_aranges  0x00000000      0x380
 *(.debug_aranges)
 .debug_aranges
                0x00000000       0x40 src/adc.o
 .debug_aranges
                0x00000040       0x20 src/buttons.o
 .debug_aranges
                0x00000060       0x48 src/control.o
 .debug_aranges
                0x000000a8       0x98 src/led_indic.o
 .debug_aranges
                0x00000140       0x48 src/led_indic_hw.o
 .debug_aranges
                0x00000188       0xd0 src/menu.o
 .debug_aranges
                0x00000258       0x20 src/my_string.o
 .debug_aranges
                0x00000278       0x28 src/pid1.o
 .debug_aranges
                0x000002a0       0x58 src/power_control.o
 .debug_aranges
                0x000002f8       0x20 src/soft_timer.o
 .debug_aranges
                0x00000318       0x40 src/systimer.o
 .debug_aranges
                0x00000358       0x28 src/usart.o

.debug_pubnames
 *(.debug_pubnames)

.debug_info     0x00000000     0x32a8
 *(.debug_info)
 .debug_info    0x00000000      0x227 src/adc.o
 .debug_info    0x00000227      0x16d src/buttons.o
 .debug_info    0x00000394      0x640 src/control.o
 .debug_info    0x000009d4      0x8c3 src/led_indic.o
 .debug_info    0x00001297      0x21c src/led_indic_hw.o
 .debug_info    0x000014b3      0xf6b src/menu.o
 .debug_info    0x0000241e       0xdc src/my_string.o
 .debug_info    0x000024fa      0x5ac src/pid1.o
 .debug_info    0x00002aa6      0x2f0 src/power_control.o
 .debug_info    0x00002d96      0x161 src/soft_timer.o
 .debug_info    0x00002ef7      0x2cf src/systimer.o
 .debug_info    0x000031c6       0xe2 src/usart.o
 *(.gnu.linkonce.wi.*)

.debug_abbrev   0x00000000     0x1133
 *(.debug_abbrev)
 .debug_abbrev  0x00000000      0x11a src/adc.o
 .debug_abbrev  0x0000011a       0x98 src/buttons.o
 .debug_abbrev  0x000001b2      0x1e8 src/control.o
 .debug_abbrev  0x0000039a      0x2bc src/led_indic.o
 .debug_abbrev  0x00000656      0x154 src/led_indic_hw.o
 .debug_abbrev  0x000007aa      0x2e5 src/menu.o
 .debug_abbrev  0x00000a8f       0x7a src/my_string.o
 .debug_abbrev  0x00000b09      0x170 src/pid1.o
 .debug_abbrev  0x00000c79      0x191 src/power_control.o
 .debug_abbrev  0x00000e0a       0xba src/soft_timer.o
 .debug_abbrev  0x00000ec4      0x1c1 src/systimer.o
 .debug_abbrev  0x00001085       0xae src/usart.o

.debug_line     0x00000000     0x1662
 *(.debug_line)
 .debug_line    0x00000000      0x151 src/adc.o
 .debug_line    0x00000151      0x11f src/buttons.o
 .debug_line    0x00000270      0x2f7 src/control.o
 .debug_line    0x00000567      0x382 src/led_indic.o
 .debug_line    0x000008e9      0x206 src/led_indic_hw.o
 .debug_line    0x00000aef      0x39f src/menu.o
 .debug_line    0x00000e8e       0xfd src/my_string.o
 .debug_line    0x00000f8b      0x1b6 src/pid1.o
 .debug_line    0x00001141      0x1d3 src/power_control.o
 .debug_line    0x00001314       0xfe src/soft_timer.o
 .debug_line    0x00001412      0x162 src/systimer.o
 .debug_line    0x00001574       0xee src/usart.o

.debug_frame    0x00000000      0x7d8
 *(.debug_frame)
 .debug_frame   0x00000000       0xd4 src/adc.o
 .debug_frame   0x000000d4       0x24 src/buttons.o
 .debug_frame   0x000000f8       0x8c src/control.o
 .debug_frame   0x00000184      0x158 src/led_indic.o
 .debug_frame   0x000002dc       0x74 src/led_indic_hw.o
 .debug_frame   0x00000350      0x210 src/menu.o
 .debug_frame   0x00000560       0x30 src/my_string.o
 .debug_frame   0x00000590       0x44 src/pid1.o
 .debug_frame   0x000005d4       0xf0 src/power_control.o
 .debug_frame   0x000006c4       0x24 src/soft_timer.o
 .debug_frame   0x000006e8       0xac src/systimer.o
 .debug_frame   0x00000794       0x44 src/usart.o

.debug_str      0x00000000      0xd49
 *(.debug_str)
 .debug_str     0x00000000      0x19c src/adc.o
                                0x1ee (size before relaxing)
 .debug_str     0x0000019c       0xeb src/buttons.o
                                0x1ab (size before relaxing)
 .debug_str     0x00000287      0x1f3 src/control.o
                                0x347 (size before relaxing)
 .debug_str     0x0000047a      0x336 src/led_indic.o
                                0x465 (size before relaxing)
 .debug_str     0x000007b0       0x22 src/led_indic_hw.o
                                0x1ab (size before relaxing)
 .debug_str     0x000007d2      0x36b src/menu.o
                                0x5c6 (size before relaxing)
 .debug_str     0x00000b3d       0x1d src/my_string.o
                                 0xef (size before relaxing)
 .debug_str     0x00000b5a       0x7a src/pid1.o
                                0x2d3 (size before relaxing)
 .debug_str     0x00000bd4       0xcb src/power_control.o
                                0x246 (size before relaxing)
 .debug_str     0x00000c9f       0x20 src/soft_timer.o
                                0x125 (size before relaxing)
 .debug_str     0x00000cbf       0x6b src/systimer.o
                                0x1cc (size before relaxing)
 .debug_str     0x00000d2a       0x1f src/usart.o
                                 0xdc (size before relaxing)

.debug_loc      0x00000000     0x1b17
 *(.debug_loc)
 .debug_loc     0x00000000      0x207 src/adc.o
 .debug_loc     0x00000207       0xe5 src/buttons.o
 .debug_loc     0x000002ec      0x1df src/control.o
 .debug_loc     0x000004cb      0x61a src/led_indic.o
 .debug_loc     0x00000ae5       0xeb src/led_indic_hw.o
 .debug_loc     0x00000bd0      0x91d src/menu.o
 .debug_loc     0x000014ed      0x186 src/my_string.o
 .debug_loc     0x00001673       0x6b src/pid1.o
 .debug_loc     0x000016de      0x1a7 src/power_control.o
 .debug_loc     0x00001885       0x47 src/soft_timer.o
 .debug_loc     0x000018cc      0x1ba src/systimer.o
 .debug_loc     0x00001a86       0x91 src/usart.o

.debug_macinfo
 *(.debug_macinfo)

.debug_pubtypes
 *(.debug_pubtypes)

.debug_ranges   0x00000000      0x328
 *(.debug_ranges)
 .debug_ranges  0x00000000       0x30 src/adc.o
 .debug_ranges  0x00000030       0x10 src/buttons.o
 .debug_ranges  0x00000040       0x38 src/control.o
 .debug_ranges  0x00000078       0xc0 src/led_indic.o
 .debug_ranges  0x00000138       0x38 src/led_indic_hw.o
 .debug_ranges  0x00000170       0xf0 src/menu.o
 .debug_ranges  0x00000260       0x10 src/my_string.o
 .debug_ranges  0x00000270       0x18 src/pid1.o
 .debug_ranges  0x00000288       0x48 src/power_control.o
 .debug_ranges  0x000002d0       0x10 src/soft_timer.o
 .debug_ranges  0x000002e0       0x30 src/systimer.o
 .debug_ranges  0x00000310       0x18 src/usart.o

.debug_macro
 *(.debug_macro)
OUTPUT(pid1.elf elf32-avr)
LOAD linker stubs
