Archive member included because of file (symbol)

c:/program files (x86)/atmel/atmel toolchain/avr8 gcc/native/3.4.2.876/avr8-gnu-toolchain/bin/../lib/gcc/avr/4.7.2/avr4\libgcc.a(_udivmodqi4.o)
                              src/led_indic.o (__udivmodqi4)
c:/program files (x86)/atmel/atmel toolchain/avr8 gcc/native/3.4.2.876/avr8-gnu-toolchain/bin/../lib/gcc/avr/4.7.2/avr4\libgcc.a(_udivmodhi4.o)
                              src/my_string.o (__udivmodhi4)
c:/program files (x86)/atmel/atmel toolchain/avr8 gcc/native/3.4.2.876/avr8-gnu-toolchain/bin/../lib/gcc/avr/4.7.2/avr4\libgcc.a(_divmodhi4.o)
                              src/control.o (__divmodhi4)
c:/program files (x86)/atmel/atmel toolchain/avr8 gcc/native/3.4.2.876/avr8-gnu-toolchain/bin/../lib/gcc/avr/4.7.2/avr4\libgcc.a(_udivmodsi4.o)
                              src/adc.o (__udivmodsi4)
c:/program files (x86)/atmel/atmel toolchain/avr8 gcc/native/3.4.2.876/avr8-gnu-toolchain/bin/../lib/gcc/avr/4.7.2/avr4\libgcc.a(_divmodsi4.o)
                              src/adc.o (__divmodsi4)
c:/program files (x86)/atmel/atmel toolchain/avr8 gcc/native/3.4.2.876/avr8-gnu-toolchain/bin/../lib/gcc/avr/4.7.2/avr4\libgcc.a(_exit.o)
                              c:/program files (x86)/atmel/atmel toolchain/avr8 gcc/native/3.4.2.876/avr8-gnu-toolchain/bin/../lib/gcc/avr/4.7.2/../../../../avr/lib/avr4/crtm8.o (exit)
c:/program files (x86)/atmel/atmel toolchain/avr8 gcc/native/3.4.2.876/avr8-gnu-toolchain/bin/../lib/gcc/avr/4.7.2/avr4\libgcc.a(_copy_data.o)
                              src/adc.o (__do_copy_data)
c:/program files (x86)/atmel/atmel toolchain/avr8 gcc/native/3.4.2.876/avr8-gnu-toolchain/bin/../lib/gcc/avr/4.7.2/avr4\libgcc.a(_clear_bss.o)
                              src/adc.o (__do_clear_bss)
c:/program files (x86)/atmel/atmel toolchain/avr8 gcc/native/3.4.2.876/avr8-gnu-toolchain/bin/../lib/gcc/avr/4.7.2/avr4\libgcc.a(_umulhisi3.o)
                              src/adc.o (__umulhisi3)
c:/program files (x86)/atmel/atmel toolchain/avr8 gcc/native/3.4.2.876/avr8-gnu-toolchain/bin/../lib/gcc/avr/4.7.2/avr4\libgcc.a(_usmulhisi3.o)
                              src/adc.o (__usmulhisi3)
c:/program files (x86)/atmel/atmel toolchain/avr8 gcc/native/3.4.2.876/avr8-gnu-toolchain/bin/../lib/gcc/avr/4.7.2/avr4\libgcc.a(_muluhisi3.o)
                              src/adc.o (__muluhisi3)
c:/program files (x86)/atmel/atmel toolchain/avr8 gcc/native/3.4.2.876/avr8-gnu-toolchain/bin/../lib/gcc/avr/4.7.2/../../../../avr/lib/avr4\libc.a(eerd_block_atmega8.o)
                              src/control.o (__eerd_block_m8)

Allocating common symbols
Common symbol       size              file

extra_led_state     0x1               src/led_indic.o
cpoint1             0x1               src/control.o
dbg_PID_output      0x2               src/control.o
PIDsampledADC       0x2               src/adc.o
raw_adc_buffer      0x14              src/adc.o
dbg_SetTempCelsius  0x1               src/control.o
wStartPos           0x1               src/led_indic.o
dbg_PID_p_term      0x2               src/control.o
dbg_RealTempPID     0x2               src/control.o
setup_temp_value    0x2               src/control.o
adc_normalized      0x2               src/adc.o
sound_enable        0x1               src/control.o
dbg_PID_i_term      0x2               src/control.o
rollCycleSet        0x1               src/control.o
pid_dterm_buffer    0x8               src/control.o
dbg_PID_d_term      0x2               src/control.o
shifterState        0x1               src/led_indic.o
bufStartPos         0x1               src/led_indic.o
led_data_buffer     0xe               src/led_indic.o
cpoint1_adc         0x2               src/control.o
power_off_timeout   0x1               src/control.o
adc_celsius         0x2               src/adc.o
dbg_RealTempCelsius
                    0x1               src/control.o
cpoint2_adc         0x2               src/control.o
dbg_SetTempPID      0x2               src/control.o
cpoint2             0x1               src/control.o
raw_button_state    0x1               src/led_indic.o

Discarded input sections

 .bss           0x00000000        0x0 c:/program files (x86)/atmel/atmel toolchain/avr8 gcc/native/3.4.2.876/avr8-gnu-toolchain/bin/../lib/gcc/avr/4.7.2/../../../../avr/lib/avr4/crtm8.o
 .text          0x00000000        0x0 src/adc.o
 .text          0x00000000        0x0 src/buttons.o
 .text          0x00000000        0x0 src/control.o
 .text          0x00000000        0x0 src/led_indic.o
 .text.setWindowStartPos
                0x00000000        0x8 src/led_indic.o
 .text.shiftWindowPosition
                0x00000000        0xe src/led_indic.o
 .text.setBufferStartPos
                0x00000000        0x8 src/led_indic.o
 .text.clearComma
                0x00000000       0x18 src/led_indic.o
 .text.toggleExtraLeds
                0x00000000        0xc src/led_indic.o
 .text          0x00000000        0x0 src/led_indic_hw.o
 .bss           0x00000000        0x0 src/led_indic_hw.o
 .text          0x00000000        0x0 src/menu.o
 .text          0x00000000        0x0 src/my_string.o
 .bss           0x00000000        0x0 src/my_string.o
 .text          0x00000000        0x0 src/pid1.o
 .bss           0x00000000        0x0 src/pid1.o
 .text          0x00000000        0x0 src/power_control.o
 .text          0x00000000        0x0 src/soft_timer.o
 .bss           0x00000000        0x0 src/soft_timer.o
 .text          0x00000000        0x0 src/systimer.o
 .text.SetBeeperPeriod
                0x00000000       0x24 src/systimer.o
 .text.StopBeep
                0x00000000       0x10 src/systimer.o
 .text          0x00000000        0x0 src/usart.o
 .bss           0x00000000        0x0 src/usart.o
 .text          0x00000000        0x0 c:/program files (x86)/atmel/atmel toolchain/avr8 gcc/native/3.4.2.876/avr8-gnu-toolchain/bin/../lib/gcc/avr/4.7.2/avr4\libgcc.a(_udivmodqi4.o)
 .bss           0x00000000        0x0 c:/program files (x86)/atmel/atmel toolchain/avr8 gcc/native/3.4.2.876/avr8-gnu-toolchain/bin/../lib/gcc/avr/4.7.2/avr4\libgcc.a(_udivmodqi4.o)
 .text.libgcc.mul
                0x00000000        0x0 c:/program files (x86)/atmel/atmel toolchain/avr8 gcc/native/3.4.2.876/avr8-gnu-toolchain/bin/../lib/gcc/avr/4.7.2/avr4\libgcc.a(_udivmodqi4.o)
 .text.libgcc   0x00000000        0x0 c:/program files (x86)/atmel/atmel toolchain/avr8 gcc/native/3.4.2.876/avr8-gnu-toolchain/bin/../lib/gcc/avr/4.7.2/avr4\libgcc.a(_udivmodqi4.o)
 .text.libgcc.prologue
                0x00000000        0x0 c:/program files (x86)/atmel/atmel toolchain/avr8 gcc/native/3.4.2.876/avr8-gnu-toolchain/bin/../lib/gcc/avr/4.7.2/avr4\libgcc.a(_udivmodqi4.o)
 .text.libgcc.builtins
                0x00000000        0x0 c:/program files (x86)/atmel/atmel toolchain/avr8 gcc/native/3.4.2.876/avr8-gnu-toolchain/bin/../lib/gcc/avr/4.7.2/avr4\libgcc.a(_udivmodqi4.o)
 .text.libgcc.fmul
                0x00000000        0x0 c:/program files (x86)/atmel/atmel toolchain/avr8 gcc/native/3.4.2.876/avr8-gnu-toolchain/bin/../lib/gcc/avr/4.7.2/avr4\libgcc.a(_udivmodqi4.o)
 .text          0x00000000        0x0 c:/program files (x86)/atmel/atmel toolchain/avr8 gcc/native/3.4.2.876/avr8-gnu-toolchain/bin/../lib/gcc/avr/4.7.2/avr4\libgcc.a(_udivmodhi4.o)
 .bss           0x00000000        0x0 c:/program files (x86)/atmel/atmel toolchain/avr8 gcc/native/3.4.2.876/avr8-gnu-toolchain/bin/../lib/gcc/avr/4.7.2/avr4\libgcc.a(_udivmodhi4.o)
 .text.libgcc.mul
                0x00000000        0x0 c:/program files (x86)/atmel/atmel toolchain/avr8 gcc/native/3.4.2.876/avr8-gnu-toolchain/bin/../lib/gcc/avr/4.7.2/avr4\libgcc.a(_udivmodhi4.o)
 .text.libgcc   0x00000000        0x0 c:/program files (x86)/atmel/atmel toolchain/avr8 gcc/native/3.4.2.876/avr8-gnu-toolchain/bin/../lib/gcc/avr/4.7.2/avr4\libgcc.a(_udivmodhi4.o)
 .text.libgcc.prologue
                0x00000000        0x0 c:/program files (x86)/atmel/atmel toolchain/avr8 gcc/native/3.4.2.876/avr8-gnu-toolchain/bin/../lib/gcc/avr/4.7.2/avr4\libgcc.a(_udivmodhi4.o)
 .text.libgcc.builtins
                0x00000000        0x0 c:/program files (x86)/atmel/atmel toolchain/avr8 gcc/native/3.4.2.876/avr8-gnu-toolchain/bin/../lib/gcc/avr/4.7.2/avr4\libgcc.a(_udivmodhi4.o)
 .text.libgcc.fmul
                0x00000000        0x0 c:/program files (x86)/atmel/atmel toolchain/avr8 gcc/native/3.4.2.876/avr8-gnu-toolchain/bin/../lib/gcc/avr/4.7.2/avr4\libgcc.a(_udivmodhi4.o)
 .text          0x00000000        0x0 c:/program files (x86)/atmel/atmel toolchain/avr8 gcc/native/3.4.2.876/avr8-gnu-toolchain/bin/../lib/gcc/avr/4.7.2/avr4\libgcc.a(_divmodhi4.o)
 .bss           0x00000000        0x0 c:/program files (x86)/atmel/atmel toolchain/avr8 gcc/native/3.4.2.876/avr8-gnu-toolchain/bin/../lib/gcc/avr/4.7.2/avr4\libgcc.a(_divmodhi4.o)
 .text.libgcc.mul
                0x00000000        0x0 c:/program files (x86)/atmel/atmel toolchain/avr8 gcc/native/3.4.2.876/avr8-gnu-toolchain/bin/../lib/gcc/avr/4.7.2/avr4\libgcc.a(_divmodhi4.o)
 .text.libgcc   0x00000000        0x0 c:/program files (x86)/atmel/atmel toolchain/avr8 gcc/native/3.4.2.876/avr8-gnu-toolchain/bin/../lib/gcc/avr/4.7.2/avr4\libgcc.a(_divmodhi4.o)
 .text.libgcc.prologue
                0x00000000        0x0 c:/program files (x86)/atmel/atmel toolchain/avr8 gcc/native/3.4.2.876/avr8-gnu-toolchain/bin/../lib/gcc/avr/4.7.2/avr4\libgcc.a(_divmodhi4.o)
 .text.libgcc.builtins
                0x00000000        0x0 c:/program files (x86)/atmel/atmel toolchain/avr8 gcc/native/3.4.2.876/avr8-gnu-toolchain/bin/../lib/gcc/avr/4.7.2/avr4\libgcc.a(_divmodhi4.o)
 .text.libgcc.fmul
                0x00000000        0x0 c:/program files (x86)/atmel/atmel toolchain/avr8 gcc/native/3.4.2.876/avr8-gnu-toolchain/bin/../lib/gcc/avr/4.7.2/avr4\libgcc.a(_divmodhi4.o)
 .text          0x00000000        0x0 c:/program files (x86)/atmel/atmel toolchain/avr8 gcc/native/3.4.2.876/avr8-gnu-toolchain/bin/../lib/gcc/avr/4.7.2/avr4\libgcc.a(_udivmodsi4.o)
 .bss           0x00000000        0x0 c:/program files (x86)/atmel/atmel toolchain/avr8 gcc/native/3.4.2.876/avr8-gnu-toolchain/bin/../lib/gcc/avr/4.7.2/avr4\libgcc.a(_udivmodsi4.o)
 .text.libgcc.mul
                0x00000000        0x0 c:/program files (x86)/atmel/atmel toolchain/avr8 gcc/native/3.4.2.876/avr8-gnu-toolchain/bin/../lib/gcc/avr/4.7.2/avr4\libgcc.a(_udivmodsi4.o)
 .text.libgcc   0x00000000        0x0 c:/program files (x86)/atmel/atmel toolchain/avr8 gcc/native/3.4.2.876/avr8-gnu-toolchain/bin/../lib/gcc/avr/4.7.2/avr4\libgcc.a(_udivmodsi4.o)
 .text.libgcc.prologue
                0x00000000        0x0 c:/program files (x86)/atmel/atmel toolchain/avr8 gcc/native/3.4.2.876/avr8-gnu-toolchain/bin/../lib/gcc/avr/4.7.2/avr4\libgcc.a(_udivmodsi4.o)
 .text.libgcc.builtins
                0x00000000        0x0 c:/program files (x86)/atmel/atmel toolchain/avr8 gcc/native/3.4.2.876/avr8-gnu-toolchain/bin/../lib/gcc/avr/4.7.2/avr4\libgcc.a(_udivmodsi4.o)
 .text.libgcc.fmul
                0x00000000        0x0 c:/program files (x86)/atmel/atmel toolchain/avr8 gcc/native/3.4.2.876/avr8-gnu-toolchain/bin/../lib/gcc/avr/4.7.2/avr4\libgcc.a(_udivmodsi4.o)
 .text          0x00000000        0x0 c:/program files (x86)/atmel/atmel toolchain/avr8 gcc/native/3.4.2.876/avr8-gnu-toolchain/bin/../lib/gcc/avr/4.7.2/avr4\libgcc.a(_divmodsi4.o)
 .bss           0x00000000        0x0 c:/program files (x86)/atmel/atmel toolchain/avr8 gcc/native/3.4.2.876/avr8-gnu-toolchain/bin/../lib/gcc/avr/4.7.2/avr4\libgcc.a(_divmodsi4.o)
 .text.libgcc.mul
                0x00000000        0x0 c:/program files (x86)/atmel/atmel toolchain/avr8 gcc/native/3.4.2.876/avr8-gnu-toolchain/bin/../lib/gcc/avr/4.7.2/avr4\libgcc.a(_divmodsi4.o)
 .text.libgcc   0x00000000        0x0 c:/program files (x86)/atmel/atmel toolchain/avr8 gcc/native/3.4.2.876/avr8-gnu-toolchain/bin/../lib/gcc/avr/4.7.2/avr4\libgcc.a(_divmodsi4.o)
 .text.libgcc.prologue
                0x00000000        0x0 c:/program files (x86)/atmel/atmel toolchain/avr8 gcc/native/3.4.2.876/avr8-gnu-toolchain/bin/../lib/gcc/avr/4.7.2/avr4\libgcc.a(_divmodsi4.o)
 .text.libgcc.builtins
                0x00000000        0x0 c:/program files (x86)/atmel/atmel toolchain/avr8 gcc/native/3.4.2.876/avr8-gnu-toolchain/bin/../lib/gcc/avr/4.7.2/avr4\libgcc.a(_divmodsi4.o)
 .text.libgcc.fmul
                0x00000000        0x0 c:/program files (x86)/atmel/atmel toolchain/avr8 gcc/native/3.4.2.876/avr8-gnu-toolchain/bin/../lib/gcc/avr/4.7.2/avr4\libgcc.a(_divmodsi4.o)
 .text          0x00000000        0x0 c:/program files (x86)/atmel/atmel toolchain/avr8 gcc/native/3.4.2.876/avr8-gnu-toolchain/bin/../lib/gcc/avr/4.7.2/avr4\libgcc.a(_exit.o)
 .bss           0x00000000        0x0 c:/program files (x86)/atmel/atmel toolchain/avr8 gcc/native/3.4.2.876/avr8-gnu-toolchain/bin/../lib/gcc/avr/4.7.2/avr4\libgcc.a(_exit.o)
 .text.libgcc.mul
                0x00000000        0x0 c:/program files (x86)/atmel/atmel toolchain/avr8 gcc/native/3.4.2.876/avr8-gnu-toolchain/bin/../lib/gcc/avr/4.7.2/avr4\libgcc.a(_exit.o)
 .text.libgcc.div
                0x00000000        0x0 c:/program files (x86)/atmel/atmel toolchain/avr8 gcc/native/3.4.2.876/avr8-gnu-toolchain/bin/../lib/gcc/avr/4.7.2/avr4\libgcc.a(_exit.o)
 .text.libgcc   0x00000000        0x0 c:/program files (x86)/atmel/atmel toolchain/avr8 gcc/native/3.4.2.876/avr8-gnu-toolchain/bin/../lib/gcc/avr/4.7.2/avr4\libgcc.a(_exit.o)
 .text.libgcc.prologue
                0x00000000        0x0 c:/program files (x86)/atmel/atmel toolchain/avr8 gcc/native/3.4.2.876/avr8-gnu-toolchain/bin/../lib/gcc/avr/4.7.2/avr4\libgcc.a(_exit.o)
 .text.libgcc.builtins
                0x00000000        0x0 c:/program files (x86)/atmel/atmel toolchain/avr8 gcc/native/3.4.2.876/avr8-gnu-toolchain/bin/../lib/gcc/avr/4.7.2/avr4\libgcc.a(_exit.o)
 .text.libgcc.fmul
                0x00000000        0x0 c:/program files (x86)/atmel/atmel toolchain/avr8 gcc/native/3.4.2.876/avr8-gnu-toolchain/bin/../lib/gcc/avr/4.7.2/avr4\libgcc.a(_exit.o)
 .text          0x00000000        0x0 c:/program files (x86)/atmel/atmel toolchain/avr8 gcc/native/3.4.2.876/avr8-gnu-toolchain/bin/../lib/gcc/avr/4.7.2/avr4\libgcc.a(_copy_data.o)
 .bss           0x00000000        0x0 c:/program files (x86)/atmel/atmel toolchain/avr8 gcc/native/3.4.2.876/avr8-gnu-toolchain/bin/../lib/gcc/avr/4.7.2/avr4\libgcc.a(_copy_data.o)
 .text.libgcc.mul
                0x00000000        0x0 c:/program files (x86)/atmel/atmel toolchain/avr8 gcc/native/3.4.2.876/avr8-gnu-toolchain/bin/../lib/gcc/avr/4.7.2/avr4\libgcc.a(_copy_data.o)
 .text.libgcc.div
                0x00000000        0x0 c:/program files (x86)/atmel/atmel toolchain/avr8 gcc/native/3.4.2.876/avr8-gnu-toolchain/bin/../lib/gcc/avr/4.7.2/avr4\libgcc.a(_copy_data.o)
 .text.libgcc   0x00000000        0x0 c:/program files (x86)/atmel/atmel toolchain/avr8 gcc/native/3.4.2.876/avr8-gnu-toolchain/bin/../lib/gcc/avr/4.7.2/avr4\libgcc.a(_copy_data.o)
 .text.libgcc.prologue
                0x00000000        0x0 c:/program files (x86)/atmel/atmel toolchain/avr8 gcc/native/3.4.2.876/avr8-gnu-toolchain/bin/../lib/gcc/avr/4.7.2/avr4\libgcc.a(_copy_data.o)
 .text.libgcc.builtins
                0x00000000        0x0 c:/program files (x86)/atmel/atmel toolchain/avr8 gcc/native/3.4.2.876/avr8-gnu-toolchain/bin/../lib/gcc/avr/4.7.2/avr4\libgcc.a(_copy_data.o)
 .text.libgcc.fmul
                0x00000000        0x0 c:/program files (x86)/atmel/atmel toolchain/avr8 gcc/native/3.4.2.876/avr8-gnu-toolchain/bin/../lib/gcc/avr/4.7.2/avr4\libgcc.a(_copy_data.o)
 .text          0x00000000        0x0 c:/program files (x86)/atmel/atmel toolchain/avr8 gcc/native/3.4.2.876/avr8-gnu-toolchain/bin/../lib/gcc/avr/4.7.2/avr4\libgcc.a(_clear_bss.o)
 .bss           0x00000000        0x0 c:/program files (x86)/atmel/atmel toolchain/avr8 gcc/native/3.4.2.876/avr8-gnu-toolchain/bin/../lib/gcc/avr/4.7.2/avr4\libgcc.a(_clear_bss.o)
 .text.libgcc.mul
                0x00000000        0x0 c:/program files (x86)/atmel/atmel toolchain/avr8 gcc/native/3.4.2.876/avr8-gnu-toolchain/bin/../lib/gcc/avr/4.7.2/avr4\libgcc.a(_clear_bss.o)
 .text.libgcc.div
                0x00000000        0x0 c:/program files (x86)/atmel/atmel toolchain/avr8 gcc/native/3.4.2.876/avr8-gnu-toolchain/bin/../lib/gcc/avr/4.7.2/avr4\libgcc.a(_clear_bss.o)
 .text.libgcc   0x00000000        0x0 c:/program files (x86)/atmel/atmel toolchain/avr8 gcc/native/3.4.2.876/avr8-gnu-toolchain/bin/../lib/gcc/avr/4.7.2/avr4\libgcc.a(_clear_bss.o)
 .text.libgcc.prologue
                0x00000000        0x0 c:/program files (x86)/atmel/atmel toolchain/avr8 gcc/native/3.4.2.876/avr8-gnu-toolchain/bin/../lib/gcc/avr/4.7.2/avr4\libgcc.a(_clear_bss.o)
 .text.libgcc.builtins
                0x00000000        0x0 c:/program files (x86)/atmel/atmel toolchain/avr8 gcc/native/3.4.2.876/avr8-gnu-toolchain/bin/../lib/gcc/avr/4.7.2/avr4\libgcc.a(_clear_bss.o)
 .text.libgcc.fmul
                0x00000000        0x0 c:/program files (x86)/atmel/atmel toolchain/avr8 gcc/native/3.4.2.876/avr8-gnu-toolchain/bin/../lib/gcc/avr/4.7.2/avr4\libgcc.a(_clear_bss.o)
 .text          0x00000000        0x0 c:/program files (x86)/atmel/atmel toolchain/avr8 gcc/native/3.4.2.876/avr8-gnu-toolchain/bin/../lib/gcc/avr/4.7.2/avr4\libgcc.a(_umulhisi3.o)
 .bss           0x00000000        0x0 c:/program files (x86)/atmel/atmel toolchain/avr8 gcc/native/3.4.2.876/avr8-gnu-toolchain/bin/../lib/gcc/avr/4.7.2/avr4\libgcc.a(_umulhisi3.o)
 .text.libgcc.div
                0x00000000        0x0 c:/program files (x86)/atmel/atmel toolchain/avr8 gcc/native/3.4.2.876/avr8-gnu-toolchain/bin/../lib/gcc/avr/4.7.2/avr4\libgcc.a(_umulhisi3.o)
 .text.libgcc   0x00000000        0x0 c:/program files (x86)/atmel/atmel toolchain/avr8 gcc/native/3.4.2.876/avr8-gnu-toolchain/bin/../lib/gcc/avr/4.7.2/avr4\libgcc.a(_umulhisi3.o)
 .text.libgcc.prologue
                0x00000000        0x0 c:/program files (x86)/atmel/atmel toolchain/avr8 gcc/native/3.4.2.876/avr8-gnu-toolchain/bin/../lib/gcc/avr/4.7.2/avr4\libgcc.a(_umulhisi3.o)
 .text.libgcc.builtins
                0x00000000        0x0 c:/program files (x86)/atmel/atmel toolchain/avr8 gcc/native/3.4.2.876/avr8-gnu-toolchain/bin/../lib/gcc/avr/4.7.2/avr4\libgcc.a(_umulhisi3.o)
 .text.libgcc.fmul
                0x00000000        0x0 c:/program files (x86)/atmel/atmel toolchain/avr8 gcc/native/3.4.2.876/avr8-gnu-toolchain/bin/../lib/gcc/avr/4.7.2/avr4\libgcc.a(_umulhisi3.o)
 .text          0x00000000        0x0 c:/program files (x86)/atmel/atmel toolchain/avr8 gcc/native/3.4.2.876/avr8-gnu-toolchain/bin/../lib/gcc/avr/4.7.2/avr4\libgcc.a(_usmulhisi3.o)
 .bss           0x00000000        0x0 c:/program files (x86)/atmel/atmel toolchain/avr8 gcc/native/3.4.2.876/avr8-gnu-toolchain/bin/../lib/gcc/avr/4.7.2/avr4\libgcc.a(_usmulhisi3.o)
 .text.libgcc.div
                0x00000000        0x0 c:/program files (x86)/atmel/atmel toolchain/avr8 gcc/native/3.4.2.876/avr8-gnu-toolchain/bin/../lib/gcc/avr/4.7.2/avr4\libgcc.a(_usmulhisi3.o)
 .text.libgcc   0x00000000        0x0 c:/program files (x86)/atmel/atmel toolchain/avr8 gcc/native/3.4.2.876/avr8-gnu-toolchain/bin/../lib/gcc/avr/4.7.2/avr4\libgcc.a(_usmulhisi3.o)
 .text.libgcc.prologue
                0x00000000        0x0 c:/program files (x86)/atmel/atmel toolchain/avr8 gcc/native/3.4.2.876/avr8-gnu-toolchain/bin/../lib/gcc/avr/4.7.2/avr4\libgcc.a(_usmulhisi3.o)
 .text.libgcc.builtins
                0x00000000        0x0 c:/program files (x86)/atmel/atmel toolchain/avr8 gcc/native/3.4.2.876/avr8-gnu-toolchain/bin/../lib/gcc/avr/4.7.2/avr4\libgcc.a(_usmulhisi3.o)
 .text.libgcc.fmul
                0x00000000        0x0 c:/program files (x86)/atmel/atmel toolchain/avr8 gcc/native/3.4.2.876/avr8-gnu-toolchain/bin/../lib/gcc/avr/4.7.2/avr4\libgcc.a(_usmulhisi3.o)
 .text          0x00000000        0x0 c:/program files (x86)/atmel/atmel toolchain/avr8 gcc/native/3.4.2.876/avr8-gnu-toolchain/bin/../lib/gcc/avr/4.7.2/avr4\libgcc.a(_muluhisi3.o)
 .bss           0x00000000        0x0 c:/program files (x86)/atmel/atmel toolchain/avr8 gcc/native/3.4.2.876/avr8-gnu-toolchain/bin/../lib/gcc/avr/4.7.2/avr4\libgcc.a(_muluhisi3.o)
 .text.libgcc.div
                0x00000000        0x0 c:/program files (x86)/atmel/atmel toolchain/avr8 gcc/native/3.4.2.876/avr8-gnu-toolchain/bin/../lib/gcc/avr/4.7.2/avr4\libgcc.a(_muluhisi3.o)
 .text.libgcc   0x00000000        0x0 c:/program files (x86)/atmel/atmel toolchain/avr8 gcc/native/3.4.2.876/avr8-gnu-toolchain/bin/../lib/gcc/avr/4.7.2/avr4\libgcc.a(_muluhisi3.o)
 .text.libgcc.prologue
                0x00000000        0x0 c:/program files (x86)/atmel/atmel toolchain/avr8 gcc/native/3.4.2.876/avr8-gnu-toolchain/bin/../lib/gcc/avr/4.7.2/avr4\libgcc.a(_muluhisi3.o)
 .text.libgcc.builtins
                0x00000000        0x0 c:/program files (x86)/atmel/atmel toolchain/avr8 gcc/native/3.4.2.876/avr8-gnu-toolchain/bin/../lib/gcc/avr/4.7.2/avr4\libgcc.a(_muluhisi3.o)
 .text.libgcc.fmul
                0x00000000        0x0 c:/program files (x86)/atmel/atmel toolchain/avr8 gcc/native/3.4.2.876/avr8-gnu-toolchain/bin/../lib/gcc/avr/4.7.2/avr4\libgcc.a(_muluhisi3.o)
 .text          0x00000000        0x0 c:/program files (x86)/atmel/atmel toolchain/avr8 gcc/native/3.4.2.876/avr8-gnu-toolchain/bin/../lib/gcc/avr/4.7.2/../../../../avr/lib/avr4\libc.a(eerd_block_atmega8.o)
 .bss           0x00000000        0x0 c:/program files (x86)/atmel/atmel toolchain/avr8 gcc/native/3.4.2.876/avr8-gnu-toolchain/bin/../lib/gcc/avr/4.7.2/../../../../avr/lib/avr4\libc.a(eerd_block_atmega8.o)

Memory Configuration

Name             Origin             Length             Attributes
text             0x00000000         0x00002000         xr
data             0x00800060         0x0000ffa0         rw !x
eeprom           0x00810000         0x00010000         rw !x
fuse             0x00820000         0x00000400         rw !x
lock             0x00830000         0x00000400         rw !x
signature        0x00840000         0x00000400         rw !x
user_signatures  0x00850000         0x00000400         rw !x
*default*        0x00000000         0xffffffff

Linker script and memory map

LOAD c:/program files (x86)/atmel/atmel toolchain/avr8 gcc/native/3.4.2.876/avr8-gnu-toolchain/bin/../lib/gcc/avr/4.7.2/../../../../avr/lib/avr4/crtm8.o
LOAD src/adc.o
LOAD src/buttons.o
LOAD src/control.o
LOAD src/led_indic.o
LOAD src/led_indic_hw.o
LOAD src/menu.o
LOAD src/my_string.o
LOAD src/pid1.o
LOAD src/power_control.o
LOAD src/soft_timer.o
LOAD src/systimer.o
LOAD src/usart.o
START GROUP
LOAD c:/program files (x86)/atmel/atmel toolchain/avr8 gcc/native/3.4.2.876/avr8-gnu-toolchain/bin/../lib/gcc/avr/4.7.2/../../../../avr/lib/avr4\libm.a
END GROUP
LOAD c:/program files (x86)/atmel/atmel toolchain/avr8 gcc/native/3.4.2.876/avr8-gnu-toolchain/bin/../lib/gcc/avr/4.7.2/avr4\libgcc.a
LOAD c:/program files (x86)/atmel/atmel toolchain/avr8 gcc/native/3.4.2.876/avr8-gnu-toolchain/bin/../lib/gcc/avr/4.7.2/../../../../avr/lib/avr4\libc.a
LOAD c:/program files (x86)/atmel/atmel toolchain/avr8 gcc/native/3.4.2.876/avr8-gnu-toolchain/bin/../lib/gcc/avr/4.7.2/avr4\libgcc.a

.hash
 *(.hash)

.dynsym
 *(.dynsym)

.dynstr
 *(.dynstr)

.gnu.version
 *(.gnu.version)

.gnu.version_d
 *(.gnu.version_d)

.gnu.version_r
 *(.gnu.version_r)

.rel.init
 *(.rel.init)

.rela.init
 *(.rela.init)

.rel.text
 *(.rel.text)
 *(.rel.text.*)
 *(.rel.gnu.linkonce.t*)

.rela.text
 *(.rela.text)
 *(.rela.text.*)
 *(.rela.gnu.linkonce.t*)

.rel.fini
 *(.rel.fini)

.rela.fini
 *(.rela.fini)

.rel.rodata
 *(.rel.rodata)
 *(.rel.rodata.*)
 *(.rel.gnu.linkonce.r*)

.rela.rodata
 *(.rela.rodata)
 *(.rela.rodata.*)
 *(.rela.gnu.linkonce.r*)

.rel.data
 *(.rel.data)
 *(.rel.data.*)
 *(.rel.gnu.linkonce.d*)

.rela.data
 *(.rela.data)
 *(.rela.data.*)
 *(.rela.gnu.linkonce.d*)

.rel.ctors
 *(.rel.ctors)

.rela.ctors
 *(.rela.ctors)

.rel.dtors
 *(.rel.dtors)

.rela.dtors
 *(.rela.dtors)

.rel.got
 *(.rel.got)

.rela.got
 *(.rela.got)

.rel.bss
 *(.rel.bss)

.rela.bss
 *(.rela.bss)

.rel.plt
 *(.rel.plt)

.rela.plt
 *(.rela.plt)

.text           0x00000000     0x1b44
 *(.vectors)
 .vectors       0x00000000       0x26 c:/program files (x86)/atmel/atmel toolchain/avr8 gcc/native/3.4.2.876/avr8-gnu-toolchain/bin/../lib/gcc/avr/4.7.2/../../../../avr/lib/avr4/crtm8.o
                0x00000000                __vector_default
                0x00000000                __vectors
 *(.vectors)
 *(.progmem.gcc*)
 *(.progmem*)
 .progmem.data  0x00000026      0x102 src/menu.o
                0x00000026                menuFunctionSet
                0x00000088                menuJumpSet
                0x00000128                . = ALIGN (0x2)
                0x00000128                __trampolines_start = .
 *(.trampolines)
 .trampolines   0x00000128        0x0 linker stubs
 *(.trampolines*)
                0x00000128                __trampolines_end = .
 *(.jumptables)
 *(.jumptables*)
 *(.lowtext)
 *(.lowtext*)
                0x00000128                __ctors_start = .
 *(.ctors)
                0x00000128                __ctors_end = .
                0x00000128                __dtors_start = .
 *(.dtors)
                0x00000128                __dtors_end = .
 SORT(*)(.ctors)
 SORT(*)(.dtors)
 *(.init0)
 .init0         0x00000128        0x0 c:/program files (x86)/atmel/atmel toolchain/avr8 gcc/native/3.4.2.876/avr8-gnu-toolchain/bin/../lib/gcc/avr/4.7.2/../../../../avr/lib/avr4/crtm8.o
                0x00000128                __init
 *(.init0)
 *(.init1)
 *(.init1)
 *(.init2)
 .init2         0x00000128        0xc c:/program files (x86)/atmel/atmel toolchain/avr8 gcc/native/3.4.2.876/avr8-gnu-toolchain/bin/../lib/gcc/avr/4.7.2/../../../../avr/lib/avr4/crtm8.o
 *(.init2)
 *(.init3)
 *(.init3)
 *(.init4)
 .init4         0x00000134       0x16 c:/program files (x86)/atmel/atmel toolchain/avr8 gcc/native/3.4.2.876/avr8-gnu-toolchain/bin/../lib/gcc/avr/4.7.2/avr4\libgcc.a(_copy_data.o)
                0x00000134                __do_copy_data
 .init4         0x0000014a       0x10 c:/program files (x86)/atmel/atmel toolchain/avr8 gcc/native/3.4.2.876/avr8-gnu-toolchain/bin/../lib/gcc/avr/4.7.2/avr4\libgcc.a(_clear_bss.o)
                0x0000014a                __do_clear_bss
 *(.init4)
 *(.init5)
 *(.init5)
 *(.init6)
 *(.init6)
 *(.init7)
 *(.init7)
 *(.init8)
 *(.init8)
 *(.init9)
 .init9         0x0000015a        0x4 c:/program files (x86)/atmel/atmel toolchain/avr8 gcc/native/3.4.2.876/avr8-gnu-toolchain/bin/../lib/gcc/avr/4.7.2/../../../../avr/lib/avr4/crtm8.o
 *(.init9)
 *(.text)
 .text          0x0000015e        0x2 c:/program files (x86)/atmel/atmel toolchain/avr8 gcc/native/3.4.2.876/avr8-gnu-toolchain/bin/../lib/gcc/avr/4.7.2/../../../../avr/lib/avr4/crtm8.o
                0x0000015e                __vector_1
                0x0000015e                __vector_12
                0x0000015e                __bad_interrupt
                0x0000015e                __vector_6
                0x0000015e                __vector_11
                0x0000015e                __vector_13
                0x0000015e                __vector_17
                0x0000015e                __vector_7
                0x0000015e                __vector_5
                0x0000015e                __vector_4
                0x0000015e                __vector_2
                0x0000015e                __vector_15
                0x0000015e                __vector_8
                0x0000015e                __vector_10
                0x0000015e                __vector_18
                0x00000160                . = ALIGN (0x2)
 *(.text.*)
 .text.conv_ADC_to_Celsius
                0x00000160       0x42 src/adc.o
                0x00000160                conv_ADC_to_Celsius
 .text.conv_Celsius_to_ADC
                0x000001a2       0x42 src/adc.o
                0x000001a2                conv_Celsius_to_ADC
 .text.calculateCoeffs
                0x000001e4       0x9a src/adc.o
                0x000001e4                calculateCoeffs
 .text.update_normalized_adc
                0x0000027e       0x36 src/adc.o
                0x0000027e                update_normalized_adc
 .text.addToRingU16
                0x000002b4       0xa2 src/adc.o
                0x000002b4                addToRingU16
 .text.__vector_14
                0x00000356       0x56 src/adc.o
                0x00000356                __vector_14
 .text.getNormalizedRingU16
                0x000003ac       0x18 src/adc.o
                0x000003ac                getNormalizedRingU16
 .text.process_buttons
                0x000003c4       0xc2 src/buttons.o
                0x000003c4                process_buttons
 .text.processRollControl
                0x00000486      0x11a src/control.o
                0x00000486                processRollControl
 .text.processPID
                0x000005a0      0x100 src/control.o
                0x000005a0                processPID
 .text.processHeaterControl
                0x000006a0       0xfe src/control.o
                0x000006a0                processHeaterControl
 .text.restoreGlobalParams
                0x0000079e       0x74 src/control.o
                0x0000079e                restoreGlobalParams
 .text.exitPowerOff
                0x00000812        0x2 src/control.o
                0x00000812                exitPowerOff
 .text.decode_led_char
                0x00000814       0xe6 src/led_indic.o
 .text.wrap_led_buffer_index
                0x000008fa       0x20 src/led_indic.o
 .text.processLedIndicator
                0x0000091a       0xc0 src/led_indic.o
                0x0000091a                processLedIndicator
 .text.fillLedBuffer
                0x000009da       0x48 src/led_indic.o
                0x000009da                fillLedBuffer
 .text.startShiftingWindowLeft
                0x00000a22       0x1c src/led_indic.o
                0x00000a22                startShiftingWindowLeft
 .text.startShiftingWindowRight
                0x00000a3e       0x1c src/led_indic.o
                0x00000a3e                startShiftingWindowRight
 .text.initLedIndicator
                0x00000a5a       0x46 src/led_indic.o
                0x00000a5a                initLedIndicator
 .text.printLedBuffer
                0x00000aa0       0x74 src/led_indic.o
                0x00000aa0                printLedBuffer
 .text.setComma
                0x00000b14       0x18 src/led_indic.o
                0x00000b14                setComma
 .text.setExtraLeds
                0x00000b2c        0xc src/led_indic.o
                0x00000b2c                setExtraLeds
 .text.clearExtraLeds
                0x00000b38        0xe src/led_indic.o
                0x00000b38                clearExtraLeds
 .text.led_clock_pulse
                0x00000b46       0x20 src/led_indic_hw.o
                0x00000b46                led_clock_pulse
 .text.set_led_segments
                0x00000b66       0x1c src/led_indic_hw.o
                0x00000b66                set_led_segments
 .text.enable_led_segments_pullups
                0x00000b82        0xe src/led_indic_hw.o
                0x00000b82                enable_led_segments_pullups
 .text.enable_led_segments
                0x00000b90        0xe src/led_indic_hw.o
                0x00000b90                enable_led_segments
 .text.disable_led_segments
                0x00000b9e        0xe src/led_indic_hw.o
                0x00000b9e                disable_led_segments
 .text.capture_button_state
                0x00000bac       0x16 src/led_indic_hw.o
                0x00000bac                capture_button_state
 .text.processItemFunction
                0x00000bc2        0xa src/menu.o
 .text.mf_setTempLeave
                0x00000bcc        0xc src/menu.o
                0x00000bcc                mf_setTempLeave
 .text.mf_leafSelectAct
                0x00000bd8       0x1c src/menu.o
                0x00000bd8                mf_leafSelectAct
 .text.mf_leafExit
                0x00000bf4        0xc src/menu.o
                0x00000bf4                mf_leafExit
 .text.mf_cdoneDo
                0x00000c00        0x8 src/menu.o
                0x00000c00                mf_cdoneDo
 .text.mf_actpoffDo
                0x00000c08       0x48 src/menu.o
                0x00000c08                mf_actpoffDo
 .text.mf_cdone2Select
                0x00000c50       0x1a src/menu.o
                0x00000c50                mf_cdone2Select
 .text.mf_cdone1Select
                0x00000c6a       0x1a src/menu.o
                0x00000c6a                mf_cdone1Select
 .text.mf_autopoffDo
                0x00000c84       0xa2 src/menu.o
                0x00000c84                mf_autopoffDo
 .text.mf_realTempDo
                0x00000d26       0x56 src/menu.o
                0x00000d26                mf_realTempDo
 .text.mf_calib2Do
                0x00000d7c       0x92 src/menu.o
                0x00000d7c                mf_calib2Do
 .text.mf_calib1Do
                0x00000e0e       0x92 src/menu.o
                0x00000e0e                mf_calib1Do
 .text.mf_actpoffLeave
                0x00000ea0        0x8 src/menu.o
                0x00000ea0                mf_actpoffLeave
 .text.mf_actpoffSelect
                0x00000ea8        0xc src/menu.o
                0x00000ea8                mf_actpoffSelect
 .text.mf_leafSelect
                0x00000eb4       0x10 src/menu.o
                0x00000eb4                mf_leafSelect
 .text.mf_calibSelect
                0x00000ec4       0x14 src/menu.o
                0x00000ec4                mf_calibSelect
 .text.mf_rollLeave
                0x00000ed8       0x10 src/menu.o
                0x00000ed8                mf_rollLeave
 .text.mf_setTempSelect
                0x00000ee8        0x6 src/menu.o
                0x00000ee8                mf_setTempSelect
 .text.mf_realTempLeave
                0x00000eee        0x4 src/menu.o
                0x00000eee                mf_realTempLeave
 .text.mf_sndenDo
                0x00000ef2       0x8a src/menu.o
                0x00000ef2                mf_sndenDo
 .text.mf_rollDo
                0x00000f7c       0xca src/menu.o
                0x00000f7c                mf_rollDo
 .text.mf_rollSelect
                0x00001046        0x6 src/menu.o
                0x00001046                mf_rollSelect
 .text.mf_setTempDo
                0x0000104c       0xa8 src/menu.o
                0x0000104c                mf_setTempDo
 .text.mf_realTempSelect
                0x000010f4        0xa src/menu.o
                0x000010f4                mf_realTempSelect
 .text.getMenuFunctionRecord.constprop.0
                0x000010fe       0x6c src/menu.o
 .text.InitMenu
                0x0000116a       0x12 src/menu.o
                0x0000116a                InitMenu
 .text.processMenu
                0x0000117c       0xfe src/menu.o
                0x0000117c                processMenu
 .text.u16toa_align_right
                0x0000127a       0x40 src/my_string.o
                0x0000127a                u16toa_align_right
 .text.init_system_io
                0x000012ba       0x62 src/pid1.o
                0x000012ba                init_system_io
 .text.startup.main
                0x0000131c      0x226 src/pid1.o
                0x0000131c                main
 .text.setHeaterControl
                0x00001542       0x1c src/power_control.o
                0x00001542                setHeaterControl
 .text.forceHeaterControlUpdate
                0x0000155e       0x1a src/power_control.o
                0x0000155e                forceHeaterControlUpdate
 .text.setMotorDirection
                0x00001578       0x3c src/power_control.o
                0x00001578                setMotorDirection
 .text.stopCycleRolling
                0x000015b4       0x38 src/power_control.o
                0x000015b4                stopCycleRolling
 .text.isTopPointValid
                0x000015ec       0x20 src/power_control.o
                0x000015ec                isTopPointValid
 .text.isBottomPointValid
                0x0000160c       0x20 src/power_control.o
                0x0000160c                isBottomPointValid
 .text.startCycleRolling
                0x0000162c       0x30 src/power_control.o
                0x0000162c                startCycleRolling
 .text.__vector_16
                0x0000165c       0x44 src/power_control.o
                0x0000165c                __vector_16
 .text.__vector_9
                0x000016a0      0x1e0 src/power_control.o
                0x000016a0                __vector_9
 .text.processSoftTimer8b
                0x00001880       0x58 src/soft_timer.o
                0x00001880                processSoftTimer8b
 .text.SetBeeperFreq
                0x000018d8       0x40 src/systimer.o
                0x000018d8                SetBeeperFreq
 .text.StartBeep
                0x00001918       0x18 src/systimer.o
                0x00001918                StartBeep
 .text.resetAutoPowerOffCounter
                0x00001930        0xe src/systimer.o
                0x00001930                resetAutoPowerOffCounter
 .text.processAutoPowerOff
                0x0000193e       0x32 src/systimer.o
                0x0000193e                processAutoPowerOff
 .text.__vector_3
                0x00001970       0x6a src/systimer.o
                0x00001970                __vector_3
 .text.USART_send
                0x000019da        0xa src/usart.o
                0x000019da                USART_send
 .text.USART_sendstr
                0x000019e4       0x24 src/usart.o
                0x000019e4                USART_sendstr
 .text.libgcc.div
                0x00001a08       0x18 c:/program files (x86)/atmel/atmel toolchain/avr8 gcc/native/3.4.2.876/avr8-gnu-toolchain/bin/../lib/gcc/avr/4.7.2/avr4\libgcc.a(_udivmodqi4.o)
                0x00001a08                __udivmodqi4
 .text.libgcc.div
                0x00001a20       0x28 c:/program files (x86)/atmel/atmel toolchain/avr8 gcc/native/3.4.2.876/avr8-gnu-toolchain/bin/../lib/gcc/avr/4.7.2/avr4\libgcc.a(_udivmodhi4.o)
                0x00001a20                __udivmodhi4
 .text.libgcc.div
                0x00001a48       0x26 c:/program files (x86)/atmel/atmel toolchain/avr8 gcc/native/3.4.2.876/avr8-gnu-toolchain/bin/../lib/gcc/avr/4.7.2/avr4\libgcc.a(_divmodhi4.o)
                0x00001a48                _div
                0x00001a48                __divmodhi4
 .text.libgcc.div
                0x00001a6e       0x44 c:/program files (x86)/atmel/atmel toolchain/avr8 gcc/native/3.4.2.876/avr8-gnu-toolchain/bin/../lib/gcc/avr/4.7.2/avr4\libgcc.a(_udivmodsi4.o)
                0x00001a6e                __udivmodsi4
 .text.libgcc.div
                0x00001ab2       0x36 c:/program files (x86)/atmel/atmel toolchain/avr8 gcc/native/3.4.2.876/avr8-gnu-toolchain/bin/../lib/gcc/avr/4.7.2/avr4\libgcc.a(_divmodsi4.o)
                0x00001ab2                __divmodsi4
 .text.libgcc.mul
                0x00001ae8       0x18 c:/program files (x86)/atmel/atmel toolchain/avr8 gcc/native/3.4.2.876/avr8-gnu-toolchain/bin/../lib/gcc/avr/4.7.2/avr4\libgcc.a(_umulhisi3.o)
                0x00001ae8                __umulhisi3
 .text.libgcc.mul
                0x00001b00        0xc c:/program files (x86)/atmel/atmel toolchain/avr8 gcc/native/3.4.2.876/avr8-gnu-toolchain/bin/../lib/gcc/avr/4.7.2/avr4\libgcc.a(_usmulhisi3.o)
                0x00001b00                __usmulhisi3
                0x00001b02                __usmulhisi3_tail
 .text.libgcc.mul
                0x00001b0c       0x14 c:/program files (x86)/atmel/atmel toolchain/avr8 gcc/native/3.4.2.876/avr8-gnu-toolchain/bin/../lib/gcc/avr/4.7.2/avr4\libgcc.a(_muluhisi3.o)
                0x00001b0c                __muluhisi3
 .text.avr-libc
                0x00001b20       0x20 c:/program files (x86)/atmel/atmel toolchain/avr8 gcc/native/3.4.2.876/avr8-gnu-toolchain/bin/../lib/gcc/avr/4.7.2/../../../../avr/lib/avr4\libc.a(eerd_block_atmega8.o)
                0x00001b20                __eerd_block_m8
                0x00001b24                __eerd_blraw_m8
                0x00001b40                . = ALIGN (0x2)
 *(.fini9)
 .fini9         0x00001b40        0x0 c:/program files (x86)/atmel/atmel toolchain/avr8 gcc/native/3.4.2.876/avr8-gnu-toolchain/bin/../lib/gcc/avr/4.7.2/avr4\libgcc.a(_exit.o)
                0x00001b40                _exit
                0x00001b40                exit
 *(.fini9)
 *(.fini8)
 *(.fini8)
 *(.fini7)
 *(.fini7)
 *(.fini6)
 *(.fini6)
 *(.fini5)
 *(.fini5)
 *(.fini4)
 *(.fini4)
 *(.fini3)
 *(.fini3)
 *(.fini2)
 *(.fini2)
 *(.fini1)
 *(.fini1)
 *(.fini0)
 .fini0         0x00001b40        0x4 c:/program files (x86)/atmel/atmel toolchain/avr8 gcc/native/3.4.2.876/avr8-gnu-toolchain/bin/../lib/gcc/avr/4.7.2/avr4\libgcc.a(_exit.o)
 *(.fini0)
                0x00001b44                _etext = .

.data           0x00800060       0x64 load address 0x00001b44
                0x00800060                PROVIDE (__data_start, .)
 *(.data)
 .data          0x00800060        0x0 c:/program files (x86)/atmel/atmel toolchain/avr8 gcc/native/3.4.2.876/avr8-gnu-toolchain/bin/../lib/gcc/avr/4.7.2/../../../../avr/lib/avr4/crtm8.o
 .data          0x00800060        0x9 src/adc.o
                0x00800060                ringBufADC
 .data          0x00800069        0x1 src/buttons.o
 .data          0x0080006a        0xa src/control.o
                0x0080006a                ringBufDterm
 .data          0x00800074        0x0 src/led_indic.o
 .data          0x00800074        0x0 src/led_indic_hw.o
 .data          0x00800074        0x4 src/menu.o
 .data          0x00800078        0x0 src/my_string.o
 .data          0x00800078        0x0 src/pid1.o
 .data          0x00800078        0x1 src/power_control.o
                0x00800078                p_state
 .data          0x00800079        0x0 src/soft_timer.o
 .data          0x00800079        0x4 src/systimer.o
                0x00800079                menuUpdateTimer
 .data          0x0080007d        0x0 src/usart.o
 .data          0x0080007d        0x0 c:/program files (x86)/atmel/atmel toolchain/avr8 gcc/native/3.4.2.876/avr8-gnu-toolchain/bin/../lib/gcc/avr/4.7.2/avr4\libgcc.a(_udivmodqi4.o)
 .data          0x0080007d        0x0 c:/program files (x86)/atmel/atmel toolchain/avr8 gcc/native/3.4.2.876/avr8-gnu-toolchain/bin/../lib/gcc/avr/4.7.2/avr4\libgcc.a(_udivmodhi4.o)
 .data          0x0080007d        0x0 c:/program files (x86)/atmel/atmel toolchain/avr8 gcc/native/3.4.2.876/avr8-gnu-toolchain/bin/../lib/gcc/avr/4.7.2/avr4\libgcc.a(_divmodhi4.o)
 .data          0x0080007d        0x0 c:/program files (x86)/atmel/atmel toolchain/avr8 gcc/native/3.4.2.876/avr8-gnu-toolchain/bin/../lib/gcc/avr/4.7.2/avr4\libgcc.a(_udivmodsi4.o)
 .data          0x0080007d        0x0 c:/program files (x86)/atmel/atmel toolchain/avr8 gcc/native/3.4.2.876/avr8-gnu-toolchain/bin/../lib/gcc/avr/4.7.2/avr4\libgcc.a(_divmodsi4.o)
 .data          0x0080007d        0x0 c:/program files (x86)/atmel/atmel toolchain/avr8 gcc/native/3.4.2.876/avr8-gnu-toolchain/bin/../lib/gcc/avr/4.7.2/avr4\libgcc.a(_exit.o)
 .data          0x0080007d        0x0 c:/program files (x86)/atmel/atmel toolchain/avr8 gcc/native/3.4.2.876/avr8-gnu-toolchain/bin/../lib/gcc/avr/4.7.2/avr4\libgcc.a(_copy_data.o)
 .data          0x0080007d        0x0 c:/program files (x86)/atmel/atmel toolchain/avr8 gcc/native/3.4.2.876/avr8-gnu-toolchain/bin/../lib/gcc/avr/4.7.2/avr4\libgcc.a(_clear_bss.o)
 .data          0x0080007d        0x0 c:/program files (x86)/atmel/atmel toolchain/avr8 gcc/native/3.4.2.876/avr8-gnu-toolchain/bin/../lib/gcc/avr/4.7.2/avr4\libgcc.a(_umulhisi3.o)
 .data          0x0080007d        0x0 c:/program files (x86)/atmel/atmel toolchain/avr8 gcc/native/3.4.2.876/avr8-gnu-toolchain/bin/../lib/gcc/avr/4.7.2/avr4\libgcc.a(_usmulhisi3.o)
 .data          0x0080007d        0x0 c:/program files (x86)/atmel/atmel toolchain/avr8 gcc/native/3.4.2.876/avr8-gnu-toolchain/bin/../lib/gcc/avr/4.7.2/avr4\libgcc.a(_muluhisi3.o)
 .data          0x0080007d        0x0 c:/program files (x86)/atmel/atmel toolchain/avr8 gcc/native/3.4.2.876/avr8-gnu-toolchain/bin/../lib/gcc/avr/4.7.2/../../../../avr/lib/avr4\libc.a(eerd_block_atmega8.o)
 *(.data*)
 *(.rodata)
 .rodata        0x0080007d       0x31 src/menu.o
 *(.rodata*)
 .rodata.str1.1
                0x008000ae        0x7 src/menu.o
 .rodata.str1.1
                0x008000b5        0xf src/pid1.o
 *(.gnu.linkonce.d*)
                0x008000c4                . = ALIGN (0x2)
                0x008000c4                _edata = .
                0x008000c4                PROVIDE (__data_end, .)

.bss            0x008000c4       0x90
                0x008000c4                PROVIDE (__bss_start, .)
 *(.bss)
 .bss           0x008000c4        0x8 src/adc.o
 .bss           0x008000cc        0x8 src/buttons.o
                0x008000cc                button_action_long
                0x008000cd                button_action_up_short
                0x008000ce                button_action_rep
                0x008000cf                button_action_down
                0x008000d0                button_state
 .bss           0x008000d4        0xa src/control.o
 .bss           0x008000de        0x6 src/led_indic.o
 .bss           0x008000e4        0xe src/menu.o
 .bss           0x008000f2        0xe src/power_control.o
                0x008000f2                activeRollCycle
                0x008000f3                rollState
                0x008000f4                heater_reg_cnt
                0x008000f5                heaterState
                0x008000f6                ctrl_heater
 .bss           0x00800100        0x6 src/systimer.o
                0x00800100                minute_counter
                0x00800101                autoPowerOffState
 *(.bss*)
 *(COMMON)
 COMMON         0x00800106       0x1a src/adc.o
                0x00800106                PIDsampledADC
                0x00800108                raw_adc_buffer
                0x0080011c                adc_normalized
                0x0080011e                adc_celsius
 COMMON         0x00800120       0x21 src/control.o
                0x00800120                cpoint1
                0x00800121                dbg_PID_output
                0x00800123                dbg_SetTempCelsius
                0x00800124                dbg_PID_p_term
                0x00800126                dbg_RealTempPID
                0x00800128                setup_temp_value
                0x0080012a                sound_enable
                0x0080012b                dbg_PID_i_term
                0x0080012d                rollCycleSet
                0x0080012e                pid_dterm_buffer
                0x00800136                dbg_PID_d_term
                0x00800138                cpoint1_adc
                0x0080013a                power_off_timeout
                0x0080013b                dbg_RealTempCelsius
                0x0080013c                cpoint2_adc
                0x0080013e                dbg_SetTempPID
                0x00800140                cpoint2
 COMMON         0x00800141       0x13 src/led_indic.o
                0x00800141                extra_led_state
                0x00800142                wStartPos
                0x00800143                shifterState
                0x00800144                bufStartPos
                0x00800145                led_data_buffer
                0x00800153                raw_button_state
                0x00800154                PROVIDE (__bss_end, .)
                0x00001b44                __data_load_start = LOADADDR (.data)
                0x00001ba8                __data_load_end = (__data_load_start + SIZEOF (.data))

.noinit         0x00800154        0x0
                0x00800154                PROVIDE (__noinit_start, .)
 *(.noinit*)
                0x00800154                PROVIDE (__noinit_end, .)
                0x00800154                _end = .
                0x00800154                PROVIDE (__heap_start, .)

.eeprom         0x00810000        0xa
 *(.eeprom*)
 .eeprom        0x00810000        0xa src/control.o
                0x00810000                nvParams
                0x0081000a                __eeprom_end = .

.fuse
 *(.fuse)
 *(.lfuse)
 *(.hfuse)
 *(.efuse)

.lock
 *(.lock*)

.signature
 *(.signature*)

.user_signatures
 *(.user_signatures*)

.stab           0x00000000      0x7d4
 *(.stab)
 .stab          0x00000000      0x6cc c:/program files (x86)/atmel/atmel toolchain/avr8 gcc/native/3.4.2.876/avr8-gnu-toolchain/bin/../lib/gcc/avr/4.7.2/../../../../avr/lib/avr4/crtm8.o
 .stab          0x000006cc      0x108 c:/program files (x86)/atmel/atmel toolchain/avr8 gcc/native/3.4.2.876/avr8-gnu-toolchain/bin/../lib/gcc/avr/4.7.2/../../../../avr/lib/avr4\libc.a(eerd_block_atmega8.o)
                                0x114 (size before relaxing)

.stabstr        0x00000000       0xe3
 *(.stabstr)
 .stabstr       0x00000000       0xe3 c:/program files (x86)/atmel/atmel toolchain/avr8 gcc/native/3.4.2.876/avr8-gnu-toolchain/bin/../lib/gcc/avr/4.7.2/../../../../avr/lib/avr4/crtm8.o

.stab.excl
 *(.stab.excl)

.stab.exclstr
 *(.stab.exclstr)

.stab.index
 *(.stab.index)

.stab.indexstr
 *(.stab.indexstr)

.comment        0x00000000       0x2f
 *(.comment)
 .comment       0x00000000       0x2f src/adc.o
                                 0x30 (size before relaxing)
 .comment       0x00000000       0x30 src/buttons.o
 .comment       0x00000000       0x30 src/control.o
 .comment       0x00000000       0x30 src/led_indic.o
 .comment       0x00000000       0x30 src/led_indic_hw.o
 .comment       0x00000000       0x30 src/menu.o
 .comment       0x00000000       0x30 src/my_string.o
 .comment       0x00000000       0x30 src/pid1.o
 .comment       0x00000000       0x30 src/power_control.o
 .comment       0x00000000       0x30 src/soft_timer.o
 .comment       0x00000000       0x30 src/systimer.o
 .comment       0x00000000       0x30 src/usart.o

.debug
 *(.debug)

.line
 *(.line)

.debug_srcinfo
 *(.debug_srcinfo)

.debug_sfnames
 *(.debug_sfnames)

.debug_aranges  0x00000000      0x3c0
 *(.debug_aranges)
 .debug_aranges
                0x00000000       0x50 src/adc.o
 .debug_aranges
                0x00000050       0x20 src/buttons.o
 .debug_aranges
                0x00000070       0x40 src/control.o
 .debug_aranges
                0x000000b0       0x98 src/led_indic.o
 .debug_aranges
                0x00000148       0x48 src/led_indic_hw.o
 .debug_aranges
                0x00000190       0xf0 src/menu.o
 .debug_aranges
                0x00000280       0x20 src/my_string.o
 .debug_aranges
                0x000002a0       0x28 src/pid1.o
 .debug_aranges
                0x000002c8       0x60 src/power_control.o
 .debug_aranges
                0x00000328       0x20 src/soft_timer.o
 .debug_aranges
                0x00000348       0x50 src/systimer.o
 .debug_aranges
                0x00000398       0x28 src/usart.o

.debug_pubnames
 *(.debug_pubnames)

.debug_info     0x00000000     0x39ed
 *(.debug_info)
 .debug_info    0x00000000      0x32e src/adc.o
 .debug_info    0x0000032e      0x16d src/buttons.o
 .debug_info    0x0000049b      0x7d7 src/control.o
 .debug_info    0x00000c72      0x8c1 src/led_indic.o
 .debug_info    0x00001533      0x21c src/led_indic_hw.o
 .debug_info    0x0000174f      0xf77 src/menu.o
 .debug_info    0x000026c6       0xda src/my_string.o
 .debug_info    0x000027a0      0x8f6 src/pid1.o
 .debug_info    0x00003096      0x3cc src/power_control.o
 .debug_info    0x00003462      0x161 src/soft_timer.o
 .debug_info    0x000035c3      0x348 src/systimer.o
 .debug_info    0x0000390b       0xe2 src/usart.o
 *(.gnu.linkonce.wi.*)

.debug_abbrev   0x00000000     0x134b
 *(.debug_abbrev)
 .debug_abbrev  0x00000000      0x1a5 src/adc.o
 .debug_abbrev  0x000001a5       0x98 src/buttons.o
 .debug_abbrev  0x0000023d      0x231 src/control.o
 .debug_abbrev  0x0000046e      0x2a9 src/led_indic.o
 .debug_abbrev  0x00000717      0x154 src/led_indic_hw.o
 .debug_abbrev  0x0000086b      0x341 src/menu.o
 .debug_abbrev  0x00000bac       0x89 src/my_string.o
 .debug_abbrev  0x00000c35      0x1e4 src/pid1.o
 .debug_abbrev  0x00000e19      0x1e2 src/power_control.o
 .debug_abbrev  0x00000ffb       0xba src/soft_timer.o
 .debug_abbrev  0x000010b5      0x1e8 src/systimer.o
 .debug_abbrev  0x0000129d       0xae src/usart.o

.debug_line     0x00000000     0x17bd
 *(.debug_line)
 .debug_line    0x00000000      0x176 src/adc.o
 .debug_line    0x00000176      0x111 src/buttons.o
 .debug_line    0x00000287      0x31e src/control.o
 .debug_line    0x000005a5      0x361 src/led_indic.o
 .debug_line    0x00000906      0x206 src/led_indic_hw.o
 .debug_line    0x00000b0c      0x3ce src/menu.o
 .debug_line    0x00000eda       0xf6 src/my_string.o
 .debug_line    0x00000fd0      0x27b src/pid1.o
 .debug_line    0x0000124b      0x1f4 src/power_control.o
 .debug_line    0x0000143f       0xfe src/soft_timer.o
 .debug_line    0x0000153d      0x18e src/systimer.o
 .debug_line    0x000016cb       0xf2 src/usart.o

.debug_frame    0x00000000      0x8d4
 *(.debug_frame)
 .debug_frame   0x00000000      0x134 src/adc.o
 .debug_frame   0x00000134       0x24 src/buttons.o
 .debug_frame   0x00000158       0x94 src/control.o
 .debug_frame   0x000001ec      0x15c src/led_indic.o
 .debug_frame   0x00000348       0x74 src/led_indic_hw.o
 .debug_frame   0x000003bc      0x270 src/menu.o
 .debug_frame   0x0000062c       0x30 src/my_string.o
 .debug_frame   0x0000065c       0x44 src/pid1.o
 .debug_frame   0x000006a0      0x100 src/power_control.o
 .debug_frame   0x000007a0       0x24 src/soft_timer.o
 .debug_frame   0x000007c4       0xcc src/systimer.o
 .debug_frame   0x00000890       0x44 src/usart.o

.debug_str      0x00000000      0xeef
 *(.debug_str)
 .debug_str     0x00000000      0x1eb src/adc.o
                                0x22e (size before relaxing)
 .debug_str     0x000001eb       0xeb src/buttons.o
                                0x1ab (size before relaxing)
 .debug_str     0x000002d6      0x2c6 src/control.o
                                0x495 (size before relaxing)
 .debug_str     0x0000059c      0x327 src/led_indic.o
                                0x465 (size before relaxing)
 .debug_str     0x000008c3       0x22 src/led_indic_hw.o
                                0x1ab (size before relaxing)
 .debug_str     0x000008e5      0x3c1 src/menu.o
                                0x621 (size before relaxing)
 .debug_str     0x00000ca6       0x1d src/my_string.o
                                 0xef (size before relaxing)
 .debug_str     0x00000cc3       0x91 src/pid1.o
                                0x3c0 (size before relaxing)
 .debug_str     0x00000d54       0xd2 src/power_control.o
                                0x2d1 (size before relaxing)
 .debug_str     0x00000e26       0x20 src/soft_timer.o
                                0x125 (size before relaxing)
 .debug_str     0x00000e46       0x9a src/systimer.o
                                0x249 (size before relaxing)
 .debug_str     0x00000ee0        0xf src/usart.o
                                 0xdc (size before relaxing)

.debug_loc      0x00000000     0x1b78
 *(.debug_loc)
 .debug_loc     0x00000000      0x330 src/adc.o
 .debug_loc     0x00000330       0x69 src/buttons.o
 .debug_loc     0x00000399      0x225 src/control.o
 .debug_loc     0x000005be      0x7de src/led_indic.o
 .debug_loc     0x00000d9c       0xf6 src/led_indic_hw.o
 .debug_loc     0x00000e92      0x791 src/menu.o
 .debug_loc     0x00001623       0xca src/my_string.o
 .debug_loc     0x000016ed       0x47 src/pid1.o
 .debug_loc     0x00001734      0x1b2 src/power_control.o
 .debug_loc     0x000018e6       0x47 src/soft_timer.o
 .debug_loc     0x0000192d      0x1ba src/systimer.o
 .debug_loc     0x00001ae7       0x91 src/usart.o

.debug_macinfo
 *(.debug_macinfo)

.debug_pubtypes
 *(.debug_pubtypes)

.debug_ranges   0x00000000      0x300
 *(.debug_ranges)
 .debug_ranges  0x00000000       0x40 src/adc.o
 .debug_ranges  0x00000040       0x10 src/buttons.o
 .debug_ranges  0x00000050       0x30 src/control.o
 .debug_ranges  0x00000080       0x88 src/led_indic.o
 .debug_ranges  0x00000108       0x38 src/led_indic_hw.o
 .debug_ranges  0x00000140       0xe0 src/menu.o
 .debug_ranges  0x00000220       0x10 src/my_string.o
 .debug_ranges  0x00000230       0x18 src/pid1.o
 .debug_ranges  0x00000248       0x50 src/power_control.o
 .debug_ranges  0x00000298       0x10 src/soft_timer.o
 .debug_ranges  0x000002a8       0x40 src/systimer.o
 .debug_ranges  0x000002e8       0x18 src/usart.o

.debug_macro
 *(.debug_macro)
OUTPUT(pid1.elf elf32-avr)
LOAD linker stubs
