Archive member included because of file (symbol)

c:/program files (x86)/atmel/atmel toolchain/avr8 gcc/native/3.4.2.876/avr8-gnu-toolchain/bin/../lib/gcc/avr/4.7.2/avr4\libgcc.a(_udivmodqi4.o)
                              src/led_indic.o (__udivmodqi4)
c:/program files (x86)/atmel/atmel toolchain/avr8 gcc/native/3.4.2.876/avr8-gnu-toolchain/bin/../lib/gcc/avr/4.7.2/avr4\libgcc.a(_udivmodhi4.o)
                              src/my_string.o (__udivmodhi4)
c:/program files (x86)/atmel/atmel toolchain/avr8 gcc/native/3.4.2.876/avr8-gnu-toolchain/bin/../lib/gcc/avr/4.7.2/avr4\libgcc.a(_divmodhi4.o)
                              src/control.o (__divmodhi4)
c:/program files (x86)/atmel/atmel toolchain/avr8 gcc/native/3.4.2.876/avr8-gnu-toolchain/bin/../lib/gcc/avr/4.7.2/avr4\libgcc.a(_udivmodsi4.o)
                              src/adc.o (__udivmodsi4)
c:/program files (x86)/atmel/atmel toolchain/avr8 gcc/native/3.4.2.876/avr8-gnu-toolchain/bin/../lib/gcc/avr/4.7.2/avr4\libgcc.a(_divmodsi4.o)
                              src/adc.o (__divmodsi4)
c:/program files (x86)/atmel/atmel toolchain/avr8 gcc/native/3.4.2.876/avr8-gnu-toolchain/bin/../lib/gcc/avr/4.7.2/avr4\libgcc.a(_exit.o)
                              c:/program files (x86)/atmel/atmel toolchain/avr8 gcc/native/3.4.2.876/avr8-gnu-toolchain/bin/../lib/gcc/avr/4.7.2/../../../../avr/lib/avr4/crtm8.o (exit)
c:/program files (x86)/atmel/atmel toolchain/avr8 gcc/native/3.4.2.876/avr8-gnu-toolchain/bin/../lib/gcc/avr/4.7.2/avr4\libgcc.a(_copy_data.o)
                              src/adc.o (__do_copy_data)
c:/program files (x86)/atmel/atmel toolchain/avr8 gcc/native/3.4.2.876/avr8-gnu-toolchain/bin/../lib/gcc/avr/4.7.2/avr4\libgcc.a(_clear_bss.o)
                              src/adc.o (__do_clear_bss)
c:/program files (x86)/atmel/atmel toolchain/avr8 gcc/native/3.4.2.876/avr8-gnu-toolchain/bin/../lib/gcc/avr/4.7.2/avr4\libgcc.a(_umulhisi3.o)
                              src/adc.o (__umulhisi3)
c:/program files (x86)/atmel/atmel toolchain/avr8 gcc/native/3.4.2.876/avr8-gnu-toolchain/bin/../lib/gcc/avr/4.7.2/avr4\libgcc.a(_usmulhisi3.o)
                              src/adc.o (__usmulhisi3)
c:/program files (x86)/atmel/atmel toolchain/avr8 gcc/native/3.4.2.876/avr8-gnu-toolchain/bin/../lib/gcc/avr/4.7.2/avr4\libgcc.a(_muluhisi3.o)
                              src/adc.o (__muluhisi3)
c:/program files (x86)/atmel/atmel toolchain/avr8 gcc/native/3.4.2.876/avr8-gnu-toolchain/bin/../lib/gcc/avr/4.7.2/../../../../avr/lib/avr4\libc.a(eerd_block_atmega8.o)
                              src/control.o (__eerd_block_m8)

Allocating common symbols
Common symbol       size              file

extra_led_state     0x1               src/led_indic.o
cpoint1             0x1               src/control.o
dbg_PID_output      0x2               src/control.o
PIDsampledADC       0x2               src/adc.o
adc_oversampled     0x2               src/adc.o
raw_adc_buffer      0x28              src/adc.o
dbg_SetTempCelsius  0x1               src/control.o
wStartPos           0x1               src/led_indic.o
dbg_PID_p_term      0x2               src/control.o
dbg_RealTempPID     0x2               src/control.o
setup_temp_value    0x2               src/control.o
adc_normalized      0x2               src/adc.o
sound_enable        0x1               src/control.o
dbg_PID_i_term      0x2               src/control.o
rollCycleSet        0x1               src/control.o
pid_dterm_buffer    0x8               src/control.o
dbg_PID_d_term      0x2               src/control.o
shifterState        0x1               src/led_indic.o
bufStartPos         0x1               src/led_indic.o
led_data_buffer     0xe               src/led_indic.o
cpoint1_adc         0x2               src/control.o
power_off_timeout   0x1               src/control.o
adc_celsius         0x2               src/adc.o
dbg_RealTempCelsius
                    0x1               src/control.o
cpoint2_adc         0x2               src/control.o
dbg_SetTempPID      0x2               src/control.o
cpoint2             0x1               src/control.o
raw_button_state    0x1               src/led_indic.o

Discarded input sections

 .bss           0x00000000        0x0 c:/program files (x86)/atmel/atmel toolchain/avr8 gcc/native/3.4.2.876/avr8-gnu-toolchain/bin/../lib/gcc/avr/4.7.2/../../../../avr/lib/avr4/crtm8.o
 .text          0x00000000        0x0 src/adc.o
 .text          0x00000000        0x0 src/buttons.o
 .text          0x00000000        0x0 src/control.o
 .text          0x00000000        0x0 src/led_indic.o
 .text.setWindowStartPos
                0x00000000        0x8 src/led_indic.o
 .text.shiftWindowPosition
                0x00000000        0xe src/led_indic.o
 .text.setBufferStartPos
                0x00000000        0x8 src/led_indic.o
 .text.clearComma
                0x00000000       0x18 src/led_indic.o
 .text.toggleExtraLeds
                0x00000000        0xc src/led_indic.o
 .text          0x00000000        0x0 src/led_indic_hw.o
 .bss           0x00000000        0x0 src/led_indic_hw.o
 .text          0x00000000        0x0 src/menu.o
 .text          0x00000000        0x0 src/my_string.o
 .bss           0x00000000        0x0 src/my_string.o
 .text          0x00000000        0x0 src/pid1.o
 .bss           0x00000000        0x0 src/pid1.o
 .text          0x00000000        0x0 src/power_control.o
 .text          0x00000000        0x0 src/soft_timer.o
 .bss           0x00000000        0x0 src/soft_timer.o
 .text          0x00000000        0x0 src/systimer.o
 .text.SetBeeperPeriod
                0x00000000       0x24 src/systimer.o
 .text.StopBeep
                0x00000000       0x10 src/systimer.o
 .text          0x00000000        0x0 src/usart.o
 .bss           0x00000000        0x0 src/usart.o
 .text          0x00000000        0x0 c:/program files (x86)/atmel/atmel toolchain/avr8 gcc/native/3.4.2.876/avr8-gnu-toolchain/bin/../lib/gcc/avr/4.7.2/avr4\libgcc.a(_udivmodqi4.o)
 .bss           0x00000000        0x0 c:/program files (x86)/atmel/atmel toolchain/avr8 gcc/native/3.4.2.876/avr8-gnu-toolchain/bin/../lib/gcc/avr/4.7.2/avr4\libgcc.a(_udivmodqi4.o)
 .text.libgcc.mul
                0x00000000        0x0 c:/program files (x86)/atmel/atmel toolchain/avr8 gcc/native/3.4.2.876/avr8-gnu-toolchain/bin/../lib/gcc/avr/4.7.2/avr4\libgcc.a(_udivmodqi4.o)
 .text.libgcc   0x00000000        0x0 c:/program files (x86)/atmel/atmel toolchain/avr8 gcc/native/3.4.2.876/avr8-gnu-toolchain/bin/../lib/gcc/avr/4.7.2/avr4\libgcc.a(_udivmodqi4.o)
 .text.libgcc.prologue
                0x00000000        0x0 c:/program files (x86)/atmel/atmel toolchain/avr8 gcc/native/3.4.2.876/avr8-gnu-toolchain/bin/../lib/gcc/avr/4.7.2/avr4\libgcc.a(_udivmodqi4.o)
 .text.libgcc.builtins
                0x00000000        0x0 c:/program files (x86)/atmel/atmel toolchain/avr8 gcc/native/3.4.2.876/avr8-gnu-toolchain/bin/../lib/gcc/avr/4.7.2/avr4\libgcc.a(_udivmodqi4.o)
 .text.libgcc.fmul
                0x00000000        0x0 c:/program files (x86)/atmel/atmel toolchain/avr8 gcc/native/3.4.2.876/avr8-gnu-toolchain/bin/../lib/gcc/avr/4.7.2/avr4\libgcc.a(_udivmodqi4.o)
 .text          0x00000000        0x0 c:/program files (x86)/atmel/atmel toolchain/avr8 gcc/native/3.4.2.876/avr8-gnu-toolchain/bin/../lib/gcc/avr/4.7.2/avr4\libgcc.a(_udivmodhi4.o)
 .bss           0x00000000        0x0 c:/program files (x86)/atmel/atmel toolchain/avr8 gcc/native/3.4.2.876/avr8-gnu-toolchain/bin/../lib/gcc/avr/4.7.2/avr4\libgcc.a(_udivmodhi4.o)
 .text.libgcc.mul
                0x00000000        0x0 c:/program files (x86)/atmel/atmel toolchain/avr8 gcc/native/3.4.2.876/avr8-gnu-toolchain/bin/../lib/gcc/avr/4.7.2/avr4\libgcc.a(_udivmodhi4.o)
 .text.libgcc   0x00000000        0x0 c:/program files (x86)/atmel/atmel toolchain/avr8 gcc/native/3.4.2.876/avr8-gnu-toolchain/bin/../lib/gcc/avr/4.7.2/avr4\libgcc.a(_udivmodhi4.o)
 .text.libgcc.prologue
                0x00000000        0x0 c:/program files (x86)/atmel/atmel toolchain/avr8 gcc/native/3.4.2.876/avr8-gnu-toolchain/bin/../lib/gcc/avr/4.7.2/avr4\libgcc.a(_udivmodhi4.o)
 .text.libgcc.builtins
                0x00000000        0x0 c:/program files (x86)/atmel/atmel toolchain/avr8 gcc/native/3.4.2.876/avr8-gnu-toolchain/bin/../lib/gcc/avr/4.7.2/avr4\libgcc.a(_udivmodhi4.o)
 .text.libgcc.fmul
                0x00000000        0x0 c:/program files (x86)/atmel/atmel toolchain/avr8 gcc/native/3.4.2.876/avr8-gnu-toolchain/bin/../lib/gcc/avr/4.7.2/avr4\libgcc.a(_udivmodhi4.o)
 .text          0x00000000        0x0 c:/program files (x86)/atmel/atmel toolchain/avr8 gcc/native/3.4.2.876/avr8-gnu-toolchain/bin/../lib/gcc/avr/4.7.2/avr4\libgcc.a(_divmodhi4.o)
 .bss           0x00000000        0x0 c:/program files (x86)/atmel/atmel toolchain/avr8 gcc/native/3.4.2.876/avr8-gnu-toolchain/bin/../lib/gcc/avr/4.7.2/avr4\libgcc.a(_divmodhi4.o)
 .text.libgcc.mul
                0x00000000        0x0 c:/program files (x86)/atmel/atmel toolchain/avr8 gcc/native/3.4.2.876/avr8-gnu-toolchain/bin/../lib/gcc/avr/4.7.2/avr4\libgcc.a(_divmodhi4.o)
 .text.libgcc   0x00000000        0x0 c:/program files (x86)/atmel/atmel toolchain/avr8 gcc/native/3.4.2.876/avr8-gnu-toolchain/bin/../lib/gcc/avr/4.7.2/avr4\libgcc.a(_divmodhi4.o)
 .text.libgcc.prologue
                0x00000000        0x0 c:/program files (x86)/atmel/atmel toolchain/avr8 gcc/native/3.4.2.876/avr8-gnu-toolchain/bin/../lib/gcc/avr/4.7.2/avr4\libgcc.a(_divmodhi4.o)
 .text.libgcc.builtins
                0x00000000        0x0 c:/program files (x86)/atmel/atmel toolchain/avr8 gcc/native/3.4.2.876/avr8-gnu-toolchain/bin/../lib/gcc/avr/4.7.2/avr4\libgcc.a(_divmodhi4.o)
 .text.libgcc.fmul
                0x00000000        0x0 c:/program files (x86)/atmel/atmel toolchain/avr8 gcc/native/3.4.2.876/avr8-gnu-toolchain/bin/../lib/gcc/avr/4.7.2/avr4\libgcc.a(_divmodhi4.o)
 .text          0x00000000        0x0 c:/program files (x86)/atmel/atmel toolchain/avr8 gcc/native/3.4.2.876/avr8-gnu-toolchain/bin/../lib/gcc/avr/4.7.2/avr4\libgcc.a(_udivmodsi4.o)
 .bss           0x00000000        0x0 c:/program files (x86)/atmel/atmel toolchain/avr8 gcc/native/3.4.2.876/avr8-gnu-toolchain/bin/../lib/gcc/avr/4.7.2/avr4\libgcc.a(_udivmodsi4.o)
 .text.libgcc.mul
                0x00000000        0x0 c:/program files (x86)/atmel/atmel toolchain/avr8 gcc/native/3.4.2.876/avr8-gnu-toolchain/bin/../lib/gcc/avr/4.7.2/avr4\libgcc.a(_udivmodsi4.o)
 .text.libgcc   0x00000000        0x0 c:/program files (x86)/atmel/atmel toolchain/avr8 gcc/native/3.4.2.876/avr8-gnu-toolchain/bin/../lib/gcc/avr/4.7.2/avr4\libgcc.a(_udivmodsi4.o)
 .text.libgcc.prologue
                0x00000000        0x0 c:/program files (x86)/atmel/atmel toolchain/avr8 gcc/native/3.4.2.876/avr8-gnu-toolchain/bin/../lib/gcc/avr/4.7.2/avr4\libgcc.a(_udivmodsi4.o)
 .text.libgcc.builtins
                0x00000000        0x0 c:/program files (x86)/atmel/atmel toolchain/avr8 gcc/native/3.4.2.876/avr8-gnu-toolchain/bin/../lib/gcc/avr/4.7.2/avr4\libgcc.a(_udivmodsi4.o)
 .text.libgcc.fmul
                0x00000000        0x0 c:/program files (x86)/atmel/atmel toolchain/avr8 gcc/native/3.4.2.876/avr8-gnu-toolchain/bin/../lib/gcc/avr/4.7.2/avr4\libgcc.a(_udivmodsi4.o)
 .text          0x00000000        0x0 c:/program files (x86)/atmel/atmel toolchain/avr8 gcc/native/3.4.2.876/avr8-gnu-toolchain/bin/../lib/gcc/avr/4.7.2/avr4\libgcc.a(_divmodsi4.o)
 .bss           0x00000000        0x0 c:/program files (x86)/atmel/atmel toolchain/avr8 gcc/native/3.4.2.876/avr8-gnu-toolchain/bin/../lib/gcc/avr/4.7.2/avr4\libgcc.a(_divmodsi4.o)
 .text.libgcc.mul
                0x00000000        0x0 c:/program files (x86)/atmel/atmel toolchain/avr8 gcc/native/3.4.2.876/avr8-gnu-toolchain/bin/../lib/gcc/avr/4.7.2/avr4\libgcc.a(_divmodsi4.o)
 .text.libgcc   0x00000000        0x0 c:/program files (x86)/atmel/atmel toolchain/avr8 gcc/native/3.4.2.876/avr8-gnu-toolchain/bin/../lib/gcc/avr/4.7.2/avr4\libgcc.a(_divmodsi4.o)
 .text.libgcc.prologue
                0x00000000        0x0 c:/program files (x86)/atmel/atmel toolchain/avr8 gcc/native/3.4.2.876/avr8-gnu-toolchain/bin/../lib/gcc/avr/4.7.2/avr4\libgcc.a(_divmodsi4.o)
 .text.libgcc.builtins
                0x00000000        0x0 c:/program files (x86)/atmel/atmel toolchain/avr8 gcc/native/3.4.2.876/avr8-gnu-toolchain/bin/../lib/gcc/avr/4.7.2/avr4\libgcc.a(_divmodsi4.o)
 .text.libgcc.fmul
                0x00000000        0x0 c:/program files (x86)/atmel/atmel toolchain/avr8 gcc/native/3.4.2.876/avr8-gnu-toolchain/bin/../lib/gcc/avr/4.7.2/avr4\libgcc.a(_divmodsi4.o)
 .text          0x00000000        0x0 c:/program files (x86)/atmel/atmel toolchain/avr8 gcc/native/3.4.2.876/avr8-gnu-toolchain/bin/../lib/gcc/avr/4.7.2/avr4\libgcc.a(_exit.o)
 .bss           0x00000000        0x0 c:/program files (x86)/atmel/atmel toolchain/avr8 gcc/native/3.4.2.876/avr8-gnu-toolchain/bin/../lib/gcc/avr/4.7.2/avr4\libgcc.a(_exit.o)
 .text.libgcc.mul
                0x00000000        0x0 c:/program files (x86)/atmel/atmel toolchain/avr8 gcc/native/3.4.2.876/avr8-gnu-toolchain/bin/../lib/gcc/avr/4.7.2/avr4\libgcc.a(_exit.o)
 .text.libgcc.div
                0x00000000        0x0 c:/program files (x86)/atmel/atmel toolchain/avr8 gcc/native/3.4.2.876/avr8-gnu-toolchain/bin/../lib/gcc/avr/4.7.2/avr4\libgcc.a(_exit.o)
 .text.libgcc   0x00000000        0x0 c:/program files (x86)/atmel/atmel toolchain/avr8 gcc/native/3.4.2.876/avr8-gnu-toolchain/bin/../lib/gcc/avr/4.7.2/avr4\libgcc.a(_exit.o)
 .text.libgcc.prologue
                0x00000000        0x0 c:/program files (x86)/atmel/atmel toolchain/avr8 gcc/native/3.4.2.876/avr8-gnu-toolchain/bin/../lib/gcc/avr/4.7.2/avr4\libgcc.a(_exit.o)
 .text.libgcc.builtins
                0x00000000        0x0 c:/program files (x86)/atmel/atmel toolchain/avr8 gcc/native/3.4.2.876/avr8-gnu-toolchain/bin/../lib/gcc/avr/4.7.2/avr4\libgcc.a(_exit.o)
 .text.libgcc.fmul
                0x00000000        0x0 c:/program files (x86)/atmel/atmel toolchain/avr8 gcc/native/3.4.2.876/avr8-gnu-toolchain/bin/../lib/gcc/avr/4.7.2/avr4\libgcc.a(_exit.o)
 .text          0x00000000        0x0 c:/program files (x86)/atmel/atmel toolchain/avr8 gcc/native/3.4.2.876/avr8-gnu-toolchain/bin/../lib/gcc/avr/4.7.2/avr4\libgcc.a(_copy_data.o)
 .bss           0x00000000        0x0 c:/program files (x86)/atmel/atmel toolchain/avr8 gcc/native/3.4.2.876/avr8-gnu-toolchain/bin/../lib/gcc/avr/4.7.2/avr4\libgcc.a(_copy_data.o)
 .text.libgcc.mul
                0x00000000        0x0 c:/program files (x86)/atmel/atmel toolchain/avr8 gcc/native/3.4.2.876/avr8-gnu-toolchain/bin/../lib/gcc/avr/4.7.2/avr4\libgcc.a(_copy_data.o)
 .text.libgcc.div
                0x00000000        0x0 c:/program files (x86)/atmel/atmel toolchain/avr8 gcc/native/3.4.2.876/avr8-gnu-toolchain/bin/../lib/gcc/avr/4.7.2/avr4\libgcc.a(_copy_data.o)
 .text.libgcc   0x00000000        0x0 c:/program files (x86)/atmel/atmel toolchain/avr8 gcc/native/3.4.2.876/avr8-gnu-toolchain/bin/../lib/gcc/avr/4.7.2/avr4\libgcc.a(_copy_data.o)
 .text.libgcc.prologue
                0x00000000        0x0 c:/program files (x86)/atmel/atmel toolchain/avr8 gcc/native/3.4.2.876/avr8-gnu-toolchain/bin/../lib/gcc/avr/4.7.2/avr4\libgcc.a(_copy_data.o)
 .text.libgcc.builtins
                0x00000000        0x0 c:/program files (x86)/atmel/atmel toolchain/avr8 gcc/native/3.4.2.876/avr8-gnu-toolchain/bin/../lib/gcc/avr/4.7.2/avr4\libgcc.a(_copy_data.o)
 .text.libgcc.fmul
                0x00000000        0x0 c:/program files (x86)/atmel/atmel toolchain/avr8 gcc/native/3.4.2.876/avr8-gnu-toolchain/bin/../lib/gcc/avr/4.7.2/avr4\libgcc.a(_copy_data.o)
 .text          0x00000000        0x0 c:/program files (x86)/atmel/atmel toolchain/avr8 gcc/native/3.4.2.876/avr8-gnu-toolchain/bin/../lib/gcc/avr/4.7.2/avr4\libgcc.a(_clear_bss.o)
 .bss           0x00000000        0x0 c:/program files (x86)/atmel/atmel toolchain/avr8 gcc/native/3.4.2.876/avr8-gnu-toolchain/bin/../lib/gcc/avr/4.7.2/avr4\libgcc.a(_clear_bss.o)
 .text.libgcc.mul
                0x00000000        0x0 c:/program files (x86)/atmel/atmel toolchain/avr8 gcc/native/3.4.2.876/avr8-gnu-toolchain/bin/../lib/gcc/avr/4.7.2/avr4\libgcc.a(_clear_bss.o)
 .text.libgcc.div
                0x00000000        0x0 c:/program files (x86)/atmel/atmel toolchain/avr8 gcc/native/3.4.2.876/avr8-gnu-toolchain/bin/../lib/gcc/avr/4.7.2/avr4\libgcc.a(_clear_bss.o)
 .text.libgcc   0x00000000        0x0 c:/program files (x86)/atmel/atmel toolchain/avr8 gcc/native/3.4.2.876/avr8-gnu-toolchain/bin/../lib/gcc/avr/4.7.2/avr4\libgcc.a(_clear_bss.o)
 .text.libgcc.prologue
                0x00000000        0x0 c:/program files (x86)/atmel/atmel toolchain/avr8 gcc/native/3.4.2.876/avr8-gnu-toolchain/bin/../lib/gcc/avr/4.7.2/avr4\libgcc.a(_clear_bss.o)
 .text.libgcc.builtins
                0x00000000        0x0 c:/program files (x86)/atmel/atmel toolchain/avr8 gcc/native/3.4.2.876/avr8-gnu-toolchain/bin/../lib/gcc/avr/4.7.2/avr4\libgcc.a(_clear_bss.o)
 .text.libgcc.fmul
                0x00000000        0x0 c:/program files (x86)/atmel/atmel toolchain/avr8 gcc/native/3.4.2.876/avr8-gnu-toolchain/bin/../lib/gcc/avr/4.7.2/avr4\libgcc.a(_clear_bss.o)
 .text          0x00000000        0x0 c:/program files (x86)/atmel/atmel toolchain/avr8 gcc/native/3.4.2.876/avr8-gnu-toolchain/bin/../lib/gcc/avr/4.7.2/avr4\libgcc.a(_umulhisi3.o)
 .bss           0x00000000        0x0 c:/program files (x86)/atmel/atmel toolchain/avr8 gcc/native/3.4.2.876/avr8-gnu-toolchain/bin/../lib/gcc/avr/4.7.2/avr4\libgcc.a(_umulhisi3.o)
 .text.libgcc.div
                0x00000000        0x0 c:/program files (x86)/atmel/atmel toolchain/avr8 gcc/native/3.4.2.876/avr8-gnu-toolchain/bin/../lib/gcc/avr/4.7.2/avr4\libgcc.a(_umulhisi3.o)
 .text.libgcc   0x00000000        0x0 c:/program files (x86)/atmel/atmel toolchain/avr8 gcc/native/3.4.2.876/avr8-gnu-toolchain/bin/../lib/gcc/avr/4.7.2/avr4\libgcc.a(_umulhisi3.o)
 .text.libgcc.prologue
                0x00000000        0x0 c:/program files (x86)/atmel/atmel toolchain/avr8 gcc/native/3.4.2.876/avr8-gnu-toolchain/bin/../lib/gcc/avr/4.7.2/avr4\libgcc.a(_umulhisi3.o)
 .text.libgcc.builtins
                0x00000000        0x0 c:/program files (x86)/atmel/atmel toolchain/avr8 gcc/native/3.4.2.876/avr8-gnu-toolchain/bin/../lib/gcc/avr/4.7.2/avr4\libgcc.a(_umulhisi3.o)
 .text.libgcc.fmul
                0x00000000        0x0 c:/program files (x86)/atmel/atmel toolchain/avr8 gcc/native/3.4.2.876/avr8-gnu-toolchain/bin/../lib/gcc/avr/4.7.2/avr4\libgcc.a(_umulhisi3.o)
 .text          0x00000000        0x0 c:/program files (x86)/atmel/atmel toolchain/avr8 gcc/native/3.4.2.876/avr8-gnu-toolchain/bin/../lib/gcc/avr/4.7.2/avr4\libgcc.a(_usmulhisi3.o)
 .bss           0x00000000        0x0 c:/program files (x86)/atmel/atmel toolchain/avr8 gcc/native/3.4.2.876/avr8-gnu-toolchain/bin/../lib/gcc/avr/4.7.2/avr4\libgcc.a(_usmulhisi3.o)
 .text.libgcc.div
                0x00000000        0x0 c:/program files (x86)/atmel/atmel toolchain/avr8 gcc/native/3.4.2.876/avr8-gnu-toolchain/bin/../lib/gcc/avr/4.7.2/avr4\libgcc.a(_usmulhisi3.o)
 .text.libgcc   0x00000000        0x0 c:/program files (x86)/atmel/atmel toolchain/avr8 gcc/native/3.4.2.876/avr8-gnu-toolchain/bin/../lib/gcc/avr/4.7.2/avr4\libgcc.a(_usmulhisi3.o)
 .text.libgcc.prologue
                0x00000000        0x0 c:/program files (x86)/atmel/atmel toolchain/avr8 gcc/native/3.4.2.876/avr8-gnu-toolchain/bin/../lib/gcc/avr/4.7.2/avr4\libgcc.a(_usmulhisi3.o)
 .text.libgcc.builtins
                0x00000000        0x0 c:/program files (x86)/atmel/atmel toolchain/avr8 gcc/native/3.4.2.876/avr8-gnu-toolchain/bin/../lib/gcc/avr/4.7.2/avr4\libgcc.a(_usmulhisi3.o)
 .text.libgcc.fmul
                0x00000000        0x0 c:/program files (x86)/atmel/atmel toolchain/avr8 gcc/native/3.4.2.876/avr8-gnu-toolchain/bin/../lib/gcc/avr/4.7.2/avr4\libgcc.a(_usmulhisi3.o)
 .text          0x00000000        0x0 c:/program files (x86)/atmel/atmel toolchain/avr8 gcc/native/3.4.2.876/avr8-gnu-toolchain/bin/../lib/gcc/avr/4.7.2/avr4\libgcc.a(_muluhisi3.o)
 .bss           0x00000000        0x0 c:/program files (x86)/atmel/atmel toolchain/avr8 gcc/native/3.4.2.876/avr8-gnu-toolchain/bin/../lib/gcc/avr/4.7.2/avr4\libgcc.a(_muluhisi3.o)
 .text.libgcc.div
                0x00000000        0x0 c:/program files (x86)/atmel/atmel toolchain/avr8 gcc/native/3.4.2.876/avr8-gnu-toolchain/bin/../lib/gcc/avr/4.7.2/avr4\libgcc.a(_muluhisi3.o)
 .text.libgcc   0x00000000        0x0 c:/program files (x86)/atmel/atmel toolchain/avr8 gcc/native/3.4.2.876/avr8-gnu-toolchain/bin/../lib/gcc/avr/4.7.2/avr4\libgcc.a(_muluhisi3.o)
 .text.libgcc.prologue
                0x00000000        0x0 c:/program files (x86)/atmel/atmel toolchain/avr8 gcc/native/3.4.2.876/avr8-gnu-toolchain/bin/../lib/gcc/avr/4.7.2/avr4\libgcc.a(_muluhisi3.o)
 .text.libgcc.builtins
                0x00000000        0x0 c:/program files (x86)/atmel/atmel toolchain/avr8 gcc/native/3.4.2.876/avr8-gnu-toolchain/bin/../lib/gcc/avr/4.7.2/avr4\libgcc.a(_muluhisi3.o)
 .text.libgcc.fmul
                0x00000000        0x0 c:/program files (x86)/atmel/atmel toolchain/avr8 gcc/native/3.4.2.876/avr8-gnu-toolchain/bin/../lib/gcc/avr/4.7.2/avr4\libgcc.a(_muluhisi3.o)
 .text          0x00000000        0x0 c:/program files (x86)/atmel/atmel toolchain/avr8 gcc/native/3.4.2.876/avr8-gnu-toolchain/bin/../lib/gcc/avr/4.7.2/../../../../avr/lib/avr4\libc.a(eerd_block_atmega8.o)
 .bss           0x00000000        0x0 c:/program files (x86)/atmel/atmel toolchain/avr8 gcc/native/3.4.2.876/avr8-gnu-toolchain/bin/../lib/gcc/avr/4.7.2/../../../../avr/lib/avr4\libc.a(eerd_block_atmega8.o)

Memory Configuration

Name             Origin             Length             Attributes
text             0x00000000         0x00002000         xr
data             0x00800060         0x0000ffa0         rw !x
eeprom           0x00810000         0x00010000         rw !x
fuse             0x00820000         0x00000400         rw !x
lock             0x00830000         0x00000400         rw !x
signature        0x00840000         0x00000400         rw !x
user_signatures  0x00850000         0x00000400         rw !x
*default*        0x00000000         0xffffffff

Linker script and memory map

LOAD c:/program files (x86)/atmel/atmel toolchain/avr8 gcc/native/3.4.2.876/avr8-gnu-toolchain/bin/../lib/gcc/avr/4.7.2/../../../../avr/lib/avr4/crtm8.o
LOAD src/adc.o
LOAD src/buttons.o
LOAD src/control.o
LOAD src/led_indic.o
LOAD src/led_indic_hw.o
LOAD src/menu.o
LOAD src/my_string.o
LOAD src/pid1.o
LOAD src/power_control.o
LOAD src/soft_timer.o
LOAD src/systimer.o
LOAD src/usart.o
START GROUP
LOAD c:/program files (x86)/atmel/atmel toolchain/avr8 gcc/native/3.4.2.876/avr8-gnu-toolchain/bin/../lib/gcc/avr/4.7.2/../../../../avr/lib/avr4\libm.a
END GROUP
LOAD c:/program files (x86)/atmel/atmel toolchain/avr8 gcc/native/3.4.2.876/avr8-gnu-toolchain/bin/../lib/gcc/avr/4.7.2/avr4\libgcc.a
LOAD c:/program files (x86)/atmel/atmel toolchain/avr8 gcc/native/3.4.2.876/avr8-gnu-toolchain/bin/../lib/gcc/avr/4.7.2/../../../../avr/lib/avr4\libc.a
LOAD c:/program files (x86)/atmel/atmel toolchain/avr8 gcc/native/3.4.2.876/avr8-gnu-toolchain/bin/../lib/gcc/avr/4.7.2/avr4\libgcc.a

.hash
 *(.hash)

.dynsym
 *(.dynsym)

.dynstr
 *(.dynstr)

.gnu.version
 *(.gnu.version)

.gnu.version_d
 *(.gnu.version_d)

.gnu.version_r
 *(.gnu.version_r)

.rel.init
 *(.rel.init)

.rela.init
 *(.rela.init)

.rel.text
 *(.rel.text)
 *(.rel.text.*)
 *(.rel.gnu.linkonce.t*)

.rela.text
 *(.rela.text)
 *(.rela.text.*)
 *(.rela.gnu.linkonce.t*)

.rel.fini
 *(.rel.fini)

.rela.fini
 *(.rela.fini)

.rel.rodata
 *(.rel.rodata)
 *(.rel.rodata.*)
 *(.rel.gnu.linkonce.r*)

.rela.rodata
 *(.rela.rodata)
 *(.rela.rodata.*)
 *(.rela.gnu.linkonce.r*)

.rel.data
 *(.rel.data)
 *(.rel.data.*)
 *(.rel.gnu.linkonce.d*)

.rela.data
 *(.rela.data)
 *(.rela.data.*)
 *(.rela.gnu.linkonce.d*)

.rel.ctors
 *(.rel.ctors)

.rela.ctors
 *(.rela.ctors)

.rel.dtors
 *(.rel.dtors)

.rela.dtors
 *(.rela.dtors)

.rel.got
 *(.rel.got)

.rela.got
 *(.rela.got)

.rel.bss
 *(.rel.bss)

.rela.bss
 *(.rela.bss)

.rel.plt
 *(.rel.plt)

.rela.plt
 *(.rela.plt)

.text           0x00000000     0x1a0c
 *(.vectors)
 .vectors       0x00000000       0x26 c:/program files (x86)/atmel/atmel toolchain/avr8 gcc/native/3.4.2.876/avr8-gnu-toolchain/bin/../lib/gcc/avr/4.7.2/../../../../avr/lib/avr4/crtm8.o
                0x00000000                __vector_default
                0x00000000                __vectors
 *(.vectors)
 *(.progmem.gcc*)
 *(.progmem*)
 .progmem.data  0x00000026      0x102 src/menu.o
                0x00000026                menuFunctionSet
                0x00000088                menuJumpSet
                0x00000128                . = ALIGN (0x2)
                0x00000128                __trampolines_start = .
 *(.trampolines)
 .trampolines   0x00000128        0x0 linker stubs
 *(.trampolines*)
                0x00000128                __trampolines_end = .
 *(.jumptables)
 *(.jumptables*)
 *(.lowtext)
 *(.lowtext*)
                0x00000128                __ctors_start = .
 *(.ctors)
                0x00000128                __ctors_end = .
                0x00000128                __dtors_start = .
 *(.dtors)
                0x00000128                __dtors_end = .
 SORT(*)(.ctors)
 SORT(*)(.dtors)
 *(.init0)
 .init0         0x00000128        0x0 c:/program files (x86)/atmel/atmel toolchain/avr8 gcc/native/3.4.2.876/avr8-gnu-toolchain/bin/../lib/gcc/avr/4.7.2/../../../../avr/lib/avr4/crtm8.o
                0x00000128                __init
 *(.init0)
 *(.init1)
 *(.init1)
 *(.init2)
 .init2         0x00000128        0xc c:/program files (x86)/atmel/atmel toolchain/avr8 gcc/native/3.4.2.876/avr8-gnu-toolchain/bin/../lib/gcc/avr/4.7.2/../../../../avr/lib/avr4/crtm8.o
 *(.init2)
 *(.init3)
 *(.init3)
 *(.init4)
 .init4         0x00000134       0x16 c:/program files (x86)/atmel/atmel toolchain/avr8 gcc/native/3.4.2.876/avr8-gnu-toolchain/bin/../lib/gcc/avr/4.7.2/avr4\libgcc.a(_copy_data.o)
                0x00000134                __do_copy_data
 .init4         0x0000014a       0x10 c:/program files (x86)/atmel/atmel toolchain/avr8 gcc/native/3.4.2.876/avr8-gnu-toolchain/bin/../lib/gcc/avr/4.7.2/avr4\libgcc.a(_clear_bss.o)
                0x0000014a                __do_clear_bss
 *(.init4)
 *(.init5)
 *(.init5)
 *(.init6)
 *(.init6)
 *(.init7)
 *(.init7)
 *(.init8)
 *(.init8)
 *(.init9)
 .init9         0x0000015a        0x4 c:/program files (x86)/atmel/atmel toolchain/avr8 gcc/native/3.4.2.876/avr8-gnu-toolchain/bin/../lib/gcc/avr/4.7.2/../../../../avr/lib/avr4/crtm8.o
 *(.init9)
 *(.text)
 .text          0x0000015e        0x2 c:/program files (x86)/atmel/atmel toolchain/avr8 gcc/native/3.4.2.876/avr8-gnu-toolchain/bin/../lib/gcc/avr/4.7.2/../../../../avr/lib/avr4/crtm8.o
                0x0000015e                __vector_1
                0x0000015e                __vector_12
                0x0000015e                __bad_interrupt
                0x0000015e                __vector_6
                0x0000015e                __vector_11
                0x0000015e                __vector_13
                0x0000015e                __vector_17
                0x0000015e                __vector_7
                0x0000015e                __vector_5
                0x0000015e                __vector_4
                0x0000015e                __vector_2
                0x0000015e                __vector_15
                0x0000015e                __vector_8
                0x0000015e                __vector_10
                0x0000015e                __vector_18
                0x00000160                . = ALIGN (0x2)
 *(.text.*)
 .text.conv_ADC_to_Celsius
                0x00000160       0x42 src/adc.o
                0x00000160                conv_ADC_to_Celsius
 .text.conv_Celsius_to_ADC
                0x000001a2       0x42 src/adc.o
                0x000001a2                conv_Celsius_to_ADC
 .text.calculateCoeffs
                0x000001e4       0x9a src/adc.o
                0x000001e4                calculateCoeffs
 .text.update_normalized_adc
                0x0000027e       0x54 src/adc.o
                0x0000027e                update_normalized_adc
 .text.update_Celsius
                0x000002d2       0x14 src/adc.o
                0x000002d2                update_Celsius
 .text.addToRingU16
                0x000002e6       0xa2 src/adc.o
                0x000002e6                addToRingU16
 .text.__vector_14
                0x00000388       0x56 src/adc.o
                0x00000388                __vector_14
 .text.getNormalizedRingU16
                0x000003de       0x18 src/adc.o
                0x000003de                getNormalizedRingU16
 .text.process_buttons
                0x000003f6       0xc2 src/buttons.o
                0x000003f6                process_buttons
 .text.processRollControl
                0x000004b8       0xf8 src/control.o
                0x000004b8                processRollControl
 .text.processPID
                0x000005b0      0x100 src/control.o
                0x000005b0                processPID
 .text.processHeaterControl
                0x000006b0       0xb6 src/control.o
                0x000006b0                processHeaterControl
 .text.processHeaterAlerts
                0x00000766       0x52 src/control.o
                0x00000766                processHeaterAlerts
 .text.restoreGlobalParams
                0x000007b8       0x74 src/control.o
                0x000007b8                restoreGlobalParams
 .text.exitPowerOff
                0x0000082c        0x2 src/control.o
                0x0000082c                exitPowerOff
 .text.decode_led_char
                0x0000082e       0xee src/led_indic.o
 .text.wrap_led_buffer_index
                0x0000091c       0x20 src/led_indic.o
 .text.processLedIndicator
                0x0000093c       0xc0 src/led_indic.o
                0x0000093c                processLedIndicator
 .text.fillLedBuffer
                0x000009fc       0x48 src/led_indic.o
                0x000009fc                fillLedBuffer
 .text.startShiftingWindowLeft
                0x00000a44       0x1c src/led_indic.o
                0x00000a44                startShiftingWindowLeft
 .text.startShiftingWindowRight
                0x00000a60       0x1c src/led_indic.o
                0x00000a60                startShiftingWindowRight
 .text.initLedIndicator
                0x00000a7c       0x46 src/led_indic.o
                0x00000a7c                initLedIndicator
 .text.printLedBuffer
                0x00000ac2       0x74 src/led_indic.o
                0x00000ac2                printLedBuffer
 .text.setComma
                0x00000b36       0x18 src/led_indic.o
                0x00000b36                setComma
 .text.setExtraLeds
                0x00000b4e        0xc src/led_indic.o
                0x00000b4e                setExtraLeds
 .text.clearExtraLeds
                0x00000b5a        0xe src/led_indic.o
                0x00000b5a                clearExtraLeds
 .text.led_clock_pulse
                0x00000b68       0x20 src/led_indic_hw.o
                0x00000b68                led_clock_pulse
 .text.set_led_segments
                0x00000b88       0x1c src/led_indic_hw.o
                0x00000b88                set_led_segments
 .text.enable_led_segments_pullups
                0x00000ba4        0xe src/led_indic_hw.o
                0x00000ba4                enable_led_segments_pullups
 .text.enable_led_segments
                0x00000bb2        0xe src/led_indic_hw.o
                0x00000bb2                enable_led_segments
 .text.disable_led_segments
                0x00000bc0        0xe src/led_indic_hw.o
                0x00000bc0                disable_led_segments
 .text.capture_button_state
                0x00000bce       0x16 src/led_indic_hw.o
                0x00000bce                capture_button_state
 .text.processItemFunction
                0x00000be4        0xa src/menu.o
 .text.mf_setTempLeave
                0x00000bee        0xc src/menu.o
                0x00000bee                mf_setTempLeave
 .text.mf_leafSelectAct
                0x00000bfa       0x1c src/menu.o
                0x00000bfa                mf_leafSelectAct
 .text.mf_leafExit
                0x00000c16        0xc src/menu.o
                0x00000c16                mf_leafExit
 .text.mf_actpoffLeave
                0x00000c22        0x6 src/menu.o
                0x00000c22                mf_actpoffLeave
 .text.mf_cdoneDo
                0x00000c28        0x8 src/menu.o
                0x00000c28                mf_cdoneDo
 .text.mf_actpoffDo
                0x00000c30        0x8 src/menu.o
                0x00000c30                mf_actpoffDo
 .text.mf_cdone2Select
                0x00000c38       0x1a src/menu.o
                0x00000c38                mf_cdone2Select
 .text.mf_cdone1Select
                0x00000c52       0x1a src/menu.o
                0x00000c52                mf_cdone1Select
 .text.mf_autopoffDo
                0x00000c6c       0xa2 src/menu.o
                0x00000c6c                mf_autopoffDo
 .text.mf_realTempDo
                0x00000d0e       0x56 src/menu.o
                0x00000d0e                mf_realTempDo
 .text.mf_calib2Do
                0x00000d64       0x92 src/menu.o
                0x00000d64                mf_calib2Do
 .text.mf_calib1Do
                0x00000df6       0x92 src/menu.o
                0x00000df6                mf_calib1Do
 .text.mf_actpoffSelect
                0x00000e88        0xc src/menu.o
                0x00000e88                mf_actpoffSelect
 .text.mf_leafSelect
                0x00000e94       0x10 src/menu.o
                0x00000e94                mf_leafSelect
 .text.mf_calibSelect
                0x00000ea4       0x14 src/menu.o
                0x00000ea4                mf_calibSelect
 .text.mf_rollLeave
                0x00000eb8       0x10 src/menu.o
                0x00000eb8                mf_rollLeave
 .text.mf_setTempSelect
                0x00000ec8        0x6 src/menu.o
                0x00000ec8                mf_setTempSelect
 .text.mf_realTempLeave
                0x00000ece        0x4 src/menu.o
                0x00000ece                mf_realTempLeave
 .text.mf_sndenDo
                0x00000ed2       0x8a src/menu.o
                0x00000ed2                mf_sndenDo
 .text.mf_rollDo
                0x00000f5c       0xca src/menu.o
                0x00000f5c                mf_rollDo
 .text.mf_rollSelect
                0x00001026        0x6 src/menu.o
                0x00001026                mf_rollSelect
 .text.mf_setTempDo
                0x0000102c       0xa8 src/menu.o
                0x0000102c                mf_setTempDo
 .text.mf_realTempSelect
                0x000010d4        0x4 src/menu.o
                0x000010d4                mf_realTempSelect
 .text.getMenuFunctionRecord.constprop.0
                0x000010d8       0x6c src/menu.o
 .text.InitMenu
                0x00001144       0x12 src/menu.o
                0x00001144                InitMenu
 .text.processMenu
                0x00001156       0xfe src/menu.o
                0x00001156                processMenu
 .text.u16toa_align_right
                0x00001254       0x40 src/my_string.o
                0x00001254                u16toa_align_right
 .text.init_system_io
                0x00001294       0x62 src/pid1.o
                0x00001294                init_system_io
 .text.startup.main
                0x000012f6      0x10a src/pid1.o
                0x000012f6                main
 .text.setHeaterControl
                0x00001400       0x1c src/power_control.o
                0x00001400                setHeaterControl
 .text.forceHeaterControlUpdate
                0x0000141c       0x1a src/power_control.o
                0x0000141c                forceHeaterControlUpdate
 .text.setMotorDirection
                0x00001436       0x42 src/power_control.o
                0x00001436                setMotorDirection
 .text.stopCycleRolling
                0x00001478       0x38 src/power_control.o
                0x00001478                stopCycleRolling
 .text.isTopPointValid
                0x000014b0       0x20 src/power_control.o
                0x000014b0                isTopPointValid
 .text.isBottomPointValid
                0x000014d0       0x20 src/power_control.o
                0x000014d0                isBottomPointValid
 .text.startCycleRolling
                0x000014f0       0x30 src/power_control.o
                0x000014f0                startCycleRolling
 .text.__vector_16
                0x00001520       0x44 src/power_control.o
                0x00001520                __vector_16
 .text.__vector_9
                0x00001564      0x1e2 src/power_control.o
                0x00001564                __vector_9
 .text.processSoftTimer8b
                0x00001746       0x58 src/soft_timer.o
                0x00001746                processSoftTimer8b
 .text.SetBeeperFreq
                0x0000179e       0x40 src/systimer.o
                0x0000179e                SetBeeperFreq
 .text.StartBeep
                0x000017de       0x18 src/systimer.o
                0x000017de                StartBeep
 .text.resetAutoPowerOffCounter
                0x000017f6        0xe src/systimer.o
                0x000017f6                resetAutoPowerOffCounter
 .text.processAutoPowerOff
                0x00001804       0x32 src/systimer.o
                0x00001804                processAutoPowerOff
 .text.__vector_3
                0x00001836       0x6c src/systimer.o
                0x00001836                __vector_3
 .text.USART_send
                0x000018a2        0xa src/usart.o
                0x000018a2                USART_send
 .text.USART_sendstr
                0x000018ac       0x24 src/usart.o
                0x000018ac                USART_sendstr
 .text.libgcc.div
                0x000018d0       0x18 c:/program files (x86)/atmel/atmel toolchain/avr8 gcc/native/3.4.2.876/avr8-gnu-toolchain/bin/../lib/gcc/avr/4.7.2/avr4\libgcc.a(_udivmodqi4.o)
                0x000018d0                __udivmodqi4
 .text.libgcc.div
                0x000018e8       0x28 c:/program files (x86)/atmel/atmel toolchain/avr8 gcc/native/3.4.2.876/avr8-gnu-toolchain/bin/../lib/gcc/avr/4.7.2/avr4\libgcc.a(_udivmodhi4.o)
                0x000018e8                __udivmodhi4
 .text.libgcc.div
                0x00001910       0x26 c:/program files (x86)/atmel/atmel toolchain/avr8 gcc/native/3.4.2.876/avr8-gnu-toolchain/bin/../lib/gcc/avr/4.7.2/avr4\libgcc.a(_divmodhi4.o)
                0x00001910                _div
                0x00001910                __divmodhi4
 .text.libgcc.div
                0x00001936       0x44 c:/program files (x86)/atmel/atmel toolchain/avr8 gcc/native/3.4.2.876/avr8-gnu-toolchain/bin/../lib/gcc/avr/4.7.2/avr4\libgcc.a(_udivmodsi4.o)
                0x00001936                __udivmodsi4
 .text.libgcc.div
                0x0000197a       0x36 c:/program files (x86)/atmel/atmel toolchain/avr8 gcc/native/3.4.2.876/avr8-gnu-toolchain/bin/../lib/gcc/avr/4.7.2/avr4\libgcc.a(_divmodsi4.o)
                0x0000197a                __divmodsi4
 .text.libgcc.mul
                0x000019b0       0x18 c:/program files (x86)/atmel/atmel toolchain/avr8 gcc/native/3.4.2.876/avr8-gnu-toolchain/bin/../lib/gcc/avr/4.7.2/avr4\libgcc.a(_umulhisi3.o)
                0x000019b0                __umulhisi3
 .text.libgcc.mul
                0x000019c8        0xc c:/program files (x86)/atmel/atmel toolchain/avr8 gcc/native/3.4.2.876/avr8-gnu-toolchain/bin/../lib/gcc/avr/4.7.2/avr4\libgcc.a(_usmulhisi3.o)
                0x000019c8                __usmulhisi3
                0x000019ca                __usmulhisi3_tail
 .text.libgcc.mul
                0x000019d4       0x14 c:/program files (x86)/atmel/atmel toolchain/avr8 gcc/native/3.4.2.876/avr8-gnu-toolchain/bin/../lib/gcc/avr/4.7.2/avr4\libgcc.a(_muluhisi3.o)
                0x000019d4                __muluhisi3
 .text.avr-libc
                0x000019e8       0x20 c:/program files (x86)/atmel/atmel toolchain/avr8 gcc/native/3.4.2.876/avr8-gnu-toolchain/bin/../lib/gcc/avr/4.7.2/../../../../avr/lib/avr4\libc.a(eerd_block_atmega8.o)
                0x000019e8                __eerd_block_m8
                0x000019ec                __eerd_blraw_m8
                0x00001a08                . = ALIGN (0x2)
 *(.fini9)
 .fini9         0x00001a08        0x0 c:/program files (x86)/atmel/atmel toolchain/avr8 gcc/native/3.4.2.876/avr8-gnu-toolchain/bin/../lib/gcc/avr/4.7.2/avr4\libgcc.a(_exit.o)
                0x00001a08                _exit
                0x00001a08                exit
 *(.fini9)
 *(.fini8)
 *(.fini8)
 *(.fini7)
 *(.fini7)
 *(.fini6)
 *(.fini6)
 *(.fini5)
 *(.fini5)
 *(.fini4)
 *(.fini4)
 *(.fini3)
 *(.fini3)
 *(.fini2)
 *(.fini2)
 *(.fini1)
 *(.fini1)
 *(.fini0)
 .fini0         0x00001a08        0x4 c:/program files (x86)/atmel/atmel toolchain/avr8 gcc/native/3.4.2.876/avr8-gnu-toolchain/bin/../lib/gcc/avr/4.7.2/avr4\libgcc.a(_exit.o)
 *(.fini0)
                0x00001a0c                _etext = .

.data           0x00800060       0x60 load address 0x00001a0c
                0x00800060                PROVIDE (__data_start, .)
 *(.data)
 .data          0x00800060        0x0 c:/program files (x86)/atmel/atmel toolchain/avr8 gcc/native/3.4.2.876/avr8-gnu-toolchain/bin/../lib/gcc/avr/4.7.2/../../../../avr/lib/avr4/crtm8.o
 .data          0x00800060        0x9 src/adc.o
                0x00800060                ringBufADC
 .data          0x00800069        0x1 src/buttons.o
 .data          0x0080006a        0xa src/control.o
                0x0080006a                ringBufDterm
 .data          0x00800074        0x0 src/led_indic.o
 .data          0x00800074        0x0 src/led_indic_hw.o
 .data          0x00800074        0x4 src/menu.o
 .data          0x00800078        0x0 src/my_string.o
 .data          0x00800078        0x0 src/pid1.o
 .data          0x00800078        0x2 src/power_control.o
                0x00800078                p_state
 .data          0x0080007a        0x0 src/soft_timer.o
 .data          0x0080007a        0x4 src/systimer.o
                0x0080007a                menuUpdateTimer
 .data          0x0080007e        0x0 src/usart.o
 .data          0x0080007e        0x0 c:/program files (x86)/atmel/atmel toolchain/avr8 gcc/native/3.4.2.876/avr8-gnu-toolchain/bin/../lib/gcc/avr/4.7.2/avr4\libgcc.a(_udivmodqi4.o)
 .data          0x0080007e        0x0 c:/program files (x86)/atmel/atmel toolchain/avr8 gcc/native/3.4.2.876/avr8-gnu-toolchain/bin/../lib/gcc/avr/4.7.2/avr4\libgcc.a(_udivmodhi4.o)
 .data          0x0080007e        0x0 c:/program files (x86)/atmel/atmel toolchain/avr8 gcc/native/3.4.2.876/avr8-gnu-toolchain/bin/../lib/gcc/avr/4.7.2/avr4\libgcc.a(_divmodhi4.o)
 .data          0x0080007e        0x0 c:/program files (x86)/atmel/atmel toolchain/avr8 gcc/native/3.4.2.876/avr8-gnu-toolchain/bin/../lib/gcc/avr/4.7.2/avr4\libgcc.a(_udivmodsi4.o)
 .data          0x0080007e        0x0 c:/program files (x86)/atmel/atmel toolchain/avr8 gcc/native/3.4.2.876/avr8-gnu-toolchain/bin/../lib/gcc/avr/4.7.2/avr4\libgcc.a(_divmodsi4.o)
 .data          0x0080007e        0x0 c:/program files (x86)/atmel/atmel toolchain/avr8 gcc/native/3.4.2.876/avr8-gnu-toolchain/bin/../lib/gcc/avr/4.7.2/avr4\libgcc.a(_exit.o)
 .data          0x0080007e        0x0 c:/program files (x86)/atmel/atmel toolchain/avr8 gcc/native/3.4.2.876/avr8-gnu-toolchain/bin/../lib/gcc/avr/4.7.2/avr4\libgcc.a(_copy_data.o)
 .data          0x0080007e        0x0 c:/program files (x86)/atmel/atmel toolchain/avr8 gcc/native/3.4.2.876/avr8-gnu-toolchain/bin/../lib/gcc/avr/4.7.2/avr4\libgcc.a(_clear_bss.o)
 .data          0x0080007e        0x0 c:/program files (x86)/atmel/atmel toolchain/avr8 gcc/native/3.4.2.876/avr8-gnu-toolchain/bin/../lib/gcc/avr/4.7.2/avr4\libgcc.a(_umulhisi3.o)
 .data          0x0080007e        0x0 c:/program files (x86)/atmel/atmel toolchain/avr8 gcc/native/3.4.2.876/avr8-gnu-toolchain/bin/../lib/gcc/avr/4.7.2/avr4\libgcc.a(_usmulhisi3.o)
 .data          0x0080007e        0x0 c:/program files (x86)/atmel/atmel toolchain/avr8 gcc/native/3.4.2.876/avr8-gnu-toolchain/bin/../lib/gcc/avr/4.7.2/avr4\libgcc.a(_muluhisi3.o)
 .data          0x0080007e        0x0 c:/program files (x86)/atmel/atmel toolchain/avr8 gcc/native/3.4.2.876/avr8-gnu-toolchain/bin/../lib/gcc/avr/4.7.2/../../../../avr/lib/avr4\libc.a(eerd_block_atmega8.o)
 *(.data*)
 *(.rodata)
 .rodata        0x0080007e       0x2a src/menu.o
 *(.rodata*)
 .rodata.str1.1
                0x008000a8        0xe src/menu.o
 .rodata.str1.1
                0x008000b6        0xa src/pid1.o
 *(.gnu.linkonce.d*)
                0x008000c0                . = ALIGN (0x2)
                0x008000c0                _edata = .
                0x008000c0                PROVIDE (__data_end, .)

.bss            0x008000c0       0xa5
                0x008000c0                PROVIDE (__bss_start, .)
 *(.bss)
 .bss           0x008000c0        0x8 src/adc.o
 .bss           0x008000c8        0x8 src/buttons.o
                0x008000c8                button_action_long
                0x008000c9                button_action_up_short
                0x008000ca                button_action_rep
                0x008000cb                button_action_down
                0x008000cc                button_state
 .bss           0x008000d0        0x9 src/control.o
 .bss           0x008000d9        0x6 src/led_indic.o
 .bss           0x008000df        0xe src/menu.o
 .bss           0x008000ed        0xe src/power_control.o
                0x008000ed                activeRollCycle
                0x008000ee                rollState
                0x008000ef                heater_reg_cnt
                0x008000f0                heaterState
                0x008000f1                ctrl_heater
 .bss           0x008000fb        0x6 src/systimer.o
                0x008000fb                minute_counter
                0x008000fc                autoPowerOffState
 *(.bss*)
 *(COMMON)
 COMMON         0x00800101       0x30 src/adc.o
                0x00800101                PIDsampledADC
                0x00800103                adc_oversampled
                0x00800105                raw_adc_buffer
                0x0080012d                adc_normalized
                0x0080012f                adc_celsius
 COMMON         0x00800131       0x21 src/control.o
                0x00800131                cpoint1
                0x00800132                dbg_PID_output
                0x00800134                dbg_SetTempCelsius
                0x00800135                dbg_PID_p_term
                0x00800137                dbg_RealTempPID
                0x00800139                setup_temp_value
                0x0080013b                sound_enable
                0x0080013c                dbg_PID_i_term
                0x0080013e                rollCycleSet
                0x0080013f                pid_dterm_buffer
                0x00800147                dbg_PID_d_term
                0x00800149                cpoint1_adc
                0x0080014b                power_off_timeout
                0x0080014c                dbg_RealTempCelsius
                0x0080014d                cpoint2_adc
                0x0080014f                dbg_SetTempPID
                0x00800151                cpoint2
 COMMON         0x00800152       0x13 src/led_indic.o
                0x00800152                extra_led_state
                0x00800153                wStartPos
                0x00800154                shifterState
                0x00800155                bufStartPos
                0x00800156                led_data_buffer
                0x00800164                raw_button_state
                0x00800165                PROVIDE (__bss_end, .)
                0x00001a0c                __data_load_start = LOADADDR (.data)
                0x00001a6c                __data_load_end = (__data_load_start + SIZEOF (.data))

.noinit         0x00800165        0x0
                0x00800165                PROVIDE (__noinit_start, .)
 *(.noinit*)
                0x00800165                PROVIDE (__noinit_end, .)
                0x00800165                _end = .
                0x00800165                PROVIDE (__heap_start, .)

.eeprom         0x00810000        0xa
 *(.eeprom*)
 .eeprom        0x00810000        0xa src/control.o
                0x00810000                nvParams
                0x0081000a                __eeprom_end = .

.fuse
 *(.fuse)
 *(.lfuse)
 *(.hfuse)
 *(.efuse)

.lock
 *(.lock*)

.signature
 *(.signature*)

.user_signatures
 *(.user_signatures*)

.stab           0x00000000      0x7d4
 *(.stab)
 .stab          0x00000000      0x6cc c:/program files (x86)/atmel/atmel toolchain/avr8 gcc/native/3.4.2.876/avr8-gnu-toolchain/bin/../lib/gcc/avr/4.7.2/../../../../avr/lib/avr4/crtm8.o
 .stab          0x000006cc      0x108 c:/program files (x86)/atmel/atmel toolchain/avr8 gcc/native/3.4.2.876/avr8-gnu-toolchain/bin/../lib/gcc/avr/4.7.2/../../../../avr/lib/avr4\libc.a(eerd_block_atmega8.o)
                                0x114 (size before relaxing)

.stabstr        0x00000000       0xe3
 *(.stabstr)
 .stabstr       0x00000000       0xe3 c:/program files (x86)/atmel/atmel toolchain/avr8 gcc/native/3.4.2.876/avr8-gnu-toolchain/bin/../lib/gcc/avr/4.7.2/../../../../avr/lib/avr4/crtm8.o

.stab.excl
 *(.stab.excl)

.stab.exclstr
 *(.stab.exclstr)

.stab.index
 *(.stab.index)

.stab.indexstr
 *(.stab.indexstr)

.comment        0x00000000       0x2f
 *(.comment)
 .comment       0x00000000       0x2f src/adc.o
                                 0x30 (size before relaxing)
 .comment       0x00000000       0x30 src/buttons.o
 .comment       0x00000000       0x30 src/control.o
 .comment       0x00000000       0x30 src/led_indic.o
 .comment       0x00000000       0x30 src/led_indic_hw.o
 .comment       0x00000000       0x30 src/menu.o
 .comment       0x00000000       0x30 src/my_string.o
 .comment       0x00000000       0x30 src/pid1.o
 .comment       0x00000000       0x30 src/power_control.o
 .comment       0x00000000       0x30 src/soft_timer.o
 .comment       0x00000000       0x30 src/systimer.o
 .comment       0x00000000       0x30 src/usart.o

.debug
 *(.debug)

.line
 *(.line)

.debug_srcinfo
 *(.debug_srcinfo)

.debug_sfnames
 *(.debug_sfnames)

.debug_aranges  0x00000000      0x3d0
 *(.debug_aranges)
 .debug_aranges
                0x00000000       0x58 src/adc.o
 .debug_aranges
                0x00000058       0x20 src/buttons.o
 .debug_aranges
                0x00000078       0x48 src/control.o
 .debug_aranges
                0x000000c0       0x98 src/led_indic.o
 .debug_aranges
                0x00000158       0x48 src/led_indic_hw.o
 .debug_aranges
                0x000001a0       0xf0 src/menu.o
 .debug_aranges
                0x00000290       0x20 src/my_string.o
 .debug_aranges
                0x000002b0       0x28 src/pid1.o
 .debug_aranges
                0x000002d8       0x60 src/power_control.o
 .debug_aranges
                0x00000338       0x20 src/soft_timer.o
 .debug_aranges
                0x00000358       0x50 src/systimer.o
 .debug_aranges
                0x000003a8       0x28 src/usart.o

.debug_pubnames
 *(.debug_pubnames)

.debug_info     0x00000000     0x36a0
 *(.debug_info)
 .debug_info    0x00000000      0x358 src/adc.o
 .debug_info    0x00000358      0x16d src/buttons.o
 .debug_info    0x000004c5      0x7c0 src/control.o
 .debug_info    0x00000c85      0x8c1 src/led_indic.o
 .debug_info    0x00001546      0x21c src/led_indic_hw.o
 .debug_info    0x00001762      0xf5e src/menu.o
 .debug_info    0x000026c0       0xda src/my_string.o
 .debug_info    0x0000279a      0x5b6 src/pid1.o
 .debug_info    0x00002d50      0x3dd src/power_control.o
 .debug_info    0x0000312d      0x161 src/soft_timer.o
 .debug_info    0x0000328e      0x330 src/systimer.o
 .debug_info    0x000035be       0xe2 src/usart.o
 *(.gnu.linkonce.wi.*)

.debug_abbrev   0x00000000     0x1341
 *(.debug_abbrev)
 .debug_abbrev  0x00000000      0x1a5 src/adc.o
 .debug_abbrev  0x000001a5       0x98 src/buttons.o
 .debug_abbrev  0x0000023d      0x215 src/control.o
 .debug_abbrev  0x00000452      0x2a9 src/led_indic.o
 .debug_abbrev  0x000006fb      0x154 src/led_indic_hw.o
 .debug_abbrev  0x0000084f      0x341 src/menu.o
 .debug_abbrev  0x00000b90       0x89 src/my_string.o
 .debug_abbrev  0x00000c19      0x205 src/pid1.o
 .debug_abbrev  0x00000e1e      0x1e2 src/power_control.o
 .debug_abbrev  0x00001000       0xba src/soft_timer.o
 .debug_abbrev  0x000010ba      0x1d9 src/systimer.o
 .debug_abbrev  0x00001293       0xae src/usart.o

.debug_line     0x00000000     0x17cd
 *(.debug_line)
 .debug_line    0x00000000      0x189 src/adc.o
 .debug_line    0x00000189      0x111 src/buttons.o
 .debug_line    0x0000029a      0x329 src/control.o
 .debug_line    0x000005c3      0x362 src/led_indic.o
 .debug_line    0x00000925      0x206 src/led_indic_hw.o
 .debug_line    0x00000b2b      0x3c9 src/menu.o
 .debug_line    0x00000ef4       0xf6 src/my_string.o
 .debug_line    0x00000fea      0x26e src/pid1.o
 .debug_line    0x00001258      0x1f6 src/power_control.o
 .debug_line    0x0000144e       0xfe src/soft_timer.o
 .debug_line    0x0000154c      0x18f src/systimer.o
 .debug_line    0x000016db       0xf2 src/usart.o

.debug_frame    0x00000000      0x8f4
 *(.debug_frame)
 .debug_frame   0x00000000      0x158 src/adc.o
 .debug_frame   0x00000158       0x24 src/buttons.o
 .debug_frame   0x0000017c       0xa0 src/control.o
 .debug_frame   0x0000021c      0x15c src/led_indic.o
 .debug_frame   0x00000378       0x74 src/led_indic_hw.o
 .debug_frame   0x000003ec      0x260 src/menu.o
 .debug_frame   0x0000064c       0x30 src/my_string.o
 .debug_frame   0x0000067c       0x44 src/pid1.o
 .debug_frame   0x000006c0      0x100 src/power_control.o
 .debug_frame   0x000007c0       0x24 src/soft_timer.o
 .debug_frame   0x000007e4       0xcc src/systimer.o
 .debug_frame   0x000008b0       0x44 src/usart.o

.debug_str      0x00000000      0xf12
 *(.debug_str)
 .debug_str     0x00000000      0x20a src/adc.o
                                0x24d (size before relaxing)
 .debug_str     0x0000020a       0xeb src/buttons.o
                                0x1ab (size before relaxing)
 .debug_str     0x000002f5      0x2bd src/control.o
                                0x48c (size before relaxing)
 .debug_str     0x000005b2      0x32f src/led_indic.o
                                0x465 (size before relaxing)
 .debug_str     0x000008e1       0x22 src/led_indic_hw.o
                                0x1ab (size before relaxing)
 .debug_str     0x00000903      0x3c1 src/menu.o
                                0x621 (size before relaxing)
 .debug_str     0x00000cc4       0x1d src/my_string.o
                                 0xef (size before relaxing)
 .debug_str     0x00000ce1       0x8f src/pid1.o
                                0x34c (size before relaxing)
 .debug_str     0x00000d70       0xed src/power_control.o
                                0x2e0 (size before relaxing)
 .debug_str     0x00000e5d       0x20 src/soft_timer.o
                                0x125 (size before relaxing)
 .debug_str     0x00000e7d       0x7b src/systimer.o
                                0x22a (size before relaxing)
 .debug_str     0x00000ef8       0x1a src/usart.o
                                 0xdc (size before relaxing)

.debug_loc      0x00000000     0x1c01
 *(.debug_loc)
 .debug_loc     0x00000000      0x379 src/adc.o
 .debug_loc     0x00000379       0x69 src/buttons.o
 .debug_loc     0x000003e2      0x20d src/control.o
 .debug_loc     0x000005ef      0x7f7 src/led_indic.o
 .debug_loc     0x00000de6       0xf6 src/led_indic_hw.o
 .debug_loc     0x00000edc      0x752 src/menu.o
 .debug_loc     0x0000162e       0xca src/my_string.o
 .debug_loc     0x000016f8       0xc5 src/pid1.o
 .debug_loc     0x000017bd      0x1b2 src/power_control.o
 .debug_loc     0x0000196f       0x47 src/soft_timer.o
 .debug_loc     0x000019b6      0x1ba src/systimer.o
 .debug_loc     0x00001b70       0x91 src/usart.o

.debug_macinfo
 *(.debug_macinfo)

.debug_pubtypes
 *(.debug_pubtypes)

.debug_ranges   0x00000000      0x310
 *(.debug_ranges)
 .debug_ranges  0x00000000       0x48 src/adc.o
 .debug_ranges  0x00000048       0x10 src/buttons.o
 .debug_ranges  0x00000058       0x38 src/control.o
 .debug_ranges  0x00000090       0x88 src/led_indic.o
 .debug_ranges  0x00000118       0x38 src/led_indic_hw.o
 .debug_ranges  0x00000150       0xe0 src/menu.o
 .debug_ranges  0x00000230       0x10 src/my_string.o
 .debug_ranges  0x00000240       0x18 src/pid1.o
 .debug_ranges  0x00000258       0x50 src/power_control.o
 .debug_ranges  0x000002a8       0x10 src/soft_timer.o
 .debug_ranges  0x000002b8       0x40 src/systimer.o
 .debug_ranges  0x000002f8       0x18 src/usart.o

.debug_macro
 *(.debug_macro)
OUTPUT(pid1.elf elf32-avr)
LOAD linker stubs
