Archive member included because of file (symbol)

c:/program files (x86)/atmel/atmel toolchain/avr8 gcc/native/3.4.2.876/avr8-gnu-toolchain/bin/../lib/gcc/avr/4.7.2/avr4\libgcc.a(_udivmodqi4.o)
                              src/led_indic.o (__udivmodqi4)
c:/program files (x86)/atmel/atmel toolchain/avr8 gcc/native/3.4.2.876/avr8-gnu-toolchain/bin/../lib/gcc/avr/4.7.2/avr4\libgcc.a(_udivmodhi4.o)
                              src/my_string.o (__udivmodhi4)
c:/program files (x86)/atmel/atmel toolchain/avr8 gcc/native/3.4.2.876/avr8-gnu-toolchain/bin/../lib/gcc/avr/4.7.2/avr4\libgcc.a(_divmodhi4.o)
                              src/control.o (__divmodhi4)
c:/program files (x86)/atmel/atmel toolchain/avr8 gcc/native/3.4.2.876/avr8-gnu-toolchain/bin/../lib/gcc/avr/4.7.2/avr4\libgcc.a(_divmodsi4.o)
                              src/adc.o (__divmodsi4)
c:/program files (x86)/atmel/atmel toolchain/avr8 gcc/native/3.4.2.876/avr8-gnu-toolchain/bin/../lib/gcc/avr/4.7.2/avr4\libgcc.a(_exit.o)
                              c:/program files (x86)/atmel/atmel toolchain/avr8 gcc/native/3.4.2.876/avr8-gnu-toolchain/bin/../lib/gcc/avr/4.7.2/../../../../avr/lib/avr4/crtm8.o (exit)
c:/program files (x86)/atmel/atmel toolchain/avr8 gcc/native/3.4.2.876/avr8-gnu-toolchain/bin/../lib/gcc/avr/4.7.2/avr4\libgcc.a(_copy_data.o)
                              src/adc.o (__do_copy_data)
c:/program files (x86)/atmel/atmel toolchain/avr8 gcc/native/3.4.2.876/avr8-gnu-toolchain/bin/../lib/gcc/avr/4.7.2/avr4\libgcc.a(_clear_bss.o)
                              src/adc.o (__do_clear_bss)
c:/program files (x86)/atmel/atmel toolchain/avr8 gcc/native/3.4.2.876/avr8-gnu-toolchain/bin/../lib/gcc/avr/4.7.2/avr4\libgcc.a(_mulhisi3.o)
                              src/adc.o (__mulhisi3)
c:/program files (x86)/atmel/atmel toolchain/avr8 gcc/native/3.4.2.876/avr8-gnu-toolchain/bin/../lib/gcc/avr/4.7.2/avr4\libgcc.a(_umulhisi3.o)
                              src/adc.o (__umulhisi3)
c:/program files (x86)/atmel/atmel toolchain/avr8 gcc/native/3.4.2.876/avr8-gnu-toolchain/bin/../lib/gcc/avr/4.7.2/avr4\libgcc.a(_usmulhisi3.o)
                              src/adc.o (__usmulhisi3)
c:/program files (x86)/atmel/atmel toolchain/avr8 gcc/native/3.4.2.876/avr8-gnu-toolchain/bin/../lib/gcc/avr/4.7.2/avr4\libgcc.a(_muluhisi3.o)
                              src/adc.o (__muluhisi3)
c:/program files (x86)/atmel/atmel toolchain/avr8 gcc/native/3.4.2.876/avr8-gnu-toolchain/bin/../lib/gcc/avr/4.7.2/avr4\libgcc.a(_udivmodsi4.o)
                              c:/program files (x86)/atmel/atmel toolchain/avr8 gcc/native/3.4.2.876/avr8-gnu-toolchain/bin/../lib/gcc/avr/4.7.2/avr4\libgcc.a(_divmodsi4.o) (__udivmodsi4)
c:/program files (x86)/atmel/atmel toolchain/avr8 gcc/native/3.4.2.876/avr8-gnu-toolchain/bin/../lib/gcc/avr/4.7.2/../../../../avr/lib/avr4\libc.a(eerd_block_atmega8.o)
                              src/control.o (__eerd_block_m8)
c:/program files (x86)/atmel/atmel toolchain/avr8 gcc/native/3.4.2.876/avr8-gnu-toolchain/bin/../lib/gcc/avr/4.7.2/../../../../avr/lib/avr4\libc.a(eeupd_block_atmega8.o)
                              src/control.o (__eeupd_block_m8)
c:/program files (x86)/atmel/atmel toolchain/avr8 gcc/native/3.4.2.876/avr8-gnu-toolchain/bin/../lib/gcc/avr/4.7.2/../../../../avr/lib/avr4\libc.a(eeupd_byte_atmega8.o)
                              c:/program files (x86)/atmel/atmel toolchain/avr8 gcc/native/3.4.2.876/avr8-gnu-toolchain/bin/../lib/gcc/avr/4.7.2/../../../../avr/lib/avr4\libc.a(eeupd_block_atmega8.o) (__eeupd_r18_m8)

Allocating common symbols
Common symbol       size              file

dbg_SetPointCelsius
                    0x1               src/control.o
cp                  0x6               src/control.o
p                   0x4               src/control.o
extra_led_state     0x1               src/led_indic.o
dbg_PID_output      0x2               src/control.o
adc_filtered        0x2               src/adc.o
adc_oversampled     0x2               src/adc.o
raw_adc_buffer      0x40              src/adc.o
wStartPos           0x1               src/led_indic.o
dbg_PID_p_term      0x2               src/control.o
dbg_RealTempPID     0x2               src/control.o
adc_normalized      0x2               src/adc.o
dbg_PID_i_term      0x2               src/control.o
pid_dterm_buffer    0x8               src/control.o
dbg_PID_d_term      0x2               src/control.o
shifterState        0x1               src/led_indic.o
adc_status          0x1               src/adc.o
bufStartPos         0x1               src/led_indic.o
led_data_buffer     0xe               src/led_indic.o
adc_celsius         0x2               src/adc.o
dbg_SetPointPID     0x2               src/control.o
dbg_RealTempCelsius
                    0x1               src/control.o
filter_buffer       0x28              src/adc.o
raw_button_state    0x1               src/led_indic.o

Discarded input sections

 .bss           0x00000000        0x0 c:/program files (x86)/atmel/atmel toolchain/avr8 gcc/native/3.4.2.876/avr8-gnu-toolchain/bin/../lib/gcc/avr/4.7.2/../../../../avr/lib/avr4/crtm8.o
 .text          0x00000000        0x0 src/adc.o
 .text          0x00000000        0x0 src/buttons.o
 .text          0x00000000        0x0 src/control.o
 .text          0x00000000        0x0 src/led_indic.o
 .text.setWindowStartPos
                0x00000000        0x8 src/led_indic.o
 .text.shiftWindowPosition
                0x00000000        0xe src/led_indic.o
 .text.setBufferStartPos
                0x00000000        0x8 src/led_indic.o
 .text.clearComma
                0x00000000       0x18 src/led_indic.o
 .text.toggleExtraLeds
                0x00000000        0xc src/led_indic.o
 .text          0x00000000        0x0 src/led_indic_hw.o
 .bss           0x00000000        0x0 src/led_indic_hw.o
 .text          0x00000000        0x0 src/menu.o
 .text          0x00000000        0x0 src/my_string.o
 .bss           0x00000000        0x0 src/my_string.o
 .text          0x00000000        0x0 src/pid1.o
 .bss           0x00000000        0x0 src/pid1.o
 .text          0x00000000        0x0 src/power_control.o
 .text          0x00000000        0x0 src/soft_timer.o
 .bss           0x00000000        0x0 src/soft_timer.o
 .text          0x00000000        0x0 src/systimer.o
 .text.SetBeeperPeriod
                0x00000000       0x24 src/systimer.o
 .text.StopBeep
                0x00000000       0x10 src/systimer.o
 .text          0x00000000        0x0 src/usart.o
 .bss           0x00000000        0x0 src/usart.o
 .text          0x00000000        0x0 c:/program files (x86)/atmel/atmel toolchain/avr8 gcc/native/3.4.2.876/avr8-gnu-toolchain/bin/../lib/gcc/avr/4.7.2/avr4\libgcc.a(_udivmodqi4.o)
 .bss           0x00000000        0x0 c:/program files (x86)/atmel/atmel toolchain/avr8 gcc/native/3.4.2.876/avr8-gnu-toolchain/bin/../lib/gcc/avr/4.7.2/avr4\libgcc.a(_udivmodqi4.o)
 .text.libgcc.mul
                0x00000000        0x0 c:/program files (x86)/atmel/atmel toolchain/avr8 gcc/native/3.4.2.876/avr8-gnu-toolchain/bin/../lib/gcc/avr/4.7.2/avr4\libgcc.a(_udivmodqi4.o)
 .text.libgcc   0x00000000        0x0 c:/program files (x86)/atmel/atmel toolchain/avr8 gcc/native/3.4.2.876/avr8-gnu-toolchain/bin/../lib/gcc/avr/4.7.2/avr4\libgcc.a(_udivmodqi4.o)
 .text.libgcc.prologue
                0x00000000        0x0 c:/program files (x86)/atmel/atmel toolchain/avr8 gcc/native/3.4.2.876/avr8-gnu-toolchain/bin/../lib/gcc/avr/4.7.2/avr4\libgcc.a(_udivmodqi4.o)
 .text.libgcc.builtins
                0x00000000        0x0 c:/program files (x86)/atmel/atmel toolchain/avr8 gcc/native/3.4.2.876/avr8-gnu-toolchain/bin/../lib/gcc/avr/4.7.2/avr4\libgcc.a(_udivmodqi4.o)
 .text.libgcc.fmul
                0x00000000        0x0 c:/program files (x86)/atmel/atmel toolchain/avr8 gcc/native/3.4.2.876/avr8-gnu-toolchain/bin/../lib/gcc/avr/4.7.2/avr4\libgcc.a(_udivmodqi4.o)
 .text          0x00000000        0x0 c:/program files (x86)/atmel/atmel toolchain/avr8 gcc/native/3.4.2.876/avr8-gnu-toolchain/bin/../lib/gcc/avr/4.7.2/avr4\libgcc.a(_udivmodhi4.o)
 .bss           0x00000000        0x0 c:/program files (x86)/atmel/atmel toolchain/avr8 gcc/native/3.4.2.876/avr8-gnu-toolchain/bin/../lib/gcc/avr/4.7.2/avr4\libgcc.a(_udivmodhi4.o)
 .text.libgcc.mul
                0x00000000        0x0 c:/program files (x86)/atmel/atmel toolchain/avr8 gcc/native/3.4.2.876/avr8-gnu-toolchain/bin/../lib/gcc/avr/4.7.2/avr4\libgcc.a(_udivmodhi4.o)
 .text.libgcc   0x00000000        0x0 c:/program files (x86)/atmel/atmel toolchain/avr8 gcc/native/3.4.2.876/avr8-gnu-toolchain/bin/../lib/gcc/avr/4.7.2/avr4\libgcc.a(_udivmodhi4.o)
 .text.libgcc.prologue
                0x00000000        0x0 c:/program files (x86)/atmel/atmel toolchain/avr8 gcc/native/3.4.2.876/avr8-gnu-toolchain/bin/../lib/gcc/avr/4.7.2/avr4\libgcc.a(_udivmodhi4.o)
 .text.libgcc.builtins
                0x00000000        0x0 c:/program files (x86)/atmel/atmel toolchain/avr8 gcc/native/3.4.2.876/avr8-gnu-toolchain/bin/../lib/gcc/avr/4.7.2/avr4\libgcc.a(_udivmodhi4.o)
 .text.libgcc.fmul
                0x00000000        0x0 c:/program files (x86)/atmel/atmel toolchain/avr8 gcc/native/3.4.2.876/avr8-gnu-toolchain/bin/../lib/gcc/avr/4.7.2/avr4\libgcc.a(_udivmodhi4.o)
 .text          0x00000000        0x0 c:/program files (x86)/atmel/atmel toolchain/avr8 gcc/native/3.4.2.876/avr8-gnu-toolchain/bin/../lib/gcc/avr/4.7.2/avr4\libgcc.a(_divmodhi4.o)
 .bss           0x00000000        0x0 c:/program files (x86)/atmel/atmel toolchain/avr8 gcc/native/3.4.2.876/avr8-gnu-toolchain/bin/../lib/gcc/avr/4.7.2/avr4\libgcc.a(_divmodhi4.o)
 .text.libgcc.mul
                0x00000000        0x0 c:/program files (x86)/atmel/atmel toolchain/avr8 gcc/native/3.4.2.876/avr8-gnu-toolchain/bin/../lib/gcc/avr/4.7.2/avr4\libgcc.a(_divmodhi4.o)
 .text.libgcc   0x00000000        0x0 c:/program files (x86)/atmel/atmel toolchain/avr8 gcc/native/3.4.2.876/avr8-gnu-toolchain/bin/../lib/gcc/avr/4.7.2/avr4\libgcc.a(_divmodhi4.o)
 .text.libgcc.prologue
                0x00000000        0x0 c:/program files (x86)/atmel/atmel toolchain/avr8 gcc/native/3.4.2.876/avr8-gnu-toolchain/bin/../lib/gcc/avr/4.7.2/avr4\libgcc.a(_divmodhi4.o)
 .text.libgcc.builtins
                0x00000000        0x0 c:/program files (x86)/atmel/atmel toolchain/avr8 gcc/native/3.4.2.876/avr8-gnu-toolchain/bin/../lib/gcc/avr/4.7.2/avr4\libgcc.a(_divmodhi4.o)
 .text.libgcc.fmul
                0x00000000        0x0 c:/program files (x86)/atmel/atmel toolchain/avr8 gcc/native/3.4.2.876/avr8-gnu-toolchain/bin/../lib/gcc/avr/4.7.2/avr4\libgcc.a(_divmodhi4.o)
 .text          0x00000000        0x0 c:/program files (x86)/atmel/atmel toolchain/avr8 gcc/native/3.4.2.876/avr8-gnu-toolchain/bin/../lib/gcc/avr/4.7.2/avr4\libgcc.a(_divmodsi4.o)
 .bss           0x00000000        0x0 c:/program files (x86)/atmel/atmel toolchain/avr8 gcc/native/3.4.2.876/avr8-gnu-toolchain/bin/../lib/gcc/avr/4.7.2/avr4\libgcc.a(_divmodsi4.o)
 .text.libgcc.mul
                0x00000000        0x0 c:/program files (x86)/atmel/atmel toolchain/avr8 gcc/native/3.4.2.876/avr8-gnu-toolchain/bin/../lib/gcc/avr/4.7.2/avr4\libgcc.a(_divmodsi4.o)
 .text.libgcc   0x00000000        0x0 c:/program files (x86)/atmel/atmel toolchain/avr8 gcc/native/3.4.2.876/avr8-gnu-toolchain/bin/../lib/gcc/avr/4.7.2/avr4\libgcc.a(_divmodsi4.o)
 .text.libgcc.prologue
                0x00000000        0x0 c:/program files (x86)/atmel/atmel toolchain/avr8 gcc/native/3.4.2.876/avr8-gnu-toolchain/bin/../lib/gcc/avr/4.7.2/avr4\libgcc.a(_divmodsi4.o)
 .text.libgcc.builtins
                0x00000000        0x0 c:/program files (x86)/atmel/atmel toolchain/avr8 gcc/native/3.4.2.876/avr8-gnu-toolchain/bin/../lib/gcc/avr/4.7.2/avr4\libgcc.a(_divmodsi4.o)
 .text.libgcc.fmul
                0x00000000        0x0 c:/program files (x86)/atmel/atmel toolchain/avr8 gcc/native/3.4.2.876/avr8-gnu-toolchain/bin/../lib/gcc/avr/4.7.2/avr4\libgcc.a(_divmodsi4.o)
 .text          0x00000000        0x0 c:/program files (x86)/atmel/atmel toolchain/avr8 gcc/native/3.4.2.876/avr8-gnu-toolchain/bin/../lib/gcc/avr/4.7.2/avr4\libgcc.a(_exit.o)
 .bss           0x00000000        0x0 c:/program files (x86)/atmel/atmel toolchain/avr8 gcc/native/3.4.2.876/avr8-gnu-toolchain/bin/../lib/gcc/avr/4.7.2/avr4\libgcc.a(_exit.o)
 .text.libgcc.mul
                0x00000000        0x0 c:/program files (x86)/atmel/atmel toolchain/avr8 gcc/native/3.4.2.876/avr8-gnu-toolchain/bin/../lib/gcc/avr/4.7.2/avr4\libgcc.a(_exit.o)
 .text.libgcc.div
                0x00000000        0x0 c:/program files (x86)/atmel/atmel toolchain/avr8 gcc/native/3.4.2.876/avr8-gnu-toolchain/bin/../lib/gcc/avr/4.7.2/avr4\libgcc.a(_exit.o)
 .text.libgcc   0x00000000        0x0 c:/program files (x86)/atmel/atmel toolchain/avr8 gcc/native/3.4.2.876/avr8-gnu-toolchain/bin/../lib/gcc/avr/4.7.2/avr4\libgcc.a(_exit.o)
 .text.libgcc.prologue
                0x00000000        0x0 c:/program files (x86)/atmel/atmel toolchain/avr8 gcc/native/3.4.2.876/avr8-gnu-toolchain/bin/../lib/gcc/avr/4.7.2/avr4\libgcc.a(_exit.o)
 .text.libgcc.builtins
                0x00000000        0x0 c:/program files (x86)/atmel/atmel toolchain/avr8 gcc/native/3.4.2.876/avr8-gnu-toolchain/bin/../lib/gcc/avr/4.7.2/avr4\libgcc.a(_exit.o)
 .text.libgcc.fmul
                0x00000000        0x0 c:/program files (x86)/atmel/atmel toolchain/avr8 gcc/native/3.4.2.876/avr8-gnu-toolchain/bin/../lib/gcc/avr/4.7.2/avr4\libgcc.a(_exit.o)
 .text          0x00000000        0x0 c:/program files (x86)/atmel/atmel toolchain/avr8 gcc/native/3.4.2.876/avr8-gnu-toolchain/bin/../lib/gcc/avr/4.7.2/avr4\libgcc.a(_copy_data.o)
 .bss           0x00000000        0x0 c:/program files (x86)/atmel/atmel toolchain/avr8 gcc/native/3.4.2.876/avr8-gnu-toolchain/bin/../lib/gcc/avr/4.7.2/avr4\libgcc.a(_copy_data.o)
 .text.libgcc.mul
                0x00000000        0x0 c:/program files (x86)/atmel/atmel toolchain/avr8 gcc/native/3.4.2.876/avr8-gnu-toolchain/bin/../lib/gcc/avr/4.7.2/avr4\libgcc.a(_copy_data.o)
 .text.libgcc.div
                0x00000000        0x0 c:/program files (x86)/atmel/atmel toolchain/avr8 gcc/native/3.4.2.876/avr8-gnu-toolchain/bin/../lib/gcc/avr/4.7.2/avr4\libgcc.a(_copy_data.o)
 .text.libgcc   0x00000000        0x0 c:/program files (x86)/atmel/atmel toolchain/avr8 gcc/native/3.4.2.876/avr8-gnu-toolchain/bin/../lib/gcc/avr/4.7.2/avr4\libgcc.a(_copy_data.o)
 .text.libgcc.prologue
                0x00000000        0x0 c:/program files (x86)/atmel/atmel toolchain/avr8 gcc/native/3.4.2.876/avr8-gnu-toolchain/bin/../lib/gcc/avr/4.7.2/avr4\libgcc.a(_copy_data.o)
 .text.libgcc.builtins
                0x00000000        0x0 c:/program files (x86)/atmel/atmel toolchain/avr8 gcc/native/3.4.2.876/avr8-gnu-toolchain/bin/../lib/gcc/avr/4.7.2/avr4\libgcc.a(_copy_data.o)
 .text.libgcc.fmul
                0x00000000        0x0 c:/program files (x86)/atmel/atmel toolchain/avr8 gcc/native/3.4.2.876/avr8-gnu-toolchain/bin/../lib/gcc/avr/4.7.2/avr4\libgcc.a(_copy_data.o)
 .text          0x00000000        0x0 c:/program files (x86)/atmel/atmel toolchain/avr8 gcc/native/3.4.2.876/avr8-gnu-toolchain/bin/../lib/gcc/avr/4.7.2/avr4\libgcc.a(_clear_bss.o)
 .bss           0x00000000        0x0 c:/program files (x86)/atmel/atmel toolchain/avr8 gcc/native/3.4.2.876/avr8-gnu-toolchain/bin/../lib/gcc/avr/4.7.2/avr4\libgcc.a(_clear_bss.o)
 .text.libgcc.mul
                0x00000000        0x0 c:/program files (x86)/atmel/atmel toolchain/avr8 gcc/native/3.4.2.876/avr8-gnu-toolchain/bin/../lib/gcc/avr/4.7.2/avr4\libgcc.a(_clear_bss.o)
 .text.libgcc.div
                0x00000000        0x0 c:/program files (x86)/atmel/atmel toolchain/avr8 gcc/native/3.4.2.876/avr8-gnu-toolchain/bin/../lib/gcc/avr/4.7.2/avr4\libgcc.a(_clear_bss.o)
 .text.libgcc   0x00000000        0x0 c:/program files (x86)/atmel/atmel toolchain/avr8 gcc/native/3.4.2.876/avr8-gnu-toolchain/bin/../lib/gcc/avr/4.7.2/avr4\libgcc.a(_clear_bss.o)
 .text.libgcc.prologue
                0x00000000        0x0 c:/program files (x86)/atmel/atmel toolchain/avr8 gcc/native/3.4.2.876/avr8-gnu-toolchain/bin/../lib/gcc/avr/4.7.2/avr4\libgcc.a(_clear_bss.o)
 .text.libgcc.builtins
                0x00000000        0x0 c:/program files (x86)/atmel/atmel toolchain/avr8 gcc/native/3.4.2.876/avr8-gnu-toolchain/bin/../lib/gcc/avr/4.7.2/avr4\libgcc.a(_clear_bss.o)
 .text.libgcc.fmul
                0x00000000        0x0 c:/program files (x86)/atmel/atmel toolchain/avr8 gcc/native/3.4.2.876/avr8-gnu-toolchain/bin/../lib/gcc/avr/4.7.2/avr4\libgcc.a(_clear_bss.o)
 .text          0x00000000        0x0 c:/program files (x86)/atmel/atmel toolchain/avr8 gcc/native/3.4.2.876/avr8-gnu-toolchain/bin/../lib/gcc/avr/4.7.2/avr4\libgcc.a(_mulhisi3.o)
 .bss           0x00000000        0x0 c:/program files (x86)/atmel/atmel toolchain/avr8 gcc/native/3.4.2.876/avr8-gnu-toolchain/bin/../lib/gcc/avr/4.7.2/avr4\libgcc.a(_mulhisi3.o)
 .text.libgcc.div
                0x00000000        0x0 c:/program files (x86)/atmel/atmel toolchain/avr8 gcc/native/3.4.2.876/avr8-gnu-toolchain/bin/../lib/gcc/avr/4.7.2/avr4\libgcc.a(_mulhisi3.o)
 .text.libgcc   0x00000000        0x0 c:/program files (x86)/atmel/atmel toolchain/avr8 gcc/native/3.4.2.876/avr8-gnu-toolchain/bin/../lib/gcc/avr/4.7.2/avr4\libgcc.a(_mulhisi3.o)
 .text.libgcc.prologue
                0x00000000        0x0 c:/program files (x86)/atmel/atmel toolchain/avr8 gcc/native/3.4.2.876/avr8-gnu-toolchain/bin/../lib/gcc/avr/4.7.2/avr4\libgcc.a(_mulhisi3.o)
 .text.libgcc.builtins
                0x00000000        0x0 c:/program files (x86)/atmel/atmel toolchain/avr8 gcc/native/3.4.2.876/avr8-gnu-toolchain/bin/../lib/gcc/avr/4.7.2/avr4\libgcc.a(_mulhisi3.o)
 .text.libgcc.fmul
                0x00000000        0x0 c:/program files (x86)/atmel/atmel toolchain/avr8 gcc/native/3.4.2.876/avr8-gnu-toolchain/bin/../lib/gcc/avr/4.7.2/avr4\libgcc.a(_mulhisi3.o)
 .text          0x00000000        0x0 c:/program files (x86)/atmel/atmel toolchain/avr8 gcc/native/3.4.2.876/avr8-gnu-toolchain/bin/../lib/gcc/avr/4.7.2/avr4\libgcc.a(_umulhisi3.o)
 .bss           0x00000000        0x0 c:/program files (x86)/atmel/atmel toolchain/avr8 gcc/native/3.4.2.876/avr8-gnu-toolchain/bin/../lib/gcc/avr/4.7.2/avr4\libgcc.a(_umulhisi3.o)
 .text.libgcc.div
                0x00000000        0x0 c:/program files (x86)/atmel/atmel toolchain/avr8 gcc/native/3.4.2.876/avr8-gnu-toolchain/bin/../lib/gcc/avr/4.7.2/avr4\libgcc.a(_umulhisi3.o)
 .text.libgcc   0x00000000        0x0 c:/program files (x86)/atmel/atmel toolchain/avr8 gcc/native/3.4.2.876/avr8-gnu-toolchain/bin/../lib/gcc/avr/4.7.2/avr4\libgcc.a(_umulhisi3.o)
 .text.libgcc.prologue
                0x00000000        0x0 c:/program files (x86)/atmel/atmel toolchain/avr8 gcc/native/3.4.2.876/avr8-gnu-toolchain/bin/../lib/gcc/avr/4.7.2/avr4\libgcc.a(_umulhisi3.o)
 .text.libgcc.builtins
                0x00000000        0x0 c:/program files (x86)/atmel/atmel toolchain/avr8 gcc/native/3.4.2.876/avr8-gnu-toolchain/bin/../lib/gcc/avr/4.7.2/avr4\libgcc.a(_umulhisi3.o)
 .text.libgcc.fmul
                0x00000000        0x0 c:/program files (x86)/atmel/atmel toolchain/avr8 gcc/native/3.4.2.876/avr8-gnu-toolchain/bin/../lib/gcc/avr/4.7.2/avr4\libgcc.a(_umulhisi3.o)
 .text          0x00000000        0x0 c:/program files (x86)/atmel/atmel toolchain/avr8 gcc/native/3.4.2.876/avr8-gnu-toolchain/bin/../lib/gcc/avr/4.7.2/avr4\libgcc.a(_usmulhisi3.o)
 .bss           0x00000000        0x0 c:/program files (x86)/atmel/atmel toolchain/avr8 gcc/native/3.4.2.876/avr8-gnu-toolchain/bin/../lib/gcc/avr/4.7.2/avr4\libgcc.a(_usmulhisi3.o)
 .text.libgcc.div
                0x00000000        0x0 c:/program files (x86)/atmel/atmel toolchain/avr8 gcc/native/3.4.2.876/avr8-gnu-toolchain/bin/../lib/gcc/avr/4.7.2/avr4\libgcc.a(_usmulhisi3.o)
 .text.libgcc   0x00000000        0x0 c:/program files (x86)/atmel/atmel toolchain/avr8 gcc/native/3.4.2.876/avr8-gnu-toolchain/bin/../lib/gcc/avr/4.7.2/avr4\libgcc.a(_usmulhisi3.o)
 .text.libgcc.prologue
                0x00000000        0x0 c:/program files (x86)/atmel/atmel toolchain/avr8 gcc/native/3.4.2.876/avr8-gnu-toolchain/bin/../lib/gcc/avr/4.7.2/avr4\libgcc.a(_usmulhisi3.o)
 .text.libgcc.builtins
                0x00000000        0x0 c:/program files (x86)/atmel/atmel toolchain/avr8 gcc/native/3.4.2.876/avr8-gnu-toolchain/bin/../lib/gcc/avr/4.7.2/avr4\libgcc.a(_usmulhisi3.o)
 .text.libgcc.fmul
                0x00000000        0x0 c:/program files (x86)/atmel/atmel toolchain/avr8 gcc/native/3.4.2.876/avr8-gnu-toolchain/bin/../lib/gcc/avr/4.7.2/avr4\libgcc.a(_usmulhisi3.o)
 .text          0x00000000        0x0 c:/program files (x86)/atmel/atmel toolchain/avr8 gcc/native/3.4.2.876/avr8-gnu-toolchain/bin/../lib/gcc/avr/4.7.2/avr4\libgcc.a(_muluhisi3.o)
 .bss           0x00000000        0x0 c:/program files (x86)/atmel/atmel toolchain/avr8 gcc/native/3.4.2.876/avr8-gnu-toolchain/bin/../lib/gcc/avr/4.7.2/avr4\libgcc.a(_muluhisi3.o)
 .text.libgcc.div
                0x00000000        0x0 c:/program files (x86)/atmel/atmel toolchain/avr8 gcc/native/3.4.2.876/avr8-gnu-toolchain/bin/../lib/gcc/avr/4.7.2/avr4\libgcc.a(_muluhisi3.o)
 .text.libgcc   0x00000000        0x0 c:/program files (x86)/atmel/atmel toolchain/avr8 gcc/native/3.4.2.876/avr8-gnu-toolchain/bin/../lib/gcc/avr/4.7.2/avr4\libgcc.a(_muluhisi3.o)
 .text.libgcc.prologue
                0x00000000        0x0 c:/program files (x86)/atmel/atmel toolchain/avr8 gcc/native/3.4.2.876/avr8-gnu-toolchain/bin/../lib/gcc/avr/4.7.2/avr4\libgcc.a(_muluhisi3.o)
 .text.libgcc.builtins
                0x00000000        0x0 c:/program files (x86)/atmel/atmel toolchain/avr8 gcc/native/3.4.2.876/avr8-gnu-toolchain/bin/../lib/gcc/avr/4.7.2/avr4\libgcc.a(_muluhisi3.o)
 .text.libgcc.fmul
                0x00000000        0x0 c:/program files (x86)/atmel/atmel toolchain/avr8 gcc/native/3.4.2.876/avr8-gnu-toolchain/bin/../lib/gcc/avr/4.7.2/avr4\libgcc.a(_muluhisi3.o)
 .text          0x00000000        0x0 c:/program files (x86)/atmel/atmel toolchain/avr8 gcc/native/3.4.2.876/avr8-gnu-toolchain/bin/../lib/gcc/avr/4.7.2/avr4\libgcc.a(_udivmodsi4.o)
 .bss           0x00000000        0x0 c:/program files (x86)/atmel/atmel toolchain/avr8 gcc/native/3.4.2.876/avr8-gnu-toolchain/bin/../lib/gcc/avr/4.7.2/avr4\libgcc.a(_udivmodsi4.o)
 .text.libgcc.mul
                0x00000000        0x0 c:/program files (x86)/atmel/atmel toolchain/avr8 gcc/native/3.4.2.876/avr8-gnu-toolchain/bin/../lib/gcc/avr/4.7.2/avr4\libgcc.a(_udivmodsi4.o)
 .text.libgcc   0x00000000        0x0 c:/program files (x86)/atmel/atmel toolchain/avr8 gcc/native/3.4.2.876/avr8-gnu-toolchain/bin/../lib/gcc/avr/4.7.2/avr4\libgcc.a(_udivmodsi4.o)
 .text.libgcc.prologue
                0x00000000        0x0 c:/program files (x86)/atmel/atmel toolchain/avr8 gcc/native/3.4.2.876/avr8-gnu-toolchain/bin/../lib/gcc/avr/4.7.2/avr4\libgcc.a(_udivmodsi4.o)
 .text.libgcc.builtins
                0x00000000        0x0 c:/program files (x86)/atmel/atmel toolchain/avr8 gcc/native/3.4.2.876/avr8-gnu-toolchain/bin/../lib/gcc/avr/4.7.2/avr4\libgcc.a(_udivmodsi4.o)
 .text.libgcc.fmul
                0x00000000        0x0 c:/program files (x86)/atmel/atmel toolchain/avr8 gcc/native/3.4.2.876/avr8-gnu-toolchain/bin/../lib/gcc/avr/4.7.2/avr4\libgcc.a(_udivmodsi4.o)
 .text          0x00000000        0x0 c:/program files (x86)/atmel/atmel toolchain/avr8 gcc/native/3.4.2.876/avr8-gnu-toolchain/bin/../lib/gcc/avr/4.7.2/../../../../avr/lib/avr4\libc.a(eerd_block_atmega8.o)
 .bss           0x00000000        0x0 c:/program files (x86)/atmel/atmel toolchain/avr8 gcc/native/3.4.2.876/avr8-gnu-toolchain/bin/../lib/gcc/avr/4.7.2/../../../../avr/lib/avr4\libc.a(eerd_block_atmega8.o)
 .text          0x00000000        0x0 c:/program files (x86)/atmel/atmel toolchain/avr8 gcc/native/3.4.2.876/avr8-gnu-toolchain/bin/../lib/gcc/avr/4.7.2/../../../../avr/lib/avr4\libc.a(eeupd_block_atmega8.o)
 .bss           0x00000000        0x0 c:/program files (x86)/atmel/atmel toolchain/avr8 gcc/native/3.4.2.876/avr8-gnu-toolchain/bin/../lib/gcc/avr/4.7.2/../../../../avr/lib/avr4\libc.a(eeupd_block_atmega8.o)
 .text          0x00000000        0x0 c:/program files (x86)/atmel/atmel toolchain/avr8 gcc/native/3.4.2.876/avr8-gnu-toolchain/bin/../lib/gcc/avr/4.7.2/../../../../avr/lib/avr4\libc.a(eeupd_byte_atmega8.o)
 .bss           0x00000000        0x0 c:/program files (x86)/atmel/atmel toolchain/avr8 gcc/native/3.4.2.876/avr8-gnu-toolchain/bin/../lib/gcc/avr/4.7.2/../../../../avr/lib/avr4\libc.a(eeupd_byte_atmega8.o)

Memory Configuration

Name             Origin             Length             Attributes
text             0x00000000         0x00002000         xr
data             0x00800060         0x0000ffa0         rw !x
eeprom           0x00810000         0x00010000         rw !x
fuse             0x00820000         0x00000400         rw !x
lock             0x00830000         0x00000400         rw !x
signature        0x00840000         0x00000400         rw !x
user_signatures  0x00850000         0x00000400         rw !x
*default*        0x00000000         0xffffffff

Linker script and memory map

LOAD c:/program files (x86)/atmel/atmel toolchain/avr8 gcc/native/3.4.2.876/avr8-gnu-toolchain/bin/../lib/gcc/avr/4.7.2/../../../../avr/lib/avr4/crtm8.o
LOAD src/adc.o
LOAD src/buttons.o
LOAD src/control.o
LOAD src/led_indic.o
LOAD src/led_indic_hw.o
LOAD src/menu.o
LOAD src/my_string.o
LOAD src/pid1.o
LOAD src/power_control.o
LOAD src/soft_timer.o
LOAD src/systimer.o
LOAD src/usart.o
START GROUP
LOAD c:/program files (x86)/atmel/atmel toolchain/avr8 gcc/native/3.4.2.876/avr8-gnu-toolchain/bin/../lib/gcc/avr/4.7.2/../../../../avr/lib/avr4\libm.a
END GROUP
LOAD c:/program files (x86)/atmel/atmel toolchain/avr8 gcc/native/3.4.2.876/avr8-gnu-toolchain/bin/../lib/gcc/avr/4.7.2/avr4\libgcc.a
LOAD c:/program files (x86)/atmel/atmel toolchain/avr8 gcc/native/3.4.2.876/avr8-gnu-toolchain/bin/../lib/gcc/avr/4.7.2/../../../../avr/lib/avr4\libc.a
LOAD c:/program files (x86)/atmel/atmel toolchain/avr8 gcc/native/3.4.2.876/avr8-gnu-toolchain/bin/../lib/gcc/avr/4.7.2/avr4\libgcc.a

.hash
 *(.hash)

.dynsym
 *(.dynsym)

.dynstr
 *(.dynstr)

.gnu.version
 *(.gnu.version)

.gnu.version_d
 *(.gnu.version_d)

.gnu.version_r
 *(.gnu.version_r)

.rel.init
 *(.rel.init)

.rela.init
 *(.rela.init)

.rel.text
 *(.rel.text)
 *(.rel.text.*)
 *(.rel.gnu.linkonce.t*)

.rela.text
 *(.rela.text)
 *(.rela.text.*)
 *(.rela.gnu.linkonce.t*)

.rel.fini
 *(.rel.fini)

.rela.fini
 *(.rela.fini)

.rel.rodata
 *(.rel.rodata)
 *(.rel.rodata.*)
 *(.rel.gnu.linkonce.r*)

.rela.rodata
 *(.rela.rodata)
 *(.rela.rodata.*)
 *(.rela.gnu.linkonce.r*)

.rel.data
 *(.rel.data)
 *(.rel.data.*)
 *(.rel.gnu.linkonce.d*)

.rela.data
 *(.rela.data)
 *(.rela.data.*)
 *(.rela.gnu.linkonce.d*)

.rel.ctors
 *(.rel.ctors)

.rela.ctors
 *(.rela.ctors)

.rel.dtors
 *(.rel.dtors)

.rela.dtors
 *(.rela.dtors)

.rel.got
 *(.rel.got)

.rela.got
 *(.rela.got)

.rel.bss
 *(.rel.bss)

.rela.bss
 *(.rela.bss)

.rel.plt
 *(.rel.plt)

.rela.plt
 *(.rela.plt)

.text           0x00000000     0x1b90
 *(.vectors)
 .vectors       0x00000000       0x26 c:/program files (x86)/atmel/atmel toolchain/avr8 gcc/native/3.4.2.876/avr8-gnu-toolchain/bin/../lib/gcc/avr/4.7.2/../../../../avr/lib/avr4/crtm8.o
                0x00000000                __vector_default
                0x00000000                __vectors
 *(.vectors)
 *(.progmem.gcc*)
 *(.progmem*)
 .progmem.data  0x00000026       0x38 src/led_indic.o
                0x00000026                led_encode_table
 .progmem.data  0x0000005e      0x102 src/menu.o
                0x0000005e                menuFunctionSet
                0x000000c0                menuJumpSet
                0x00000160                . = ALIGN (0x2)
                0x00000160                __trampolines_start = .
 *(.trampolines)
 .trampolines   0x00000160        0x0 linker stubs
 *(.trampolines*)
                0x00000160                __trampolines_end = .
 *(.jumptables)
 *(.jumptables*)
 *(.lowtext)
 *(.lowtext*)
                0x00000160                __ctors_start = .
 *(.ctors)
                0x00000160                __ctors_end = .
                0x00000160                __dtors_start = .
 *(.dtors)
                0x00000160                __dtors_end = .
 SORT(*)(.ctors)
 SORT(*)(.dtors)
 *(.init0)
 .init0         0x00000160        0x0 c:/program files (x86)/atmel/atmel toolchain/avr8 gcc/native/3.4.2.876/avr8-gnu-toolchain/bin/../lib/gcc/avr/4.7.2/../../../../avr/lib/avr4/crtm8.o
                0x00000160                __init
 *(.init0)
 *(.init1)
 *(.init1)
 *(.init2)
 .init2         0x00000160        0xc c:/program files (x86)/atmel/atmel toolchain/avr8 gcc/native/3.4.2.876/avr8-gnu-toolchain/bin/../lib/gcc/avr/4.7.2/../../../../avr/lib/avr4/crtm8.o
 *(.init2)
 *(.init3)
 *(.init3)
 *(.init4)
 .init4         0x0000016c       0x16 c:/program files (x86)/atmel/atmel toolchain/avr8 gcc/native/3.4.2.876/avr8-gnu-toolchain/bin/../lib/gcc/avr/4.7.2/avr4\libgcc.a(_copy_data.o)
                0x0000016c                __do_copy_data
 .init4         0x00000182       0x10 c:/program files (x86)/atmel/atmel toolchain/avr8 gcc/native/3.4.2.876/avr8-gnu-toolchain/bin/../lib/gcc/avr/4.7.2/avr4\libgcc.a(_clear_bss.o)
                0x00000182                __do_clear_bss
 *(.init4)
 *(.init5)
 *(.init5)
 *(.init6)
 *(.init6)
 *(.init7)
 *(.init7)
 *(.init8)
 *(.init8)
 *(.init9)
 .init9         0x00000192        0x4 c:/program files (x86)/atmel/atmel toolchain/avr8 gcc/native/3.4.2.876/avr8-gnu-toolchain/bin/../lib/gcc/avr/4.7.2/../../../../avr/lib/avr4/crtm8.o
 *(.init9)
 *(.text)
 .text          0x00000196        0x2 c:/program files (x86)/atmel/atmel toolchain/avr8 gcc/native/3.4.2.876/avr8-gnu-toolchain/bin/../lib/gcc/avr/4.7.2/../../../../avr/lib/avr4/crtm8.o
                0x00000196                __vector_1
                0x00000196                __vector_12
                0x00000196                __bad_interrupt
                0x00000196                __vector_6
                0x00000196                __vector_11
                0x00000196                __vector_13
                0x00000196                __vector_17
                0x00000196                __vector_7
                0x00000196                __vector_5
                0x00000196                __vector_4
                0x00000196                __vector_2
                0x00000196                __vector_15
                0x00000196                __vector_8
                0x00000196                __vector_10
                0x00000196                __vector_18
                0x00000198                . = ALIGN (0x2)
 *(.text.*)
 .text.conv_ADC_to_Celsius
                0x00000198       0x42 src/adc.o
                0x00000198                conv_ADC_to_Celsius
 .text.conv_Celsius_to_ADC
                0x000001da       0x42 src/adc.o
                0x000001da                conv_Celsius_to_ADC
 .text.calculateCoeffs
                0x0000021c       0x9a src/adc.o
                0x0000021c                calculateCoeffs
 .text.update_Celsius
                0x000002b6       0x14 src/adc.o
                0x000002b6                update_Celsius
 .text.__vector_14
                0x000002ca       0x60 src/adc.o
                0x000002ca                __vector_14
 .text.fir_i16_i8
                0x0000032a       0x94 src/adc.o
                0x0000032a                fir_i16_i8
 .text.update_normalized_adc
                0x000003be       0x78 src/adc.o
                0x000003be                update_normalized_adc
 .text.process_buttons
                0x00000436       0x8a src/buttons.o
                0x00000436                process_buttons
 .text.processPID
                0x000004c0      0x118 src/control.o
 .text.processRollControl
                0x000005d8      0x106 src/control.o
                0x000005d8                processRollControl
 .text.heaterInit
                0x000006de        0xe src/control.o
                0x000006de                heaterInit
 .text.processHeaterControl
                0x000006ec       0xe8 src/control.o
                0x000006ec                processHeaterControl
 .text.processHeaterAlerts
                0x000007d4       0x9c src/control.o
                0x000007d4                processHeaterAlerts
 .text.restoreGlobalParams
                0x00000870       0x1c src/control.o
                0x00000870                restoreGlobalParams
 .text.saveCalibrationToEEPROM
                0x0000088c        0xe src/control.o
                0x0000088c                saveCalibrationToEEPROM
 .text.exitPowerOff
                0x0000089a       0x1e src/control.o
                0x0000089a                exitPowerOff
 .text.decode_led_char
                0x000008b8       0x2c src/led_indic.o
 .text.wrap_led_buffer_index
                0x000008e4       0x20 src/led_indic.o
 .text.processLedIndicator
                0x00000904       0xbe src/led_indic.o
                0x00000904                processLedIndicator
 .text.fillLedBuffer
                0x000009c2       0x48 src/led_indic.o
                0x000009c2                fillLedBuffer
 .text.startShiftingWindowLeft
                0x00000a0a       0x1c src/led_indic.o
                0x00000a0a                startShiftingWindowLeft
 .text.startShiftingWindowRight
                0x00000a26       0x1c src/led_indic.o
                0x00000a26                startShiftingWindowRight
 .text.initLedIndicator
                0x00000a42       0x46 src/led_indic.o
                0x00000a42                initLedIndicator
 .text.printLedBuffer
                0x00000a88       0x74 src/led_indic.o
                0x00000a88                printLedBuffer
 .text.setComma
                0x00000afc       0x18 src/led_indic.o
                0x00000afc                setComma
 .text.setExtraLeds
                0x00000b14        0xc src/led_indic.o
                0x00000b14                setExtraLeds
 .text.clearExtraLeds
                0x00000b20        0xe src/led_indic.o
                0x00000b20                clearExtraLeds
 .text.led_clock_pulse
                0x00000b2e       0x20 src/led_indic_hw.o
                0x00000b2e                led_clock_pulse
 .text.set_led_segments
                0x00000b4e       0x1c src/led_indic_hw.o
                0x00000b4e                set_led_segments
 .text.enable_led_segments_pullups
                0x00000b6a        0xe src/led_indic_hw.o
                0x00000b6a                enable_led_segments_pullups
 .text.enable_led_segments
                0x00000b78        0xe src/led_indic_hw.o
                0x00000b78                enable_led_segments
 .text.disable_led_segments
                0x00000b86        0xe src/led_indic_hw.o
                0x00000b86                disable_led_segments
 .text.capture_button_state
                0x00000b94       0x16 src/led_indic_hw.o
                0x00000b94                capture_button_state
 .text.processItemFunction
                0x00000baa        0xa src/menu.o
 .text.mf_setTempLeave
                0x00000bb4        0xc src/menu.o
 .text.mf_leafSelectAct
                0x00000bc0       0x1c src/menu.o
 .text.mf_leafExit
                0x00000bdc        0xc src/menu.o
 .text.mf_actpoffLeave
                0x00000be8        0x6 src/menu.o
 .text.mf_calibDoExit
                0x00000bee       0x16 src/menu.o
 .text.mf_actpoffDo
                0x00000c04        0x8 src/menu.o
 .text.mf_cdoneDo
                0x00000c0c        0x8 src/menu.o
 .text.mf_actpoffSelect
                0x00000c14        0xc src/menu.o
 .text.mf_leafSelect
                0x00000c20       0x10 src/menu.o
 .text.mf_calibP2Select
                0x00000c30       0x18 src/menu.o
 .text.mf_calibP1Select
                0x00000c48       0x18 src/menu.o
 .text.mf_rollLeave
                0x00000c60       0x10 src/menu.o
 .text.mf_setTempSelect
                0x00000c70        0x6 src/menu.o
 .text.mf_realTempLeave
                0x00000c76        0x4 src/menu.o
 .text.mf_cdoneSelect
                0x00000c7a       0x32 src/menu.o
 .text.mf_autopoffDo
                0x00000cac       0xa2 src/menu.o
 .text.mf_calibDo
                0x00000d4e       0x8e src/menu.o
 .text.mf_sndenDo
                0x00000ddc       0x8a src/menu.o
 .text.mf_rollDo
                0x00000e66       0xce src/menu.o
 .text.mf_rollSelect
                0x00000f34        0x6 src/menu.o
 .text.mf_setTempDo
                0x00000f3a       0xa8 src/menu.o
 .text.mf_realTempSelect
                0x00000fe2        0x4 src/menu.o
 .text.mf_realTempDo
                0x00000fe6       0x6e src/menu.o
 .text.getMenuFunctionRecord.constprop.1
                0x00001054       0x6c src/menu.o
 .text.InitMenu
                0x000010c0       0x12 src/menu.o
                0x000010c0                InitMenu
 .text.processMenu
                0x000010d2       0xde src/menu.o
                0x000010d2                processMenu
 .text.u16toa_align_right
                0x000011b0       0x40 src/my_string.o
                0x000011b0                u16toa_align_right
 .text.i32toa_align_right
                0x000011f0       0x94 src/my_string.o
                0x000011f0                i32toa_align_right
 .text.logI32p  0x00001284       0x36 src/pid1.o
 .text.logU16p  0x000012ba       0x32 src/pid1.o
 .text.init_system_io
                0x000012ec       0x60 src/pid1.o
                0x000012ec                init_system_io
 .text.startup.main
                0x0000134c      0x178 src/pid1.o
                0x0000134c                main
 .text.setHeaterPower
                0x000014c4       0x1a src/power_control.o
                0x000014c4                setHeaterPower
 .text.setMotorDirection
                0x000014de       0x42 src/power_control.o
                0x000014de                setMotorDirection
 .text.stopCycleRolling
                0x00001520       0x38 src/power_control.o
                0x00001520                stopCycleRolling
 .text.isTopPointValid
                0x00001558       0x20 src/power_control.o
                0x00001558                isTopPointValid
 .text.isBottomPointValid
                0x00001578       0x20 src/power_control.o
                0x00001578                isBottomPointValid
 .text.startCycleRolling
                0x00001598       0x30 src/power_control.o
                0x00001598                startCycleRolling
 .text.__vector_16
                0x000015c8       0x7c src/power_control.o
                0x000015c8                __vector_16
 .text.__vector_9
                0x00001644      0x192 src/power_control.o
                0x00001644                __vector_9
 .text.processSoftTimer8b
                0x000017d6       0x58 src/soft_timer.o
                0x000017d6                processSoftTimer8b
 .text.processSystemTimers
                0x0000182e       0xce src/systimer.o
                0x0000182e                processSystemTimers
 .text.resetAutoPowerOffCounter
                0x000018fc        0x6 src/systimer.o
                0x000018fc                resetAutoPowerOffCounter
 .text.SetBeeperFreq
                0x00001902       0x40 src/systimer.o
                0x00001902                SetBeeperFreq
 .text.StartBeep
                0x00001942       0x24 src/systimer.o
                0x00001942                StartBeep
 .text.OverrideSoundDisable
                0x00001966        0x8 src/systimer.o
                0x00001966                OverrideSoundDisable
 .text.__vector_3
                0x0000196e       0x6c src/systimer.o
                0x0000196e                __vector_3
 .text.USART_send
                0x000019da        0xa src/usart.o
                0x000019da                USART_send
 .text.USART_sendstr
                0x000019e4       0x24 src/usart.o
                0x000019e4                USART_sendstr
 .text.libgcc.div
                0x00001a08       0x18 c:/program files (x86)/atmel/atmel toolchain/avr8 gcc/native/3.4.2.876/avr8-gnu-toolchain/bin/../lib/gcc/avr/4.7.2/avr4\libgcc.a(_udivmodqi4.o)
                0x00001a08                __udivmodqi4
 .text.libgcc.div
                0x00001a20       0x28 c:/program files (x86)/atmel/atmel toolchain/avr8 gcc/native/3.4.2.876/avr8-gnu-toolchain/bin/../lib/gcc/avr/4.7.2/avr4\libgcc.a(_udivmodhi4.o)
                0x00001a20                __udivmodhi4
 .text.libgcc.div
                0x00001a48       0x26 c:/program files (x86)/atmel/atmel toolchain/avr8 gcc/native/3.4.2.876/avr8-gnu-toolchain/bin/../lib/gcc/avr/4.7.2/avr4\libgcc.a(_divmodhi4.o)
                0x00001a48                _div
                0x00001a48                __divmodhi4
 .text.libgcc.div
                0x00001a6e       0x36 c:/program files (x86)/atmel/atmel toolchain/avr8 gcc/native/3.4.2.876/avr8-gnu-toolchain/bin/../lib/gcc/avr/4.7.2/avr4\libgcc.a(_divmodsi4.o)
                0x00001a6e                __divmodsi4
 .text.libgcc.mul
                0x00001aa4        0xc c:/program files (x86)/atmel/atmel toolchain/avr8 gcc/native/3.4.2.876/avr8-gnu-toolchain/bin/../lib/gcc/avr/4.7.2/avr4\libgcc.a(_mulhisi3.o)
                0x00001aa4                __mulhisi3
 .text.libgcc.mul
                0x00001ab0       0x18 c:/program files (x86)/atmel/atmel toolchain/avr8 gcc/native/3.4.2.876/avr8-gnu-toolchain/bin/../lib/gcc/avr/4.7.2/avr4\libgcc.a(_umulhisi3.o)
                0x00001ab0                __umulhisi3
 .text.libgcc.mul
                0x00001ac8        0xc c:/program files (x86)/atmel/atmel toolchain/avr8 gcc/native/3.4.2.876/avr8-gnu-toolchain/bin/../lib/gcc/avr/4.7.2/avr4\libgcc.a(_usmulhisi3.o)
                0x00001ac8                __usmulhisi3
                0x00001aca                __usmulhisi3_tail
 .text.libgcc.mul
                0x00001ad4       0x14 c:/program files (x86)/atmel/atmel toolchain/avr8 gcc/native/3.4.2.876/avr8-gnu-toolchain/bin/../lib/gcc/avr/4.7.2/avr4\libgcc.a(_muluhisi3.o)
                0x00001ad4                __muluhisi3
 .text.libgcc.div
                0x00001ae8       0x44 c:/program files (x86)/atmel/atmel toolchain/avr8 gcc/native/3.4.2.876/avr8-gnu-toolchain/bin/../lib/gcc/avr/4.7.2/avr4\libgcc.a(_udivmodsi4.o)
                0x00001ae8                __udivmodsi4
 .text.avr-libc
                0x00001b2c       0x20 c:/program files (x86)/atmel/atmel toolchain/avr8 gcc/native/3.4.2.876/avr8-gnu-toolchain/bin/../lib/gcc/avr/4.7.2/../../../../avr/lib/avr4\libc.a(eerd_block_atmega8.o)
                0x00001b2c                __eerd_block_m8
                0x00001b30                __eerd_blraw_m8
 .text.avr-libc
                0x00001b4c       0x1e c:/program files (x86)/atmel/atmel toolchain/avr8 gcc/native/3.4.2.876/avr8-gnu-toolchain/bin/../lib/gcc/avr/4.7.2/../../../../avr/lib/avr4\libc.a(eeupd_block_atmega8.o)
                0x00001b4c                __eeupd_block_m8
 .text.avr-libc
                0x00001b6a       0x22 c:/program files (x86)/atmel/atmel toolchain/avr8 gcc/native/3.4.2.876/avr8-gnu-toolchain/bin/../lib/gcc/avr/4.7.2/../../../../avr/lib/avr4\libc.a(eeupd_byte_atmega8.o)
                0x00001b6a                __eeupd_byte_m8
                0x00001b6c                __eeupd_r18_m8
                0x00001b8c                . = ALIGN (0x2)
 *(.fini9)
 .fini9         0x00001b8c        0x0 c:/program files (x86)/atmel/atmel toolchain/avr8 gcc/native/3.4.2.876/avr8-gnu-toolchain/bin/../lib/gcc/avr/4.7.2/avr4\libgcc.a(_exit.o)
                0x00001b8c                _exit
                0x00001b8c                exit
 *(.fini9)
 *(.fini8)
 *(.fini8)
 *(.fini7)
 *(.fini7)
 *(.fini6)
 *(.fini6)
 *(.fini5)
 *(.fini5)
 *(.fini4)
 *(.fini4)
 *(.fini3)
 *(.fini3)
 *(.fini2)
 *(.fini2)
 *(.fini1)
 *(.fini1)
 *(.fini0)
 .fini0         0x00001b8c        0x4 c:/program files (x86)/atmel/atmel toolchain/avr8 gcc/native/3.4.2.876/avr8-gnu-toolchain/bin/../lib/gcc/avr/4.7.2/avr4\libgcc.a(_exit.o)
 *(.fini0)
                0x00001b90                _etext = .

.data           0x00800060       0x8c load address 0x00001b90
                0x00800060                PROVIDE (__data_start, .)
 *(.data)
 .data          0x00800060        0x0 c:/program files (x86)/atmel/atmel toolchain/avr8 gcc/native/3.4.2.876/avr8-gnu-toolchain/bin/../lib/gcc/avr/4.7.2/../../../../avr/lib/avr4/crtm8.o
 .data          0x00800060       0x18 src/adc.o
                0x00800060                fir_filter_rect
 .data          0x00800078        0x1 src/buttons.o
 .data          0x00800079        0xa src/control.o
                0x00800079                dterm_filter_core
 .data          0x00800083        0x0 src/led_indic.o
 .data          0x00800083        0x0 src/led_indic_hw.o
 .data          0x00800083        0x4 src/menu.o
 .data          0x00800087        0x0 src/my_string.o
 .data          0x00800087        0x0 src/pid1.o
 .data          0x00800087        0x2 src/power_control.o
                0x00800087                p_state
 .data          0x00800089        0x0 src/soft_timer.o
 .data          0x00800089        0xb src/systimer.o
                0x00800089                sys_timers
                0x00800090                menuUpdateTimer
 .data          0x00800094        0x0 src/usart.o
 .data          0x00800094        0x0 c:/program files (x86)/atmel/atmel toolchain/avr8 gcc/native/3.4.2.876/avr8-gnu-toolchain/bin/../lib/gcc/avr/4.7.2/avr4\libgcc.a(_udivmodqi4.o)
 .data          0x00800094        0x0 c:/program files (x86)/atmel/atmel toolchain/avr8 gcc/native/3.4.2.876/avr8-gnu-toolchain/bin/../lib/gcc/avr/4.7.2/avr4\libgcc.a(_udivmodhi4.o)
 .data          0x00800094        0x0 c:/program files (x86)/atmel/atmel toolchain/avr8 gcc/native/3.4.2.876/avr8-gnu-toolchain/bin/../lib/gcc/avr/4.7.2/avr4\libgcc.a(_divmodhi4.o)
 .data          0x00800094        0x0 c:/program files (x86)/atmel/atmel toolchain/avr8 gcc/native/3.4.2.876/avr8-gnu-toolchain/bin/../lib/gcc/avr/4.7.2/avr4\libgcc.a(_divmodsi4.o)
 .data          0x00800094        0x0 c:/program files (x86)/atmel/atmel toolchain/avr8 gcc/native/3.4.2.876/avr8-gnu-toolchain/bin/../lib/gcc/avr/4.7.2/avr4\libgcc.a(_exit.o)
 .data          0x00800094        0x0 c:/program files (x86)/atmel/atmel toolchain/avr8 gcc/native/3.4.2.876/avr8-gnu-toolchain/bin/../lib/gcc/avr/4.7.2/avr4\libgcc.a(_copy_data.o)
 .data          0x00800094        0x0 c:/program files (x86)/atmel/atmel toolchain/avr8 gcc/native/3.4.2.876/avr8-gnu-toolchain/bin/../lib/gcc/avr/4.7.2/avr4\libgcc.a(_clear_bss.o)
 .data          0x00800094        0x0 c:/program files (x86)/atmel/atmel toolchain/avr8 gcc/native/3.4.2.876/avr8-gnu-toolchain/bin/../lib/gcc/avr/4.7.2/avr4\libgcc.a(_mulhisi3.o)
 .data          0x00800094        0x0 c:/program files (x86)/atmel/atmel toolchain/avr8 gcc/native/3.4.2.876/avr8-gnu-toolchain/bin/../lib/gcc/avr/4.7.2/avr4\libgcc.a(_umulhisi3.o)
 .data          0x00800094        0x0 c:/program files (x86)/atmel/atmel toolchain/avr8 gcc/native/3.4.2.876/avr8-gnu-toolchain/bin/../lib/gcc/avr/4.7.2/avr4\libgcc.a(_usmulhisi3.o)
 .data          0x00800094        0x0 c:/program files (x86)/atmel/atmel toolchain/avr8 gcc/native/3.4.2.876/avr8-gnu-toolchain/bin/../lib/gcc/avr/4.7.2/avr4\libgcc.a(_muluhisi3.o)
 .data          0x00800094        0x0 c:/program files (x86)/atmel/atmel toolchain/avr8 gcc/native/3.4.2.876/avr8-gnu-toolchain/bin/../lib/gcc/avr/4.7.2/avr4\libgcc.a(_udivmodsi4.o)
 .data          0x00800094        0x0 c:/program files (x86)/atmel/atmel toolchain/avr8 gcc/native/3.4.2.876/avr8-gnu-toolchain/bin/../lib/gcc/avr/4.7.2/../../../../avr/lib/avr4\libc.a(eerd_block_atmega8.o)
 .data          0x00800094        0x0 c:/program files (x86)/atmel/atmel toolchain/avr8 gcc/native/3.4.2.876/avr8-gnu-toolchain/bin/../lib/gcc/avr/4.7.2/../../../../avr/lib/avr4\libc.a(eeupd_block_atmega8.o)
 .data          0x00800094        0x0 c:/program files (x86)/atmel/atmel toolchain/avr8 gcc/native/3.4.2.876/avr8-gnu-toolchain/bin/../lib/gcc/avr/4.7.2/../../../../avr/lib/avr4\libc.a(eeupd_byte_atmega8.o)
 *(.data*)
 *(.rodata)
 .rodata        0x00800094       0x1c src/menu.o
 *(.rodata*)
 .rodata.str1.1
                0x008000b0       0x31 src/menu.o
 .rodata.str1.1
                0x008000e1        0xa src/pid1.o
                                  0xf (size before relaxing)
 *(.gnu.linkonce.d*)
                0x008000ec                . = ALIGN (0x2)
 *fill*         0x008000eb        0x1 
                0x008000ec                _edata = .
                0x008000ec                PROVIDE (__data_end, .)

.bss            0x008000ec       0xdf
                0x008000ec                PROVIDE (__bss_start, .)
 *(.bss)
 .bss           0x008000ec        0x8 src/adc.o
 .bss           0x008000f4        0x8 src/buttons.o
                0x008000f4                button_action_long
                0x008000f5                button_action_up_short
                0x008000f6                button_action_rep
                0x008000f7                button_action_down
                0x008000f8                button_state
 .bss           0x008000fc        0x7 src/control.o
                0x008000fc                autoPowerOffState
                0x008000fd                heaterState
 .bss           0x00800103        0x6 src/led_indic.o
 .bss           0x00800109        0xe src/menu.o
 .bss           0x00800117        0xd src/power_control.o
                0x00800117                activeRollCycle
                0x00800118                rollState
 .bss           0x00800124        0x3 src/systimer.o
 *(.bss*)
 *(COMMON)
 COMMON         0x00800127       0x71 src/adc.o
                0x00800127                adc_filtered
                0x00800129                adc_oversampled
                0x0080012b                raw_adc_buffer
                0x0080016b                adc_normalized
                0x0080016d                adc_status
                0x0080016e                adc_celsius
                0x00800170                filter_buffer
 COMMON         0x00800198       0x20 src/control.o
                0x00800198                dbg_SetPointCelsius
                0x00800199                cp
                0x0080019f                p
                0x008001a3                dbg_PID_output
                0x008001a5                dbg_PID_p_term
                0x008001a7                dbg_RealTempPID
                0x008001a9                dbg_PID_i_term
                0x008001ab                pid_dterm_buffer
                0x008001b3                dbg_PID_d_term
                0x008001b5                dbg_SetPointPID
                0x008001b7                dbg_RealTempCelsius
 COMMON         0x008001b8       0x13 src/led_indic.o
                0x008001b8                extra_led_state
                0x008001b9                wStartPos
                0x008001ba                shifterState
                0x008001bb                bufStartPos
                0x008001bc                led_data_buffer
                0x008001ca                raw_button_state
                0x008001cb                PROVIDE (__bss_end, .)
                0x00001b90                __data_load_start = LOADADDR (.data)
                0x00001c1c                __data_load_end = (__data_load_start + SIZEOF (.data))

.noinit         0x008001cb        0x0
                0x008001cb                PROVIDE (__noinit_start, .)
 *(.noinit*)
                0x008001cb                PROVIDE (__noinit_end, .)
                0x008001cb                _end = .
                0x008001cb                PROVIDE (__heap_start, .)

.eeprom         0x00810000        0xa
 *(.eeprom*)
 .eeprom        0x00810000        0xa src/control.o
                0x00810000                eeCalibrationParams
                0x00810006                eeGlobalParams
                0x0081000a                __eeprom_end = .

.fuse
 *(.fuse)
 *(.lfuse)
 *(.hfuse)
 *(.efuse)

.lock
 *(.lock*)

.signature
 *(.signature*)

.user_signatures
 *(.user_signatures*)

.stab           0x00000000      0x9c0
 *(.stab)
 .stab          0x00000000      0x6cc c:/program files (x86)/atmel/atmel toolchain/avr8 gcc/native/3.4.2.876/avr8-gnu-toolchain/bin/../lib/gcc/avr/4.7.2/../../../../avr/lib/avr4/crtm8.o
 .stab          0x000006cc      0x108 c:/program files (x86)/atmel/atmel toolchain/avr8 gcc/native/3.4.2.876/avr8-gnu-toolchain/bin/../lib/gcc/avr/4.7.2/../../../../avr/lib/avr4\libc.a(eerd_block_atmega8.o)
                                0x114 (size before relaxing)
 .stab          0x000007d4       0xe4 c:/program files (x86)/atmel/atmel toolchain/avr8 gcc/native/3.4.2.876/avr8-gnu-toolchain/bin/../lib/gcc/avr/4.7.2/../../../../avr/lib/avr4\libc.a(eeupd_block_atmega8.o)
                                 0xf0 (size before relaxing)
 .stab          0x000008b8      0x108 c:/program files (x86)/atmel/atmel toolchain/avr8 gcc/native/3.4.2.876/avr8-gnu-toolchain/bin/../lib/gcc/avr/4.7.2/../../../../avr/lib/avr4\libc.a(eeupd_byte_atmega8.o)
                                0x114 (size before relaxing)

.stabstr        0x00000000      0x1a6
 *(.stabstr)
 .stabstr       0x00000000      0x1a6 c:/program files (x86)/atmel/atmel toolchain/avr8 gcc/native/3.4.2.876/avr8-gnu-toolchain/bin/../lib/gcc/avr/4.7.2/../../../../avr/lib/avr4/crtm8.o

.stab.excl
 *(.stab.excl)

.stab.exclstr
 *(.stab.exclstr)

.stab.index
 *(.stab.index)

.stab.indexstr
 *(.stab.indexstr)

.comment        0x00000000       0x2f
 *(.comment)
 .comment       0x00000000       0x2f src/adc.o
                                 0x30 (size before relaxing)
 .comment       0x00000000       0x30 src/buttons.o
 .comment       0x00000000       0x30 src/control.o
 .comment       0x00000000       0x30 src/led_indic.o
 .comment       0x00000000       0x30 src/led_indic_hw.o
 .comment       0x00000000       0x30 src/menu.o
 .comment       0x00000000       0x30 src/my_string.o
 .comment       0x00000000       0x30 src/pid1.o
 .comment       0x00000000       0x30 src/power_control.o
 .comment       0x00000000       0x30 src/soft_timer.o
 .comment       0x00000000       0x30 src/systimer.o
 .comment       0x00000000       0x30 src/usart.o

.debug
 *(.debug)

.line
 *(.line)

.debug_srcinfo
 *(.debug_srcinfo)

.debug_sfnames
 *(.debug_sfnames)

.debug_aranges  0x00000000      0x3f0
 *(.debug_aranges)
 .debug_aranges
                0x00000000       0x50 src/adc.o
 .debug_aranges
                0x00000050       0x20 src/buttons.o
 .debug_aranges
                0x00000070       0x58 src/control.o
 .debug_aranges
                0x000000c8       0x98 src/led_indic.o
 .debug_aranges
                0x00000160       0x48 src/led_indic_hw.o
 .debug_aranges
                0x000001a8       0xf0 src/menu.o
 .debug_aranges
                0x00000298       0x28 src/my_string.o
 .debug_aranges
                0x000002c0       0x38 src/pid1.o
 .debug_aranges
                0x000002f8       0x58 src/power_control.o
 .debug_aranges
                0x00000350       0x20 src/soft_timer.o
 .debug_aranges
                0x00000370       0x58 src/systimer.o
 .debug_aranges
                0x000003c8       0x28 src/usart.o

.debug_pubnames
 *(.debug_pubnames)

.debug_info     0x00000000     0x3dc6
 *(.debug_info)
 .debug_info    0x00000000      0x3b7 src/adc.o
 .debug_info    0x000003b7      0x17f src/buttons.o
 .debug_info    0x00000536      0x977 src/control.o
 .debug_info    0x00000ead      0x990 src/led_indic.o
 .debug_info    0x0000183d      0x21c src/led_indic_hw.o
 .debug_info    0x00001a59     0x1090 src/menu.o
 .debug_info    0x00002ae9      0x138 src/my_string.o
 .debug_info    0x00002c21      0x81f src/pid1.o
 .debug_info    0x00003440      0x348 src/power_control.o
 .debug_info    0x00003788      0x161 src/soft_timer.o
 .debug_info    0x000038e9      0x3fb src/systimer.o
 .debug_info    0x00003ce4       0xe2 src/usart.o
 *(.gnu.linkonce.wi.*)

.debug_abbrev   0x00000000     0x13ea
 *(.debug_abbrev)
 .debug_abbrev  0x00000000      0x16e src/adc.o
 .debug_abbrev  0x0000016e       0x98 src/buttons.o
 .debug_abbrev  0x00000206      0x26b src/control.o
 .debug_abbrev  0x00000471      0x2d8 src/led_indic.o
 .debug_abbrev  0x00000749      0x154 src/led_indic_hw.o
 .debug_abbrev  0x0000089d      0x367 src/menu.o
 .debug_abbrev  0x00000c04       0xb0 src/my_string.o
 .debug_abbrev  0x00000cb4      0x260 src/pid1.o
 .debug_abbrev  0x00000f14      0x195 src/power_control.o
 .debug_abbrev  0x000010a9       0xba src/soft_timer.o
 .debug_abbrev  0x00001163      0x1d9 src/systimer.o
 .debug_abbrev  0x0000133c       0xae src/usart.o

.debug_line     0x00000000     0x18a0
 *(.debug_line)
 .debug_line    0x00000000      0x18a src/adc.o
 .debug_line    0x0000018a      0x112 src/buttons.o
 .debug_line    0x0000029c      0x38f src/control.o
 .debug_line    0x0000062b      0x34a src/led_indic.o
 .debug_line    0x00000975      0x206 src/led_indic_hw.o
 .debug_line    0x00000b7b      0x3d6 src/menu.o
 .debug_line    0x00000f51      0x139 src/my_string.o
 .debug_line    0x0000108a      0x28e src/pid1.o
 .debug_line    0x00001318      0x1d2 src/power_control.o
 .debug_line    0x000014ea       0xfe src/soft_timer.o
 .debug_line    0x000015e8      0x1c6 src/systimer.o
 .debug_line    0x000017ae       0xf2 src/usart.o

.debug_frame    0x00000000      0x974
 *(.debug_frame)
 .debug_frame   0x00000000      0x128 src/adc.o
 .debug_frame   0x00000128       0x24 src/buttons.o
 .debug_frame   0x0000014c       0xdc src/control.o
 .debug_frame   0x00000228      0x15c src/led_indic.o
 .debug_frame   0x00000384       0x74 src/led_indic_hw.o
 .debug_frame   0x000003f8      0x248 src/menu.o
 .debug_frame   0x00000640       0x68 src/my_string.o
 .debug_frame   0x000006a8       0x84 src/pid1.o
 .debug_frame   0x0000072c      0x104 src/power_control.o
 .debug_frame   0x00000830       0x24 src/soft_timer.o
 .debug_frame   0x00000854       0xdc src/systimer.o
 .debug_frame   0x00000930       0x44 src/usart.o

.debug_str      0x00000000     0x1076
 *(.debug_str)
 .debug_str     0x00000000      0x232 src/adc.o
                                0x282 (size before relaxing)
 .debug_str     0x00000232       0xfa src/buttons.o
                                0x1ba (size before relaxing)
 .debug_str     0x0000032c      0x3a0 src/control.o
                                0x571 (size before relaxing)
 .debug_str     0x000006cc      0x38c src/led_indic.o
                                0x4bb (size before relaxing)
 .debug_str     0x00000a58       0x22 src/led_indic_hw.o
                                0x1ab (size before relaxing)
 .debug_str     0x00000a7a      0x3b4 src/menu.o
                                0x6e8 (size before relaxing)
 .debug_str     0x00000e2e       0x3c src/my_string.o
                                0x116 (size before relaxing)
 .debug_str     0x00000e6a       0x8a src/pid1.o
                                0x44a (size before relaxing)
 .debug_str     0x00000ef4       0xce src/power_control.o
                                0x27a (size before relaxing)
 .debug_str     0x00000fc2       0x20 src/soft_timer.o
                                0x125 (size before relaxing)
 .debug_str     0x00000fe2       0x7a src/systimer.o
                                0x2d9 (size before relaxing)
 .debug_str     0x0000105c       0x1a src/usart.o
                                 0xdc (size before relaxing)

.debug_loc      0x00000000     0x1d80
 *(.debug_loc)
 .debug_loc     0x00000000      0x3c2 src/adc.o
 .debug_loc     0x000003c2       0x69 src/buttons.o
 .debug_loc     0x0000042b      0x362 src/control.o
 .debug_loc     0x0000078d      0x6a9 src/led_indic.o
 .debug_loc     0x00000e36       0xf6 src/led_indic_hw.o
 .debug_loc     0x00000f2c      0x64a src/menu.o
 .debug_loc     0x00001576      0x212 src/my_string.o
 .debug_loc     0x00001788      0x171 src/pid1.o
 .debug_loc     0x000018f9      0x1f5 src/power_control.o
 .debug_loc     0x00001aee       0x47 src/soft_timer.o
 .debug_loc     0x00001b35      0x1ba src/systimer.o
 .debug_loc     0x00001cef       0x91 src/usart.o

.debug_macinfo
 *(.debug_macinfo)

.debug_pubtypes
 *(.debug_pubtypes)

.debug_ranges   0x00000000      0x360
 *(.debug_ranges)
 .debug_ranges  0x00000000       0x40 src/adc.o
 .debug_ranges  0x00000040       0x10 src/buttons.o
 .debug_ranges  0x00000050       0x48 src/control.o
 .debug_ranges  0x00000098       0x88 src/led_indic.o
 .debug_ranges  0x00000120       0x38 src/led_indic_hw.o
 .debug_ranges  0x00000158      0x110 src/menu.o
 .debug_ranges  0x00000268       0x18 src/my_string.o
 .debug_ranges  0x00000280       0x28 src/pid1.o
 .debug_ranges  0x000002a8       0x48 src/power_control.o
 .debug_ranges  0x000002f0       0x10 src/soft_timer.o
 .debug_ranges  0x00000300       0x48 src/systimer.o
 .debug_ranges  0x00000348       0x18 src/usart.o

.debug_macro
 *(.debug_macro)
OUTPUT(pid1.elf elf32-avr)
LOAD linker stubs
