Archive member included because of file (symbol)

c:/program files (x86)/atmel/atmel toolchain/avr8 gcc/native/3.4.2.876/avr8-gnu-toolchain/bin/../lib/gcc/avr/4.7.2/avr4\libgcc.a(_udivmodsi4.o)
                              src/adc.o (__udivmodsi4)
c:/program files (x86)/atmel/atmel toolchain/avr8 gcc/native/3.4.2.876/avr8-gnu-toolchain/bin/../lib/gcc/avr/4.7.2/avr4\libgcc.a(_divmodsi4.o)
                              src/adc.o (__divmodsi4)
c:/program files (x86)/atmel/atmel toolchain/avr8 gcc/native/3.4.2.876/avr8-gnu-toolchain/bin/../lib/gcc/avr/4.7.2/avr4\libgcc.a(_exit.o)
                              c:/program files (x86)/atmel/atmel toolchain/avr8 gcc/native/3.4.2.876/avr8-gnu-toolchain/bin/../lib/gcc/avr/4.7.2/../../../../avr/lib/avr4/crtm8.o (exit)
c:/program files (x86)/atmel/atmel toolchain/avr8 gcc/native/3.4.2.876/avr8-gnu-toolchain/bin/../lib/gcc/avr/4.7.2/avr4\libgcc.a(_copy_data.o)
                              src/adc.o (__do_copy_data)
c:/program files (x86)/atmel/atmel toolchain/avr8 gcc/native/3.4.2.876/avr8-gnu-toolchain/bin/../lib/gcc/avr/4.7.2/avr4\libgcc.a(_clear_bss.o)
                              src/adc.o (__do_clear_bss)
c:/program files (x86)/atmel/atmel toolchain/avr8 gcc/native/3.4.2.876/avr8-gnu-toolchain/bin/../lib/gcc/avr/4.7.2/avr4\libgcc.a(_umulhisi3.o)
                              src/adc.o (__umulhisi3)
c:/program files (x86)/atmel/atmel toolchain/avr8 gcc/native/3.4.2.876/avr8-gnu-toolchain/bin/../lib/gcc/avr/4.7.2/avr4\libgcc.a(_usmulhisi3.o)
                              src/adc.o (__usmulhisi3)
c:/program files (x86)/atmel/atmel toolchain/avr8 gcc/native/3.4.2.876/avr8-gnu-toolchain/bin/../lib/gcc/avr/4.7.2/avr4\libgcc.a(_muluhisi3.o)
                              src/adc.o (__muluhisi3)
c:/program files (x86)/atmel/atmel toolchain/avr8 gcc/native/3.4.2.876/avr8-gnu-toolchain/bin/../lib/gcc/avr/4.7.2/../../../../avr/lib/avr4\libc.a(eerd_block_atmega8.o)
                              src/control.o (__eerd_block_m8)

Allocating common symbols
Common symbol       size              file

selectedMenuItemID  0x1               src/menu.o
extra_led_state     0x1               src/led_indic.o
menuTimer           0x4               src/menu.o
cpoint1             0x1               src/control.o
activeRollCycle     0x1               src/power_control.o
dbg_PID_output      0x2               src/control.o
cpoint1_copy        0x1               src/menu.o
cpoint2_copy        0x1               src/menu.o
raw_adc_buffer      0x14              src/adc.o
dbg_SetTempCelsius  0x1               src/control.o
wStartPos           0x1               src/led_indic.o
dbg_PID_p_term      0x2               src/control.o
dbg_RealTempPID     0x2               src/control.o
setup_temp_value    0x2               src/control.o
adc_normalized      0x2               src/adc.o
sound_enable        0x1               src/control.o
dbg_PID_i_term      0x2               src/control.o
rollCycleSet        0x1               src/control.o
PIDsampedADC        0x2               src/power_control.o
dbg_PID_d_term      0x2               src/control.o
shifterState        0x1               src/led_indic.o
bufStartPos         0x1               src/led_indic.o
led_data_buffer     0xe               src/led_indic.o
userTimer           0x4               src/menu.o
cpoint1_adc         0x2               src/control.o
power_off_timeout   0x1               src/control.o
adc_celsius         0x2               src/adc.o
dbg_RealTempCelsius
                    0x1               src/control.o
selectedMenuFunctionRecord
                    0x7               src/menu.o
cpoint2_adc         0x2               src/control.o
dbg_SetTempPID      0x2               src/control.o
cpoint2             0x1               src/control.o
raw_button_state    0x1               src/led_indic.o

Discarded input sections

 .bss           0x00000000        0x0 c:/program files (x86)/atmel/atmel toolchain/avr8 gcc/native/3.4.2.876/avr8-gnu-toolchain/bin/../lib/gcc/avr/4.7.2/../../../../avr/lib/avr4/crtm8.o
 .text          0x00000000        0x0 src/adc.o
 .text          0x00000000        0x0 src/buttons.o
 .text          0x00000000        0x0 src/control.o
 .text          0x00000000        0x0 src/led_indic.o
 .text.setWindowStartPos
                0x00000000        0x8 src/led_indic.o
 .text.shiftWindowPosition
                0x00000000        0xe src/led_indic.o
 .text.setBufferStartPos
                0x00000000        0x8 src/led_indic.o
 .text.clearComma
                0x00000000       0x18 src/led_indic.o
 .text.toggleExtraLeds
                0x00000000        0xc src/led_indic.o
 .text          0x00000000        0x0 src/led_indic_hw.o
 .bss           0x00000000        0x0 src/led_indic_hw.o
 .text          0x00000000        0x0 src/menu.o
 .bss           0x00000000        0x0 src/menu.o
 .text          0x00000000        0x0 src/my_string.o
 .bss           0x00000000        0x0 src/my_string.o
 .text          0x00000000        0x0 src/pid1.o
 .bss           0x00000000        0x0 src/pid1.o
 .text          0x00000000        0x0 src/power_control.o
 .text          0x00000000        0x0 src/soft_timer.o
 .bss           0x00000000        0x0 src/soft_timer.o
 .text          0x00000000        0x0 src/systimer.o
 .text.SetBeeperPeriod
                0x00000000       0x2a src/systimer.o
 .text.StopBeep
                0x00000000       0x10 src/systimer.o
 .text          0x00000000        0x0 src/usart.o
 .bss           0x00000000        0x0 src/usart.o
 .text          0x00000000        0x0 c:/program files (x86)/atmel/atmel toolchain/avr8 gcc/native/3.4.2.876/avr8-gnu-toolchain/bin/../lib/gcc/avr/4.7.2/avr4\libgcc.a(_udivmodsi4.o)
 .bss           0x00000000        0x0 c:/program files (x86)/atmel/atmel toolchain/avr8 gcc/native/3.4.2.876/avr8-gnu-toolchain/bin/../lib/gcc/avr/4.7.2/avr4\libgcc.a(_udivmodsi4.o)
 .text.libgcc.mul
                0x00000000        0x0 c:/program files (x86)/atmel/atmel toolchain/avr8 gcc/native/3.4.2.876/avr8-gnu-toolchain/bin/../lib/gcc/avr/4.7.2/avr4\libgcc.a(_udivmodsi4.o)
 .text.libgcc   0x00000000        0x0 c:/program files (x86)/atmel/atmel toolchain/avr8 gcc/native/3.4.2.876/avr8-gnu-toolchain/bin/../lib/gcc/avr/4.7.2/avr4\libgcc.a(_udivmodsi4.o)
 .text.libgcc.prologue
                0x00000000        0x0 c:/program files (x86)/atmel/atmel toolchain/avr8 gcc/native/3.4.2.876/avr8-gnu-toolchain/bin/../lib/gcc/avr/4.7.2/avr4\libgcc.a(_udivmodsi4.o)
 .text.libgcc.builtins
                0x00000000        0x0 c:/program files (x86)/atmel/atmel toolchain/avr8 gcc/native/3.4.2.876/avr8-gnu-toolchain/bin/../lib/gcc/avr/4.7.2/avr4\libgcc.a(_udivmodsi4.o)
 .text.libgcc.fmul
                0x00000000        0x0 c:/program files (x86)/atmel/atmel toolchain/avr8 gcc/native/3.4.2.876/avr8-gnu-toolchain/bin/../lib/gcc/avr/4.7.2/avr4\libgcc.a(_udivmodsi4.o)
 .text          0x00000000        0x0 c:/program files (x86)/atmel/atmel toolchain/avr8 gcc/native/3.4.2.876/avr8-gnu-toolchain/bin/../lib/gcc/avr/4.7.2/avr4\libgcc.a(_divmodsi4.o)
 .bss           0x00000000        0x0 c:/program files (x86)/atmel/atmel toolchain/avr8 gcc/native/3.4.2.876/avr8-gnu-toolchain/bin/../lib/gcc/avr/4.7.2/avr4\libgcc.a(_divmodsi4.o)
 .text.libgcc.mul
                0x00000000        0x0 c:/program files (x86)/atmel/atmel toolchain/avr8 gcc/native/3.4.2.876/avr8-gnu-toolchain/bin/../lib/gcc/avr/4.7.2/avr4\libgcc.a(_divmodsi4.o)
 .text.libgcc   0x00000000        0x0 c:/program files (x86)/atmel/atmel toolchain/avr8 gcc/native/3.4.2.876/avr8-gnu-toolchain/bin/../lib/gcc/avr/4.7.2/avr4\libgcc.a(_divmodsi4.o)
 .text.libgcc.prologue
                0x00000000        0x0 c:/program files (x86)/atmel/atmel toolchain/avr8 gcc/native/3.4.2.876/avr8-gnu-toolchain/bin/../lib/gcc/avr/4.7.2/avr4\libgcc.a(_divmodsi4.o)
 .text.libgcc.builtins
                0x00000000        0x0 c:/program files (x86)/atmel/atmel toolchain/avr8 gcc/native/3.4.2.876/avr8-gnu-toolchain/bin/../lib/gcc/avr/4.7.2/avr4\libgcc.a(_divmodsi4.o)
 .text.libgcc.fmul
                0x00000000        0x0 c:/program files (x86)/atmel/atmel toolchain/avr8 gcc/native/3.4.2.876/avr8-gnu-toolchain/bin/../lib/gcc/avr/4.7.2/avr4\libgcc.a(_divmodsi4.o)
 .text          0x00000000        0x0 c:/program files (x86)/atmel/atmel toolchain/avr8 gcc/native/3.4.2.876/avr8-gnu-toolchain/bin/../lib/gcc/avr/4.7.2/avr4\libgcc.a(_exit.o)
 .bss           0x00000000        0x0 c:/program files (x86)/atmel/atmel toolchain/avr8 gcc/native/3.4.2.876/avr8-gnu-toolchain/bin/../lib/gcc/avr/4.7.2/avr4\libgcc.a(_exit.o)
 .text.libgcc.mul
                0x00000000        0x0 c:/program files (x86)/atmel/atmel toolchain/avr8 gcc/native/3.4.2.876/avr8-gnu-toolchain/bin/../lib/gcc/avr/4.7.2/avr4\libgcc.a(_exit.o)
 .text.libgcc.div
                0x00000000        0x0 c:/program files (x86)/atmel/atmel toolchain/avr8 gcc/native/3.4.2.876/avr8-gnu-toolchain/bin/../lib/gcc/avr/4.7.2/avr4\libgcc.a(_exit.o)
 .text.libgcc   0x00000000        0x0 c:/program files (x86)/atmel/atmel toolchain/avr8 gcc/native/3.4.2.876/avr8-gnu-toolchain/bin/../lib/gcc/avr/4.7.2/avr4\libgcc.a(_exit.o)
 .text.libgcc.prologue
                0x00000000        0x0 c:/program files (x86)/atmel/atmel toolchain/avr8 gcc/native/3.4.2.876/avr8-gnu-toolchain/bin/../lib/gcc/avr/4.7.2/avr4\libgcc.a(_exit.o)
 .text.libgcc.builtins
                0x00000000        0x0 c:/program files (x86)/atmel/atmel toolchain/avr8 gcc/native/3.4.2.876/avr8-gnu-toolchain/bin/../lib/gcc/avr/4.7.2/avr4\libgcc.a(_exit.o)
 .text.libgcc.fmul
                0x00000000        0x0 c:/program files (x86)/atmel/atmel toolchain/avr8 gcc/native/3.4.2.876/avr8-gnu-toolchain/bin/../lib/gcc/avr/4.7.2/avr4\libgcc.a(_exit.o)
 .text          0x00000000        0x0 c:/program files (x86)/atmel/atmel toolchain/avr8 gcc/native/3.4.2.876/avr8-gnu-toolchain/bin/../lib/gcc/avr/4.7.2/avr4\libgcc.a(_copy_data.o)
 .bss           0x00000000        0x0 c:/program files (x86)/atmel/atmel toolchain/avr8 gcc/native/3.4.2.876/avr8-gnu-toolchain/bin/../lib/gcc/avr/4.7.2/avr4\libgcc.a(_copy_data.o)
 .text.libgcc.mul
                0x00000000        0x0 c:/program files (x86)/atmel/atmel toolchain/avr8 gcc/native/3.4.2.876/avr8-gnu-toolchain/bin/../lib/gcc/avr/4.7.2/avr4\libgcc.a(_copy_data.o)
 .text.libgcc.div
                0x00000000        0x0 c:/program files (x86)/atmel/atmel toolchain/avr8 gcc/native/3.4.2.876/avr8-gnu-toolchain/bin/../lib/gcc/avr/4.7.2/avr4\libgcc.a(_copy_data.o)
 .text.libgcc   0x00000000        0x0 c:/program files (x86)/atmel/atmel toolchain/avr8 gcc/native/3.4.2.876/avr8-gnu-toolchain/bin/../lib/gcc/avr/4.7.2/avr4\libgcc.a(_copy_data.o)
 .text.libgcc.prologue
                0x00000000        0x0 c:/program files (x86)/atmel/atmel toolchain/avr8 gcc/native/3.4.2.876/avr8-gnu-toolchain/bin/../lib/gcc/avr/4.7.2/avr4\libgcc.a(_copy_data.o)
 .text.libgcc.builtins
                0x00000000        0x0 c:/program files (x86)/atmel/atmel toolchain/avr8 gcc/native/3.4.2.876/avr8-gnu-toolchain/bin/../lib/gcc/avr/4.7.2/avr4\libgcc.a(_copy_data.o)
 .text.libgcc.fmul
                0x00000000        0x0 c:/program files (x86)/atmel/atmel toolchain/avr8 gcc/native/3.4.2.876/avr8-gnu-toolchain/bin/../lib/gcc/avr/4.7.2/avr4\libgcc.a(_copy_data.o)
 .text          0x00000000        0x0 c:/program files (x86)/atmel/atmel toolchain/avr8 gcc/native/3.4.2.876/avr8-gnu-toolchain/bin/../lib/gcc/avr/4.7.2/avr4\libgcc.a(_clear_bss.o)
 .bss           0x00000000        0x0 c:/program files (x86)/atmel/atmel toolchain/avr8 gcc/native/3.4.2.876/avr8-gnu-toolchain/bin/../lib/gcc/avr/4.7.2/avr4\libgcc.a(_clear_bss.o)
 .text.libgcc.mul
                0x00000000        0x0 c:/program files (x86)/atmel/atmel toolchain/avr8 gcc/native/3.4.2.876/avr8-gnu-toolchain/bin/../lib/gcc/avr/4.7.2/avr4\libgcc.a(_clear_bss.o)
 .text.libgcc.div
                0x00000000        0x0 c:/program files (x86)/atmel/atmel toolchain/avr8 gcc/native/3.4.2.876/avr8-gnu-toolchain/bin/../lib/gcc/avr/4.7.2/avr4\libgcc.a(_clear_bss.o)
 .text.libgcc   0x00000000        0x0 c:/program files (x86)/atmel/atmel toolchain/avr8 gcc/native/3.4.2.876/avr8-gnu-toolchain/bin/../lib/gcc/avr/4.7.2/avr4\libgcc.a(_clear_bss.o)
 .text.libgcc.prologue
                0x00000000        0x0 c:/program files (x86)/atmel/atmel toolchain/avr8 gcc/native/3.4.2.876/avr8-gnu-toolchain/bin/../lib/gcc/avr/4.7.2/avr4\libgcc.a(_clear_bss.o)
 .text.libgcc.builtins
                0x00000000        0x0 c:/program files (x86)/atmel/atmel toolchain/avr8 gcc/native/3.4.2.876/avr8-gnu-toolchain/bin/../lib/gcc/avr/4.7.2/avr4\libgcc.a(_clear_bss.o)
 .text.libgcc.fmul
                0x00000000        0x0 c:/program files (x86)/atmel/atmel toolchain/avr8 gcc/native/3.4.2.876/avr8-gnu-toolchain/bin/../lib/gcc/avr/4.7.2/avr4\libgcc.a(_clear_bss.o)
 .text          0x00000000        0x0 c:/program files (x86)/atmel/atmel toolchain/avr8 gcc/native/3.4.2.876/avr8-gnu-toolchain/bin/../lib/gcc/avr/4.7.2/avr4\libgcc.a(_umulhisi3.o)
 .bss           0x00000000        0x0 c:/program files (x86)/atmel/atmel toolchain/avr8 gcc/native/3.4.2.876/avr8-gnu-toolchain/bin/../lib/gcc/avr/4.7.2/avr4\libgcc.a(_umulhisi3.o)
 .text.libgcc.div
                0x00000000        0x0 c:/program files (x86)/atmel/atmel toolchain/avr8 gcc/native/3.4.2.876/avr8-gnu-toolchain/bin/../lib/gcc/avr/4.7.2/avr4\libgcc.a(_umulhisi3.o)
 .text.libgcc   0x00000000        0x0 c:/program files (x86)/atmel/atmel toolchain/avr8 gcc/native/3.4.2.876/avr8-gnu-toolchain/bin/../lib/gcc/avr/4.7.2/avr4\libgcc.a(_umulhisi3.o)
 .text.libgcc.prologue
                0x00000000        0x0 c:/program files (x86)/atmel/atmel toolchain/avr8 gcc/native/3.4.2.876/avr8-gnu-toolchain/bin/../lib/gcc/avr/4.7.2/avr4\libgcc.a(_umulhisi3.o)
 .text.libgcc.builtins
                0x00000000        0x0 c:/program files (x86)/atmel/atmel toolchain/avr8 gcc/native/3.4.2.876/avr8-gnu-toolchain/bin/../lib/gcc/avr/4.7.2/avr4\libgcc.a(_umulhisi3.o)
 .text.libgcc.fmul
                0x00000000        0x0 c:/program files (x86)/atmel/atmel toolchain/avr8 gcc/native/3.4.2.876/avr8-gnu-toolchain/bin/../lib/gcc/avr/4.7.2/avr4\libgcc.a(_umulhisi3.o)
 .text          0x00000000        0x0 c:/program files (x86)/atmel/atmel toolchain/avr8 gcc/native/3.4.2.876/avr8-gnu-toolchain/bin/../lib/gcc/avr/4.7.2/avr4\libgcc.a(_usmulhisi3.o)
 .bss           0x00000000        0x0 c:/program files (x86)/atmel/atmel toolchain/avr8 gcc/native/3.4.2.876/avr8-gnu-toolchain/bin/../lib/gcc/avr/4.7.2/avr4\libgcc.a(_usmulhisi3.o)
 .text.libgcc.div
                0x00000000        0x0 c:/program files (x86)/atmel/atmel toolchain/avr8 gcc/native/3.4.2.876/avr8-gnu-toolchain/bin/../lib/gcc/avr/4.7.2/avr4\libgcc.a(_usmulhisi3.o)
 .text.libgcc   0x00000000        0x0 c:/program files (x86)/atmel/atmel toolchain/avr8 gcc/native/3.4.2.876/avr8-gnu-toolchain/bin/../lib/gcc/avr/4.7.2/avr4\libgcc.a(_usmulhisi3.o)
 .text.libgcc.prologue
                0x00000000        0x0 c:/program files (x86)/atmel/atmel toolchain/avr8 gcc/native/3.4.2.876/avr8-gnu-toolchain/bin/../lib/gcc/avr/4.7.2/avr4\libgcc.a(_usmulhisi3.o)
 .text.libgcc.builtins
                0x00000000        0x0 c:/program files (x86)/atmel/atmel toolchain/avr8 gcc/native/3.4.2.876/avr8-gnu-toolchain/bin/../lib/gcc/avr/4.7.2/avr4\libgcc.a(_usmulhisi3.o)
 .text.libgcc.fmul
                0x00000000        0x0 c:/program files (x86)/atmel/atmel toolchain/avr8 gcc/native/3.4.2.876/avr8-gnu-toolchain/bin/../lib/gcc/avr/4.7.2/avr4\libgcc.a(_usmulhisi3.o)
 .text          0x00000000        0x0 c:/program files (x86)/atmel/atmel toolchain/avr8 gcc/native/3.4.2.876/avr8-gnu-toolchain/bin/../lib/gcc/avr/4.7.2/avr4\libgcc.a(_muluhisi3.o)
 .bss           0x00000000        0x0 c:/program files (x86)/atmel/atmel toolchain/avr8 gcc/native/3.4.2.876/avr8-gnu-toolchain/bin/../lib/gcc/avr/4.7.2/avr4\libgcc.a(_muluhisi3.o)
 .text.libgcc.div
                0x00000000        0x0 c:/program files (x86)/atmel/atmel toolchain/avr8 gcc/native/3.4.2.876/avr8-gnu-toolchain/bin/../lib/gcc/avr/4.7.2/avr4\libgcc.a(_muluhisi3.o)
 .text.libgcc   0x00000000        0x0 c:/program files (x86)/atmel/atmel toolchain/avr8 gcc/native/3.4.2.876/avr8-gnu-toolchain/bin/../lib/gcc/avr/4.7.2/avr4\libgcc.a(_muluhisi3.o)
 .text.libgcc.prologue
                0x00000000        0x0 c:/program files (x86)/atmel/atmel toolchain/avr8 gcc/native/3.4.2.876/avr8-gnu-toolchain/bin/../lib/gcc/avr/4.7.2/avr4\libgcc.a(_muluhisi3.o)
 .text.libgcc.builtins
                0x00000000        0x0 c:/program files (x86)/atmel/atmel toolchain/avr8 gcc/native/3.4.2.876/avr8-gnu-toolchain/bin/../lib/gcc/avr/4.7.2/avr4\libgcc.a(_muluhisi3.o)
 .text.libgcc.fmul
                0x00000000        0x0 c:/program files (x86)/atmel/atmel toolchain/avr8 gcc/native/3.4.2.876/avr8-gnu-toolchain/bin/../lib/gcc/avr/4.7.2/avr4\libgcc.a(_muluhisi3.o)
 .text          0x00000000        0x0 c:/program files (x86)/atmel/atmel toolchain/avr8 gcc/native/3.4.2.876/avr8-gnu-toolchain/bin/../lib/gcc/avr/4.7.2/../../../../avr/lib/avr4\libc.a(eerd_block_atmega8.o)
 .bss           0x00000000        0x0 c:/program files (x86)/atmel/atmel toolchain/avr8 gcc/native/3.4.2.876/avr8-gnu-toolchain/bin/../lib/gcc/avr/4.7.2/../../../../avr/lib/avr4\libc.a(eerd_block_atmega8.o)

Memory Configuration

Name             Origin             Length             Attributes
text             0x00000000         0x00002000         xr
data             0x00800060         0x0000ffa0         rw !x
eeprom           0x00810000         0x00010000         rw !x
fuse             0x00820000         0x00000400         rw !x
lock             0x00830000         0x00000400         rw !x
signature        0x00840000         0x00000400         rw !x
user_signatures  0x00850000         0x00000400         rw !x
*default*        0x00000000         0xffffffff

Linker script and memory map

LOAD c:/program files (x86)/atmel/atmel toolchain/avr8 gcc/native/3.4.2.876/avr8-gnu-toolchain/bin/../lib/gcc/avr/4.7.2/../../../../avr/lib/avr4/crtm8.o
LOAD src/adc.o
LOAD src/buttons.o
LOAD src/control.o
LOAD src/led_indic.o
LOAD src/led_indic_hw.o
LOAD src/menu.o
LOAD src/my_string.o
LOAD src/pid1.o
LOAD src/power_control.o
LOAD src/soft_timer.o
LOAD src/systimer.o
LOAD src/usart.o
START GROUP
LOAD c:/program files (x86)/atmel/atmel toolchain/avr8 gcc/native/3.4.2.876/avr8-gnu-toolchain/bin/../lib/gcc/avr/4.7.2/../../../../avr/lib/avr4\libm.a
END GROUP
LOAD c:/program files (x86)/atmel/atmel toolchain/avr8 gcc/native/3.4.2.876/avr8-gnu-toolchain/bin/../lib/gcc/avr/4.7.2/avr4\libgcc.a
LOAD c:/program files (x86)/atmel/atmel toolchain/avr8 gcc/native/3.4.2.876/avr8-gnu-toolchain/bin/../lib/gcc/avr/4.7.2/../../../../avr/lib/avr4\libc.a
LOAD c:/program files (x86)/atmel/atmel toolchain/avr8 gcc/native/3.4.2.876/avr8-gnu-toolchain/bin/../lib/gcc/avr/4.7.2/avr4\libgcc.a

.hash
 *(.hash)

.dynsym
 *(.dynsym)

.dynstr
 *(.dynstr)

.gnu.version
 *(.gnu.version)

.gnu.version_d
 *(.gnu.version_d)

.gnu.version_r
 *(.gnu.version_r)

.rel.init
 *(.rel.init)

.rela.init
 *(.rela.init)

.rel.text
 *(.rel.text)
 *(.rel.text.*)
 *(.rel.gnu.linkonce.t*)

.rela.text
 *(.rela.text)
 *(.rela.text.*)
 *(.rela.gnu.linkonce.t*)

.rel.fini
 *(.rel.fini)

.rela.fini
 *(.rela.fini)

.rel.rodata
 *(.rel.rodata)
 *(.rel.rodata.*)
 *(.rel.gnu.linkonce.r*)

.rela.rodata
 *(.rela.rodata)
 *(.rela.rodata.*)
 *(.rela.gnu.linkonce.r*)

.rel.data
 *(.rel.data)
 *(.rel.data.*)
 *(.rel.gnu.linkonce.d*)

.rela.data
 *(.rela.data)
 *(.rela.data.*)
 *(.rela.gnu.linkonce.d*)

.rel.ctors
 *(.rel.ctors)

.rela.ctors
 *(.rela.ctors)

.rel.dtors
 *(.rel.dtors)

.rela.dtors
 *(.rela.dtors)

.rel.got
 *(.rel.got)

.rela.got
 *(.rela.got)

.rel.bss
 *(.rel.bss)

.rela.bss
 *(.rela.bss)

.rel.plt
 *(.rel.plt)

.rela.plt
 *(.rela.plt)

.text           0x00000000     0x1b0a
 *(.vectors)
 .vectors       0x00000000       0x26 c:/program files (x86)/atmel/atmel toolchain/avr8 gcc/native/3.4.2.876/avr8-gnu-toolchain/bin/../lib/gcc/avr/4.7.2/../../../../avr/lib/avr4/crtm8.o
                0x00000000                __vector_default
                0x00000000                __vectors
 *(.vectors)
 *(.progmem.gcc*)
 .progmem.gcc_sw_table.decode_led_char
                0x00000026      0x122 src/led_indic.o
 *(.progmem*)
 .progmem.data  0x00000148       0xec src/menu.o
                0x00000148                menuFunctionSet
                0x000001a3                menuJumpSet
                0x00000234                . = ALIGN (0x2)
                0x00000234                __trampolines_start = .
 *(.trampolines)
 .trampolines   0x00000234        0x0 linker stubs
 *(.trampolines*)
                0x00000234                __trampolines_end = .
 *(.jumptables)
 *(.jumptables*)
 *(.lowtext)
 *(.lowtext*)
                0x00000234                __ctors_start = .
 *(.ctors)
                0x00000234                __ctors_end = .
                0x00000234                __dtors_start = .
 *(.dtors)
                0x00000234                __dtors_end = .
 SORT(*)(.ctors)
 SORT(*)(.dtors)
 *(.init0)
 .init0         0x00000234        0x0 c:/program files (x86)/atmel/atmel toolchain/avr8 gcc/native/3.4.2.876/avr8-gnu-toolchain/bin/../lib/gcc/avr/4.7.2/../../../../avr/lib/avr4/crtm8.o
                0x00000234                __init
 *(.init0)
 *(.init1)
 *(.init1)
 *(.init2)
 .init2         0x00000234        0xc c:/program files (x86)/atmel/atmel toolchain/avr8 gcc/native/3.4.2.876/avr8-gnu-toolchain/bin/../lib/gcc/avr/4.7.2/../../../../avr/lib/avr4/crtm8.o
 *(.init2)
 *(.init3)
 *(.init3)
 *(.init4)
 .init4         0x00000240       0x16 c:/program files (x86)/atmel/atmel toolchain/avr8 gcc/native/3.4.2.876/avr8-gnu-toolchain/bin/../lib/gcc/avr/4.7.2/avr4\libgcc.a(_copy_data.o)
                0x00000240                __do_copy_data
 .init4         0x00000256       0x10 c:/program files (x86)/atmel/atmel toolchain/avr8 gcc/native/3.4.2.876/avr8-gnu-toolchain/bin/../lib/gcc/avr/4.7.2/avr4\libgcc.a(_clear_bss.o)
                0x00000256                __do_clear_bss
 *(.init4)
 *(.init5)
 *(.init5)
 *(.init6)
 *(.init6)
 *(.init7)
 *(.init7)
 *(.init8)
 *(.init8)
 *(.init9)
 .init9         0x00000266        0x4 c:/program files (x86)/atmel/atmel toolchain/avr8 gcc/native/3.4.2.876/avr8-gnu-toolchain/bin/../lib/gcc/avr/4.7.2/../../../../avr/lib/avr4/crtm8.o
 *(.init9)
 *(.text)
 .text          0x0000026a        0x2 c:/program files (x86)/atmel/atmel toolchain/avr8 gcc/native/3.4.2.876/avr8-gnu-toolchain/bin/../lib/gcc/avr/4.7.2/../../../../avr/lib/avr4/crtm8.o
                0x0000026a                __vector_1
                0x0000026a                __vector_12
                0x0000026a                __bad_interrupt
                0x0000026a                __vector_6
                0x0000026a                __vector_11
                0x0000026a                __vector_13
                0x0000026a                __vector_17
                0x0000026a                __vector_7
                0x0000026a                __vector_5
                0x0000026a                __vector_4
                0x0000026a                __vector_2
                0x0000026a                __vector_15
                0x0000026a                __vector_8
                0x0000026a                __vector_10
                0x0000026a                __vector_18
                0x0000026c                . = ALIGN (0x2)
 *(.text.*)
 .text.conv_ADC_to_Celsius
                0x0000026c       0x44 src/adc.o
                0x0000026c                conv_ADC_to_Celsius
 .text.conv_Celsius_to_ADC
                0x000002b0       0x40 src/adc.o
                0x000002b0                conv_Celsius_to_ADC
 .text.calculateCoeffs
                0x000002f0       0x9a src/adc.o
                0x000002f0                calculateCoeffs
 .text.addToRingU16
                0x0000038a       0x98 src/adc.o
                0x0000038a                addToRingU16
 .text.__vector_14
                0x00000422       0x56 src/adc.o
                0x00000422                __vector_14
 .text.getNormalizedRingU16
                0x00000478       0x1a src/adc.o
                0x00000478                getNormalizedRingU16
 .text.update_normalized_adc
                0x00000492       0x1e src/adc.o
                0x00000492                update_normalized_adc
 .text.process_buttons
                0x000004b0       0xe6 src/buttons.o
                0x000004b0                process_buttons
 .text.processRollControl
                0x00000596       0xf0 src/control.o
                0x00000596                processRollControl
 .text.processPID
                0x00000686       0x8e src/control.o
                0x00000686                processPID
 .text.processHeaterControl
                0x00000714       0xae src/control.o
                0x00000714                processHeaterControl
 .text.restoreGlobalParams
                0x000007c2       0x74 src/control.o
                0x000007c2                restoreGlobalParams
 .text.exitPowerOff
                0x00000836        0x2 src/control.o
                0x00000836                exitPowerOff
 .text.processAutoPowerOff
                0x00000838        0x2 src/control.o
                0x00000838                processAutoPowerOff
 .text.decode_led_char
                0x0000083a       0x6c src/led_indic.o
 .text.wrap_led_buffer_index
                0x000008a6       0x38 src/led_indic.o
 .text.processLedIndicator
                0x000008de       0xd2 src/led_indic.o
                0x000008de                processLedIndicator
 .text.fillLedBuffer
                0x000009b0       0x3c src/led_indic.o
                0x000009b0                fillLedBuffer
 .text.startShiftingWindowLeft
                0x000009ec       0x1c src/led_indic.o
                0x000009ec                startShiftingWindowLeft
 .text.startShiftingWindowRight
                0x00000a08       0x1c src/led_indic.o
                0x00000a08                startShiftingWindowRight
 .text.initLedIndicator
                0x00000a24       0x46 src/led_indic.o
                0x00000a24                initLedIndicator
 .text.printLedBuffer
                0x00000a6a       0x8c src/led_indic.o
                0x00000a6a                printLedBuffer
 .text.setComma
                0x00000af6       0x18 src/led_indic.o
                0x00000af6                setComma
 .text.setExtraLeds
                0x00000b0e        0xc src/led_indic.o
                0x00000b0e                setExtraLeds
 .text.clearExtraLeds
                0x00000b1a        0xe src/led_indic.o
                0x00000b1a                clearExtraLeds
 .text.led_clock_pulse
                0x00000b28       0x20 src/led_indic_hw.o
                0x00000b28                led_clock_pulse
 .text.set_led_segments
                0x00000b48       0x1c src/led_indic_hw.o
                0x00000b48                set_led_segments
 .text.enable_led_segments_pullups
                0x00000b64        0xe src/led_indic_hw.o
                0x00000b64                enable_led_segments_pullups
 .text.enable_led_segments
                0x00000b72        0xe src/led_indic_hw.o
                0x00000b72                enable_led_segments
 .text.disable_led_segments
                0x00000b80        0xe src/led_indic_hw.o
                0x00000b80                disable_led_segments
 .text.capture_button_state
                0x00000b8e       0x16 src/led_indic_hw.o
                0x00000b8e                capture_button_state
 .text.restartMenuTimer
                0x00000ba4        0x6 src/menu.o
 .text.mf_setTempLeave
                0x00000baa        0xc src/menu.o
                0x00000baa                mf_setTempLeave
 .text.mf_leafSelectAct
                0x00000bb6       0x1c src/menu.o
                0x00000bb6                mf_leafSelectAct
 .text.mf_leafExit
                0x00000bd2        0xc src/menu.o
                0x00000bd2                mf_leafExit
 .text.mf_cdoneDo
                0x00000bde        0xa src/menu.o
                0x00000bde                mf_cdoneDo
 .text.mf_cdone2Select
                0x00000be8       0x1c src/menu.o
                0x00000be8                mf_cdone2Select
 .text.mf_cdone1Select
                0x00000c04       0x1c src/menu.o
                0x00000c04                mf_cdone1Select
 .text.mf_calib2Do
                0x00000c20       0x94 src/menu.o
                0x00000c20                mf_calib2Do
 .text.mf_calib1Do
                0x00000cb4       0x94 src/menu.o
                0x00000cb4                mf_calib1Do
 .text.mf_autopoffDo
                0x00000d48       0xa6 src/menu.o
                0x00000d48                mf_autopoffDo
 .text.mf_realTempDo
                0x00000dee       0x56 src/menu.o
                0x00000dee                mf_realTempDo
 .text.mf_sndenDo
                0x00000e44       0x8a src/menu.o
                0x00000e44                mf_sndenDo
 .text.mf_leafSelect
                0x00000ece       0x10 src/menu.o
                0x00000ece                mf_leafSelect
 .text.mf_calibSelect
                0x00000ede       0x14 src/menu.o
                0x00000ede                mf_calibSelect
 .text.mf_rollLeave
                0x00000ef2       0x10 src/menu.o
                0x00000ef2                mf_rollLeave
 .text.mf_setTempSelect
                0x00000f02        0x8 src/menu.o
                0x00000f02                mf_setTempSelect
 .text.mf_realTempLeave
                0x00000f0a        0x6 src/menu.o
                0x00000f0a                mf_realTempLeave
 .text.mf_rollDo
                0x00000f10       0xd2 src/menu.o
                0x00000f10                mf_rollDo
 .text.mf_rollSelect
                0x00000fe2        0x8 src/menu.o
                0x00000fe2                mf_rollSelect
 .text.mf_setTempDo
                0x00000fea       0xb8 src/menu.o
                0x00000fea                mf_setTempDo
 .text.mf_realTempSelect
                0x000010a2        0x6 src/menu.o
                0x000010a2                mf_realTempSelect
 .text.InitMenu
                0x000010a8       0xba src/menu.o
                0x000010a8                InitMenu
 .text.processMenu
                0x00001162      0x17e src/menu.o
                0x00001162                processMenu
 .text.u16toa_align_right
                0x000012e0       0x78 src/my_string.o
                0x000012e0                u16toa_align_right
 .text.init_system
                0x00001358       0x62 src/pid1.o
                0x00001358                init_system
 .text.main     0x000013ba      0x1da src/pid1.o
                0x000013ba                main
 .text.setHeaterControl
                0x00001594       0x26 src/power_control.o
                0x00001594                setHeaterControl
 .text.setMotorDirection
                0x000015ba       0x3c src/power_control.o
                0x000015ba                setMotorDirection
 .text.stopCycleRolling
                0x000015f6       0x38 src/power_control.o
                0x000015f6                stopCycleRolling
 .text.isTopPointValid
                0x0000162e       0x20 src/power_control.o
                0x0000162e                isTopPointValid
 .text.isBottomPointValid
                0x0000164e       0x20 src/power_control.o
                0x0000164e                isBottomPointValid
 .text.startCycleRolling
                0x0000166e       0x30 src/power_control.o
                0x0000166e                startCycleRolling
 .text.__vector_16
                0x0000169e       0x56 src/power_control.o
                0x0000169e                __vector_16
 .text.__vector_9
                0x000016f4      0x1ee src/power_control.o
                0x000016f4                __vector_9
 .text.processSoftTimer8b
                0x000018e2       0x5c src/soft_timer.o
                0x000018e2                processSoftTimer8b
 .text.SetBeeperFreq
                0x0000193e       0x42 src/systimer.o
                0x0000193e                SetBeeperFreq
 .text.StartBeep
                0x00001980       0x18 src/systimer.o
                0x00001980                StartBeep
 .text.__vector_3
                0x00001998       0x6a src/systimer.o
                0x00001998                __vector_3
 .text.USART_send
                0x00001a02        0xa src/usart.o
                0x00001a02                USART_send
 .text.USART_sendstr
                0x00001a0c       0x28 src/usart.o
                0x00001a0c                USART_sendstr
 .text.libgcc.div
                0x00001a34       0x44 c:/program files (x86)/atmel/atmel toolchain/avr8 gcc/native/3.4.2.876/avr8-gnu-toolchain/bin/../lib/gcc/avr/4.7.2/avr4\libgcc.a(_udivmodsi4.o)
                0x00001a34                __udivmodsi4
 .text.libgcc.div
                0x00001a78       0x36 c:/program files (x86)/atmel/atmel toolchain/avr8 gcc/native/3.4.2.876/avr8-gnu-toolchain/bin/../lib/gcc/avr/4.7.2/avr4\libgcc.a(_divmodsi4.o)
                0x00001a78                __divmodsi4
 .text.libgcc.mul
                0x00001aae       0x18 c:/program files (x86)/atmel/atmel toolchain/avr8 gcc/native/3.4.2.876/avr8-gnu-toolchain/bin/../lib/gcc/avr/4.7.2/avr4\libgcc.a(_umulhisi3.o)
                0x00001aae                __umulhisi3
 .text.libgcc.mul
                0x00001ac6        0xc c:/program files (x86)/atmel/atmel toolchain/avr8 gcc/native/3.4.2.876/avr8-gnu-toolchain/bin/../lib/gcc/avr/4.7.2/avr4\libgcc.a(_usmulhisi3.o)
                0x00001ac6                __usmulhisi3
                0x00001ac8                __usmulhisi3_tail
 .text.libgcc.mul
                0x00001ad2       0x14 c:/program files (x86)/atmel/atmel toolchain/avr8 gcc/native/3.4.2.876/avr8-gnu-toolchain/bin/../lib/gcc/avr/4.7.2/avr4\libgcc.a(_muluhisi3.o)
                0x00001ad2                __muluhisi3
 .text.avr-libc
                0x00001ae6       0x20 c:/program files (x86)/atmel/atmel toolchain/avr8 gcc/native/3.4.2.876/avr8-gnu-toolchain/bin/../lib/gcc/avr/4.7.2/../../../../avr/lib/avr4\libc.a(eerd_block_atmega8.o)
                0x00001ae6                __eerd_block_m8
                0x00001aea                __eerd_blraw_m8
                0x00001b06                . = ALIGN (0x2)
 *(.fini9)
 .fini9         0x00001b06        0x0 c:/program files (x86)/atmel/atmel toolchain/avr8 gcc/native/3.4.2.876/avr8-gnu-toolchain/bin/../lib/gcc/avr/4.7.2/avr4\libgcc.a(_exit.o)
                0x00001b06                _exit
                0x00001b06                exit
 *(.fini9)
 *(.fini8)
 *(.fini8)
 *(.fini7)
 *(.fini7)
 *(.fini6)
 *(.fini6)
 *(.fini5)
 *(.fini5)
 *(.fini4)
 *(.fini4)
 *(.fini3)
 *(.fini3)
 *(.fini2)
 *(.fini2)
 *(.fini1)
 *(.fini1)
 *(.fini0)
 .fini0         0x00001b06        0x4 c:/program files (x86)/atmel/atmel toolchain/avr8 gcc/native/3.4.2.876/avr8-gnu-toolchain/bin/../lib/gcc/avr/4.7.2/avr4\libgcc.a(_exit.o)
 *(.fini0)
                0x00001b0a                _etext = .

.data           0x00800060       0x4a load address 0x00001b0a
                0x00800060                PROVIDE (__data_start, .)
 *(.data)
 .data          0x00800060        0x0 c:/program files (x86)/atmel/atmel toolchain/avr8 gcc/native/3.4.2.876/avr8-gnu-toolchain/bin/../lib/gcc/avr/4.7.2/../../../../avr/lib/avr4/crtm8.o
 .data          0x00800060        0x9 src/adc.o
                0x00800060                ringBufADC
 .data          0x00800069        0x1 src/buttons.o
 .data          0x0080006a        0x0 src/control.o
 .data          0x0080006a        0x0 src/led_indic.o
 .data          0x0080006a        0x0 src/led_indic_hw.o
 .data          0x0080006a        0x0 src/menu.o
 .data          0x0080006a        0x0 src/my_string.o
 .data          0x0080006a        0x0 src/pid1.o
 .data          0x0080006a        0x1 src/power_control.o
 .data          0x0080006b        0x0 src/soft_timer.o
 .data          0x0080006b        0x4 src/systimer.o
                0x0080006b                menuUpdateTimer
 .data          0x0080006f        0x0 src/usart.o
 .data          0x0080006f        0x0 c:/program files (x86)/atmel/atmel toolchain/avr8 gcc/native/3.4.2.876/avr8-gnu-toolchain/bin/../lib/gcc/avr/4.7.2/avr4\libgcc.a(_udivmodsi4.o)
 .data          0x0080006f        0x0 c:/program files (x86)/atmel/atmel toolchain/avr8 gcc/native/3.4.2.876/avr8-gnu-toolchain/bin/../lib/gcc/avr/4.7.2/avr4\libgcc.a(_divmodsi4.o)
 .data          0x0080006f        0x0 c:/program files (x86)/atmel/atmel toolchain/avr8 gcc/native/3.4.2.876/avr8-gnu-toolchain/bin/../lib/gcc/avr/4.7.2/avr4\libgcc.a(_exit.o)
 .data          0x0080006f        0x0 c:/program files (x86)/atmel/atmel toolchain/avr8 gcc/native/3.4.2.876/avr8-gnu-toolchain/bin/../lib/gcc/avr/4.7.2/avr4\libgcc.a(_copy_data.o)
 .data          0x0080006f        0x0 c:/program files (x86)/atmel/atmel toolchain/avr8 gcc/native/3.4.2.876/avr8-gnu-toolchain/bin/../lib/gcc/avr/4.7.2/avr4\libgcc.a(_clear_bss.o)
 .data          0x0080006f        0x0 c:/program files (x86)/atmel/atmel toolchain/avr8 gcc/native/3.4.2.876/avr8-gnu-toolchain/bin/../lib/gcc/avr/4.7.2/avr4\libgcc.a(_umulhisi3.o)
 .data          0x0080006f        0x0 c:/program files (x86)/atmel/atmel toolchain/avr8 gcc/native/3.4.2.876/avr8-gnu-toolchain/bin/../lib/gcc/avr/4.7.2/avr4\libgcc.a(_usmulhisi3.o)
 .data          0x0080006f        0x0 c:/program files (x86)/atmel/atmel toolchain/avr8 gcc/native/3.4.2.876/avr8-gnu-toolchain/bin/../lib/gcc/avr/4.7.2/avr4\libgcc.a(_muluhisi3.o)
 .data          0x0080006f        0x0 c:/program files (x86)/atmel/atmel toolchain/avr8 gcc/native/3.4.2.876/avr8-gnu-toolchain/bin/../lib/gcc/avr/4.7.2/../../../../avr/lib/avr4\libc.a(eerd_block_atmega8.o)
 *(.data*)
 *(.rodata)
 .rodata        0x0080006f       0x2a src/menu.o
 *(.rodata*)
 .rodata.str1.1
                0x00800099        0x7 src/menu.o
 .rodata.str1.1
                0x008000a0        0xa src/pid1.o
 *(.gnu.linkonce.d*)
                0x008000aa                . = ALIGN (0x2)
                0x008000aa                _edata = .
                0x008000aa                PROVIDE (__data_end, .)

.bss            0x008000aa       0x88
                0x008000aa                PROVIDE (__bss_start, .)
 *(.bss)
 .bss           0x008000aa        0x8 src/adc.o
 .bss           0x008000b2        0x8 src/buttons.o
                0x008000b2                button_action_long
                0x008000b3                button_action_up_short
                0x008000b4                button_action_rep
                0x008000b5                button_action_down
                0x008000b6                button_state
 .bss           0x008000ba        0x8 src/control.o
 .bss           0x008000c2        0x6 src/led_indic.o
 .bss           0x008000c8        0xf src/power_control.o
                0x008000c8                rollState
                0x008000c9                heaterState
                0x008000ca                ctrl_heater
 .bss           0x008000d7        0x2 src/systimer.o
 *(.bss*)
 *(COMMON)
 COMMON         0x008000d9       0x18 src/adc.o
                0x008000d9                raw_adc_buffer
                0x008000ed                adc_normalized
                0x008000ef                adc_celsius
 COMMON         0x008000f1       0x19 src/control.o
                0x008000f1                cpoint1
                0x008000f2                dbg_PID_output
                0x008000f4                dbg_SetTempCelsius
                0x008000f5                dbg_PID_p_term
                0x008000f7                dbg_RealTempPID
                0x008000f9                setup_temp_value
                0x008000fb                sound_enable
                0x008000fc                dbg_PID_i_term
                0x008000fe                rollCycleSet
                0x008000ff                dbg_PID_d_term
                0x00800101                cpoint1_adc
                0x00800103                power_off_timeout
                0x00800104                dbg_RealTempCelsius
                0x00800105                cpoint2_adc
                0x00800107                dbg_SetTempPID
                0x00800109                cpoint2
 COMMON         0x0080010a       0x13 src/led_indic.o
                0x0080010a                extra_led_state
                0x0080010b                wStartPos
                0x0080010c                shifterState
                0x0080010d                bufStartPos
                0x0080010e                led_data_buffer
                0x0080011c                raw_button_state
 COMMON         0x0080011d       0x12 src/menu.o
                0x0080011d                selectedMenuItemID
                0x0080011e                menuTimer
                0x00800122                cpoint1_copy
                0x00800123                cpoint2_copy
                0x00800124                userTimer
                0x00800128                selectedMenuFunctionRecord
 COMMON         0x0080012f        0x3 src/power_control.o
                0x0080012f                activeRollCycle
                0x00800130                PIDsampedADC
                0x00800132                PROVIDE (__bss_end, .)
                0x00001b0a                __data_load_start = LOADADDR (.data)
                0x00001b54                __data_load_end = (__data_load_start + SIZEOF (.data))

.noinit         0x00800132        0x0
                0x00800132                PROVIDE (__noinit_start, .)
 *(.noinit*)
                0x00800132                PROVIDE (__noinit_end, .)
                0x00800132                _end = .
                0x00800132                PROVIDE (__heap_start, .)

.eeprom         0x00810000        0xa
 *(.eeprom*)
 .eeprom        0x00810000        0xa src/control.o
                0x00810000                nvParams
                0x0081000a                __eeprom_end = .

.fuse
 *(.fuse)
 *(.lfuse)
 *(.hfuse)
 *(.efuse)

.lock
 *(.lock*)

.signature
 *(.signature*)

.user_signatures
 *(.user_signatures*)

.stab           0x00000000      0x7d4
 *(.stab)
 .stab          0x00000000      0x6cc c:/program files (x86)/atmel/atmel toolchain/avr8 gcc/native/3.4.2.876/avr8-gnu-toolchain/bin/../lib/gcc/avr/4.7.2/../../../../avr/lib/avr4/crtm8.o
 .stab          0x000006cc      0x108 c:/program files (x86)/atmel/atmel toolchain/avr8 gcc/native/3.4.2.876/avr8-gnu-toolchain/bin/../lib/gcc/avr/4.7.2/../../../../avr/lib/avr4\libc.a(eerd_block_atmega8.o)
                                0x114 (size before relaxing)

.stabstr        0x00000000       0xe3
 *(.stabstr)
 .stabstr       0x00000000       0xe3 c:/program files (x86)/atmel/atmel toolchain/avr8 gcc/native/3.4.2.876/avr8-gnu-toolchain/bin/../lib/gcc/avr/4.7.2/../../../../avr/lib/avr4/crtm8.o

.stab.excl
 *(.stab.excl)

.stab.exclstr
 *(.stab.exclstr)

.stab.index
 *(.stab.index)

.stab.indexstr
 *(.stab.indexstr)

.comment        0x00000000       0x2f
 *(.comment)
 .comment       0x00000000       0x2f src/adc.o
                                 0x30 (size before relaxing)
 .comment       0x00000000       0x30 src/buttons.o
 .comment       0x00000000       0x30 src/control.o
 .comment       0x00000000       0x30 src/led_indic.o
 .comment       0x00000000       0x30 src/led_indic_hw.o
 .comment       0x00000000       0x30 src/menu.o
 .comment       0x00000000       0x30 src/my_string.o
 .comment       0x00000000       0x30 src/pid1.o
 .comment       0x00000000       0x30 src/power_control.o
 .comment       0x00000000       0x30 src/soft_timer.o
 .comment       0x00000000       0x30 src/systimer.o
 .comment       0x00000000       0x30 src/usart.o

.debug
 *(.debug)

.line
 *(.line)

.debug_srcinfo
 *(.debug_srcinfo)

.debug_sfnames
 *(.debug_sfnames)

.debug_aranges  0x00000000      0x390
 *(.debug_aranges)
 .debug_aranges
                0x00000000       0x50 src/adc.o
 .debug_aranges
                0x00000050       0x20 src/buttons.o
 .debug_aranges
                0x00000070       0x48 src/control.o
 .debug_aranges
                0x000000b8       0x98 src/led_indic.o
 .debug_aranges
                0x00000150       0x48 src/led_indic_hw.o
 .debug_aranges
                0x00000198       0xd0 src/menu.o
 .debug_aranges
                0x00000268       0x20 src/my_string.o
 .debug_aranges
                0x00000288       0x28 src/pid1.o
 .debug_aranges
                0x000002b0       0x58 src/power_control.o
 .debug_aranges
                0x00000308       0x20 src/soft_timer.o
 .debug_aranges
                0x00000328       0x40 src/systimer.o
 .debug_aranges
                0x00000368       0x28 src/usart.o

.debug_pubnames
 *(.debug_pubnames)

.debug_info     0x00000000     0x3746
 *(.debug_info)
 .debug_info    0x00000000      0x308 src/adc.o
 .debug_info    0x00000308      0x16d src/buttons.o
 .debug_info    0x00000475      0x71d src/control.o
 .debug_info    0x00000b92      0x8c3 src/led_indic.o
 .debug_info    0x00001455      0x21c src/led_indic_hw.o
 .debug_info    0x00001671      0xf6b src/menu.o
 .debug_info    0x000025dc       0xdc src/my_string.o
 .debug_info    0x000026b8      0x7d6 src/pid1.o
 .debug_info    0x00002e8e      0x3a6 src/power_control.o
 .debug_info    0x00003234      0x161 src/soft_timer.o
 .debug_info    0x00003395      0x2cf src/systimer.o
 .debug_info    0x00003664       0xe2 src/usart.o
 *(.gnu.linkonce.wi.*)

.debug_abbrev   0x00000000     0x120e
 *(.debug_abbrev)
 .debug_abbrev  0x00000000      0x177 src/adc.o
 .debug_abbrev  0x00000177       0x98 src/buttons.o
 .debug_abbrev  0x0000020f      0x220 src/control.o
 .debug_abbrev  0x0000042f      0x2bc src/led_indic.o
 .debug_abbrev  0x000006eb      0x154 src/led_indic_hw.o
 .debug_abbrev  0x0000083f      0x2e5 src/menu.o
 .debug_abbrev  0x00000b24       0x7a src/my_string.o
 .debug_abbrev  0x00000b9e      0x16e src/pid1.o
 .debug_abbrev  0x00000d0c      0x1d9 src/power_control.o
 .debug_abbrev  0x00000ee5       0xba src/soft_timer.o
 .debug_abbrev  0x00000f9f      0x1c1 src/systimer.o
 .debug_abbrev  0x00001160       0xae src/usart.o

.debug_line     0x00000000     0x169c
 *(.debug_line)
 .debug_line    0x00000000      0x16a src/adc.o
 .debug_line    0x0000016a      0x11f src/buttons.o
 .debug_line    0x00000289      0x301 src/control.o
 .debug_line    0x0000058a      0x382 src/led_indic.o
 .debug_line    0x0000090c      0x206 src/led_indic_hw.o
 .debug_line    0x00000b12      0x39f src/menu.o
 .debug_line    0x00000eb1       0xfd src/my_string.o
 .debug_line    0x00000fae      0x1c2 src/pid1.o
 .debug_line    0x00001170      0x1de src/power_control.o
 .debug_line    0x0000134e       0xfe src/soft_timer.o
 .debug_line    0x0000144c      0x162 src/systimer.o
 .debug_line    0x000015ae       0xee src/usart.o

.debug_frame    0x00000000      0x834
 *(.debug_frame)
 .debug_frame   0x00000000      0x124 src/adc.o
 .debug_frame   0x00000124       0x24 src/buttons.o
 .debug_frame   0x00000148       0x8c src/control.o
 .debug_frame   0x000001d4      0x158 src/led_indic.o
 .debug_frame   0x0000032c       0x74 src/led_indic_hw.o
 .debug_frame   0x000003a0      0x210 src/menu.o
 .debug_frame   0x000005b0       0x30 src/my_string.o
 .debug_frame   0x000005e0       0x44 src/pid1.o
 .debug_frame   0x00000624       0xfc src/power_control.o
 .debug_frame   0x00000720       0x24 src/soft_timer.o
 .debug_frame   0x00000744       0xac src/systimer.o
 .debug_frame   0x000007f0       0x44 src/usart.o

.debug_str      0x00000000      0xdeb
 *(.debug_str)
 .debug_str     0x00000000      0x1dd src/adc.o
                                0x220 (size before relaxing)
 .debug_str     0x000001dd       0xeb src/buttons.o
                                0x1ab (size before relaxing)
 .debug_str     0x000002c8      0x28a src/control.o
                                0x3f4 (size before relaxing)
 .debug_str     0x00000552      0x327 src/led_indic.o
                                0x465 (size before relaxing)
 .debug_str     0x00000879       0x22 src/led_indic_hw.o
                                0x1ab (size before relaxing)
 .debug_str     0x0000089b      0x36b src/menu.o
                                0x5b9 (size before relaxing)
 .debug_str     0x00000c06       0x1d src/my_string.o
                                 0xef (size before relaxing)
 .debug_str     0x00000c23       0x63 src/pid1.o
                                0x321 (size before relaxing)
 .debug_str     0x00000c86       0xcb src/power_control.o
                                0x2a8 (size before relaxing)
 .debug_str     0x00000d51       0x20 src/soft_timer.o
                                0x125 (size before relaxing)
 .debug_str     0x00000d71       0x6b src/systimer.o
                                0x1cc (size before relaxing)
 .debug_str     0x00000ddc        0xf src/usart.o
                                 0xdc (size before relaxing)

.debug_loc      0x00000000     0x1b62
 *(.debug_loc)
 .debug_loc     0x00000000      0x2ea src/adc.o
 .debug_loc     0x000002ea       0xe5 src/buttons.o
 .debug_loc     0x000003cf      0x168 src/control.o
 .debug_loc     0x00000537      0x61a src/led_indic.o
 .debug_loc     0x00000b51       0xeb src/led_indic_hw.o
 .debug_loc     0x00000c3c      0x906 src/menu.o
 .debug_loc     0x00001542      0x186 src/my_string.o
 .debug_loc     0x000016c8       0x47 src/pid1.o
 .debug_loc     0x0000170f      0x1c1 src/power_control.o
 .debug_loc     0x000018d0       0x47 src/soft_timer.o
 .debug_loc     0x00001917      0x1ba src/systimer.o
 .debug_loc     0x00001ad1       0x91 src/usart.o

.debug_macinfo
 *(.debug_macinfo)

.debug_pubtypes
 *(.debug_pubtypes)

.debug_ranges   0x00000000      0x338
 *(.debug_ranges)
 .debug_ranges  0x00000000       0x40 src/adc.o
 .debug_ranges  0x00000040       0x10 src/buttons.o
 .debug_ranges  0x00000050       0x38 src/control.o
 .debug_ranges  0x00000088       0xc0 src/led_indic.o
 .debug_ranges  0x00000148       0x38 src/led_indic_hw.o
 .debug_ranges  0x00000180       0xf0 src/menu.o
 .debug_ranges  0x00000270       0x10 src/my_string.o
 .debug_ranges  0x00000280       0x18 src/pid1.o
 .debug_ranges  0x00000298       0x48 src/power_control.o
 .debug_ranges  0x000002e0       0x10 src/soft_timer.o
 .debug_ranges  0x000002f0       0x30 src/systimer.o
 .debug_ranges  0x00000320       0x18 src/usart.o

.debug_macro
 *(.debug_macro)
OUTPUT(pid1.elf elf32-avr)
LOAD linker stubs
