Archive member included because of file (symbol)

c:/program files (x86)/atmel/atmel toolchain/avr8 gcc/native/3.4.2.876/avr8-gnu-toolchain/bin/../lib/gcc/avr/4.7.2/avr4\libgcc.a(_udivmodqi4.o)
                              src/led_indic.o (__udivmodqi4)
c:/program files (x86)/atmel/atmel toolchain/avr8 gcc/native/3.4.2.876/avr8-gnu-toolchain/bin/../lib/gcc/avr/4.7.2/avr4\libgcc.a(_divmodhi4.o)
                              src/pid_controller.o (__divmodhi4)
c:/program files (x86)/atmel/atmel toolchain/avr8 gcc/native/3.4.2.876/avr8-gnu-toolchain/bin/../lib/gcc/avr/4.7.2/avr4\libgcc.a(_divmodsi4.o)
                              src/adc.o (__divmodsi4)
c:/program files (x86)/atmel/atmel toolchain/avr8 gcc/native/3.4.2.876/avr8-gnu-toolchain/bin/../lib/gcc/avr/4.7.2/avr4\libgcc.a(_exit.o)
                              c:/program files (x86)/atmel/atmel toolchain/avr8 gcc/native/3.4.2.876/avr8-gnu-toolchain/bin/../lib/gcc/avr/4.7.2/../../../../avr/lib/avr4/crtm8.o (exit)
c:/program files (x86)/atmel/atmel toolchain/avr8 gcc/native/3.4.2.876/avr8-gnu-toolchain/bin/../lib/gcc/avr/4.7.2/avr4\libgcc.a(_copy_data.o)
                              src/adc.o (__do_copy_data)
c:/program files (x86)/atmel/atmel toolchain/avr8 gcc/native/3.4.2.876/avr8-gnu-toolchain/bin/../lib/gcc/avr/4.7.2/avr4\libgcc.a(_clear_bss.o)
                              src/adc.o (__do_clear_bss)
c:/program files (x86)/atmel/atmel toolchain/avr8 gcc/native/3.4.2.876/avr8-gnu-toolchain/bin/../lib/gcc/avr/4.7.2/avr4\libgcc.a(_mulhisi3.o)
                              src/fir_filter.o (__mulhisi3)
c:/program files (x86)/atmel/atmel toolchain/avr8 gcc/native/3.4.2.876/avr8-gnu-toolchain/bin/../lib/gcc/avr/4.7.2/avr4\libgcc.a(_umulhisi3.o)
                              src/adc.o (__umulhisi3)
c:/program files (x86)/atmel/atmel toolchain/avr8 gcc/native/3.4.2.876/avr8-gnu-toolchain/bin/../lib/gcc/avr/4.7.2/avr4\libgcc.a(_usmulhisi3.o)
                              src/adc.o (__usmulhisi3)
c:/program files (x86)/atmel/atmel toolchain/avr8 gcc/native/3.4.2.876/avr8-gnu-toolchain/bin/../lib/gcc/avr/4.7.2/avr4\libgcc.a(_muluhisi3.o)
                              src/adc.o (__muluhisi3)
c:/program files (x86)/atmel/atmel toolchain/avr8 gcc/native/3.4.2.876/avr8-gnu-toolchain/bin/../lib/gcc/avr/4.7.2/avr4\libgcc.a(_udivmodhi4.o)
                              c:/program files (x86)/atmel/atmel toolchain/avr8 gcc/native/3.4.2.876/avr8-gnu-toolchain/bin/../lib/gcc/avr/4.7.2/avr4\libgcc.a(_divmodhi4.o) (__udivmodhi4)
c:/program files (x86)/atmel/atmel toolchain/avr8 gcc/native/3.4.2.876/avr8-gnu-toolchain/bin/../lib/gcc/avr/4.7.2/avr4\libgcc.a(_udivmodsi4.o)
                              c:/program files (x86)/atmel/atmel toolchain/avr8 gcc/native/3.4.2.876/avr8-gnu-toolchain/bin/../lib/gcc/avr/4.7.2/avr4\libgcc.a(_divmodsi4.o) (__udivmodsi4)
c:/program files (x86)/atmel/atmel toolchain/avr8 gcc/native/3.4.2.876/avr8-gnu-toolchain/bin/../lib/gcc/avr/4.7.2/../../../../avr/lib/avr4\libc.a(eerd_block_atmega8.o)
                              src/control.o (__eerd_block_m8)
c:/program files (x86)/atmel/atmel toolchain/avr8 gcc/native/3.4.2.876/avr8-gnu-toolchain/bin/../lib/gcc/avr/4.7.2/../../../../avr/lib/avr4\libc.a(eerd_byte_atmega8.o)
                              src/control.o (__eerd_byte_m8)
c:/program files (x86)/atmel/atmel toolchain/avr8 gcc/native/3.4.2.876/avr8-gnu-toolchain/bin/../lib/gcc/avr/4.7.2/../../../../avr/lib/avr4\libc.a(eeupd_block_atmega8.o)
                              src/control.o (__eeupd_block_m8)
c:/program files (x86)/atmel/atmel toolchain/avr8 gcc/native/3.4.2.876/avr8-gnu-toolchain/bin/../lib/gcc/avr/4.7.2/../../../../avr/lib/avr4\libc.a(eeupd_byte_atmega8.o)
                              src/control.o (__eeupd_byte_m8)

Allocating common symbols
Common symbol       size              file

dbg_SetPointCelsius
                    0x1               src/control.o
cp                  0x6               src/control.o
p                   0x4               src/control.o
extra_led_state     0x1               src/led_indic.o
dbg_PID_output      0x2               src/pid_controller.o
adc_filtered        0x2               src/adc.o
adc_oversampled     0x2               src/adc.o
raw_adc_buffer      0x40              src/adc.o
wStartPos           0x1               src/led_indic.o
dbg_PID_p_term      0x2               src/pid_controller.o
dbg_RealTempPID     0x2               src/control.o
adc_normalized      0x2               src/adc.o
dbg_PID_i_term      0x2               src/pid_controller.o
dbg_PID_d_term      0x2               src/pid_controller.o
shifterState        0x1               src/led_indic.o
adc_status          0x1               src/adc.o
bufStartPos         0x1               src/led_indic.o
led_data_buffer     0xe               src/led_indic.o
adc_celsius         0x2               src/adc.o
dbg_SetPointPID     0x2               src/control.o
dbg_RealTempCelsius
                    0x1               src/control.o
filter_buffer       0x28              src/adc.o
raw_button_state    0x1               src/led_indic.o

Discarded input sections

 .bss           0x00000000        0x0 c:/program files (x86)/atmel/atmel toolchain/avr8 gcc/native/3.4.2.876/avr8-gnu-toolchain/bin/../lib/gcc/avr/4.7.2/../../../../avr/lib/avr4/crtm8.o
 .text          0x00000000        0x0 src/adc.o
 .text          0x00000000        0x0 src/buttons.o
 .text          0x00000000        0x0 src/control.o
 .text          0x00000000        0x0 src/fir_filter.o
 .bss           0x00000000        0x0 src/fir_filter.o
 .text          0x00000000        0x0 src/led_indic.o
 .text.setWindowStartPos
                0x00000000        0x8 src/led_indic.o
 .text.shiftWindowPosition
                0x00000000        0xe src/led_indic.o
 .text.setBufferStartPos
                0x00000000        0x8 src/led_indic.o
 .text.clearComma
                0x00000000       0x18 src/led_indic.o
 .text.toggleExtraLeds
                0x00000000        0xc src/led_indic.o
 .text          0x00000000        0x0 src/led_indic_hw.o
 .bss           0x00000000        0x0 src/led_indic_hw.o
 .text          0x00000000        0x0 src/menu.o
 .text          0x00000000        0x0 src/my_string.o
 .bss           0x00000000        0x0 src/my_string.o
 .text          0x00000000        0x0 src/pid1.o
 .bss           0x00000000        0x0 src/pid1.o
 .text          0x00000000        0x0 src/pid_controller.o
 .text          0x00000000        0x0 src/power_control.o
 .text          0x00000000        0x0 src/progmem_func.o
 .bss           0x00000000        0x0 src/progmem_func.o
 .text          0x00000000        0x0 src/soft_timer.o
 .bss           0x00000000        0x0 src/soft_timer.o
 .text          0x00000000        0x0 src/systimer.o
 .text.Sound_Stop
                0x00000000        0x6 src/systimer.o
 .text.Sound_OverrideDisable
                0x00000000        0x8 src/systimer.o
 .text          0x00000000        0x0 src/usart.o
 .bss           0x00000000        0x0 src/usart.o
 .text          0x00000000        0x0 c:/program files (x86)/atmel/atmel toolchain/avr8 gcc/native/3.4.2.876/avr8-gnu-toolchain/bin/../lib/gcc/avr/4.7.2/avr4\libgcc.a(_udivmodqi4.o)
 .bss           0x00000000        0x0 c:/program files (x86)/atmel/atmel toolchain/avr8 gcc/native/3.4.2.876/avr8-gnu-toolchain/bin/../lib/gcc/avr/4.7.2/avr4\libgcc.a(_udivmodqi4.o)
 .text.libgcc.mul
                0x00000000        0x0 c:/program files (x86)/atmel/atmel toolchain/avr8 gcc/native/3.4.2.876/avr8-gnu-toolchain/bin/../lib/gcc/avr/4.7.2/avr4\libgcc.a(_udivmodqi4.o)
 .text.libgcc   0x00000000        0x0 c:/program files (x86)/atmel/atmel toolchain/avr8 gcc/native/3.4.2.876/avr8-gnu-toolchain/bin/../lib/gcc/avr/4.7.2/avr4\libgcc.a(_udivmodqi4.o)
 .text.libgcc.prologue
                0x00000000        0x0 c:/program files (x86)/atmel/atmel toolchain/avr8 gcc/native/3.4.2.876/avr8-gnu-toolchain/bin/../lib/gcc/avr/4.7.2/avr4\libgcc.a(_udivmodqi4.o)
 .text.libgcc.builtins
                0x00000000        0x0 c:/program files (x86)/atmel/atmel toolchain/avr8 gcc/native/3.4.2.876/avr8-gnu-toolchain/bin/../lib/gcc/avr/4.7.2/avr4\libgcc.a(_udivmodqi4.o)
 .text.libgcc.fmul
                0x00000000        0x0 c:/program files (x86)/atmel/atmel toolchain/avr8 gcc/native/3.4.2.876/avr8-gnu-toolchain/bin/../lib/gcc/avr/4.7.2/avr4\libgcc.a(_udivmodqi4.o)
 .text          0x00000000        0x0 c:/program files (x86)/atmel/atmel toolchain/avr8 gcc/native/3.4.2.876/avr8-gnu-toolchain/bin/../lib/gcc/avr/4.7.2/avr4\libgcc.a(_divmodhi4.o)
 .bss           0x00000000        0x0 c:/program files (x86)/atmel/atmel toolchain/avr8 gcc/native/3.4.2.876/avr8-gnu-toolchain/bin/../lib/gcc/avr/4.7.2/avr4\libgcc.a(_divmodhi4.o)
 .text.libgcc.mul
                0x00000000        0x0 c:/program files (x86)/atmel/atmel toolchain/avr8 gcc/native/3.4.2.876/avr8-gnu-toolchain/bin/../lib/gcc/avr/4.7.2/avr4\libgcc.a(_divmodhi4.o)
 .text.libgcc   0x00000000        0x0 c:/program files (x86)/atmel/atmel toolchain/avr8 gcc/native/3.4.2.876/avr8-gnu-toolchain/bin/../lib/gcc/avr/4.7.2/avr4\libgcc.a(_divmodhi4.o)
 .text.libgcc.prologue
                0x00000000        0x0 c:/program files (x86)/atmel/atmel toolchain/avr8 gcc/native/3.4.2.876/avr8-gnu-toolchain/bin/../lib/gcc/avr/4.7.2/avr4\libgcc.a(_divmodhi4.o)
 .text.libgcc.builtins
                0x00000000        0x0 c:/program files (x86)/atmel/atmel toolchain/avr8 gcc/native/3.4.2.876/avr8-gnu-toolchain/bin/../lib/gcc/avr/4.7.2/avr4\libgcc.a(_divmodhi4.o)
 .text.libgcc.fmul
                0x00000000        0x0 c:/program files (x86)/atmel/atmel toolchain/avr8 gcc/native/3.4.2.876/avr8-gnu-toolchain/bin/../lib/gcc/avr/4.7.2/avr4\libgcc.a(_divmodhi4.o)
 .text          0x00000000        0x0 c:/program files (x86)/atmel/atmel toolchain/avr8 gcc/native/3.4.2.876/avr8-gnu-toolchain/bin/../lib/gcc/avr/4.7.2/avr4\libgcc.a(_divmodsi4.o)
 .bss           0x00000000        0x0 c:/program files (x86)/atmel/atmel toolchain/avr8 gcc/native/3.4.2.876/avr8-gnu-toolchain/bin/../lib/gcc/avr/4.7.2/avr4\libgcc.a(_divmodsi4.o)
 .text.libgcc.mul
                0x00000000        0x0 c:/program files (x86)/atmel/atmel toolchain/avr8 gcc/native/3.4.2.876/avr8-gnu-toolchain/bin/../lib/gcc/avr/4.7.2/avr4\libgcc.a(_divmodsi4.o)
 .text.libgcc   0x00000000        0x0 c:/program files (x86)/atmel/atmel toolchain/avr8 gcc/native/3.4.2.876/avr8-gnu-toolchain/bin/../lib/gcc/avr/4.7.2/avr4\libgcc.a(_divmodsi4.o)
 .text.libgcc.prologue
                0x00000000        0x0 c:/program files (x86)/atmel/atmel toolchain/avr8 gcc/native/3.4.2.876/avr8-gnu-toolchain/bin/../lib/gcc/avr/4.7.2/avr4\libgcc.a(_divmodsi4.o)
 .text.libgcc.builtins
                0x00000000        0x0 c:/program files (x86)/atmel/atmel toolchain/avr8 gcc/native/3.4.2.876/avr8-gnu-toolchain/bin/../lib/gcc/avr/4.7.2/avr4\libgcc.a(_divmodsi4.o)
 .text.libgcc.fmul
                0x00000000        0x0 c:/program files (x86)/atmel/atmel toolchain/avr8 gcc/native/3.4.2.876/avr8-gnu-toolchain/bin/../lib/gcc/avr/4.7.2/avr4\libgcc.a(_divmodsi4.o)
 .text          0x00000000        0x0 c:/program files (x86)/atmel/atmel toolchain/avr8 gcc/native/3.4.2.876/avr8-gnu-toolchain/bin/../lib/gcc/avr/4.7.2/avr4\libgcc.a(_exit.o)
 .bss           0x00000000        0x0 c:/program files (x86)/atmel/atmel toolchain/avr8 gcc/native/3.4.2.876/avr8-gnu-toolchain/bin/../lib/gcc/avr/4.7.2/avr4\libgcc.a(_exit.o)
 .text.libgcc.mul
                0x00000000        0x0 c:/program files (x86)/atmel/atmel toolchain/avr8 gcc/native/3.4.2.876/avr8-gnu-toolchain/bin/../lib/gcc/avr/4.7.2/avr4\libgcc.a(_exit.o)
 .text.libgcc.div
                0x00000000        0x0 c:/program files (x86)/atmel/atmel toolchain/avr8 gcc/native/3.4.2.876/avr8-gnu-toolchain/bin/../lib/gcc/avr/4.7.2/avr4\libgcc.a(_exit.o)
 .text.libgcc   0x00000000        0x0 c:/program files (x86)/atmel/atmel toolchain/avr8 gcc/native/3.4.2.876/avr8-gnu-toolchain/bin/../lib/gcc/avr/4.7.2/avr4\libgcc.a(_exit.o)
 .text.libgcc.prologue
                0x00000000        0x0 c:/program files (x86)/atmel/atmel toolchain/avr8 gcc/native/3.4.2.876/avr8-gnu-toolchain/bin/../lib/gcc/avr/4.7.2/avr4\libgcc.a(_exit.o)
 .text.libgcc.builtins
                0x00000000        0x0 c:/program files (x86)/atmel/atmel toolchain/avr8 gcc/native/3.4.2.876/avr8-gnu-toolchain/bin/../lib/gcc/avr/4.7.2/avr4\libgcc.a(_exit.o)
 .text.libgcc.fmul
                0x00000000        0x0 c:/program files (x86)/atmel/atmel toolchain/avr8 gcc/native/3.4.2.876/avr8-gnu-toolchain/bin/../lib/gcc/avr/4.7.2/avr4\libgcc.a(_exit.o)
 .text          0x00000000        0x0 c:/program files (x86)/atmel/atmel toolchain/avr8 gcc/native/3.4.2.876/avr8-gnu-toolchain/bin/../lib/gcc/avr/4.7.2/avr4\libgcc.a(_copy_data.o)
 .bss           0x00000000        0x0 c:/program files (x86)/atmel/atmel toolchain/avr8 gcc/native/3.4.2.876/avr8-gnu-toolchain/bin/../lib/gcc/avr/4.7.2/avr4\libgcc.a(_copy_data.o)
 .text.libgcc.mul
                0x00000000        0x0 c:/program files (x86)/atmel/atmel toolchain/avr8 gcc/native/3.4.2.876/avr8-gnu-toolchain/bin/../lib/gcc/avr/4.7.2/avr4\libgcc.a(_copy_data.o)
 .text.libgcc.div
                0x00000000        0x0 c:/program files (x86)/atmel/atmel toolchain/avr8 gcc/native/3.4.2.876/avr8-gnu-toolchain/bin/../lib/gcc/avr/4.7.2/avr4\libgcc.a(_copy_data.o)
 .text.libgcc   0x00000000        0x0 c:/program files (x86)/atmel/atmel toolchain/avr8 gcc/native/3.4.2.876/avr8-gnu-toolchain/bin/../lib/gcc/avr/4.7.2/avr4\libgcc.a(_copy_data.o)
 .text.libgcc.prologue
                0x00000000        0x0 c:/program files (x86)/atmel/atmel toolchain/avr8 gcc/native/3.4.2.876/avr8-gnu-toolchain/bin/../lib/gcc/avr/4.7.2/avr4\libgcc.a(_copy_data.o)
 .text.libgcc.builtins
                0x00000000        0x0 c:/program files (x86)/atmel/atmel toolchain/avr8 gcc/native/3.4.2.876/avr8-gnu-toolchain/bin/../lib/gcc/avr/4.7.2/avr4\libgcc.a(_copy_data.o)
 .text.libgcc.fmul
                0x00000000        0x0 c:/program files (x86)/atmel/atmel toolchain/avr8 gcc/native/3.4.2.876/avr8-gnu-toolchain/bin/../lib/gcc/avr/4.7.2/avr4\libgcc.a(_copy_data.o)
 .text          0x00000000        0x0 c:/program files (x86)/atmel/atmel toolchain/avr8 gcc/native/3.4.2.876/avr8-gnu-toolchain/bin/../lib/gcc/avr/4.7.2/avr4\libgcc.a(_clear_bss.o)
 .bss           0x00000000        0x0 c:/program files (x86)/atmel/atmel toolchain/avr8 gcc/native/3.4.2.876/avr8-gnu-toolchain/bin/../lib/gcc/avr/4.7.2/avr4\libgcc.a(_clear_bss.o)
 .text.libgcc.mul
                0x00000000        0x0 c:/program files (x86)/atmel/atmel toolchain/avr8 gcc/native/3.4.2.876/avr8-gnu-toolchain/bin/../lib/gcc/avr/4.7.2/avr4\libgcc.a(_clear_bss.o)
 .text.libgcc.div
                0x00000000        0x0 c:/program files (x86)/atmel/atmel toolchain/avr8 gcc/native/3.4.2.876/avr8-gnu-toolchain/bin/../lib/gcc/avr/4.7.2/avr4\libgcc.a(_clear_bss.o)
 .text.libgcc   0x00000000        0x0 c:/program files (x86)/atmel/atmel toolchain/avr8 gcc/native/3.4.2.876/avr8-gnu-toolchain/bin/../lib/gcc/avr/4.7.2/avr4\libgcc.a(_clear_bss.o)
 .text.libgcc.prologue
                0x00000000        0x0 c:/program files (x86)/atmel/atmel toolchain/avr8 gcc/native/3.4.2.876/avr8-gnu-toolchain/bin/../lib/gcc/avr/4.7.2/avr4\libgcc.a(_clear_bss.o)
 .text.libgcc.builtins
                0x00000000        0x0 c:/program files (x86)/atmel/atmel toolchain/avr8 gcc/native/3.4.2.876/avr8-gnu-toolchain/bin/../lib/gcc/avr/4.7.2/avr4\libgcc.a(_clear_bss.o)
 .text.libgcc.fmul
                0x00000000        0x0 c:/program files (x86)/atmel/atmel toolchain/avr8 gcc/native/3.4.2.876/avr8-gnu-toolchain/bin/../lib/gcc/avr/4.7.2/avr4\libgcc.a(_clear_bss.o)
 .text          0x00000000        0x0 c:/program files (x86)/atmel/atmel toolchain/avr8 gcc/native/3.4.2.876/avr8-gnu-toolchain/bin/../lib/gcc/avr/4.7.2/avr4\libgcc.a(_mulhisi3.o)
 .bss           0x00000000        0x0 c:/program files (x86)/atmel/atmel toolchain/avr8 gcc/native/3.4.2.876/avr8-gnu-toolchain/bin/../lib/gcc/avr/4.7.2/avr4\libgcc.a(_mulhisi3.o)
 .text.libgcc.div
                0x00000000        0x0 c:/program files (x86)/atmel/atmel toolchain/avr8 gcc/native/3.4.2.876/avr8-gnu-toolchain/bin/../lib/gcc/avr/4.7.2/avr4\libgcc.a(_mulhisi3.o)
 .text.libgcc   0x00000000        0x0 c:/program files (x86)/atmel/atmel toolchain/avr8 gcc/native/3.4.2.876/avr8-gnu-toolchain/bin/../lib/gcc/avr/4.7.2/avr4\libgcc.a(_mulhisi3.o)
 .text.libgcc.prologue
                0x00000000        0x0 c:/program files (x86)/atmel/atmel toolchain/avr8 gcc/native/3.4.2.876/avr8-gnu-toolchain/bin/../lib/gcc/avr/4.7.2/avr4\libgcc.a(_mulhisi3.o)
 .text.libgcc.builtins
                0x00000000        0x0 c:/program files (x86)/atmel/atmel toolchain/avr8 gcc/native/3.4.2.876/avr8-gnu-toolchain/bin/../lib/gcc/avr/4.7.2/avr4\libgcc.a(_mulhisi3.o)
 .text.libgcc.fmul
                0x00000000        0x0 c:/program files (x86)/atmel/atmel toolchain/avr8 gcc/native/3.4.2.876/avr8-gnu-toolchain/bin/../lib/gcc/avr/4.7.2/avr4\libgcc.a(_mulhisi3.o)
 .text          0x00000000        0x0 c:/program files (x86)/atmel/atmel toolchain/avr8 gcc/native/3.4.2.876/avr8-gnu-toolchain/bin/../lib/gcc/avr/4.7.2/avr4\libgcc.a(_umulhisi3.o)
 .bss           0x00000000        0x0 c:/program files (x86)/atmel/atmel toolchain/avr8 gcc/native/3.4.2.876/avr8-gnu-toolchain/bin/../lib/gcc/avr/4.7.2/avr4\libgcc.a(_umulhisi3.o)
 .text.libgcc.div
                0x00000000        0x0 c:/program files (x86)/atmel/atmel toolchain/avr8 gcc/native/3.4.2.876/avr8-gnu-toolchain/bin/../lib/gcc/avr/4.7.2/avr4\libgcc.a(_umulhisi3.o)
 .text.libgcc   0x00000000        0x0 c:/program files (x86)/atmel/atmel toolchain/avr8 gcc/native/3.4.2.876/avr8-gnu-toolchain/bin/../lib/gcc/avr/4.7.2/avr4\libgcc.a(_umulhisi3.o)
 .text.libgcc.prologue
                0x00000000        0x0 c:/program files (x86)/atmel/atmel toolchain/avr8 gcc/native/3.4.2.876/avr8-gnu-toolchain/bin/../lib/gcc/avr/4.7.2/avr4\libgcc.a(_umulhisi3.o)
 .text.libgcc.builtins
                0x00000000        0x0 c:/program files (x86)/atmel/atmel toolchain/avr8 gcc/native/3.4.2.876/avr8-gnu-toolchain/bin/../lib/gcc/avr/4.7.2/avr4\libgcc.a(_umulhisi3.o)
 .text.libgcc.fmul
                0x00000000        0x0 c:/program files (x86)/atmel/atmel toolchain/avr8 gcc/native/3.4.2.876/avr8-gnu-toolchain/bin/../lib/gcc/avr/4.7.2/avr4\libgcc.a(_umulhisi3.o)
 .text          0x00000000        0x0 c:/program files (x86)/atmel/atmel toolchain/avr8 gcc/native/3.4.2.876/avr8-gnu-toolchain/bin/../lib/gcc/avr/4.7.2/avr4\libgcc.a(_usmulhisi3.o)
 .bss           0x00000000        0x0 c:/program files (x86)/atmel/atmel toolchain/avr8 gcc/native/3.4.2.876/avr8-gnu-toolchain/bin/../lib/gcc/avr/4.7.2/avr4\libgcc.a(_usmulhisi3.o)
 .text.libgcc.div
                0x00000000        0x0 c:/program files (x86)/atmel/atmel toolchain/avr8 gcc/native/3.4.2.876/avr8-gnu-toolchain/bin/../lib/gcc/avr/4.7.2/avr4\libgcc.a(_usmulhisi3.o)
 .text.libgcc   0x00000000        0x0 c:/program files (x86)/atmel/atmel toolchain/avr8 gcc/native/3.4.2.876/avr8-gnu-toolchain/bin/../lib/gcc/avr/4.7.2/avr4\libgcc.a(_usmulhisi3.o)
 .text.libgcc.prologue
                0x00000000        0x0 c:/program files (x86)/atmel/atmel toolchain/avr8 gcc/native/3.4.2.876/avr8-gnu-toolchain/bin/../lib/gcc/avr/4.7.2/avr4\libgcc.a(_usmulhisi3.o)
 .text.libgcc.builtins
                0x00000000        0x0 c:/program files (x86)/atmel/atmel toolchain/avr8 gcc/native/3.4.2.876/avr8-gnu-toolchain/bin/../lib/gcc/avr/4.7.2/avr4\libgcc.a(_usmulhisi3.o)
 .text.libgcc.fmul
                0x00000000        0x0 c:/program files (x86)/atmel/atmel toolchain/avr8 gcc/native/3.4.2.876/avr8-gnu-toolchain/bin/../lib/gcc/avr/4.7.2/avr4\libgcc.a(_usmulhisi3.o)
 .text          0x00000000        0x0 c:/program files (x86)/atmel/atmel toolchain/avr8 gcc/native/3.4.2.876/avr8-gnu-toolchain/bin/../lib/gcc/avr/4.7.2/avr4\libgcc.a(_muluhisi3.o)
 .bss           0x00000000        0x0 c:/program files (x86)/atmel/atmel toolchain/avr8 gcc/native/3.4.2.876/avr8-gnu-toolchain/bin/../lib/gcc/avr/4.7.2/avr4\libgcc.a(_muluhisi3.o)
 .text.libgcc.div
                0x00000000        0x0 c:/program files (x86)/atmel/atmel toolchain/avr8 gcc/native/3.4.2.876/avr8-gnu-toolchain/bin/../lib/gcc/avr/4.7.2/avr4\libgcc.a(_muluhisi3.o)
 .text.libgcc   0x00000000        0x0 c:/program files (x86)/atmel/atmel toolchain/avr8 gcc/native/3.4.2.876/avr8-gnu-toolchain/bin/../lib/gcc/avr/4.7.2/avr4\libgcc.a(_muluhisi3.o)
 .text.libgcc.prologue
                0x00000000        0x0 c:/program files (x86)/atmel/atmel toolchain/avr8 gcc/native/3.4.2.876/avr8-gnu-toolchain/bin/../lib/gcc/avr/4.7.2/avr4\libgcc.a(_muluhisi3.o)
 .text.libgcc.builtins
                0x00000000        0x0 c:/program files (x86)/atmel/atmel toolchain/avr8 gcc/native/3.4.2.876/avr8-gnu-toolchain/bin/../lib/gcc/avr/4.7.2/avr4\libgcc.a(_muluhisi3.o)
 .text.libgcc.fmul
                0x00000000        0x0 c:/program files (x86)/atmel/atmel toolchain/avr8 gcc/native/3.4.2.876/avr8-gnu-toolchain/bin/../lib/gcc/avr/4.7.2/avr4\libgcc.a(_muluhisi3.o)
 .text          0x00000000        0x0 c:/program files (x86)/atmel/atmel toolchain/avr8 gcc/native/3.4.2.876/avr8-gnu-toolchain/bin/../lib/gcc/avr/4.7.2/avr4\libgcc.a(_udivmodhi4.o)
 .bss           0x00000000        0x0 c:/program files (x86)/atmel/atmel toolchain/avr8 gcc/native/3.4.2.876/avr8-gnu-toolchain/bin/../lib/gcc/avr/4.7.2/avr4\libgcc.a(_udivmodhi4.o)
 .text.libgcc.mul
                0x00000000        0x0 c:/program files (x86)/atmel/atmel toolchain/avr8 gcc/native/3.4.2.876/avr8-gnu-toolchain/bin/../lib/gcc/avr/4.7.2/avr4\libgcc.a(_udivmodhi4.o)
 .text.libgcc   0x00000000        0x0 c:/program files (x86)/atmel/atmel toolchain/avr8 gcc/native/3.4.2.876/avr8-gnu-toolchain/bin/../lib/gcc/avr/4.7.2/avr4\libgcc.a(_udivmodhi4.o)
 .text.libgcc.prologue
                0x00000000        0x0 c:/program files (x86)/atmel/atmel toolchain/avr8 gcc/native/3.4.2.876/avr8-gnu-toolchain/bin/../lib/gcc/avr/4.7.2/avr4\libgcc.a(_udivmodhi4.o)
 .text.libgcc.builtins
                0x00000000        0x0 c:/program files (x86)/atmel/atmel toolchain/avr8 gcc/native/3.4.2.876/avr8-gnu-toolchain/bin/../lib/gcc/avr/4.7.2/avr4\libgcc.a(_udivmodhi4.o)
 .text.libgcc.fmul
                0x00000000        0x0 c:/program files (x86)/atmel/atmel toolchain/avr8 gcc/native/3.4.2.876/avr8-gnu-toolchain/bin/../lib/gcc/avr/4.7.2/avr4\libgcc.a(_udivmodhi4.o)
 .text          0x00000000        0x0 c:/program files (x86)/atmel/atmel toolchain/avr8 gcc/native/3.4.2.876/avr8-gnu-toolchain/bin/../lib/gcc/avr/4.7.2/avr4\libgcc.a(_udivmodsi4.o)
 .bss           0x00000000        0x0 c:/program files (x86)/atmel/atmel toolchain/avr8 gcc/native/3.4.2.876/avr8-gnu-toolchain/bin/../lib/gcc/avr/4.7.2/avr4\libgcc.a(_udivmodsi4.o)
 .text.libgcc.mul
                0x00000000        0x0 c:/program files (x86)/atmel/atmel toolchain/avr8 gcc/native/3.4.2.876/avr8-gnu-toolchain/bin/../lib/gcc/avr/4.7.2/avr4\libgcc.a(_udivmodsi4.o)
 .text.libgcc   0x00000000        0x0 c:/program files (x86)/atmel/atmel toolchain/avr8 gcc/native/3.4.2.876/avr8-gnu-toolchain/bin/../lib/gcc/avr/4.7.2/avr4\libgcc.a(_udivmodsi4.o)
 .text.libgcc.prologue
                0x00000000        0x0 c:/program files (x86)/atmel/atmel toolchain/avr8 gcc/native/3.4.2.876/avr8-gnu-toolchain/bin/../lib/gcc/avr/4.7.2/avr4\libgcc.a(_udivmodsi4.o)
 .text.libgcc.builtins
                0x00000000        0x0 c:/program files (x86)/atmel/atmel toolchain/avr8 gcc/native/3.4.2.876/avr8-gnu-toolchain/bin/../lib/gcc/avr/4.7.2/avr4\libgcc.a(_udivmodsi4.o)
 .text.libgcc.fmul
                0x00000000        0x0 c:/program files (x86)/atmel/atmel toolchain/avr8 gcc/native/3.4.2.876/avr8-gnu-toolchain/bin/../lib/gcc/avr/4.7.2/avr4\libgcc.a(_udivmodsi4.o)
 .text          0x00000000        0x0 c:/program files (x86)/atmel/atmel toolchain/avr8 gcc/native/3.4.2.876/avr8-gnu-toolchain/bin/../lib/gcc/avr/4.7.2/../../../../avr/lib/avr4\libc.a(eerd_block_atmega8.o)
 .bss           0x00000000        0x0 c:/program files (x86)/atmel/atmel toolchain/avr8 gcc/native/3.4.2.876/avr8-gnu-toolchain/bin/../lib/gcc/avr/4.7.2/../../../../avr/lib/avr4\libc.a(eerd_block_atmega8.o)
 .text          0x00000000        0x0 c:/program files (x86)/atmel/atmel toolchain/avr8 gcc/native/3.4.2.876/avr8-gnu-toolchain/bin/../lib/gcc/avr/4.7.2/../../../../avr/lib/avr4\libc.a(eerd_byte_atmega8.o)
 .bss           0x00000000        0x0 c:/program files (x86)/atmel/atmel toolchain/avr8 gcc/native/3.4.2.876/avr8-gnu-toolchain/bin/../lib/gcc/avr/4.7.2/../../../../avr/lib/avr4\libc.a(eerd_byte_atmega8.o)
 .text          0x00000000        0x0 c:/program files (x86)/atmel/atmel toolchain/avr8 gcc/native/3.4.2.876/avr8-gnu-toolchain/bin/../lib/gcc/avr/4.7.2/../../../../avr/lib/avr4\libc.a(eeupd_block_atmega8.o)
 .bss           0x00000000        0x0 c:/program files (x86)/atmel/atmel toolchain/avr8 gcc/native/3.4.2.876/avr8-gnu-toolchain/bin/../lib/gcc/avr/4.7.2/../../../../avr/lib/avr4\libc.a(eeupd_block_atmega8.o)
 .text          0x00000000        0x0 c:/program files (x86)/atmel/atmel toolchain/avr8 gcc/native/3.4.2.876/avr8-gnu-toolchain/bin/../lib/gcc/avr/4.7.2/../../../../avr/lib/avr4\libc.a(eeupd_byte_atmega8.o)
 .bss           0x00000000        0x0 c:/program files (x86)/atmel/atmel toolchain/avr8 gcc/native/3.4.2.876/avr8-gnu-toolchain/bin/../lib/gcc/avr/4.7.2/../../../../avr/lib/avr4\libc.a(eeupd_byte_atmega8.o)

Memory Configuration

Name             Origin             Length             Attributes
text             0x00000000         0x00002000         xr
data             0x00800060         0x0000ffa0         rw !x
eeprom           0x00810000         0x00010000         rw !x
fuse             0x00820000         0x00000400         rw !x
lock             0x00830000         0x00000400         rw !x
signature        0x00840000         0x00000400         rw !x
user_signatures  0x00850000         0x00000400         rw !x
*default*        0x00000000         0xffffffff

Linker script and memory map

LOAD c:/program files (x86)/atmel/atmel toolchain/avr8 gcc/native/3.4.2.876/avr8-gnu-toolchain/bin/../lib/gcc/avr/4.7.2/../../../../avr/lib/avr4/crtm8.o
LOAD src/adc.o
LOAD src/buttons.o
LOAD src/control.o
LOAD src/fir_filter.o
LOAD src/led_indic.o
LOAD src/led_indic_hw.o
LOAD src/menu.o
LOAD src/my_string.o
LOAD src/pid1.o
LOAD src/pid_controller.o
LOAD src/power_control.o
LOAD src/progmem_func.o
LOAD src/soft_timer.o
LOAD src/systimer.o
LOAD src/usart.o
START GROUP
LOAD c:/program files (x86)/atmel/atmel toolchain/avr8 gcc/native/3.4.2.876/avr8-gnu-toolchain/bin/../lib/gcc/avr/4.7.2/../../../../avr/lib/avr4\libm.a
END GROUP
LOAD c:/program files (x86)/atmel/atmel toolchain/avr8 gcc/native/3.4.2.876/avr8-gnu-toolchain/bin/../lib/gcc/avr/4.7.2/avr4\libgcc.a
LOAD c:/program files (x86)/atmel/atmel toolchain/avr8 gcc/native/3.4.2.876/avr8-gnu-toolchain/bin/../lib/gcc/avr/4.7.2/../../../../avr/lib/avr4\libc.a
LOAD c:/program files (x86)/atmel/atmel toolchain/avr8 gcc/native/3.4.2.876/avr8-gnu-toolchain/bin/../lib/gcc/avr/4.7.2/avr4\libgcc.a

.hash
 *(.hash)

.dynsym
 *(.dynsym)

.dynstr
 *(.dynstr)

.gnu.version
 *(.gnu.version)

.gnu.version_d
 *(.gnu.version_d)

.gnu.version_r
 *(.gnu.version_r)

.rel.init
 *(.rel.init)

.rela.init
 *(.rela.init)

.rel.text
 *(.rel.text)
 *(.rel.text.*)
 *(.rel.gnu.linkonce.t*)

.rela.text
 *(.rela.text)
 *(.rela.text.*)
 *(.rela.gnu.linkonce.t*)

.rel.fini
 *(.rel.fini)

.rela.fini
 *(.rela.fini)

.rel.rodata
 *(.rel.rodata)
 *(.rel.rodata.*)
 *(.rel.gnu.linkonce.r*)

.rela.rodata
 *(.rela.rodata)
 *(.rela.rodata.*)
 *(.rela.gnu.linkonce.r*)

.rel.data
 *(.rel.data)
 *(.rel.data.*)
 *(.rel.gnu.linkonce.d*)

.rela.data
 *(.rela.data)
 *(.rela.data.*)
 *(.rela.gnu.linkonce.d*)

.rel.ctors
 *(.rel.ctors)

.rela.ctors
 *(.rela.ctors)

.rel.dtors
 *(.rel.dtors)

.rela.dtors
 *(.rela.dtors)

.rel.got
 *(.rel.got)

.rela.got
 *(.rela.got)

.rel.bss
 *(.rel.bss)

.rela.bss
 *(.rela.bss)

.rel.plt
 *(.rel.plt)

.rela.plt
 *(.rela.plt)

.text           0x00000000     0x1d12
 *(.vectors)
 .vectors       0x00000000       0x26 c:/program files (x86)/atmel/atmel toolchain/avr8 gcc/native/3.4.2.876/avr8-gnu-toolchain/bin/../lib/gcc/avr/4.7.2/../../../../avr/lib/avr4/crtm8.o
                0x00000000                __vector_default
                0x00000000                __vectors
 *(.vectors)
 *(.progmem.gcc*)
 *(.progmem*)
 .progmem.data  0x00000026        0xa src/control.o
                0x00000026                pmCalibrationDefaults
                0x0000002c                pmGlobalDefaults
 .progmem.data  0x00000030       0x38 src/led_indic.o
                0x00000030                led_encode_table
 .progmem.data  0x00000068      0x102 src/menu.o
                0x00000068                menuFunctionSet
                0x000000ca                menuJumpSet
                0x0000016a                . = ALIGN (0x2)
                0x0000016a                __trampolines_start = .
 *(.trampolines)
 .trampolines   0x0000016a        0x0 linker stubs
 *(.trampolines*)
                0x0000016a                __trampolines_end = .
 *(.jumptables)
 *(.jumptables*)
 *(.lowtext)
 *(.lowtext*)
                0x0000016a                __ctors_start = .
 *(.ctors)
                0x0000016a                __ctors_end = .
                0x0000016a                __dtors_start = .
 *(.dtors)
                0x0000016a                __dtors_end = .
 SORT(*)(.ctors)
 SORT(*)(.dtors)
 *(.init0)
 .init0         0x0000016a        0x0 c:/program files (x86)/atmel/atmel toolchain/avr8 gcc/native/3.4.2.876/avr8-gnu-toolchain/bin/../lib/gcc/avr/4.7.2/../../../../avr/lib/avr4/crtm8.o
                0x0000016a                __init
 *(.init0)
 *(.init1)
 *(.init1)
 *(.init2)
 .init2         0x0000016a        0xc c:/program files (x86)/atmel/atmel toolchain/avr8 gcc/native/3.4.2.876/avr8-gnu-toolchain/bin/../lib/gcc/avr/4.7.2/../../../../avr/lib/avr4/crtm8.o
 *(.init2)
 *(.init3)
 *(.init3)
 *(.init4)
 .init4         0x00000176       0x16 c:/program files (x86)/atmel/atmel toolchain/avr8 gcc/native/3.4.2.876/avr8-gnu-toolchain/bin/../lib/gcc/avr/4.7.2/avr4\libgcc.a(_copy_data.o)
                0x00000176                __do_copy_data
 .init4         0x0000018c       0x10 c:/program files (x86)/atmel/atmel toolchain/avr8 gcc/native/3.4.2.876/avr8-gnu-toolchain/bin/../lib/gcc/avr/4.7.2/avr4\libgcc.a(_clear_bss.o)
                0x0000018c                __do_clear_bss
 *(.init4)
 *(.init5)
 *(.init5)
 *(.init6)
 *(.init6)
 *(.init7)
 *(.init7)
 *(.init8)
 *(.init8)
 *(.init9)
 .init9         0x0000019c        0x4 c:/program files (x86)/atmel/atmel toolchain/avr8 gcc/native/3.4.2.876/avr8-gnu-toolchain/bin/../lib/gcc/avr/4.7.2/../../../../avr/lib/avr4/crtm8.o
 *(.init9)
 *(.text)
 .text          0x000001a0        0x2 c:/program files (x86)/atmel/atmel toolchain/avr8 gcc/native/3.4.2.876/avr8-gnu-toolchain/bin/../lib/gcc/avr/4.7.2/../../../../avr/lib/avr4/crtm8.o
                0x000001a0                __vector_1
                0x000001a0                __vector_12
                0x000001a0                __bad_interrupt
                0x000001a0                __vector_6
                0x000001a0                __vector_11
                0x000001a0                __vector_13
                0x000001a0                __vector_17
                0x000001a0                __vector_7
                0x000001a0                __vector_5
                0x000001a0                __vector_4
                0x000001a0                __vector_2
                0x000001a0                __vector_15
                0x000001a0                __vector_8
                0x000001a0                __vector_10
                0x000001a0                __vector_18
                0x000001a2                . = ALIGN (0x2)
 *(.text.*)
 .text.conv_ADC_to_Celsius
                0x000001a2       0x42 src/adc.o
                0x000001a2                conv_ADC_to_Celsius
 .text.conv_Celsius_to_ADC
                0x000001e4       0x40 src/adc.o
                0x000001e4                conv_Celsius_to_ADC
 .text.calculateCoeffs
                0x00000224       0x9a src/adc.o
                0x00000224                calculateCoeffs
 .text.update_normalized_adc
                0x000002be       0x78 src/adc.o
                0x000002be                update_normalized_adc
 .text.update_Celsius
                0x00000336       0x14 src/adc.o
                0x00000336                update_Celsius
 .text.__vector_14
                0x0000034a       0x60 src/adc.o
                0x0000034a                __vector_14
 .text.process_buttons
                0x000003aa       0x8a src/buttons.o
                0x000003aa                process_buttons
 .text.getDataCRC
                0x00000434       0x1e src/control.o
 .text.processRollControl
                0x00000452      0x132 src/control.o
                0x00000452                processRollControl
 .text.heaterInit
                0x00000584        0xe src/control.o
                0x00000584                heaterInit
 .text.processHeaterControl
                0x00000592       0xe8 src/control.o
                0x00000592                processHeaterControl
 .text.processHeaterAlerts
                0x0000067a       0xba src/control.o
                0x0000067a                processHeaterAlerts
 .text.saveCalibrationToEEPROM
                0x00000734       0x1e src/control.o
                0x00000734                saveCalibrationToEEPROM
 .text.saveGlobalParamsToEEPROM
                0x00000752       0x1e src/control.o
                0x00000752                saveGlobalParamsToEEPROM
 .text.restoreGlobalParams
                0x00000770       0x74 src/control.o
                0x00000770                restoreGlobalParams
 .text.exitPowerOff
                0x000007e4       0x12 src/control.o
                0x000007e4                exitPowerOff
 .text.fir_i16_i8
                0x000007f6       0x94 src/fir_filter.o
                0x000007f6                fir_i16_i8
 .text.decode_led_char
                0x0000088a       0x2c src/led_indic.o
 .text.wrap_led_buffer_index
                0x000008b6       0x20 src/led_indic.o
 .text.processLedIndicator
                0x000008d6       0xbe src/led_indic.o
                0x000008d6                processLedIndicator
 .text.fillLedBuffer
                0x00000994       0x48 src/led_indic.o
                0x00000994                fillLedBuffer
 .text.startShiftingWindowLeft
                0x000009dc       0x1c src/led_indic.o
                0x000009dc                startShiftingWindowLeft
 .text.startShiftingWindowRight
                0x000009f8       0x1c src/led_indic.o
                0x000009f8                startShiftingWindowRight
 .text.initLedIndicator
                0x00000a14       0x46 src/led_indic.o
                0x00000a14                initLedIndicator
 .text.printLedBuffer
                0x00000a5a       0x38 src/led_indic.o
                0x00000a5a                printLedBuffer
 .text.setComma
                0x00000a92       0x18 src/led_indic.o
                0x00000a92                setComma
 .text.setExtraLeds
                0x00000aaa        0xc src/led_indic.o
                0x00000aaa                setExtraLeds
 .text.clearExtraLeds
                0x00000ab6        0xe src/led_indic.o
                0x00000ab6                clearExtraLeds
 .text.led_clock_pulse
                0x00000ac4       0x20 src/led_indic_hw.o
                0x00000ac4                led_clock_pulse
 .text.set_led_segments
                0x00000ae4       0x1c src/led_indic_hw.o
                0x00000ae4                set_led_segments
 .text.enable_led_segments_pullups
                0x00000b00        0xe src/led_indic_hw.o
                0x00000b00                enable_led_segments_pullups
 .text.enable_led_segments
                0x00000b0e        0xe src/led_indic_hw.o
                0x00000b0e                enable_led_segments
 .text.disable_led_segments
                0x00000b1c        0xe src/led_indic_hw.o
                0x00000b1c                disable_led_segments
 .text.capture_button_state
                0x00000b2a       0x16 src/led_indic_hw.o
                0x00000b2a                capture_button_state
 .text.processItemFunction
                0x00000b40        0xa src/menu.o
 .text.mf_setTempLeave
                0x00000b4a        0xc src/menu.o
 .text.mf_leafSelectAct
                0x00000b56       0x1c src/menu.o
 .text.mf_leafExit
                0x00000b72        0xc src/menu.o
 .text.mf_actpoffLeave
                0x00000b7e        0x6 src/menu.o
 .text.mf_calibDoExit
                0x00000b84       0x16 src/menu.o
 .text.mf_actpoffDo
                0x00000b9a        0x8 src/menu.o
 .text.mf_cdoneDo
                0x00000ba2        0x8 src/menu.o
 .text.mf_actpoffSelect
                0x00000baa        0xc src/menu.o
 .text.mf_leafSelect
                0x00000bb6       0x10 src/menu.o
 .text.mf_calibP2Select
                0x00000bc6       0x18 src/menu.o
 .text.mf_calibP1Select
                0x00000bde       0x18 src/menu.o
 .text.mf_rollLeave
                0x00000bf6       0x10 src/menu.o
 .text.mf_setTempSelect
                0x00000c06        0x6 src/menu.o
 .text.mf_realTempLeave
                0x00000c0c        0x4 src/menu.o
 .text.mf_cdoneSelect
                0x00000c10       0x32 src/menu.o
 .text.mf_autopoffDo
                0x00000c42       0xa0 src/menu.o
 .text.mf_calibDo
                0x00000ce2       0x8c src/menu.o
 .text.mf_sndenDo
                0x00000d6e       0x8a src/menu.o
 .text.mf_rollDo
                0x00000df8       0xca src/menu.o
 .text.mf_rollSelect
                0x00000ec2        0x6 src/menu.o
 .text.mf_setTempDo
                0x00000ec8       0xa6 src/menu.o
 .text.mf_realTempSelect
                0x00000f6e        0x4 src/menu.o
 .text.mf_realTempDo
                0x00000f72       0x74 src/menu.o
 .text.getMenuFunctionRecord.constprop.1
                0x00000fe6       0x40 src/menu.o
 .text.InitMenu
                0x00001026       0x12 src/menu.o
                0x00001026                InitMenu
 .text.processMenu
                0x00001038      0x10a src/menu.o
                0x00001038                processMenu
 .text.i32toa_align_right
                0x00001142       0x9a src/my_string.o
                0x00001142                i32toa_align_right
 .text.u16toa_align_right
                0x000011dc        0xe src/my_string.o
                0x000011dc                u16toa_align_right
 .text.logI32p  0x000011ea       0x36 src/pid1.o
 .text.logU16p  0x00001220       0x30 src/pid1.o
 .text.startup.main
                0x00001250      0x236 src/pid1.o
                0x00001250                main
 .text.initPID  0x00001486       0x32 src/pid_controller.o
                0x00001486                initPID
 .text.processPID
                0x000014b8      0x10a src/pid_controller.o
                0x000014b8                processPID
 .text.setHeaterPower
                0x000015c2       0x1a src/power_control.o
                0x000015c2                setHeaterPower
 .text.setMotorDirection
                0x000015dc       0x42 src/power_control.o
                0x000015dc                setMotorDirection
 .text.stopCycleRolling
                0x0000161e       0x38 src/power_control.o
                0x0000161e                stopCycleRolling
 .text.isTopPointValid
                0x00001656       0x20 src/power_control.o
                0x00001656                isTopPointValid
 .text.isBottomPointValid
                0x00001676       0x20 src/power_control.o
                0x00001676                isBottomPointValid
 .text.startCycleRolling
                0x00001696       0x30 src/power_control.o
                0x00001696                startCycleRolling
 .text.__vector_16
                0x000016c6       0x7c src/power_control.o
                0x000016c6                __vector_16
 .text.__vector_9
                0x00001742      0x192 src/power_control.o
                0x00001742                __vector_9
 .text.PGM_read_block
                0x000018d4       0x16 src/progmem_func.o
                0x000018d4                PGM_read_block
 .text.processSoftTimer8b
                0x000018ea       0x58 src/soft_timer.o
                0x000018ea                processSoftTimer8b
 .text.processSystemTimers
                0x00001942       0xce src/systimer.o
                0x00001942                processSystemTimers
 .text.resetAutoPowerOffCounter
                0x00001a10        0x6 src/systimer.o
                0x00001a10                resetAutoPowerOffCounter
 .text.SetBeeperFreq
                0x00001a16        0x2 src/systimer.o
                0x00001a16                SetBeeperFreq
 .text.StartBeep
                0x00001a18        0x2 src/systimer.o
                0x00001a18                StartBeep
 .text.OverrideSoundDisable
                0x00001a1a        0x2 src/systimer.o
                0x00001a1a                OverrideSoundDisable
 .text.__vector_3
                0x00001a1c      0x10c src/systimer.o
                0x00001a1c                __vector_3
 .text.Sound_Play
                0x00001b28       0x24 src/systimer.o
                0x00001b28                Sound_Play
 .text.USART_send
                0x00001b4c        0xa src/usart.o
                0x00001b4c                USART_send
 .text.USART_sendstr
                0x00001b56       0x24 src/usart.o
                0x00001b56                USART_sendstr
 .text.libgcc.div
                0x00001b7a       0x18 c:/program files (x86)/atmel/atmel toolchain/avr8 gcc/native/3.4.2.876/avr8-gnu-toolchain/bin/../lib/gcc/avr/4.7.2/avr4\libgcc.a(_udivmodqi4.o)
                0x00001b7a                __udivmodqi4
 .text.libgcc.div
                0x00001b92       0x26 c:/program files (x86)/atmel/atmel toolchain/avr8 gcc/native/3.4.2.876/avr8-gnu-toolchain/bin/../lib/gcc/avr/4.7.2/avr4\libgcc.a(_divmodhi4.o)
                0x00001b92                _div
                0x00001b92                __divmodhi4
 .text.libgcc.div
                0x00001bb8       0x36 c:/program files (x86)/atmel/atmel toolchain/avr8 gcc/native/3.4.2.876/avr8-gnu-toolchain/bin/../lib/gcc/avr/4.7.2/avr4\libgcc.a(_divmodsi4.o)
                0x00001bb8                __divmodsi4
 .text.libgcc.mul
                0x00001bee        0xc c:/program files (x86)/atmel/atmel toolchain/avr8 gcc/native/3.4.2.876/avr8-gnu-toolchain/bin/../lib/gcc/avr/4.7.2/avr4\libgcc.a(_mulhisi3.o)
                0x00001bee                __mulhisi3
 .text.libgcc.mul
                0x00001bfa       0x18 c:/program files (x86)/atmel/atmel toolchain/avr8 gcc/native/3.4.2.876/avr8-gnu-toolchain/bin/../lib/gcc/avr/4.7.2/avr4\libgcc.a(_umulhisi3.o)
                0x00001bfa                __umulhisi3
 .text.libgcc.mul
                0x00001c12        0xc c:/program files (x86)/atmel/atmel toolchain/avr8 gcc/native/3.4.2.876/avr8-gnu-toolchain/bin/../lib/gcc/avr/4.7.2/avr4\libgcc.a(_usmulhisi3.o)
                0x00001c12                __usmulhisi3
                0x00001c14                __usmulhisi3_tail
 .text.libgcc.mul
                0x00001c1e       0x14 c:/program files (x86)/atmel/atmel toolchain/avr8 gcc/native/3.4.2.876/avr8-gnu-toolchain/bin/../lib/gcc/avr/4.7.2/avr4\libgcc.a(_muluhisi3.o)
                0x00001c1e                __muluhisi3
 .text.libgcc.div
                0x00001c32       0x28 c:/program files (x86)/atmel/atmel toolchain/avr8 gcc/native/3.4.2.876/avr8-gnu-toolchain/bin/../lib/gcc/avr/4.7.2/avr4\libgcc.a(_udivmodhi4.o)
                0x00001c32                __udivmodhi4
 .text.libgcc.div
                0x00001c5a       0x44 c:/program files (x86)/atmel/atmel toolchain/avr8 gcc/native/3.4.2.876/avr8-gnu-toolchain/bin/../lib/gcc/avr/4.7.2/avr4\libgcc.a(_udivmodsi4.o)
                0x00001c5a                __udivmodsi4
 .text.avr-libc
                0x00001c9e       0x20 c:/program files (x86)/atmel/atmel toolchain/avr8 gcc/native/3.4.2.876/avr8-gnu-toolchain/bin/../lib/gcc/avr/4.7.2/../../../../avr/lib/avr4\libc.a(eerd_block_atmega8.o)
                0x00001c9e                __eerd_block_m8
                0x00001ca2                __eerd_blraw_m8
 .text.avr-libc
                0x00001cbe       0x10 c:/program files (x86)/atmel/atmel toolchain/avr8 gcc/native/3.4.2.876/avr8-gnu-toolchain/bin/../lib/gcc/avr/4.7.2/../../../../avr/lib/avr4\libc.a(eerd_byte_atmega8.o)
                0x00001cbe                __eerd_byte_m8
 .text.avr-libc
                0x00001cce       0x1e c:/program files (x86)/atmel/atmel toolchain/avr8 gcc/native/3.4.2.876/avr8-gnu-toolchain/bin/../lib/gcc/avr/4.7.2/../../../../avr/lib/avr4\libc.a(eeupd_block_atmega8.o)
                0x00001cce                __eeupd_block_m8
 .text.avr-libc
                0x00001cec       0x22 c:/program files (x86)/atmel/atmel toolchain/avr8 gcc/native/3.4.2.876/avr8-gnu-toolchain/bin/../lib/gcc/avr/4.7.2/../../../../avr/lib/avr4\libc.a(eeupd_byte_atmega8.o)
                0x00001cec                __eeupd_byte_m8
                0x00001cee                __eeupd_r18_m8
                0x00001d0e                . = ALIGN (0x2)
 *(.fini9)
 .fini9         0x00001d0e        0x0 c:/program files (x86)/atmel/atmel toolchain/avr8 gcc/native/3.4.2.876/avr8-gnu-toolchain/bin/../lib/gcc/avr/4.7.2/avr4\libgcc.a(_exit.o)
                0x00001d0e                _exit
                0x00001d0e                exit
 *(.fini9)
 *(.fini8)
 *(.fini8)
 *(.fini7)
 *(.fini7)
 *(.fini6)
 *(.fini6)
 *(.fini5)
 *(.fini5)
 *(.fini4)
 *(.fini4)
 *(.fini3)
 *(.fini3)
 *(.fini2)
 *(.fini2)
 *(.fini1)
 *(.fini1)
 *(.fini0)
 .fini0         0x00001d0e        0x4 c:/program files (x86)/atmel/atmel toolchain/avr8 gcc/native/3.4.2.876/avr8-gnu-toolchain/bin/../lib/gcc/avr/4.7.2/avr4\libgcc.a(_exit.o)
 *(.fini0)
                0x00001d12                _etext = .

.data           0x00800060       0x92 load address 0x00001d12
                0x00800060                PROVIDE (__data_start, .)
 *(.data)
 .data          0x00800060        0x0 c:/program files (x86)/atmel/atmel toolchain/avr8 gcc/native/3.4.2.876/avr8-gnu-toolchain/bin/../lib/gcc/avr/4.7.2/../../../../avr/lib/avr4/crtm8.o
 .data          0x00800060       0x18 src/adc.o
                0x00800060                fir_filter_rect
 .data          0x00800078        0x1 src/buttons.o
 .data          0x00800079        0x3 src/control.o
 .data          0x0080007c        0x0 src/fir_filter.o
 .data          0x0080007c        0x0 src/led_indic.o
 .data          0x0080007c        0x0 src/led_indic_hw.o
 .data          0x0080007c        0x4 src/menu.o
 .data          0x00800080        0x0 src/my_string.o
 .data          0x00800080        0x0 src/pid1.o
 .data          0x00800080        0x7 src/pid_controller.o
 .data          0x00800087        0x2 src/power_control.o
                0x00800087                p_state
 .data          0x00800089        0x0 src/progmem_func.o
 .data          0x00800089        0x0 src/soft_timer.o
 .data          0x00800089        0xb src/systimer.o
                0x00800089                sys_timers
                0x00800090                menuUpdateTimer
 .data          0x00800094        0x0 src/usart.o
 .data          0x00800094        0x0 c:/program files (x86)/atmel/atmel toolchain/avr8 gcc/native/3.4.2.876/avr8-gnu-toolchain/bin/../lib/gcc/avr/4.7.2/avr4\libgcc.a(_udivmodqi4.o)
 .data          0x00800094        0x0 c:/program files (x86)/atmel/atmel toolchain/avr8 gcc/native/3.4.2.876/avr8-gnu-toolchain/bin/../lib/gcc/avr/4.7.2/avr4\libgcc.a(_divmodhi4.o)
 .data          0x00800094        0x0 c:/program files (x86)/atmel/atmel toolchain/avr8 gcc/native/3.4.2.876/avr8-gnu-toolchain/bin/../lib/gcc/avr/4.7.2/avr4\libgcc.a(_divmodsi4.o)
 .data          0x00800094        0x0 c:/program files (x86)/atmel/atmel toolchain/avr8 gcc/native/3.4.2.876/avr8-gnu-toolchain/bin/../lib/gcc/avr/4.7.2/avr4\libgcc.a(_exit.o)
 .data          0x00800094        0x0 c:/program files (x86)/atmel/atmel toolchain/avr8 gcc/native/3.4.2.876/avr8-gnu-toolchain/bin/../lib/gcc/avr/4.7.2/avr4\libgcc.a(_copy_data.o)
 .data          0x00800094        0x0 c:/program files (x86)/atmel/atmel toolchain/avr8 gcc/native/3.4.2.876/avr8-gnu-toolchain/bin/../lib/gcc/avr/4.7.2/avr4\libgcc.a(_clear_bss.o)
 .data          0x00800094        0x0 c:/program files (x86)/atmel/atmel toolchain/avr8 gcc/native/3.4.2.876/avr8-gnu-toolchain/bin/../lib/gcc/avr/4.7.2/avr4\libgcc.a(_mulhisi3.o)
 .data          0x00800094        0x0 c:/program files (x86)/atmel/atmel toolchain/avr8 gcc/native/3.4.2.876/avr8-gnu-toolchain/bin/../lib/gcc/avr/4.7.2/avr4\libgcc.a(_umulhisi3.o)
 .data          0x00800094        0x0 c:/program files (x86)/atmel/atmel toolchain/avr8 gcc/native/3.4.2.876/avr8-gnu-toolchain/bin/../lib/gcc/avr/4.7.2/avr4\libgcc.a(_usmulhisi3.o)
 .data          0x00800094        0x0 c:/program files (x86)/atmel/atmel toolchain/avr8 gcc/native/3.4.2.876/avr8-gnu-toolchain/bin/../lib/gcc/avr/4.7.2/avr4\libgcc.a(_muluhisi3.o)
 .data          0x00800094        0x0 c:/program files (x86)/atmel/atmel toolchain/avr8 gcc/native/3.4.2.876/avr8-gnu-toolchain/bin/../lib/gcc/avr/4.7.2/avr4\libgcc.a(_udivmodhi4.o)
 .data          0x00800094        0x0 c:/program files (x86)/atmel/atmel toolchain/avr8 gcc/native/3.4.2.876/avr8-gnu-toolchain/bin/../lib/gcc/avr/4.7.2/avr4\libgcc.a(_udivmodsi4.o)
 .data          0x00800094        0x0 c:/program files (x86)/atmel/atmel toolchain/avr8 gcc/native/3.4.2.876/avr8-gnu-toolchain/bin/../lib/gcc/avr/4.7.2/../../../../avr/lib/avr4\libc.a(eerd_block_atmega8.o)
 .data          0x00800094        0x0 c:/program files (x86)/atmel/atmel toolchain/avr8 gcc/native/3.4.2.876/avr8-gnu-toolchain/bin/../lib/gcc/avr/4.7.2/../../../../avr/lib/avr4\libc.a(eerd_byte_atmega8.o)
 .data          0x00800094        0x0 c:/program files (x86)/atmel/atmel toolchain/avr8 gcc/native/3.4.2.876/avr8-gnu-toolchain/bin/../lib/gcc/avr/4.7.2/../../../../avr/lib/avr4\libc.a(eeupd_block_atmega8.o)
 .data          0x00800094        0x0 c:/program files (x86)/atmel/atmel toolchain/avr8 gcc/native/3.4.2.876/avr8-gnu-toolchain/bin/../lib/gcc/avr/4.7.2/../../../../avr/lib/avr4\libc.a(eeupd_byte_atmega8.o)
 *(.data*)
 *(.rodata)
 .rodata        0x00800094       0x1c src/menu.o
 *(.rodata*)
 .rodata.str1.1
                0x008000b0       0x31 src/menu.o
 .rodata.str1.1
                0x008000e1       0x10 src/pid1.o
                                 0x15 (size before relaxing)
 *(.gnu.linkonce.d*)
                0x008000f2                . = ALIGN (0x2)
 *fill*         0x008000f1        0x1 
                0x008000f2                _edata = .
                0x008000f2                PROVIDE (__data_end, .)

.bss            0x008000f2       0xe6
                0x008000f2                PROVIDE (__bss_start, .)
 *(.bss)
 .bss           0x008000f2        0x8 src/adc.o
 .bss           0x008000fa        0x8 src/buttons.o
                0x008000fa                button_action_long
                0x008000fb                button_action_up_short
                0x008000fc                button_action_rep
                0x008000fd                button_action_down
                0x008000fe                button_state
 .bss           0x00800102        0x3 src/control.o
                0x00800102                autoPowerOffState
                0x00800103                heaterState
 .bss           0x00800105        0x6 src/led_indic.o
 .bss           0x0080010b        0xe src/menu.o
 .bss           0x00800119        0xc src/pid_controller.o
 .bss           0x00800125        0xd src/power_control.o
                0x00800125                activeRollCycle
                0x00800126                rollState
 .bss           0x00800132        0xa src/systimer.o
 *(.bss*)
 *(COMMON)
 COMMON         0x0080013c       0x71 src/adc.o
                0x0080013c                adc_filtered
                0x0080013e                adc_oversampled
                0x00800140                raw_adc_buffer
                0x00800180                adc_normalized
                0x00800182                adc_status
                0x00800183                adc_celsius
                0x00800185                filter_buffer
 COMMON         0x008001ad       0x10 src/control.o
                0x008001ad                dbg_SetPointCelsius
                0x008001ae                cp
                0x008001b4                p
                0x008001b8                dbg_RealTempPID
                0x008001ba                dbg_SetPointPID
                0x008001bc                dbg_RealTempCelsius
 COMMON         0x008001bd       0x13 src/led_indic.o
                0x008001bd                extra_led_state
                0x008001be                wStartPos
                0x008001bf                shifterState
                0x008001c0                bufStartPos
                0x008001c1                led_data_buffer
                0x008001cf                raw_button_state
 COMMON         0x008001d0        0x8 src/pid_controller.o
                0x008001d0                dbg_PID_output
                0x008001d2                dbg_PID_p_term
                0x008001d4                dbg_PID_i_term
                0x008001d6                dbg_PID_d_term
                0x008001d8                PROVIDE (__bss_end, .)
                0x00001d12                __data_load_start = LOADADDR (.data)
                0x00001da4                __data_load_end = (__data_load_start + SIZEOF (.data))

.noinit         0x008001d8        0x0
                0x008001d8                PROVIDE (__noinit_start, .)
 *(.noinit*)
                0x008001d8                PROVIDE (__noinit_end, .)
                0x008001d8                _end = .
                0x008001d8                PROVIDE (__heap_start, .)

.eeprom         0x00810000       0x46
 *(.eeprom*)
 .eeprom        0x00810000        0xc src/control.o
                0x00810000                ee_cParamsCRC
                0x00810001                eeCalibrationParams
                0x00810007                ee_gParamsCRC
                0x00810008                eeGlobalParams
 .eeprom        0x0081000c       0x3a src/systimer.o
                0x0081000c                m_siren2
                0x0081001c                m_siren1
                0x00810040                m_beep_1000Hz_100ms
                0x00810046                __eeprom_end = .

.fuse
 *(.fuse)
 *(.lfuse)
 *(.hfuse)
 *(.efuse)

.lock
 *(.lock*)

.signature
 *(.signature*)

.user_signatures
 *(.user_signatures*)

.stab           0x00000000      0xa50
 *(.stab)
 .stab          0x00000000      0x6cc c:/program files (x86)/atmel/atmel toolchain/avr8 gcc/native/3.4.2.876/avr8-gnu-toolchain/bin/../lib/gcc/avr/4.7.2/../../../../avr/lib/avr4/crtm8.o
 .stab          0x000006cc      0x108 c:/program files (x86)/atmel/atmel toolchain/avr8 gcc/native/3.4.2.876/avr8-gnu-toolchain/bin/../lib/gcc/avr/4.7.2/../../../../avr/lib/avr4\libc.a(eerd_block_atmega8.o)
                                0x114 (size before relaxing)
 .stab          0x000007d4       0x90 c:/program files (x86)/atmel/atmel toolchain/avr8 gcc/native/3.4.2.876/avr8-gnu-toolchain/bin/../lib/gcc/avr/4.7.2/../../../../avr/lib/avr4\libc.a(eerd_byte_atmega8.o)
                                 0x9c (size before relaxing)
 .stab          0x00000864       0xe4 c:/program files (x86)/atmel/atmel toolchain/avr8 gcc/native/3.4.2.876/avr8-gnu-toolchain/bin/../lib/gcc/avr/4.7.2/../../../../avr/lib/avr4\libc.a(eeupd_block_atmega8.o)
                                 0xf0 (size before relaxing)
 .stab          0x00000948      0x108 c:/program files (x86)/atmel/atmel toolchain/avr8 gcc/native/3.4.2.876/avr8-gnu-toolchain/bin/../lib/gcc/avr/4.7.2/../../../../avr/lib/avr4\libc.a(eeupd_byte_atmega8.o)
                                0x114 (size before relaxing)

.stabstr        0x00000000      0x206
 *(.stabstr)
 .stabstr       0x00000000      0x206 c:/program files (x86)/atmel/atmel toolchain/avr8 gcc/native/3.4.2.876/avr8-gnu-toolchain/bin/../lib/gcc/avr/4.7.2/../../../../avr/lib/avr4/crtm8.o

.stab.excl
 *(.stab.excl)

.stab.exclstr
 *(.stab.exclstr)

.stab.index
 *(.stab.index)

.stab.indexstr
 *(.stab.indexstr)

.comment        0x00000000       0x2f
 *(.comment)
 .comment       0x00000000       0x2f src/adc.o
                                 0x30 (size before relaxing)
 .comment       0x00000000       0x30 src/buttons.o
 .comment       0x00000000       0x30 src/control.o
 .comment       0x00000000       0x30 src/fir_filter.o
 .comment       0x00000000       0x30 src/led_indic.o
 .comment       0x00000000       0x30 src/led_indic_hw.o
 .comment       0x00000000       0x30 src/menu.o
 .comment       0x00000000       0x30 src/my_string.o
 .comment       0x00000000       0x30 src/pid1.o
 .comment       0x00000000       0x30 src/pid_controller.o
 .comment       0x00000000       0x30 src/power_control.o
 .comment       0x00000000       0x30 src/progmem_func.o
 .comment       0x00000000       0x30 src/soft_timer.o
 .comment       0x00000000       0x30 src/systimer.o
 .comment       0x00000000       0x30 src/usart.o

.debug
 *(.debug)

.line
 *(.line)

.debug_srcinfo
 *(.debug_srcinfo)

.debug_sfnames
 *(.debug_sfnames)

.debug_aranges  0x00000000      0x458
 *(.debug_aranges)
 .debug_aranges
                0x00000000       0x48 src/adc.o
 .debug_aranges
                0x00000048       0x20 src/buttons.o
 .debug_aranges
                0x00000068       0x60 src/control.o
 .debug_aranges
                0x000000c8       0x20 src/fir_filter.o
 .debug_aranges
                0x000000e8       0x98 src/led_indic.o
 .debug_aranges
                0x00000180       0x48 src/led_indic_hw.o
 .debug_aranges
                0x000001c8       0xf0 src/menu.o
 .debug_aranges
                0x000002b8       0x28 src/my_string.o
 .debug_aranges
                0x000002e0       0x30 src/pid1.o
 .debug_aranges
                0x00000310       0x28 src/pid_controller.o
 .debug_aranges
                0x00000338       0x58 src/power_control.o
 .debug_aranges
                0x00000390       0x20 src/progmem_func.o
 .debug_aranges
                0x000003b0       0x20 src/soft_timer.o
 .debug_aranges
                0x000003d0       0x60 src/systimer.o
 .debug_aranges
                0x00000430       0x28 src/usart.o

.debug_pubnames
 *(.debug_pubnames)

.debug_info     0x00000000     0x4554
 *(.debug_info)
 .debug_info    0x00000000      0x371 src/adc.o
 .debug_info    0x00000371      0x17f src/buttons.o
 .debug_info    0x000004f0      0xb3f src/control.o
 .debug_info    0x0000102f      0x15f src/fir_filter.o
 .debug_info    0x0000118e      0x971 src/led_indic.o
 .debug_info    0x00001aff      0x21c src/led_indic_hw.o
 .debug_info    0x00001d1b      0xe9d src/menu.o
 .debug_info    0x00002bb8      0x149 src/my_string.o
 .debug_info    0x00002d01      0x9d4 src/pid1.o
 .debug_info    0x000036d5      0x295 src/pid_controller.o
 .debug_info    0x0000396a      0x341 src/power_control.o
 .debug_info    0x00003cab       0xf1 src/progmem_func.o
 .debug_info    0x00003d9c      0x161 src/soft_timer.o
 .debug_info    0x00003efd      0x575 src/systimer.o
 .debug_info    0x00004472       0xe2 src/usart.o
 *(.gnu.linkonce.wi.*)

.debug_abbrev   0x00000000     0x1772
 *(.debug_abbrev)
 .debug_abbrev  0x00000000      0x18a src/adc.o
 .debug_abbrev  0x0000018a       0x98 src/buttons.o
 .debug_abbrev  0x00000222      0x2e1 src/control.o
 .debug_abbrev  0x00000503       0xc6 src/fir_filter.o
 .debug_abbrev  0x000005c9      0x2d8 src/led_indic.o
 .debug_abbrev  0x000008a1      0x154 src/led_indic_hw.o
 .debug_abbrev  0x000009f5      0x339 src/menu.o
 .debug_abbrev  0x00000d2e       0xbb src/my_string.o
 .debug_abbrev  0x00000de9      0x260 src/pid1.o
 .debug_abbrev  0x00001049      0x14b src/pid_controller.o
 .debug_abbrev  0x00001194      0x195 src/power_control.o
 .debug_abbrev  0x00001329       0x9e src/progmem_func.o
 .debug_abbrev  0x000013c7       0xba src/soft_timer.o
 .debug_abbrev  0x00001481      0x243 src/systimer.o
 .debug_abbrev  0x000016c4       0xae src/usart.o

.debug_line     0x00000000     0x1d91
 *(.debug_line)
 .debug_line    0x00000000      0x16e src/adc.o
 .debug_line    0x0000016e      0x112 src/buttons.o
 .debug_line    0x00000280      0x47e src/control.o
 .debug_line    0x000006fe      0x102 src/fir_filter.o
 .debug_line    0x00000800      0x329 src/led_indic.o
 .debug_line    0x00000b29      0x206 src/led_indic_hw.o
 .debug_line    0x00000d2f      0x3d1 src/menu.o
 .debug_line    0x00001100      0x120 src/my_string.o
 .debug_line    0x00001220      0x2a9 src/pid1.o
 .debug_line    0x000014c9      0x121 src/pid_controller.o
 .debug_line    0x000015ea      0x1d2 src/power_control.o
 .debug_line    0x000017bc       0xe1 src/progmem_func.o
 .debug_line    0x0000189d       0xfe src/soft_timer.o
 .debug_line    0x0000199b      0x304 src/systimer.o
 .debug_line    0x00001c9f       0xf2 src/usart.o

.debug_frame    0x00000000      0xa0c
 *(.debug_frame)
 .debug_frame   0x00000000       0xf0 src/adc.o
 .debug_frame   0x000000f0       0x24 src/buttons.o
 .debug_frame   0x00000114       0xd8 src/control.o
 .debug_frame   0x000001ec       0x4c src/fir_filter.o
 .debug_frame   0x00000238      0x150 src/led_indic.o
 .debug_frame   0x00000388       0x74 src/led_indic_hw.o
 .debug_frame   0x000003fc      0x270 src/menu.o
 .debug_frame   0x0000066c       0x5c src/my_string.o
 .debug_frame   0x000006c8       0x74 src/pid1.o
 .debug_frame   0x0000073c       0x54 src/pid_controller.o
 .debug_frame   0x00000790      0x104 src/power_control.o
 .debug_frame   0x00000894       0x24 src/progmem_func.o
 .debug_frame   0x000008b8       0x24 src/soft_timer.o
 .debug_frame   0x000008dc       0xec src/systimer.o
 .debug_frame   0x000009c8       0x44 src/usart.o

.debug_str      0x00000000     0x1204
 *(.debug_str)
 .debug_str     0x00000000      0x221 src/adc.o
                                0x26c (size before relaxing)
 .debug_str     0x00000221       0xfa src/buttons.o
                                0x1ba (size before relaxing)
 .debug_str     0x0000031b      0x411 src/control.o
                                0x59a (size before relaxing)
 .debug_str     0x0000072c       0x25 src/fir_filter.o
                                0x134 (size before relaxing)
 .debug_str     0x00000751      0x382 src/led_indic.o
                                0x4ab (size before relaxing)
 .debug_str     0x00000ad3       0x22 src/led_indic_hw.o
                                0x1ab (size before relaxing)
 .debug_str     0x00000af5      0x392 src/menu.o
                                0x6d3 (size before relaxing)
 .debug_str     0x00000e87       0x1f src/my_string.o
                                0x10c (size before relaxing)
 .debug_str     0x00000ea6       0xda src/pid1.o
                                0x4ba (size before relaxing)
 .debug_str     0x00000f80       0x60 src/pid_controller.o
                                0x1d1 (size before relaxing)
 .debug_str     0x00000fe0       0xce src/power_control.o
                                0x271 (size before relaxing)
 .debug_str     0x000010ae       0x16 src/progmem_func.o
                                 0xf0 (size before relaxing)
 .debug_str     0x000010c4       0x20 src/soft_timer.o
                                0x125 (size before relaxing)
 .debug_str     0x000010e4      0x106 src/systimer.o
                                0x3a2 (size before relaxing)
 .debug_str     0x000011ea       0x1a src/usart.o
                                 0xdc (size before relaxing)

.debug_loc      0x00000000     0x1db2
 *(.debug_loc)
 .debug_loc     0x00000000      0x268 src/adc.o
 .debug_loc     0x00000268       0x69 src/buttons.o
 .debug_loc     0x000002d1      0x349 src/control.o
 .debug_loc     0x0000061a      0x15a src/fir_filter.o
 .debug_loc     0x00000774      0x5fd src/led_indic.o
 .debug_loc     0x00000d71       0xf6 src/led_indic_hw.o
 .debug_loc     0x00000e67      0x4ba src/menu.o
 .debug_loc     0x00001321      0x219 src/my_string.o
 .debug_loc     0x0000153a      0x1b9 src/pid1.o
 .debug_loc     0x000016f3      0x1da src/pid_controller.o
 .debug_loc     0x000018cd      0x1f5 src/power_control.o
 .debug_loc     0x00001ac2       0xa6 src/progmem_func.o
 .debug_loc     0x00001b68       0x47 src/soft_timer.o
 .debug_loc     0x00001baf      0x172 src/systimer.o
 .debug_loc     0x00001d21       0x91 src/usart.o

.debug_macinfo
 *(.debug_macinfo)

.debug_pubtypes
 *(.debug_pubtypes)

.debug_ranges   0x00000000      0x368
 *(.debug_ranges)
 .debug_ranges  0x00000000       0x38 src/adc.o
 .debug_ranges  0x00000038       0x10 src/buttons.o
 .debug_ranges  0x00000048       0x50 src/control.o
 .debug_ranges  0x00000098       0x10 src/fir_filter.o
 .debug_ranges  0x000000a8       0x88 src/led_indic.o
 .debug_ranges  0x00000130       0x38 src/led_indic_hw.o
 .debug_ranges  0x00000168       0xe0 src/menu.o
 .debug_ranges  0x00000248       0x18 src/my_string.o
 .debug_ranges  0x00000260       0x20 src/pid1.o
 .debug_ranges  0x00000280       0x18 src/pid_controller.o
 .debug_ranges  0x00000298       0x48 src/power_control.o
 .debug_ranges  0x000002e0       0x10 src/progmem_func.o
 .debug_ranges  0x000002f0       0x10 src/soft_timer.o
 .debug_ranges  0x00000300       0x50 src/systimer.o
 .debug_ranges  0x00000350       0x18 src/usart.o

.debug_macro
 *(.debug_macro)
OUTPUT(pid1.elf elf32-avr)
LOAD linker stubs
