Archive member included because of file (symbol)

c:/program files (x86)/atmel/atmel toolchain/avr8 gcc/native/3.4.2.876/avr8-gnu-toolchain/bin/../lib/gcc/avr/4.7.2/avr4\libgcc.a(_udivmodqi4.o)
                              src/led_indic.o (__udivmodqi4)
c:/program files (x86)/atmel/atmel toolchain/avr8 gcc/native/3.4.2.876/avr8-gnu-toolchain/bin/../lib/gcc/avr/4.7.2/avr4\libgcc.a(_divmodsi4.o)
                              src/adc.o (__divmodsi4)
c:/program files (x86)/atmel/atmel toolchain/avr8 gcc/native/3.4.2.876/avr8-gnu-toolchain/bin/../lib/gcc/avr/4.7.2/avr4\libgcc.a(_exit.o)
                              c:/program files (x86)/atmel/atmel toolchain/avr8 gcc/native/3.4.2.876/avr8-gnu-toolchain/bin/../lib/gcc/avr/4.7.2/../../../../avr/lib/avr4/crtm8.o (exit)
c:/program files (x86)/atmel/atmel toolchain/avr8 gcc/native/3.4.2.876/avr8-gnu-toolchain/bin/../lib/gcc/avr/4.7.2/avr4\libgcc.a(_copy_data.o)
                              src/adc.o (__do_copy_data)
c:/program files (x86)/atmel/atmel toolchain/avr8 gcc/native/3.4.2.876/avr8-gnu-toolchain/bin/../lib/gcc/avr/4.7.2/avr4\libgcc.a(_clear_bss.o)
                              src/adc.o (__do_clear_bss)
c:/program files (x86)/atmel/atmel toolchain/avr8 gcc/native/3.4.2.876/avr8-gnu-toolchain/bin/../lib/gcc/avr/4.7.2/avr4\libgcc.a(_mulhisi3.o)
                              src/fir_filter.o (__mulhisi3)
c:/program files (x86)/atmel/atmel toolchain/avr8 gcc/native/3.4.2.876/avr8-gnu-toolchain/bin/../lib/gcc/avr/4.7.2/avr4\libgcc.a(_umulhisi3.o)
                              src/adc.o (__umulhisi3)
c:/program files (x86)/atmel/atmel toolchain/avr8 gcc/native/3.4.2.876/avr8-gnu-toolchain/bin/../lib/gcc/avr/4.7.2/avr4\libgcc.a(_usmulhisi3.o)
                              src/adc.o (__usmulhisi3)
c:/program files (x86)/atmel/atmel toolchain/avr8 gcc/native/3.4.2.876/avr8-gnu-toolchain/bin/../lib/gcc/avr/4.7.2/avr4\libgcc.a(_muluhisi3.o)
                              src/adc.o (__muluhisi3)
c:/program files (x86)/atmel/atmel toolchain/avr8 gcc/native/3.4.2.876/avr8-gnu-toolchain/bin/../lib/gcc/avr/4.7.2/avr4\libgcc.a(_udivmodsi4.o)
                              c:/program files (x86)/atmel/atmel toolchain/avr8 gcc/native/3.4.2.876/avr8-gnu-toolchain/bin/../lib/gcc/avr/4.7.2/avr4\libgcc.a(_divmodsi4.o) (__udivmodsi4)
c:/program files (x86)/atmel/atmel toolchain/avr8 gcc/native/3.4.2.876/avr8-gnu-toolchain/bin/../lib/gcc/avr/4.7.2/../../../../avr/lib/avr4\libc.a(memcpy_P.o)
                              src/control.o (memcpy_P)
c:/program files (x86)/atmel/atmel toolchain/avr8 gcc/native/3.4.2.876/avr8-gnu-toolchain/bin/../lib/gcc/avr/4.7.2/../../../../avr/lib/avr4\libc.a(eerd_block_atmega8.o)
                              src/control.o (__eerd_block_m8)
c:/program files (x86)/atmel/atmel toolchain/avr8 gcc/native/3.4.2.876/avr8-gnu-toolchain/bin/../lib/gcc/avr/4.7.2/../../../../avr/lib/avr4\libc.a(eerd_byte_atmega8.o)
                              src/control.o (__eerd_byte_m8)
c:/program files (x86)/atmel/atmel toolchain/avr8 gcc/native/3.4.2.876/avr8-gnu-toolchain/bin/../lib/gcc/avr/4.7.2/../../../../avr/lib/avr4\libc.a(eeupd_block_atmega8.o)
                              src/control.o (__eeupd_block_m8)
c:/program files (x86)/atmel/atmel toolchain/avr8 gcc/native/3.4.2.876/avr8-gnu-toolchain/bin/../lib/gcc/avr/4.7.2/../../../../avr/lib/avr4\libc.a(eeupd_byte_atmega8.o)
                              src/control.o (__eeupd_byte_m8)

Allocating common symbols
Common symbol       size              file

cp                  0x6               src/control.o
p                   0x4               src/control.o
extra_led_state     0x1               src/led_indic.o
adc_filtered        0x2               src/adc.o
wStartPos           0x1               src/led_indic.o
adc_normalized      0x2               src/adc.o
buttons             0x5               src/buttons.o
temp_str            0xa               src/menu.o
shifterState        0x1               src/led_indic.o
adc_status          0x1               src/adc.o
bufStartPos         0x1               src/led_indic.o
led_data_buffer     0xe               src/led_indic.o
dbg_PID_struct      0xc               src/pid_controller.o
adc_celsius         0x2               src/adc.o
raw_button_state    0x1               src/led_indic.o

Discarded input sections

 .bss           0x00000000        0x0 c:/program files (x86)/atmel/atmel toolchain/avr8 gcc/native/3.4.2.876/avr8-gnu-toolchain/bin/../lib/gcc/avr/4.7.2/../../../../avr/lib/avr4/crtm8.o
 .text          0x00000000        0x0 src/adc.o
 .text          0x00000000        0x0 src/buttons.o
 .text          0x00000000        0x0 src/control.o
 .text          0x00000000        0x0 src/fir_filter.o
 .bss           0x00000000        0x0 src/fir_filter.o
 .text          0x00000000        0x0 src/led_indic.o
 .text.setWindowStartPos
                0x00000000        0x8 src/led_indic.o
 .text.shiftWindowPosition
                0x00000000        0xe src/led_indic.o
 .text.setBufferStartPos
                0x00000000        0x8 src/led_indic.o
 .text.clearComma
                0x00000000       0x18 src/led_indic.o
 .text.toggleExtraLeds
                0x00000000        0xc src/led_indic.o
 .text          0x00000000        0x0 src/led_indic_hw.o
 .bss           0x00000000        0x0 src/led_indic_hw.o
 .text          0x00000000        0x0 src/menu.o
 .text          0x00000000        0x0 src/my_string.o
 .bss           0x00000000        0x0 src/my_string.o
 .text          0x00000000        0x0 src/pid1.o
 .bss           0x00000000        0x0 src/pid1.o
 .text          0x00000000        0x0 src/pid_controller.o
 .text          0x00000000        0x0 src/power_control.o
 .text          0x00000000        0x0 src/soft_timer.o
 .bss           0x00000000        0x0 src/soft_timer.o
 .text          0x00000000        0x0 src/systimer.o
 .text.Sound_Stop
                0x00000000        0x6 src/systimer.o
 .text          0x00000000        0x0 src/usart.o
 .text          0x00000000        0x0 c:/program files (x86)/atmel/atmel toolchain/avr8 gcc/native/3.4.2.876/avr8-gnu-toolchain/bin/../lib/gcc/avr/4.7.2/avr4\libgcc.a(_udivmodqi4.o)
 .bss           0x00000000        0x0 c:/program files (x86)/atmel/atmel toolchain/avr8 gcc/native/3.4.2.876/avr8-gnu-toolchain/bin/../lib/gcc/avr/4.7.2/avr4\libgcc.a(_udivmodqi4.o)
 .text.libgcc.mul
                0x00000000        0x0 c:/program files (x86)/atmel/atmel toolchain/avr8 gcc/native/3.4.2.876/avr8-gnu-toolchain/bin/../lib/gcc/avr/4.7.2/avr4\libgcc.a(_udivmodqi4.o)
 .text.libgcc   0x00000000        0x0 c:/program files (x86)/atmel/atmel toolchain/avr8 gcc/native/3.4.2.876/avr8-gnu-toolchain/bin/../lib/gcc/avr/4.7.2/avr4\libgcc.a(_udivmodqi4.o)
 .text.libgcc.prologue
                0x00000000        0x0 c:/program files (x86)/atmel/atmel toolchain/avr8 gcc/native/3.4.2.876/avr8-gnu-toolchain/bin/../lib/gcc/avr/4.7.2/avr4\libgcc.a(_udivmodqi4.o)
 .text.libgcc.builtins
                0x00000000        0x0 c:/program files (x86)/atmel/atmel toolchain/avr8 gcc/native/3.4.2.876/avr8-gnu-toolchain/bin/../lib/gcc/avr/4.7.2/avr4\libgcc.a(_udivmodqi4.o)
 .text.libgcc.fmul
                0x00000000        0x0 c:/program files (x86)/atmel/atmel toolchain/avr8 gcc/native/3.4.2.876/avr8-gnu-toolchain/bin/../lib/gcc/avr/4.7.2/avr4\libgcc.a(_udivmodqi4.o)
 .text          0x00000000        0x0 c:/program files (x86)/atmel/atmel toolchain/avr8 gcc/native/3.4.2.876/avr8-gnu-toolchain/bin/../lib/gcc/avr/4.7.2/avr4\libgcc.a(_divmodsi4.o)
 .bss           0x00000000        0x0 c:/program files (x86)/atmel/atmel toolchain/avr8 gcc/native/3.4.2.876/avr8-gnu-toolchain/bin/../lib/gcc/avr/4.7.2/avr4\libgcc.a(_divmodsi4.o)
 .text.libgcc.mul
                0x00000000        0x0 c:/program files (x86)/atmel/atmel toolchain/avr8 gcc/native/3.4.2.876/avr8-gnu-toolchain/bin/../lib/gcc/avr/4.7.2/avr4\libgcc.a(_divmodsi4.o)
 .text.libgcc   0x00000000        0x0 c:/program files (x86)/atmel/atmel toolchain/avr8 gcc/native/3.4.2.876/avr8-gnu-toolchain/bin/../lib/gcc/avr/4.7.2/avr4\libgcc.a(_divmodsi4.o)
 .text.libgcc.prologue
                0x00000000        0x0 c:/program files (x86)/atmel/atmel toolchain/avr8 gcc/native/3.4.2.876/avr8-gnu-toolchain/bin/../lib/gcc/avr/4.7.2/avr4\libgcc.a(_divmodsi4.o)
 .text.libgcc.builtins
                0x00000000        0x0 c:/program files (x86)/atmel/atmel toolchain/avr8 gcc/native/3.4.2.876/avr8-gnu-toolchain/bin/../lib/gcc/avr/4.7.2/avr4\libgcc.a(_divmodsi4.o)
 .text.libgcc.fmul
                0x00000000        0x0 c:/program files (x86)/atmel/atmel toolchain/avr8 gcc/native/3.4.2.876/avr8-gnu-toolchain/bin/../lib/gcc/avr/4.7.2/avr4\libgcc.a(_divmodsi4.o)
 .text          0x00000000        0x0 c:/program files (x86)/atmel/atmel toolchain/avr8 gcc/native/3.4.2.876/avr8-gnu-toolchain/bin/../lib/gcc/avr/4.7.2/avr4\libgcc.a(_exit.o)
 .bss           0x00000000        0x0 c:/program files (x86)/atmel/atmel toolchain/avr8 gcc/native/3.4.2.876/avr8-gnu-toolchain/bin/../lib/gcc/avr/4.7.2/avr4\libgcc.a(_exit.o)
 .text.libgcc.mul
                0x00000000        0x0 c:/program files (x86)/atmel/atmel toolchain/avr8 gcc/native/3.4.2.876/avr8-gnu-toolchain/bin/../lib/gcc/avr/4.7.2/avr4\libgcc.a(_exit.o)
 .text.libgcc.div
                0x00000000        0x0 c:/program files (x86)/atmel/atmel toolchain/avr8 gcc/native/3.4.2.876/avr8-gnu-toolchain/bin/../lib/gcc/avr/4.7.2/avr4\libgcc.a(_exit.o)
 .text.libgcc   0x00000000        0x0 c:/program files (x86)/atmel/atmel toolchain/avr8 gcc/native/3.4.2.876/avr8-gnu-toolchain/bin/../lib/gcc/avr/4.7.2/avr4\libgcc.a(_exit.o)
 .text.libgcc.prologue
                0x00000000        0x0 c:/program files (x86)/atmel/atmel toolchain/avr8 gcc/native/3.4.2.876/avr8-gnu-toolchain/bin/../lib/gcc/avr/4.7.2/avr4\libgcc.a(_exit.o)
 .text.libgcc.builtins
                0x00000000        0x0 c:/program files (x86)/atmel/atmel toolchain/avr8 gcc/native/3.4.2.876/avr8-gnu-toolchain/bin/../lib/gcc/avr/4.7.2/avr4\libgcc.a(_exit.o)
 .text.libgcc.fmul
                0x00000000        0x0 c:/program files (x86)/atmel/atmel toolchain/avr8 gcc/native/3.4.2.876/avr8-gnu-toolchain/bin/../lib/gcc/avr/4.7.2/avr4\libgcc.a(_exit.o)
 .text          0x00000000        0x0 c:/program files (x86)/atmel/atmel toolchain/avr8 gcc/native/3.4.2.876/avr8-gnu-toolchain/bin/../lib/gcc/avr/4.7.2/avr4\libgcc.a(_copy_data.o)
 .bss           0x00000000        0x0 c:/program files (x86)/atmel/atmel toolchain/avr8 gcc/native/3.4.2.876/avr8-gnu-toolchain/bin/../lib/gcc/avr/4.7.2/avr4\libgcc.a(_copy_data.o)
 .text.libgcc.mul
                0x00000000        0x0 c:/program files (x86)/atmel/atmel toolchain/avr8 gcc/native/3.4.2.876/avr8-gnu-toolchain/bin/../lib/gcc/avr/4.7.2/avr4\libgcc.a(_copy_data.o)
 .text.libgcc.div
                0x00000000        0x0 c:/program files (x86)/atmel/atmel toolchain/avr8 gcc/native/3.4.2.876/avr8-gnu-toolchain/bin/../lib/gcc/avr/4.7.2/avr4\libgcc.a(_copy_data.o)
 .text.libgcc   0x00000000        0x0 c:/program files (x86)/atmel/atmel toolchain/avr8 gcc/native/3.4.2.876/avr8-gnu-toolchain/bin/../lib/gcc/avr/4.7.2/avr4\libgcc.a(_copy_data.o)
 .text.libgcc.prologue
                0x00000000        0x0 c:/program files (x86)/atmel/atmel toolchain/avr8 gcc/native/3.4.2.876/avr8-gnu-toolchain/bin/../lib/gcc/avr/4.7.2/avr4\libgcc.a(_copy_data.o)
 .text.libgcc.builtins
                0x00000000        0x0 c:/program files (x86)/atmel/atmel toolchain/avr8 gcc/native/3.4.2.876/avr8-gnu-toolchain/bin/../lib/gcc/avr/4.7.2/avr4\libgcc.a(_copy_data.o)
 .text.libgcc.fmul
                0x00000000        0x0 c:/program files (x86)/atmel/atmel toolchain/avr8 gcc/native/3.4.2.876/avr8-gnu-toolchain/bin/../lib/gcc/avr/4.7.2/avr4\libgcc.a(_copy_data.o)
 .text          0x00000000        0x0 c:/program files (x86)/atmel/atmel toolchain/avr8 gcc/native/3.4.2.876/avr8-gnu-toolchain/bin/../lib/gcc/avr/4.7.2/avr4\libgcc.a(_clear_bss.o)
 .bss           0x00000000        0x0 c:/program files (x86)/atmel/atmel toolchain/avr8 gcc/native/3.4.2.876/avr8-gnu-toolchain/bin/../lib/gcc/avr/4.7.2/avr4\libgcc.a(_clear_bss.o)
 .text.libgcc.mul
                0x00000000        0x0 c:/program files (x86)/atmel/atmel toolchain/avr8 gcc/native/3.4.2.876/avr8-gnu-toolchain/bin/../lib/gcc/avr/4.7.2/avr4\libgcc.a(_clear_bss.o)
 .text.libgcc.div
                0x00000000        0x0 c:/program files (x86)/atmel/atmel toolchain/avr8 gcc/native/3.4.2.876/avr8-gnu-toolchain/bin/../lib/gcc/avr/4.7.2/avr4\libgcc.a(_clear_bss.o)
 .text.libgcc   0x00000000        0x0 c:/program files (x86)/atmel/atmel toolchain/avr8 gcc/native/3.4.2.876/avr8-gnu-toolchain/bin/../lib/gcc/avr/4.7.2/avr4\libgcc.a(_clear_bss.o)
 .text.libgcc.prologue
                0x00000000        0x0 c:/program files (x86)/atmel/atmel toolchain/avr8 gcc/native/3.4.2.876/avr8-gnu-toolchain/bin/../lib/gcc/avr/4.7.2/avr4\libgcc.a(_clear_bss.o)
 .text.libgcc.builtins
                0x00000000        0x0 c:/program files (x86)/atmel/atmel toolchain/avr8 gcc/native/3.4.2.876/avr8-gnu-toolchain/bin/../lib/gcc/avr/4.7.2/avr4\libgcc.a(_clear_bss.o)
 .text.libgcc.fmul
                0x00000000        0x0 c:/program files (x86)/atmel/atmel toolchain/avr8 gcc/native/3.4.2.876/avr8-gnu-toolchain/bin/../lib/gcc/avr/4.7.2/avr4\libgcc.a(_clear_bss.o)
 .text          0x00000000        0x0 c:/program files (x86)/atmel/atmel toolchain/avr8 gcc/native/3.4.2.876/avr8-gnu-toolchain/bin/../lib/gcc/avr/4.7.2/avr4\libgcc.a(_mulhisi3.o)
 .bss           0x00000000        0x0 c:/program files (x86)/atmel/atmel toolchain/avr8 gcc/native/3.4.2.876/avr8-gnu-toolchain/bin/../lib/gcc/avr/4.7.2/avr4\libgcc.a(_mulhisi3.o)
 .text.libgcc.div
                0x00000000        0x0 c:/program files (x86)/atmel/atmel toolchain/avr8 gcc/native/3.4.2.876/avr8-gnu-toolchain/bin/../lib/gcc/avr/4.7.2/avr4\libgcc.a(_mulhisi3.o)
 .text.libgcc   0x00000000        0x0 c:/program files (x86)/atmel/atmel toolchain/avr8 gcc/native/3.4.2.876/avr8-gnu-toolchain/bin/../lib/gcc/avr/4.7.2/avr4\libgcc.a(_mulhisi3.o)
 .text.libgcc.prologue
                0x00000000        0x0 c:/program files (x86)/atmel/atmel toolchain/avr8 gcc/native/3.4.2.876/avr8-gnu-toolchain/bin/../lib/gcc/avr/4.7.2/avr4\libgcc.a(_mulhisi3.o)
 .text.libgcc.builtins
                0x00000000        0x0 c:/program files (x86)/atmel/atmel toolchain/avr8 gcc/native/3.4.2.876/avr8-gnu-toolchain/bin/../lib/gcc/avr/4.7.2/avr4\libgcc.a(_mulhisi3.o)
 .text.libgcc.fmul
                0x00000000        0x0 c:/program files (x86)/atmel/atmel toolchain/avr8 gcc/native/3.4.2.876/avr8-gnu-toolchain/bin/../lib/gcc/avr/4.7.2/avr4\libgcc.a(_mulhisi3.o)
 .text          0x00000000        0x0 c:/program files (x86)/atmel/atmel toolchain/avr8 gcc/native/3.4.2.876/avr8-gnu-toolchain/bin/../lib/gcc/avr/4.7.2/avr4\libgcc.a(_umulhisi3.o)
 .bss           0x00000000        0x0 c:/program files (x86)/atmel/atmel toolchain/avr8 gcc/native/3.4.2.876/avr8-gnu-toolchain/bin/../lib/gcc/avr/4.7.2/avr4\libgcc.a(_umulhisi3.o)
 .text.libgcc.div
                0x00000000        0x0 c:/program files (x86)/atmel/atmel toolchain/avr8 gcc/native/3.4.2.876/avr8-gnu-toolchain/bin/../lib/gcc/avr/4.7.2/avr4\libgcc.a(_umulhisi3.o)
 .text.libgcc   0x00000000        0x0 c:/program files (x86)/atmel/atmel toolchain/avr8 gcc/native/3.4.2.876/avr8-gnu-toolchain/bin/../lib/gcc/avr/4.7.2/avr4\libgcc.a(_umulhisi3.o)
 .text.libgcc.prologue
                0x00000000        0x0 c:/program files (x86)/atmel/atmel toolchain/avr8 gcc/native/3.4.2.876/avr8-gnu-toolchain/bin/../lib/gcc/avr/4.7.2/avr4\libgcc.a(_umulhisi3.o)
 .text.libgcc.builtins
                0x00000000        0x0 c:/program files (x86)/atmel/atmel toolchain/avr8 gcc/native/3.4.2.876/avr8-gnu-toolchain/bin/../lib/gcc/avr/4.7.2/avr4\libgcc.a(_umulhisi3.o)
 .text.libgcc.fmul
                0x00000000        0x0 c:/program files (x86)/atmel/atmel toolchain/avr8 gcc/native/3.4.2.876/avr8-gnu-toolchain/bin/../lib/gcc/avr/4.7.2/avr4\libgcc.a(_umulhisi3.o)
 .text          0x00000000        0x0 c:/program files (x86)/atmel/atmel toolchain/avr8 gcc/native/3.4.2.876/avr8-gnu-toolchain/bin/../lib/gcc/avr/4.7.2/avr4\libgcc.a(_usmulhisi3.o)
 .bss           0x00000000        0x0 c:/program files (x86)/atmel/atmel toolchain/avr8 gcc/native/3.4.2.876/avr8-gnu-toolchain/bin/../lib/gcc/avr/4.7.2/avr4\libgcc.a(_usmulhisi3.o)
 .text.libgcc.div
                0x00000000        0x0 c:/program files (x86)/atmel/atmel toolchain/avr8 gcc/native/3.4.2.876/avr8-gnu-toolchain/bin/../lib/gcc/avr/4.7.2/avr4\libgcc.a(_usmulhisi3.o)
 .text.libgcc   0x00000000        0x0 c:/program files (x86)/atmel/atmel toolchain/avr8 gcc/native/3.4.2.876/avr8-gnu-toolchain/bin/../lib/gcc/avr/4.7.2/avr4\libgcc.a(_usmulhisi3.o)
 .text.libgcc.prologue
                0x00000000        0x0 c:/program files (x86)/atmel/atmel toolchain/avr8 gcc/native/3.4.2.876/avr8-gnu-toolchain/bin/../lib/gcc/avr/4.7.2/avr4\libgcc.a(_usmulhisi3.o)
 .text.libgcc.builtins
                0x00000000        0x0 c:/program files (x86)/atmel/atmel toolchain/avr8 gcc/native/3.4.2.876/avr8-gnu-toolchain/bin/../lib/gcc/avr/4.7.2/avr4\libgcc.a(_usmulhisi3.o)
 .text.libgcc.fmul
                0x00000000        0x0 c:/program files (x86)/atmel/atmel toolchain/avr8 gcc/native/3.4.2.876/avr8-gnu-toolchain/bin/../lib/gcc/avr/4.7.2/avr4\libgcc.a(_usmulhisi3.o)
 .text          0x00000000        0x0 c:/program files (x86)/atmel/atmel toolchain/avr8 gcc/native/3.4.2.876/avr8-gnu-toolchain/bin/../lib/gcc/avr/4.7.2/avr4\libgcc.a(_muluhisi3.o)
 .bss           0x00000000        0x0 c:/program files (x86)/atmel/atmel toolchain/avr8 gcc/native/3.4.2.876/avr8-gnu-toolchain/bin/../lib/gcc/avr/4.7.2/avr4\libgcc.a(_muluhisi3.o)
 .text.libgcc.div
                0x00000000        0x0 c:/program files (x86)/atmel/atmel toolchain/avr8 gcc/native/3.4.2.876/avr8-gnu-toolchain/bin/../lib/gcc/avr/4.7.2/avr4\libgcc.a(_muluhisi3.o)
 .text.libgcc   0x00000000        0x0 c:/program files (x86)/atmel/atmel toolchain/avr8 gcc/native/3.4.2.876/avr8-gnu-toolchain/bin/../lib/gcc/avr/4.7.2/avr4\libgcc.a(_muluhisi3.o)
 .text.libgcc.prologue
                0x00000000        0x0 c:/program files (x86)/atmel/atmel toolchain/avr8 gcc/native/3.4.2.876/avr8-gnu-toolchain/bin/../lib/gcc/avr/4.7.2/avr4\libgcc.a(_muluhisi3.o)
 .text.libgcc.builtins
                0x00000000        0x0 c:/program files (x86)/atmel/atmel toolchain/avr8 gcc/native/3.4.2.876/avr8-gnu-toolchain/bin/../lib/gcc/avr/4.7.2/avr4\libgcc.a(_muluhisi3.o)
 .text.libgcc.fmul
                0x00000000        0x0 c:/program files (x86)/atmel/atmel toolchain/avr8 gcc/native/3.4.2.876/avr8-gnu-toolchain/bin/../lib/gcc/avr/4.7.2/avr4\libgcc.a(_muluhisi3.o)
 .text          0x00000000        0x0 c:/program files (x86)/atmel/atmel toolchain/avr8 gcc/native/3.4.2.876/avr8-gnu-toolchain/bin/../lib/gcc/avr/4.7.2/avr4\libgcc.a(_udivmodsi4.o)
 .bss           0x00000000        0x0 c:/program files (x86)/atmel/atmel toolchain/avr8 gcc/native/3.4.2.876/avr8-gnu-toolchain/bin/../lib/gcc/avr/4.7.2/avr4\libgcc.a(_udivmodsi4.o)
 .text.libgcc.mul
                0x00000000        0x0 c:/program files (x86)/atmel/atmel toolchain/avr8 gcc/native/3.4.2.876/avr8-gnu-toolchain/bin/../lib/gcc/avr/4.7.2/avr4\libgcc.a(_udivmodsi4.o)
 .text.libgcc   0x00000000        0x0 c:/program files (x86)/atmel/atmel toolchain/avr8 gcc/native/3.4.2.876/avr8-gnu-toolchain/bin/../lib/gcc/avr/4.7.2/avr4\libgcc.a(_udivmodsi4.o)
 .text.libgcc.prologue
                0x00000000        0x0 c:/program files (x86)/atmel/atmel toolchain/avr8 gcc/native/3.4.2.876/avr8-gnu-toolchain/bin/../lib/gcc/avr/4.7.2/avr4\libgcc.a(_udivmodsi4.o)
 .text.libgcc.builtins
                0x00000000        0x0 c:/program files (x86)/atmel/atmel toolchain/avr8 gcc/native/3.4.2.876/avr8-gnu-toolchain/bin/../lib/gcc/avr/4.7.2/avr4\libgcc.a(_udivmodsi4.o)
 .text.libgcc.fmul
                0x00000000        0x0 c:/program files (x86)/atmel/atmel toolchain/avr8 gcc/native/3.4.2.876/avr8-gnu-toolchain/bin/../lib/gcc/avr/4.7.2/avr4\libgcc.a(_udivmodsi4.o)
 .text          0x00000000        0x0 c:/program files (x86)/atmel/atmel toolchain/avr8 gcc/native/3.4.2.876/avr8-gnu-toolchain/bin/../lib/gcc/avr/4.7.2/../../../../avr/lib/avr4\libc.a(memcpy_P.o)
 .bss           0x00000000        0x0 c:/program files (x86)/atmel/atmel toolchain/avr8 gcc/native/3.4.2.876/avr8-gnu-toolchain/bin/../lib/gcc/avr/4.7.2/../../../../avr/lib/avr4\libc.a(memcpy_P.o)
 .text          0x00000000        0x0 c:/program files (x86)/atmel/atmel toolchain/avr8 gcc/native/3.4.2.876/avr8-gnu-toolchain/bin/../lib/gcc/avr/4.7.2/../../../../avr/lib/avr4\libc.a(eerd_block_atmega8.o)
 .bss           0x00000000        0x0 c:/program files (x86)/atmel/atmel toolchain/avr8 gcc/native/3.4.2.876/avr8-gnu-toolchain/bin/../lib/gcc/avr/4.7.2/../../../../avr/lib/avr4\libc.a(eerd_block_atmega8.o)
 .text          0x00000000        0x0 c:/program files (x86)/atmel/atmel toolchain/avr8 gcc/native/3.4.2.876/avr8-gnu-toolchain/bin/../lib/gcc/avr/4.7.2/../../../../avr/lib/avr4\libc.a(eerd_byte_atmega8.o)
 .bss           0x00000000        0x0 c:/program files (x86)/atmel/atmel toolchain/avr8 gcc/native/3.4.2.876/avr8-gnu-toolchain/bin/../lib/gcc/avr/4.7.2/../../../../avr/lib/avr4\libc.a(eerd_byte_atmega8.o)
 .text          0x00000000        0x0 c:/program files (x86)/atmel/atmel toolchain/avr8 gcc/native/3.4.2.876/avr8-gnu-toolchain/bin/../lib/gcc/avr/4.7.2/../../../../avr/lib/avr4\libc.a(eeupd_block_atmega8.o)
 .bss           0x00000000        0x0 c:/program files (x86)/atmel/atmel toolchain/avr8 gcc/native/3.4.2.876/avr8-gnu-toolchain/bin/../lib/gcc/avr/4.7.2/../../../../avr/lib/avr4\libc.a(eeupd_block_atmega8.o)
 .text          0x00000000        0x0 c:/program files (x86)/atmel/atmel toolchain/avr8 gcc/native/3.4.2.876/avr8-gnu-toolchain/bin/../lib/gcc/avr/4.7.2/../../../../avr/lib/avr4\libc.a(eeupd_byte_atmega8.o)
 .bss           0x00000000        0x0 c:/program files (x86)/atmel/atmel toolchain/avr8 gcc/native/3.4.2.876/avr8-gnu-toolchain/bin/../lib/gcc/avr/4.7.2/../../../../avr/lib/avr4\libc.a(eeupd_byte_atmega8.o)

Memory Configuration

Name             Origin             Length             Attributes
text             0x00000000         0x00002000         xr
data             0x00800060         0x0000ffa0         rw !x
eeprom           0x00810000         0x00010000         rw !x
fuse             0x00820000         0x00000400         rw !x
lock             0x00830000         0x00000400         rw !x
signature        0x00840000         0x00000400         rw !x
user_signatures  0x00850000         0x00000400         rw !x
*default*        0x00000000         0xffffffff

Linker script and memory map

LOAD c:/program files (x86)/atmel/atmel toolchain/avr8 gcc/native/3.4.2.876/avr8-gnu-toolchain/bin/../lib/gcc/avr/4.7.2/../../../../avr/lib/avr4/crtm8.o
LOAD src/adc.o
LOAD src/buttons.o
LOAD src/control.o
LOAD src/fir_filter.o
LOAD src/led_indic.o
LOAD src/led_indic_hw.o
LOAD src/menu.o
LOAD src/my_string.o
LOAD src/pid1.o
LOAD src/pid_controller.o
LOAD src/power_control.o
LOAD src/soft_timer.o
LOAD src/systimer.o
LOAD src/usart.o
START GROUP
LOAD c:/program files (x86)/atmel/atmel toolchain/avr8 gcc/native/3.4.2.876/avr8-gnu-toolchain/bin/../lib/gcc/avr/4.7.2/../../../../avr/lib/avr4\libm.a
END GROUP
LOAD c:/program files (x86)/atmel/atmel toolchain/avr8 gcc/native/3.4.2.876/avr8-gnu-toolchain/bin/../lib/gcc/avr/4.7.2/avr4\libgcc.a
LOAD c:/program files (x86)/atmel/atmel toolchain/avr8 gcc/native/3.4.2.876/avr8-gnu-toolchain/bin/../lib/gcc/avr/4.7.2/../../../../avr/lib/avr4\libc.a
LOAD c:/program files (x86)/atmel/atmel toolchain/avr8 gcc/native/3.4.2.876/avr8-gnu-toolchain/bin/../lib/gcc/avr/4.7.2/avr4\libgcc.a

.hash
 *(.hash)

.dynsym
 *(.dynsym)

.dynstr
 *(.dynstr)

.gnu.version
 *(.gnu.version)

.gnu.version_d
 *(.gnu.version_d)

.gnu.version_r
 *(.gnu.version_r)

.rel.init
 *(.rel.init)

.rela.init
 *(.rela.init)

.rel.text
 *(.rel.text)
 *(.rel.text.*)
 *(.rel.gnu.linkonce.t*)

.rela.text
 *(.rela.text)
 *(.rela.text.*)
 *(.rela.gnu.linkonce.t*)

.rel.fini
 *(.rel.fini)

.rela.fini
 *(.rela.fini)

.rel.rodata
 *(.rel.rodata)
 *(.rel.rodata.*)
 *(.rel.gnu.linkonce.r*)

.rela.rodata
 *(.rela.rodata)
 *(.rela.rodata.*)
 *(.rela.gnu.linkonce.r*)

.rel.data
 *(.rel.data)
 *(.rel.data.*)
 *(.rel.gnu.linkonce.d*)

.rela.data
 *(.rela.data)
 *(.rela.data.*)
 *(.rela.gnu.linkonce.d*)

.rel.ctors
 *(.rel.ctors)

.rela.ctors
 *(.rela.ctors)

.rel.dtors
 *(.rel.dtors)

.rela.dtors
 *(.rela.dtors)

.rel.got
 *(.rel.got)

.rela.got
 *(.rela.got)

.rel.bss
 *(.rel.bss)

.rela.bss
 *(.rela.bss)

.rel.plt
 *(.rel.plt)

.rela.plt
 *(.rela.plt)

.text           0x00000000     0x1c3e
 *(.vectors)
 .vectors       0x00000000       0x26 c:/program files (x86)/atmel/atmel toolchain/avr8 gcc/native/3.4.2.876/avr8-gnu-toolchain/bin/../lib/gcc/avr/4.7.2/../../../../avr/lib/avr4/crtm8.o
                0x00000000                __vector_default
                0x00000000                __vectors
 *(.vectors)
 *(.progmem.gcc*)
 *(.progmem*)
 .progmem.data  0x00000026        0xa src/control.o
                0x00000026                pmCalibrationDefaults
                0x0000002c                pmGlobalDefaults
 .progmem.data  0x00000030       0x38 src/led_indic.o
                0x00000030                led_encode_table
 .progmem.data  0x00000068      0x136 src/menu.o
                0x00000068                ms_calibDo
                0x0000006c                ms_autoPoffDo
                0x00000073                ms_soundEnDo
                0x0000007a                ms_rollDo
                0x00000081                ms_realTempDo
                0x00000088                menuFunctionSet
                0x000000ea                menuJumpSet
                0x0000019e                . = ALIGN (0x2)
                0x0000019e                __trampolines_start = .
 *(.trampolines)
 .trampolines   0x0000019e        0x0 linker stubs
 *(.trampolines*)
                0x0000019e                __trampolines_end = .
 *(.jumptables)
 *(.jumptables*)
 *(.lowtext)
 *(.lowtext*)
                0x0000019e                __ctors_start = .
 *(.ctors)
                0x0000019e                __ctors_end = .
                0x0000019e                __dtors_start = .
 *(.dtors)
                0x0000019e                __dtors_end = .
 SORT(*)(.ctors)
 SORT(*)(.dtors)
 *(.init0)
 .init0         0x0000019e        0x0 c:/program files (x86)/atmel/atmel toolchain/avr8 gcc/native/3.4.2.876/avr8-gnu-toolchain/bin/../lib/gcc/avr/4.7.2/../../../../avr/lib/avr4/crtm8.o
                0x0000019e                __init
 *(.init0)
 *(.init1)
 *(.init1)
 *(.init2)
 .init2         0x0000019e        0xc c:/program files (x86)/atmel/atmel toolchain/avr8 gcc/native/3.4.2.876/avr8-gnu-toolchain/bin/../lib/gcc/avr/4.7.2/../../../../avr/lib/avr4/crtm8.o
 *(.init2)
 *(.init3)
 *(.init3)
 *(.init4)
 .init4         0x000001aa       0x16 c:/program files (x86)/atmel/atmel toolchain/avr8 gcc/native/3.4.2.876/avr8-gnu-toolchain/bin/../lib/gcc/avr/4.7.2/avr4\libgcc.a(_copy_data.o)
                0x000001aa                __do_copy_data
 .init4         0x000001c0       0x10 c:/program files (x86)/atmel/atmel toolchain/avr8 gcc/native/3.4.2.876/avr8-gnu-toolchain/bin/../lib/gcc/avr/4.7.2/avr4\libgcc.a(_clear_bss.o)
                0x000001c0                __do_clear_bss
 *(.init4)
 *(.init5)
 *(.init5)
 *(.init6)
 *(.init6)
 *(.init7)
 *(.init7)
 *(.init8)
 *(.init8)
 *(.init9)
 .init9         0x000001d0        0x4 c:/program files (x86)/atmel/atmel toolchain/avr8 gcc/native/3.4.2.876/avr8-gnu-toolchain/bin/../lib/gcc/avr/4.7.2/../../../../avr/lib/avr4/crtm8.o
 *(.init9)
 *(.text)
 .text          0x000001d4        0x2 c:/program files (x86)/atmel/atmel toolchain/avr8 gcc/native/3.4.2.876/avr8-gnu-toolchain/bin/../lib/gcc/avr/4.7.2/../../../../avr/lib/avr4/crtm8.o
                0x000001d4                __vector_1
                0x000001d4                __vector_12
                0x000001d4                __bad_interrupt
                0x000001d4                __vector_6
                0x000001d4                __vector_11
                0x000001d4                __vector_13
                0x000001d4                __vector_17
                0x000001d4                __vector_7
                0x000001d4                __vector_5
                0x000001d4                __vector_4
                0x000001d4                __vector_2
                0x000001d4                __vector_15
                0x000001d4                __vector_8
                0x000001d4                __vector_10
                0x000001d4                __vector_18
                0x000001d6                . = ALIGN (0x2)
 *(.text.*)
 .text.conv_ADC_to_Celsius
                0x000001d6       0x4a src/adc.o
                0x000001d6                conv_ADC_to_Celsius
 .text.conv_Celsius_to_ADC
                0x00000220       0x66 src/adc.o
                0x00000220                conv_Celsius_to_ADC
 .text.calculateCoeffs
                0x00000286       0xb6 src/adc.o
                0x00000286                calculateCoeffs
 .text.update_normalized_adc
                0x0000033c       0x74 src/adc.o
                0x0000033c                update_normalized_adc
 .text.update_Celsius
                0x000003b0       0x14 src/adc.o
                0x000003b0                update_Celsius
 .text.update_CalibrationPoint
                0x000003c4       0x34 src/adc.o
                0x000003c4                update_CalibrationPoint
 .text.__vector_14
                0x000003f8       0x60 src/adc.o
                0x000003f8                __vector_14
 .text.process_buttons
                0x00000458       0x74 src/buttons.o
                0x00000458                process_buttons
 .text.getDataCRC
                0x000004cc       0x1e src/control.o
 .text.processRollControl
                0x000004ea      0x114 src/control.o
                0x000004ea                processRollControl
 .text.processHeaterControl
                0x000005fe       0x72 src/control.o
                0x000005fe                processHeaterControl
 .text.processHeaterEvents
                0x00000670       0x18 src/control.o
                0x00000670                processHeaterEvents
 .text.processHeaterAlerts
                0x00000688       0x9a src/control.o
                0x00000688                processHeaterAlerts
 .text.saveCalibrationToEEPROM
                0x00000722       0x1e src/control.o
                0x00000722                saveCalibrationToEEPROM
 .text.saveGlobalParamsToEEPROM
                0x00000740       0x1e src/control.o
                0x00000740                saveGlobalParamsToEEPROM
 .text.restoreGlobalParams
                0x0000075e       0x78 src/control.o
                0x0000075e                restoreGlobalParams
 .text.exitPowerOff
                0x000007d6       0x34 src/control.o
                0x000007d6                exitPowerOff
 .text.fir_i16_i8
                0x0000080a       0x94 src/fir_filter.o
                0x0000080a                fir_i16_i8
 .text.decode_led_char
                0x0000089e       0x2c src/led_indic.o
 .text.wrap_led_buffer_index
                0x000008ca       0x20 src/led_indic.o
 .text.processLedIndicator
                0x000008ea       0xbe src/led_indic.o
                0x000008ea                processLedIndicator
 .text.fillLedBuffer
                0x000009a8       0x48 src/led_indic.o
                0x000009a8                fillLedBuffer
 .text.startShiftingWindowLeft
                0x000009f0       0x1c src/led_indic.o
                0x000009f0                startShiftingWindowLeft
 .text.startShiftingWindowRight
                0x00000a0c       0x1c src/led_indic.o
                0x00000a0c                startShiftingWindowRight
 .text.initLedIndicator
                0x00000a28       0x46 src/led_indic.o
                0x00000a28                initLedIndicator
 .text.printLedBuffer
                0x00000a6e       0x38 src/led_indic.o
                0x00000a6e                printLedBuffer
 .text.setComma
                0x00000aa6       0x18 src/led_indic.o
                0x00000aa6                setComma
 .text.setExtraLeds
                0x00000abe        0xc src/led_indic.o
                0x00000abe                setExtraLeds
 .text.clearExtraLeds
                0x00000aca        0xe src/led_indic.o
                0x00000aca                clearExtraLeds
 .text.led_clock_pulse
                0x00000ad8       0x20 src/led_indic_hw.o
                0x00000ad8                led_clock_pulse
 .text.set_led_segments
                0x00000af8       0x1c src/led_indic_hw.o
                0x00000af8                set_led_segments
 .text.enable_led_segments_pullups
                0x00000b14        0xe src/led_indic_hw.o
                0x00000b14                enable_led_segments_pullups
 .text.enable_led_segments
                0x00000b22        0xe src/led_indic_hw.o
                0x00000b22                enable_led_segments
 .text.disable_led_segments
                0x00000b30        0xe src/led_indic_hw.o
                0x00000b30                disable_led_segments
 .text.capture_button_state
                0x00000b3e       0x16 src/led_indic_hw.o
                0x00000b3e                capture_button_state
 .text.processItemFunction
                0x00000b54        0xa src/menu.o
 .text.mf_setTempLeave
                0x00000b5e       0x1c src/menu.o
 .text.mf_leafSelectAct
                0x00000b7a       0x10 src/menu.o
 .text.mf_sndenLeave
                0x00000b8a       0x1c src/menu.o
 .text.mf_autopoffLeave
                0x00000ba6       0x1c src/menu.o
 .text.mf_actpoffLeave
                0x00000bc2        0x8 src/menu.o
 .text.mf_calibDoExit
                0x00000bca        0xe src/menu.o
 .text.mf_actpoffDo
                0x00000bd8        0xe src/menu.o
 .text.mf_cdoneDo
                0x00000be6        0x8 src/menu.o
 .text.mf_actpoffSelect
                0x00000bee        0x4 src/menu.o
 .text.mf_leafSelect
                0x00000bf2       0x10 src/menu.o
 .text.mf_calibP2Select
                0x00000c02       0x18 src/menu.o
 .text.mf_calibP1Select
                0x00000c1a       0x18 src/menu.o
 .text.mf_autopoffSelect
                0x00000c32        0xc src/menu.o
 .text.mf_sndenSelect
                0x00000c3e        0xc src/menu.o
 .text.mf_rollLeave
                0x00000c4a        0xe src/menu.o
 .text.mf_setTempSelect
                0x00000c58       0x10 src/menu.o
 .text.mf_realTempLeave
                0x00000c68        0x4 src/menu.o
 .text.mf_cdoneSelect
                0x00000c6c        0xe src/menu.o
 .text.mf_autopoffDo
                0x00000c7a       0x68 src/menu.o
 .text.mf_calibDo
                0x00000ce2       0x58 src/menu.o
 .text.mf_sndenDo
                0x00000d3a       0x5e src/menu.o
 .text.mf_rollDo
                0x00000d98       0x96 src/menu.o
 .text.mf_rollSelect
                0x00000e2e        0x6 src/menu.o
 .text.mf_setTempDo
                0x00000e34       0x64 src/menu.o
 .text.mf_realTempSelect
                0x00000e98        0x4 src/menu.o
 .text.mf_realTempDo
                0x00000e9c       0x46 src/menu.o
 .text.getMenuFunctionRecord.constprop.1
                0x00000ee2       0x42 src/menu.o
 .text.InitMenu
                0x00000f24       0x12 src/menu.o
                0x00000f24                InitMenu
 .text.processMenu
                0x00000f36      0x122 src/menu.o
                0x00000f36                processMenu
 .text.i32toa_align_right
                0x00001058       0x9a src/my_string.o
                0x00001058                i32toa_align_right
 .text.u16toa_align_right
                0x000010f2        0xe src/my_string.o
                0x000010f2                u16toa_align_right
 .text.startup.main
                0x00001100      0x210 src/pid1.o
                0x00001100                main
 .text.setPIDIntegratorLimit
                0x00001310       0x1a src/pid_controller.o
                0x00001310                setPIDIntegratorLimit
 .text.processPID
                0x0000132a      0x206 src/pid_controller.o
                0x0000132a                processPID
 .text.setHeaterPower
                0x00001530       0x1c src/power_control.o
                0x00001530                setHeaterPower
 .text.setMotorDirection
                0x0000154c       0x3e src/power_control.o
                0x0000154c                setMotorDirection
 .text.stopCycleRolling
                0x0000158a       0x34 src/power_control.o
                0x0000158a                stopCycleRolling
 .text.clearRollFlags
                0x000015be       0x16 src/power_control.o
                0x000015be                clearRollFlags
 .text.isTopPointValid
                0x000015d4       0x28 src/power_control.o
                0x000015d4                isTopPointValid
 .text.isBottomPointValid
                0x000015fc       0x28 src/power_control.o
                0x000015fc                isBottomPointValid
 .text.startCycleRolling
                0x00001624       0x2c src/power_control.o
                0x00001624                startCycleRolling
 .text.isACSyncPresent
                0x00001650        0xe src/power_control.o
                0x00001650                isACSyncPresent
 .text.__vector_16
                0x0000165e       0x7c src/power_control.o
                0x0000165e                __vector_16
 .text.__vector_9
                0x000016da      0x192 src/power_control.o
                0x000016da                __vector_9
 .text.processSoftTimer8b
                0x0000186c       0x58 src/soft_timer.o
                0x0000186c                processSoftTimer8b
 .text.processSystemTimers
                0x000018c4       0xa2 src/systimer.o
                0x000018c4                processSystemTimers
 .text.resetAutoPowerOffCounter
                0x00001966        0x6 src/systimer.o
                0x00001966                resetAutoPowerOffCounter
 .text.__vector_3
                0x0000196c      0x110 src/systimer.o
                0x0000196c                __vector_3
 .text.Sound_Play
                0x00001a7c       0x24 src/systimer.o
                0x00001a7c                Sound_Play
 .text.Sound_OverrideDisable
                0x00001aa0        0x8 src/systimer.o
                0x00001aa0                Sound_OverrideDisable
 .text.USART_send
                0x00001aa8        0x8 src/usart.o
                0x00001aa8                USART_send
 .text.USART_sendstr
                0x00001ab0       0x16 src/usart.o
                0x00001ab0                USART_sendstr
 .text.logU16p  0x00001ac6        0xe src/usart.o
                0x00001ac6                logU16p
 .text.logI32p  0x00001ad4        0xe src/usart.o
                0x00001ad4                logI32p
 .text.libgcc.div
                0x00001ae2       0x18 c:/program files (x86)/atmel/atmel toolchain/avr8 gcc/native/3.4.2.876/avr8-gnu-toolchain/bin/../lib/gcc/avr/4.7.2/avr4\libgcc.a(_udivmodqi4.o)
                0x00001ae2                __udivmodqi4
 .text.libgcc.div
                0x00001afa       0x36 c:/program files (x86)/atmel/atmel toolchain/avr8 gcc/native/3.4.2.876/avr8-gnu-toolchain/bin/../lib/gcc/avr/4.7.2/avr4\libgcc.a(_divmodsi4.o)
                0x00001afa                __divmodsi4
 .text.libgcc.mul
                0x00001b30        0xc c:/program files (x86)/atmel/atmel toolchain/avr8 gcc/native/3.4.2.876/avr8-gnu-toolchain/bin/../lib/gcc/avr/4.7.2/avr4\libgcc.a(_mulhisi3.o)
                0x00001b30                __mulhisi3
 .text.libgcc.mul
                0x00001b3c       0x18 c:/program files (x86)/atmel/atmel toolchain/avr8 gcc/native/3.4.2.876/avr8-gnu-toolchain/bin/../lib/gcc/avr/4.7.2/avr4\libgcc.a(_umulhisi3.o)
                0x00001b3c                __umulhisi3
 .text.libgcc.mul
                0x00001b54        0xc c:/program files (x86)/atmel/atmel toolchain/avr8 gcc/native/3.4.2.876/avr8-gnu-toolchain/bin/../lib/gcc/avr/4.7.2/avr4\libgcc.a(_usmulhisi3.o)
                0x00001b54                __usmulhisi3
                0x00001b56                __usmulhisi3_tail
 .text.libgcc.mul
                0x00001b60       0x14 c:/program files (x86)/atmel/atmel toolchain/avr8 gcc/native/3.4.2.876/avr8-gnu-toolchain/bin/../lib/gcc/avr/4.7.2/avr4\libgcc.a(_muluhisi3.o)
                0x00001b60                __muluhisi3
 .text.libgcc.div
                0x00001b74       0x44 c:/program files (x86)/atmel/atmel toolchain/avr8 gcc/native/3.4.2.876/avr8-gnu-toolchain/bin/../lib/gcc/avr/4.7.2/avr4\libgcc.a(_udivmodsi4.o)
                0x00001b74                __udivmodsi4
 .text.avr-libc
                0x00001bb8       0x12 c:/program files (x86)/atmel/atmel toolchain/avr8 gcc/native/3.4.2.876/avr8-gnu-toolchain/bin/../lib/gcc/avr/4.7.2/../../../../avr/lib/avr4\libc.a(memcpy_P.o)
                0x00001bb8                memcpy_P
 .text.avr-libc
                0x00001bca       0x20 c:/program files (x86)/atmel/atmel toolchain/avr8 gcc/native/3.4.2.876/avr8-gnu-toolchain/bin/../lib/gcc/avr/4.7.2/../../../../avr/lib/avr4\libc.a(eerd_block_atmega8.o)
                0x00001bca                __eerd_block_m8
                0x00001bce                __eerd_blraw_m8
 .text.avr-libc
                0x00001bea       0x10 c:/program files (x86)/atmel/atmel toolchain/avr8 gcc/native/3.4.2.876/avr8-gnu-toolchain/bin/../lib/gcc/avr/4.7.2/../../../../avr/lib/avr4\libc.a(eerd_byte_atmega8.o)
                0x00001bea                __eerd_byte_m8
 .text.avr-libc
                0x00001bfa       0x1e c:/program files (x86)/atmel/atmel toolchain/avr8 gcc/native/3.4.2.876/avr8-gnu-toolchain/bin/../lib/gcc/avr/4.7.2/../../../../avr/lib/avr4\libc.a(eeupd_block_atmega8.o)
                0x00001bfa                __eeupd_block_m8
 .text.avr-libc
                0x00001c18       0x22 c:/program files (x86)/atmel/atmel toolchain/avr8 gcc/native/3.4.2.876/avr8-gnu-toolchain/bin/../lib/gcc/avr/4.7.2/../../../../avr/lib/avr4\libc.a(eeupd_byte_atmega8.o)
                0x00001c18                __eeupd_byte_m8
                0x00001c1a                __eeupd_r18_m8
                0x00001c3a                . = ALIGN (0x2)
 *(.fini9)
 .fini9         0x00001c3a        0x0 c:/program files (x86)/atmel/atmel toolchain/avr8 gcc/native/3.4.2.876/avr8-gnu-toolchain/bin/../lib/gcc/avr/4.7.2/avr4\libgcc.a(_exit.o)
                0x00001c3a                _exit
                0x00001c3a                exit
 *(.fini9)
 *(.fini8)
 *(.fini8)
 *(.fini7)
 *(.fini7)
 *(.fini6)
 *(.fini6)
 *(.fini5)
 *(.fini5)
 *(.fini4)
 *(.fini4)
 *(.fini3)
 *(.fini3)
 *(.fini2)
 *(.fini2)
 *(.fini1)
 *(.fini1)
 *(.fini0)
 .fini0         0x00001c3a        0x4 c:/program files (x86)/atmel/atmel toolchain/avr8 gcc/native/3.4.2.876/avr8-gnu-toolchain/bin/../lib/gcc/avr/4.7.2/avr4\libgcc.a(_exit.o)
 *(.fini0)
                0x00001c3e                _etext = .

.data           0x00800060       0xe2 load address 0x00001c3e
                0x00800060                PROVIDE (__data_start, .)
 *(.data)
 .data          0x00800060        0x0 c:/program files (x86)/atmel/atmel toolchain/avr8 gcc/native/3.4.2.876/avr8-gnu-toolchain/bin/../lib/gcc/avr/4.7.2/../../../../avr/lib/avr4/crtm8.o
 .data          0x00800060       0x18 src/adc.o
 .data          0x00800078        0x0 src/buttons.o
 .data          0x00800078        0x4 src/control.o
 .data          0x0080007c        0x0 src/fir_filter.o
 .data          0x0080007c        0x0 src/led_indic.o
 .data          0x0080007c        0x0 src/led_indic_hw.o
 .data          0x0080007c        0x8 src/menu.o
 .data          0x00800084        0x0 src/my_string.o
 .data          0x00800084        0x0 src/pid1.o
 .data          0x00800084        0x0 src/pid_controller.o
 .data          0x00800084        0x2 src/power_control.o
 .data          0x00800086        0x0 src/soft_timer.o
 .data          0x00800086        0xa src/systimer.o
                0x00800086                sys_timers
                0x0080008c                menuUpdateTimer
 .data          0x00800090        0x0 src/usart.o
 .data          0x00800090        0x0 c:/program files (x86)/atmel/atmel toolchain/avr8 gcc/native/3.4.2.876/avr8-gnu-toolchain/bin/../lib/gcc/avr/4.7.2/avr4\libgcc.a(_udivmodqi4.o)
 .data          0x00800090        0x0 c:/program files (x86)/atmel/atmel toolchain/avr8 gcc/native/3.4.2.876/avr8-gnu-toolchain/bin/../lib/gcc/avr/4.7.2/avr4\libgcc.a(_divmodsi4.o)
 .data          0x00800090        0x0 c:/program files (x86)/atmel/atmel toolchain/avr8 gcc/native/3.4.2.876/avr8-gnu-toolchain/bin/../lib/gcc/avr/4.7.2/avr4\libgcc.a(_exit.o)
 .data          0x00800090        0x0 c:/program files (x86)/atmel/atmel toolchain/avr8 gcc/native/3.4.2.876/avr8-gnu-toolchain/bin/../lib/gcc/avr/4.7.2/avr4\libgcc.a(_copy_data.o)
 .data          0x00800090        0x0 c:/program files (x86)/atmel/atmel toolchain/avr8 gcc/native/3.4.2.876/avr8-gnu-toolchain/bin/../lib/gcc/avr/4.7.2/avr4\libgcc.a(_clear_bss.o)
 .data          0x00800090        0x0 c:/program files (x86)/atmel/atmel toolchain/avr8 gcc/native/3.4.2.876/avr8-gnu-toolchain/bin/../lib/gcc/avr/4.7.2/avr4\libgcc.a(_mulhisi3.o)
 .data          0x00800090        0x0 c:/program files (x86)/atmel/atmel toolchain/avr8 gcc/native/3.4.2.876/avr8-gnu-toolchain/bin/../lib/gcc/avr/4.7.2/avr4\libgcc.a(_umulhisi3.o)
 .data          0x00800090        0x0 c:/program files (x86)/atmel/atmel toolchain/avr8 gcc/native/3.4.2.876/avr8-gnu-toolchain/bin/../lib/gcc/avr/4.7.2/avr4\libgcc.a(_usmulhisi3.o)
 .data          0x00800090        0x0 c:/program files (x86)/atmel/atmel toolchain/avr8 gcc/native/3.4.2.876/avr8-gnu-toolchain/bin/../lib/gcc/avr/4.7.2/avr4\libgcc.a(_muluhisi3.o)
 .data          0x00800090        0x0 c:/program files (x86)/atmel/atmel toolchain/avr8 gcc/native/3.4.2.876/avr8-gnu-toolchain/bin/../lib/gcc/avr/4.7.2/avr4\libgcc.a(_udivmodsi4.o)
 .data          0x00800090        0x0 c:/program files (x86)/atmel/atmel toolchain/avr8 gcc/native/3.4.2.876/avr8-gnu-toolchain/bin/../lib/gcc/avr/4.7.2/../../../../avr/lib/avr4\libc.a(memcpy_P.o)
 .data          0x00800090        0x0 c:/program files (x86)/atmel/atmel toolchain/avr8 gcc/native/3.4.2.876/avr8-gnu-toolchain/bin/../lib/gcc/avr/4.7.2/../../../../avr/lib/avr4\libc.a(eerd_block_atmega8.o)
 .data          0x00800090        0x0 c:/program files (x86)/atmel/atmel toolchain/avr8 gcc/native/3.4.2.876/avr8-gnu-toolchain/bin/../lib/gcc/avr/4.7.2/../../../../avr/lib/avr4\libc.a(eerd_byte_atmega8.o)
 .data          0x00800090        0x0 c:/program files (x86)/atmel/atmel toolchain/avr8 gcc/native/3.4.2.876/avr8-gnu-toolchain/bin/../lib/gcc/avr/4.7.2/../../../../avr/lib/avr4\libc.a(eeupd_block_atmega8.o)
 .data          0x00800090        0x0 c:/program files (x86)/atmel/atmel toolchain/avr8 gcc/native/3.4.2.876/avr8-gnu-toolchain/bin/../lib/gcc/avr/4.7.2/../../../../avr/lib/avr4\libc.a(eeupd_byte_atmega8.o)
 *(.data*)
 *(.rodata)
 *(.rodata*)
 .rodata.str1.1
                0x00800090       0x35 src/control.o
 .rodata.str1.1
                0x008000c5       0x31 src/menu.o
 .rodata.str1.1
                0x008000f6       0x4b src/pid1.o
                                 0x53 (size before relaxing)
 *(.gnu.linkonce.d*)
                0x00800142                . = ALIGN (0x2)
 *fill*         0x00800141        0x1 
                0x00800142                _edata = .
                0x00800142                PROVIDE (__data_end, .)

.bss            0x00800142       0xf7
                0x00800142                PROVIDE (__bss_start, .)
 *(.bss)
 .bss           0x00800142       0x70 src/adc.o
 .bss           0x008001b2        0x2 src/buttons.o
 .bss           0x008001b4        0x2 src/control.o
                0x008001b4                max_work_time
                0x008001b5                autoPowerOffState
 .bss           0x008001b6        0x6 src/led_indic.o
 .bss           0x008001bc        0xb src/menu.o
 .bss           0x008001c7        0x8 src/pid_controller.o
 .bss           0x008001cf        0xd src/power_control.o
                0x008001cf                activeRollCycle
                0x008001d0                rollState
 .bss           0x008001dc        0xa src/systimer.o
 .bss           0x008001e6       0x14 src/usart.o
 *(.bss*)
 *(COMMON)
 COMMON         0x008001fa        0x7 src/adc.o
                0x008001fa                adc_filtered
                0x008001fc                adc_normalized
                0x008001fe                adc_status
                0x008001ff                adc_celsius
 COMMON         0x00800201        0x5 src/buttons.o
                0x00800201                buttons
 COMMON         0x00800206        0xa src/control.o
                0x00800206                cp
                0x0080020c                p
 COMMON         0x00800210       0x13 src/led_indic.o
                0x00800210                extra_led_state
                0x00800211                wStartPos
                0x00800212                shifterState
                0x00800213                bufStartPos
                0x00800214                led_data_buffer
                0x00800222                raw_button_state
 COMMON         0x00800223        0xa src/menu.o
                0x00800223                temp_str
 COMMON         0x0080022d        0xc src/pid_controller.o
                0x0080022d                dbg_PID_struct
                0x00800239                PROVIDE (__bss_end, .)
                0x00001c3e                __data_load_start = LOADADDR (.data)
                0x00001d20                __data_load_end = (__data_load_start + SIZEOF (.data))

.noinit         0x00800239        0x0
                0x00800239                PROVIDE (__noinit_start, .)
 *(.noinit*)
                0x00800239                PROVIDE (__noinit_end, .)
                0x00800239                _end = .
                0x00800239                PROVIDE (__heap_start, .)

.eeprom         0x00810000       0x70
 *(.eeprom*)
 .eeprom        0x00810000        0xc src/control.o
                0x00810000                ee_cParamsCRC
                0x00810001                ee_gParamsCRC
                0x00810002                eeCalibrationParams
                0x00810008                eeGlobalParams
 .eeprom        0x0081000c       0x64 src/systimer.o
                0x0081000c                m_siren4
                0x00810014                m_siren3
                0x0081001a                m_siren2
                0x00810034                m_siren1
                0x00810040                m_beep_warn_poff
                0x00810054                m_beep_err1
                0x0081005c                m_beep_500Hz_40ms
                0x00810060                m_beep_800Hz_40ms
                0x00810064                m_beep_1000Hz_40ms
                0x00810068                m_beep_1000Hz_100ms
                0x0081006c                m_beep_1000Hz_1000ms
                0x00810070                __eeprom_end = .

.fuse
 *(.fuse)
 *(.lfuse)
 *(.hfuse)
 *(.efuse)

.lock
 *(.lock*)

.signature
 *(.signature*)

.user_signatures
 *(.user_signatures*)

.stab           0x00000000      0xad4
 *(.stab)
 .stab          0x00000000      0x6cc c:/program files (x86)/atmel/atmel toolchain/avr8 gcc/native/3.4.2.876/avr8-gnu-toolchain/bin/../lib/gcc/avr/4.7.2/../../../../avr/lib/avr4/crtm8.o
 .stab          0x000006cc       0x84 c:/program files (x86)/atmel/atmel toolchain/avr8 gcc/native/3.4.2.876/avr8-gnu-toolchain/bin/../lib/gcc/avr/4.7.2/../../../../avr/lib/avr4\libc.a(memcpy_P.o)
                                 0x90 (size before relaxing)
 .stab          0x00000750      0x108 c:/program files (x86)/atmel/atmel toolchain/avr8 gcc/native/3.4.2.876/avr8-gnu-toolchain/bin/../lib/gcc/avr/4.7.2/../../../../avr/lib/avr4\libc.a(eerd_block_atmega8.o)
                                0x114 (size before relaxing)
 .stab          0x00000858       0x90 c:/program files (x86)/atmel/atmel toolchain/avr8 gcc/native/3.4.2.876/avr8-gnu-toolchain/bin/../lib/gcc/avr/4.7.2/../../../../avr/lib/avr4\libc.a(eerd_byte_atmega8.o)
                                 0x9c (size before relaxing)
 .stab          0x000008e8       0xe4 c:/program files (x86)/atmel/atmel toolchain/avr8 gcc/native/3.4.2.876/avr8-gnu-toolchain/bin/../lib/gcc/avr/4.7.2/../../../../avr/lib/avr4\libc.a(eeupd_block_atmega8.o)
                                 0xf0 (size before relaxing)
 .stab          0x000009cc      0x108 c:/program files (x86)/atmel/atmel toolchain/avr8 gcc/native/3.4.2.876/avr8-gnu-toolchain/bin/../lib/gcc/avr/4.7.2/../../../../avr/lib/avr4\libc.a(eeupd_byte_atmega8.o)
                                0x114 (size before relaxing)

.stabstr        0x00000000      0x269
 *(.stabstr)
 .stabstr       0x00000000      0x269 c:/program files (x86)/atmel/atmel toolchain/avr8 gcc/native/3.4.2.876/avr8-gnu-toolchain/bin/../lib/gcc/avr/4.7.2/../../../../avr/lib/avr4/crtm8.o

.stab.excl
 *(.stab.excl)

.stab.exclstr
 *(.stab.exclstr)

.stab.index
 *(.stab.index)

.stab.indexstr
 *(.stab.indexstr)

.comment        0x00000000       0x2f
 *(.comment)
 .comment       0x00000000       0x2f src/adc.o
                                 0x30 (size before relaxing)
 .comment       0x00000000       0x30 src/buttons.o
 .comment       0x00000000       0x30 src/control.o
 .comment       0x00000000       0x30 src/fir_filter.o
 .comment       0x00000000       0x30 src/led_indic.o
 .comment       0x00000000       0x30 src/led_indic_hw.o
 .comment       0x00000000       0x30 src/menu.o
 .comment       0x00000000       0x30 src/my_string.o
 .comment       0x00000000       0x30 src/pid1.o
 .comment       0x00000000       0x30 src/pid_controller.o
 .comment       0x00000000       0x30 src/power_control.o
 .comment       0x00000000       0x30 src/soft_timer.o
 .comment       0x00000000       0x30 src/systimer.o
 .comment       0x00000000       0x30 src/usart.o

.debug
 *(.debug)

.line
 *(.line)

.debug_srcinfo
 *(.debug_srcinfo)

.debug_sfnames
 *(.debug_sfnames)

.debug_aranges  0x00000000      0x450
 *(.debug_aranges)
 .debug_aranges
                0x00000000       0x50 src/adc.o
 .debug_aranges
                0x00000050       0x20 src/buttons.o
 .debug_aranges
                0x00000070       0x60 src/control.o
 .debug_aranges
                0x000000d0       0x20 src/fir_filter.o
 .debug_aranges
                0x000000f0       0x98 src/led_indic.o
 .debug_aranges
                0x00000188       0x48 src/led_indic_hw.o
 .debug_aranges
                0x000001d0      0x108 src/menu.o
 .debug_aranges
                0x000002d8       0x28 src/my_string.o
 .debug_aranges
                0x00000300       0x20 src/pid1.o
 .debug_aranges
                0x00000320       0x28 src/pid_controller.o
 .debug_aranges
                0x00000348       0x68 src/power_control.o
 .debug_aranges
                0x000003b0       0x20 src/soft_timer.o
 .debug_aranges
                0x000003d0       0x48 src/systimer.o
 .debug_aranges
                0x00000418       0x38 src/usart.o

.debug_pubnames
 *(.debug_pubnames)

.debug_info     0x00000000     0x4782
 *(.debug_info)
 .debug_info    0x00000000      0x3b9 src/adc.o
 .debug_info    0x000003b9      0x192 src/buttons.o
 .debug_info    0x0000054b      0xb6c src/control.o
 .debug_info    0x000010b7      0x15f src/fir_filter.o
 .debug_info    0x00001216      0x971 src/led_indic.o
 .debug_info    0x00001b87      0x21c src/led_indic_hw.o
 .debug_info    0x00001da3     0x1119 src/menu.o
 .debug_info    0x00002ebc      0x149 src/my_string.o
 .debug_info    0x00003005      0x866 src/pid1.o
 .debug_info    0x0000386b      0x220 src/pid_controller.o
 .debug_info    0x00003a8b      0x3ba src/power_control.o
 .debug_info    0x00003e45      0x161 src/soft_timer.o
 .debug_info    0x00003fa6      0x5ab src/systimer.o
 .debug_info    0x00004551      0x231 src/usart.o
 *(.gnu.linkonce.wi.*)

.debug_abbrev   0x00000000     0x1660
 *(.debug_abbrev)
 .debug_abbrev  0x00000000      0x181 src/adc.o
 .debug_abbrev  0x00000181       0xbd src/buttons.o
 .debug_abbrev  0x0000023e      0x2f1 src/control.o
 .debug_abbrev  0x0000052f       0xc6 src/fir_filter.o
 .debug_abbrev  0x000005f5      0x2d8 src/led_indic.o
 .debug_abbrev  0x000008cd      0x154 src/led_indic_hw.o
 .debug_abbrev  0x00000a21      0x31f src/menu.o
 .debug_abbrev  0x00000d40       0xbb src/my_string.o
 .debug_abbrev  0x00000dfb      0x214 src/pid1.o
 .debug_abbrev  0x0000100f       0xd2 src/pid_controller.o
 .debug_abbrev  0x000010e1      0x1c0 src/power_control.o
 .debug_abbrev  0x000012a1       0xba src/soft_timer.o
 .debug_abbrev  0x0000135b      0x1f3 src/systimer.o
 .debug_abbrev  0x0000154e      0x112 src/usart.o

.debug_line     0x00000000     0x1e35
 *(.debug_line)
 .debug_line    0x00000000      0x185 src/adc.o
 .debug_line    0x00000185      0x123 src/buttons.o
 .debug_line    0x000002a8      0x464 src/control.o
 .debug_line    0x0000070c      0x102 src/fir_filter.o
 .debug_line    0x0000080e      0x329 src/led_indic.o
 .debug_line    0x00000b37      0x208 src/led_indic_hw.o
 .debug_line    0x00000d3f      0x52c src/menu.o
 .debug_line    0x0000126b      0x120 src/my_string.o
 .debug_line    0x0000138b      0x27f src/pid1.o
 .debug_line    0x0000160a      0x138 src/pid_controller.o
 .debug_line    0x00001742      0x1fc src/power_control.o
 .debug_line    0x0000193e       0xfe src/soft_timer.o
 .debug_line    0x00001a3c      0x2d2 src/systimer.o
 .debug_line    0x00001d0e      0x127 src/usart.o

.debug_frame    0x00000000      0x9b0
 *(.debug_frame)
 .debug_frame   0x00000000      0x114 src/adc.o
 .debug_frame   0x00000114       0x24 src/buttons.o
 .debug_frame   0x00000138       0xc4 src/control.o
 .debug_frame   0x000001fc       0x4c src/fir_filter.o
 .debug_frame   0x00000248      0x150 src/led_indic.o
 .debug_frame   0x00000398       0x74 src/led_indic_hw.o
 .debug_frame   0x0000040c      0x240 src/menu.o
 .debug_frame   0x0000064c       0x5c src/my_string.o
 .debug_frame   0x000006a8       0x24 src/pid1.o
 .debug_frame   0x000006cc       0x80 src/pid_controller.o
 .debug_frame   0x0000074c      0x124 src/power_control.o
 .debug_frame   0x00000870       0x24 src/soft_timer.o
 .debug_frame   0x00000894       0xbc src/systimer.o
 .debug_frame   0x00000950       0x60 src/usart.o

.debug_str      0x00000000     0x129b
 *(.debug_str)
 .debug_str     0x00000000      0x256 src/adc.o
                                0x2a6 (size before relaxing)
 .debug_str     0x00000256       0xf3 src/buttons.o
                                0x1a5 (size before relaxing)
 .debug_str     0x00000349      0x3e6 src/control.o
                                0x568 (size before relaxing)
 .debug_str     0x0000072f       0x25 src/fir_filter.o
                                0x134 (size before relaxing)
 .debug_str     0x00000754      0x382 src/led_indic.o
                                0x4ab (size before relaxing)
 .debug_str     0x00000ad6       0x22 src/led_indic_hw.o
                                0x1ab (size before relaxing)
 .debug_str     0x00000af8      0x3f6 src/menu.o
                                0x6fe (size before relaxing)
 .debug_str     0x00000eee       0x1f src/my_string.o
                                0x10c (size before relaxing)
 .debug_str     0x00000f0d      0x107 src/pid1.o
                                0x499 (size before relaxing)
 .debug_str     0x00001014       0x5d src/pid_controller.o
                                0x1da (size before relaxing)
 .debug_str     0x00001071       0xdc src/power_control.o
                                0x296 (size before relaxing)
 .debug_str     0x0000114d       0x20 src/soft_timer.o
                                0x125 (size before relaxing)
 .debug_str     0x0000116d      0x114 src/systimer.o
                                0x3a3 (size before relaxing)
 .debug_str     0x00001281       0x1a src/usart.o
                                0x12c (size before relaxing)

.debug_loc      0x00000000     0x1ca0
 *(.debug_loc)
 .debug_loc     0x00000000      0x2de src/adc.o
 .debug_loc     0x000002de       0xd4 src/buttons.o
 .debug_loc     0x000003b2      0x298 src/control.o
 .debug_loc     0x0000064a      0x15a src/fir_filter.o
 .debug_loc     0x000007a4      0x5fd src/led_indic.o
 .debug_loc     0x00000da1       0xf6 src/led_indic_hw.o
 .debug_loc     0x00000e97      0x2e5 src/menu.o
 .debug_loc     0x0000117c      0x219 src/my_string.o
 .debug_loc     0x00001395       0xe9 src/pid1.o
 .debug_loc     0x0000147e      0x331 src/pid_controller.o
 .debug_loc     0x000017af      0x29f src/power_control.o
 .debug_loc     0x00001a4e       0x47 src/soft_timer.o
 .debug_loc     0x00001a95      0x172 src/systimer.o
 .debug_loc     0x00001c07       0x99 src/usart.o

.debug_macinfo
 *(.debug_macinfo)

.debug_pubtypes
 *(.debug_pubtypes)

.debug_ranges   0x00000000      0x370
 *(.debug_ranges)
 .debug_ranges  0x00000000       0x40 src/adc.o
 .debug_ranges  0x00000040       0x10 src/buttons.o
 .debug_ranges  0x00000050       0x50 src/control.o
 .debug_ranges  0x000000a0       0x10 src/fir_filter.o
 .debug_ranges  0x000000b0       0x88 src/led_indic.o
 .debug_ranges  0x00000138       0x38 src/led_indic_hw.o
 .debug_ranges  0x00000170       0xf8 src/menu.o
 .debug_ranges  0x00000268       0x18 src/my_string.o
 .debug_ranges  0x00000280       0x10 src/pid1.o
 .debug_ranges  0x00000290       0x18 src/pid_controller.o
 .debug_ranges  0x000002a8       0x58 src/power_control.o
 .debug_ranges  0x00000300       0x10 src/soft_timer.o
 .debug_ranges  0x00000310       0x38 src/systimer.o
 .debug_ranges  0x00000348       0x28 src/usart.o

.debug_macro
 *(.debug_macro)
OUTPUT(pid1.elf elf32-avr)
LOAD linker stubs
