Archive member included because of file (symbol)

c:/program files (x86)/atmel/atmel toolchain/avr8 gcc/native/3.4.2.876/avr8-gnu-toolchain/bin/../lib/gcc/avr/4.7.2/avr4\libgcc.a(_udivmodqi4.o)
                              src/led_indic.o (__udivmodqi4)
c:/program files (x86)/atmel/atmel toolchain/avr8 gcc/native/3.4.2.876/avr8-gnu-toolchain/bin/../lib/gcc/avr/4.7.2/avr4\libgcc.a(_udivmodhi4.o)
                              src/my_string.o (__udivmodhi4)
c:/program files (x86)/atmel/atmel toolchain/avr8 gcc/native/3.4.2.876/avr8-gnu-toolchain/bin/../lib/gcc/avr/4.7.2/avr4\libgcc.a(_divmodhi4.o)
                              src/control.o (__divmodhi4)
c:/program files (x86)/atmel/atmel toolchain/avr8 gcc/native/3.4.2.876/avr8-gnu-toolchain/bin/../lib/gcc/avr/4.7.2/avr4\libgcc.a(_udivmodsi4.o)
                              src/adc.o (__udivmodsi4)
c:/program files (x86)/atmel/atmel toolchain/avr8 gcc/native/3.4.2.876/avr8-gnu-toolchain/bin/../lib/gcc/avr/4.7.2/avr4\libgcc.a(_divmodsi4.o)
                              src/adc.o (__divmodsi4)
c:/program files (x86)/atmel/atmel toolchain/avr8 gcc/native/3.4.2.876/avr8-gnu-toolchain/bin/../lib/gcc/avr/4.7.2/avr4\libgcc.a(_exit.o)
                              c:/program files (x86)/atmel/atmel toolchain/avr8 gcc/native/3.4.2.876/avr8-gnu-toolchain/bin/../lib/gcc/avr/4.7.2/../../../../avr/lib/avr4/crtm8.o (exit)
c:/program files (x86)/atmel/atmel toolchain/avr8 gcc/native/3.4.2.876/avr8-gnu-toolchain/bin/../lib/gcc/avr/4.7.2/avr4\libgcc.a(_copy_data.o)
                              src/adc.o (__do_copy_data)
c:/program files (x86)/atmel/atmel toolchain/avr8 gcc/native/3.4.2.876/avr8-gnu-toolchain/bin/../lib/gcc/avr/4.7.2/avr4\libgcc.a(_clear_bss.o)
                              src/adc.o (__do_clear_bss)
c:/program files (x86)/atmel/atmel toolchain/avr8 gcc/native/3.4.2.876/avr8-gnu-toolchain/bin/../lib/gcc/avr/4.7.2/avr4\libgcc.a(_umulhisi3.o)
                              src/adc.o (__umulhisi3)
c:/program files (x86)/atmel/atmel toolchain/avr8 gcc/native/3.4.2.876/avr8-gnu-toolchain/bin/../lib/gcc/avr/4.7.2/avr4\libgcc.a(_usmulhisi3.o)
                              src/adc.o (__usmulhisi3)
c:/program files (x86)/atmel/atmel toolchain/avr8 gcc/native/3.4.2.876/avr8-gnu-toolchain/bin/../lib/gcc/avr/4.7.2/avr4\libgcc.a(_muluhisi3.o)
                              src/adc.o (__muluhisi3)
c:/program files (x86)/atmel/atmel toolchain/avr8 gcc/native/3.4.2.876/avr8-gnu-toolchain/bin/../lib/gcc/avr/4.7.2/../../../../avr/lib/avr4\libc.a(eerd_block_atmega8.o)
                              src/control.o (__eerd_block_m8)
c:/program files (x86)/atmel/atmel toolchain/avr8 gcc/native/3.4.2.876/avr8-gnu-toolchain/bin/../lib/gcc/avr/4.7.2/../../../../avr/lib/avr4\libc.a(eeupd_block_atmega8.o)
                              src/control.o (__eeupd_block_m8)
c:/program files (x86)/atmel/atmel toolchain/avr8 gcc/native/3.4.2.876/avr8-gnu-toolchain/bin/../lib/gcc/avr/4.7.2/../../../../avr/lib/avr4\libc.a(eeupd_byte_atmega8.o)
                              c:/program files (x86)/atmel/atmel toolchain/avr8 gcc/native/3.4.2.876/avr8-gnu-toolchain/bin/../lib/gcc/avr/4.7.2/../../../../avr/lib/avr4\libc.a(eeupd_block_atmega8.o) (__eeupd_r18_m8)

Allocating common symbols
Common symbol       size              file

cp                  0x6               src/control.o
p                   0x4               src/control.o
extra_led_state     0x1               src/led_indic.o
dbg_PID_output      0x2               src/control.o
PIDsampledADC       0x2               src/adc.o
adc_filtered        0x2               src/adc.o
adc_oversampled     0x2               src/adc.o
raw_adc_buffer      0x28              src/adc.o
dbg_SetTempCelsius  0x1               src/control.o
wStartPos           0x1               src/led_indic.o
dbg_PID_p_term      0x2               src/control.o
dbg_RealTempPID     0x2               src/control.o
adc_normalized      0x2               src/adc.o
dbg_PID_i_term      0x2               src/control.o
pid_dterm_buffer    0x8               src/control.o
dbg_PID_d_term      0x2               src/control.o
shifterState        0x1               src/led_indic.o
bufStartPos         0x1               src/led_indic.o
led_data_buffer     0xe               src/led_indic.o
adc_celsius         0x2               src/adc.o
dbg_RealTempCelsius
                    0x1               src/control.o
dbg_SetTempPID      0x2               src/control.o
filter_buffer       0x28              src/adc.o
raw_button_state    0x1               src/led_indic.o

Discarded input sections

 .bss           0x00000000        0x0 c:/program files (x86)/atmel/atmel toolchain/avr8 gcc/native/3.4.2.876/avr8-gnu-toolchain/bin/../lib/gcc/avr/4.7.2/../../../../avr/lib/avr4/crtm8.o
 .text          0x00000000        0x0 src/adc.o
 .text          0x00000000        0x0 src/buttons.o
 .text          0x00000000        0x0 src/control.o
 .text          0x00000000        0x0 src/led_indic.o
 .text.setWindowStartPos
                0x00000000        0x8 src/led_indic.o
 .text.shiftWindowPosition
                0x00000000        0xe src/led_indic.o
 .text.setBufferStartPos
                0x00000000        0x8 src/led_indic.o
 .text.clearComma
                0x00000000       0x18 src/led_indic.o
 .text.toggleExtraLeds
                0x00000000        0xc src/led_indic.o
 .text          0x00000000        0x0 src/led_indic_hw.o
 .bss           0x00000000        0x0 src/led_indic_hw.o
 .text          0x00000000        0x0 src/menu.o
 .text          0x00000000        0x0 src/my_string.o
 .bss           0x00000000        0x0 src/my_string.o
 .text          0x00000000        0x0 src/pid1.o
 .bss           0x00000000        0x0 src/pid1.o
 .text          0x00000000        0x0 src/power_control.o
 .text          0x00000000        0x0 src/soft_timer.o
 .bss           0x00000000        0x0 src/soft_timer.o
 .text          0x00000000        0x0 src/systimer.o
 .text.SetBeeperPeriod
                0x00000000       0x24 src/systimer.o
 .text.StopBeep
                0x00000000       0x10 src/systimer.o
 .text          0x00000000        0x0 src/usart.o
 .bss           0x00000000        0x0 src/usart.o
 .text          0x00000000        0x0 c:/program files (x86)/atmel/atmel toolchain/avr8 gcc/native/3.4.2.876/avr8-gnu-toolchain/bin/../lib/gcc/avr/4.7.2/avr4\libgcc.a(_udivmodqi4.o)
 .bss           0x00000000        0x0 c:/program files (x86)/atmel/atmel toolchain/avr8 gcc/native/3.4.2.876/avr8-gnu-toolchain/bin/../lib/gcc/avr/4.7.2/avr4\libgcc.a(_udivmodqi4.o)
 .text.libgcc.mul
                0x00000000        0x0 c:/program files (x86)/atmel/atmel toolchain/avr8 gcc/native/3.4.2.876/avr8-gnu-toolchain/bin/../lib/gcc/avr/4.7.2/avr4\libgcc.a(_udivmodqi4.o)
 .text.libgcc   0x00000000        0x0 c:/program files (x86)/atmel/atmel toolchain/avr8 gcc/native/3.4.2.876/avr8-gnu-toolchain/bin/../lib/gcc/avr/4.7.2/avr4\libgcc.a(_udivmodqi4.o)
 .text.libgcc.prologue
                0x00000000        0x0 c:/program files (x86)/atmel/atmel toolchain/avr8 gcc/native/3.4.2.876/avr8-gnu-toolchain/bin/../lib/gcc/avr/4.7.2/avr4\libgcc.a(_udivmodqi4.o)
 .text.libgcc.builtins
                0x00000000        0x0 c:/program files (x86)/atmel/atmel toolchain/avr8 gcc/native/3.4.2.876/avr8-gnu-toolchain/bin/../lib/gcc/avr/4.7.2/avr4\libgcc.a(_udivmodqi4.o)
 .text.libgcc.fmul
                0x00000000        0x0 c:/program files (x86)/atmel/atmel toolchain/avr8 gcc/native/3.4.2.876/avr8-gnu-toolchain/bin/../lib/gcc/avr/4.7.2/avr4\libgcc.a(_udivmodqi4.o)
 .text          0x00000000        0x0 c:/program files (x86)/atmel/atmel toolchain/avr8 gcc/native/3.4.2.876/avr8-gnu-toolchain/bin/../lib/gcc/avr/4.7.2/avr4\libgcc.a(_udivmodhi4.o)
 .bss           0x00000000        0x0 c:/program files (x86)/atmel/atmel toolchain/avr8 gcc/native/3.4.2.876/avr8-gnu-toolchain/bin/../lib/gcc/avr/4.7.2/avr4\libgcc.a(_udivmodhi4.o)
 .text.libgcc.mul
                0x00000000        0x0 c:/program files (x86)/atmel/atmel toolchain/avr8 gcc/native/3.4.2.876/avr8-gnu-toolchain/bin/../lib/gcc/avr/4.7.2/avr4\libgcc.a(_udivmodhi4.o)
 .text.libgcc   0x00000000        0x0 c:/program files (x86)/atmel/atmel toolchain/avr8 gcc/native/3.4.2.876/avr8-gnu-toolchain/bin/../lib/gcc/avr/4.7.2/avr4\libgcc.a(_udivmodhi4.o)
 .text.libgcc.prologue
                0x00000000        0x0 c:/program files (x86)/atmel/atmel toolchain/avr8 gcc/native/3.4.2.876/avr8-gnu-toolchain/bin/../lib/gcc/avr/4.7.2/avr4\libgcc.a(_udivmodhi4.o)
 .text.libgcc.builtins
                0x00000000        0x0 c:/program files (x86)/atmel/atmel toolchain/avr8 gcc/native/3.4.2.876/avr8-gnu-toolchain/bin/../lib/gcc/avr/4.7.2/avr4\libgcc.a(_udivmodhi4.o)
 .text.libgcc.fmul
                0x00000000        0x0 c:/program files (x86)/atmel/atmel toolchain/avr8 gcc/native/3.4.2.876/avr8-gnu-toolchain/bin/../lib/gcc/avr/4.7.2/avr4\libgcc.a(_udivmodhi4.o)
 .text          0x00000000        0x0 c:/program files (x86)/atmel/atmel toolchain/avr8 gcc/native/3.4.2.876/avr8-gnu-toolchain/bin/../lib/gcc/avr/4.7.2/avr4\libgcc.a(_divmodhi4.o)
 .bss           0x00000000        0x0 c:/program files (x86)/atmel/atmel toolchain/avr8 gcc/native/3.4.2.876/avr8-gnu-toolchain/bin/../lib/gcc/avr/4.7.2/avr4\libgcc.a(_divmodhi4.o)
 .text.libgcc.mul
                0x00000000        0x0 c:/program files (x86)/atmel/atmel toolchain/avr8 gcc/native/3.4.2.876/avr8-gnu-toolchain/bin/../lib/gcc/avr/4.7.2/avr4\libgcc.a(_divmodhi4.o)
 .text.libgcc   0x00000000        0x0 c:/program files (x86)/atmel/atmel toolchain/avr8 gcc/native/3.4.2.876/avr8-gnu-toolchain/bin/../lib/gcc/avr/4.7.2/avr4\libgcc.a(_divmodhi4.o)
 .text.libgcc.prologue
                0x00000000        0x0 c:/program files (x86)/atmel/atmel toolchain/avr8 gcc/native/3.4.2.876/avr8-gnu-toolchain/bin/../lib/gcc/avr/4.7.2/avr4\libgcc.a(_divmodhi4.o)
 .text.libgcc.builtins
                0x00000000        0x0 c:/program files (x86)/atmel/atmel toolchain/avr8 gcc/native/3.4.2.876/avr8-gnu-toolchain/bin/../lib/gcc/avr/4.7.2/avr4\libgcc.a(_divmodhi4.o)
 .text.libgcc.fmul
                0x00000000        0x0 c:/program files (x86)/atmel/atmel toolchain/avr8 gcc/native/3.4.2.876/avr8-gnu-toolchain/bin/../lib/gcc/avr/4.7.2/avr4\libgcc.a(_divmodhi4.o)
 .text          0x00000000        0x0 c:/program files (x86)/atmel/atmel toolchain/avr8 gcc/native/3.4.2.876/avr8-gnu-toolchain/bin/../lib/gcc/avr/4.7.2/avr4\libgcc.a(_udivmodsi4.o)
 .bss           0x00000000        0x0 c:/program files (x86)/atmel/atmel toolchain/avr8 gcc/native/3.4.2.876/avr8-gnu-toolchain/bin/../lib/gcc/avr/4.7.2/avr4\libgcc.a(_udivmodsi4.o)
 .text.libgcc.mul
                0x00000000        0x0 c:/program files (x86)/atmel/atmel toolchain/avr8 gcc/native/3.4.2.876/avr8-gnu-toolchain/bin/../lib/gcc/avr/4.7.2/avr4\libgcc.a(_udivmodsi4.o)
 .text.libgcc   0x00000000        0x0 c:/program files (x86)/atmel/atmel toolchain/avr8 gcc/native/3.4.2.876/avr8-gnu-toolchain/bin/../lib/gcc/avr/4.7.2/avr4\libgcc.a(_udivmodsi4.o)
 .text.libgcc.prologue
                0x00000000        0x0 c:/program files (x86)/atmel/atmel toolchain/avr8 gcc/native/3.4.2.876/avr8-gnu-toolchain/bin/../lib/gcc/avr/4.7.2/avr4\libgcc.a(_udivmodsi4.o)
 .text.libgcc.builtins
                0x00000000        0x0 c:/program files (x86)/atmel/atmel toolchain/avr8 gcc/native/3.4.2.876/avr8-gnu-toolchain/bin/../lib/gcc/avr/4.7.2/avr4\libgcc.a(_udivmodsi4.o)
 .text.libgcc.fmul
                0x00000000        0x0 c:/program files (x86)/atmel/atmel toolchain/avr8 gcc/native/3.4.2.876/avr8-gnu-toolchain/bin/../lib/gcc/avr/4.7.2/avr4\libgcc.a(_udivmodsi4.o)
 .text          0x00000000        0x0 c:/program files (x86)/atmel/atmel toolchain/avr8 gcc/native/3.4.2.876/avr8-gnu-toolchain/bin/../lib/gcc/avr/4.7.2/avr4\libgcc.a(_divmodsi4.o)
 .bss           0x00000000        0x0 c:/program files (x86)/atmel/atmel toolchain/avr8 gcc/native/3.4.2.876/avr8-gnu-toolchain/bin/../lib/gcc/avr/4.7.2/avr4\libgcc.a(_divmodsi4.o)
 .text.libgcc.mul
                0x00000000        0x0 c:/program files (x86)/atmel/atmel toolchain/avr8 gcc/native/3.4.2.876/avr8-gnu-toolchain/bin/../lib/gcc/avr/4.7.2/avr4\libgcc.a(_divmodsi4.o)
 .text.libgcc   0x00000000        0x0 c:/program files (x86)/atmel/atmel toolchain/avr8 gcc/native/3.4.2.876/avr8-gnu-toolchain/bin/../lib/gcc/avr/4.7.2/avr4\libgcc.a(_divmodsi4.o)
 .text.libgcc.prologue
                0x00000000        0x0 c:/program files (x86)/atmel/atmel toolchain/avr8 gcc/native/3.4.2.876/avr8-gnu-toolchain/bin/../lib/gcc/avr/4.7.2/avr4\libgcc.a(_divmodsi4.o)
 .text.libgcc.builtins
                0x00000000        0x0 c:/program files (x86)/atmel/atmel toolchain/avr8 gcc/native/3.4.2.876/avr8-gnu-toolchain/bin/../lib/gcc/avr/4.7.2/avr4\libgcc.a(_divmodsi4.o)
 .text.libgcc.fmul
                0x00000000        0x0 c:/program files (x86)/atmel/atmel toolchain/avr8 gcc/native/3.4.2.876/avr8-gnu-toolchain/bin/../lib/gcc/avr/4.7.2/avr4\libgcc.a(_divmodsi4.o)
 .text          0x00000000        0x0 c:/program files (x86)/atmel/atmel toolchain/avr8 gcc/native/3.4.2.876/avr8-gnu-toolchain/bin/../lib/gcc/avr/4.7.2/avr4\libgcc.a(_exit.o)
 .bss           0x00000000        0x0 c:/program files (x86)/atmel/atmel toolchain/avr8 gcc/native/3.4.2.876/avr8-gnu-toolchain/bin/../lib/gcc/avr/4.7.2/avr4\libgcc.a(_exit.o)
 .text.libgcc.mul
                0x00000000        0x0 c:/program files (x86)/atmel/atmel toolchain/avr8 gcc/native/3.4.2.876/avr8-gnu-toolchain/bin/../lib/gcc/avr/4.7.2/avr4\libgcc.a(_exit.o)
 .text.libgcc.div
                0x00000000        0x0 c:/program files (x86)/atmel/atmel toolchain/avr8 gcc/native/3.4.2.876/avr8-gnu-toolchain/bin/../lib/gcc/avr/4.7.2/avr4\libgcc.a(_exit.o)
 .text.libgcc   0x00000000        0x0 c:/program files (x86)/atmel/atmel toolchain/avr8 gcc/native/3.4.2.876/avr8-gnu-toolchain/bin/../lib/gcc/avr/4.7.2/avr4\libgcc.a(_exit.o)
 .text.libgcc.prologue
                0x00000000        0x0 c:/program files (x86)/atmel/atmel toolchain/avr8 gcc/native/3.4.2.876/avr8-gnu-toolchain/bin/../lib/gcc/avr/4.7.2/avr4\libgcc.a(_exit.o)
 .text.libgcc.builtins
                0x00000000        0x0 c:/program files (x86)/atmel/atmel toolchain/avr8 gcc/native/3.4.2.876/avr8-gnu-toolchain/bin/../lib/gcc/avr/4.7.2/avr4\libgcc.a(_exit.o)
 .text.libgcc.fmul
                0x00000000        0x0 c:/program files (x86)/atmel/atmel toolchain/avr8 gcc/native/3.4.2.876/avr8-gnu-toolchain/bin/../lib/gcc/avr/4.7.2/avr4\libgcc.a(_exit.o)
 .text          0x00000000        0x0 c:/program files (x86)/atmel/atmel toolchain/avr8 gcc/native/3.4.2.876/avr8-gnu-toolchain/bin/../lib/gcc/avr/4.7.2/avr4\libgcc.a(_copy_data.o)
 .bss           0x00000000        0x0 c:/program files (x86)/atmel/atmel toolchain/avr8 gcc/native/3.4.2.876/avr8-gnu-toolchain/bin/../lib/gcc/avr/4.7.2/avr4\libgcc.a(_copy_data.o)
 .text.libgcc.mul
                0x00000000        0x0 c:/program files (x86)/atmel/atmel toolchain/avr8 gcc/native/3.4.2.876/avr8-gnu-toolchain/bin/../lib/gcc/avr/4.7.2/avr4\libgcc.a(_copy_data.o)
 .text.libgcc.div
                0x00000000        0x0 c:/program files (x86)/atmel/atmel toolchain/avr8 gcc/native/3.4.2.876/avr8-gnu-toolchain/bin/../lib/gcc/avr/4.7.2/avr4\libgcc.a(_copy_data.o)
 .text.libgcc   0x00000000        0x0 c:/program files (x86)/atmel/atmel toolchain/avr8 gcc/native/3.4.2.876/avr8-gnu-toolchain/bin/../lib/gcc/avr/4.7.2/avr4\libgcc.a(_copy_data.o)
 .text.libgcc.prologue
                0x00000000        0x0 c:/program files (x86)/atmel/atmel toolchain/avr8 gcc/native/3.4.2.876/avr8-gnu-toolchain/bin/../lib/gcc/avr/4.7.2/avr4\libgcc.a(_copy_data.o)
 .text.libgcc.builtins
                0x00000000        0x0 c:/program files (x86)/atmel/atmel toolchain/avr8 gcc/native/3.4.2.876/avr8-gnu-toolchain/bin/../lib/gcc/avr/4.7.2/avr4\libgcc.a(_copy_data.o)
 .text.libgcc.fmul
                0x00000000        0x0 c:/program files (x86)/atmel/atmel toolchain/avr8 gcc/native/3.4.2.876/avr8-gnu-toolchain/bin/../lib/gcc/avr/4.7.2/avr4\libgcc.a(_copy_data.o)
 .text          0x00000000        0x0 c:/program files (x86)/atmel/atmel toolchain/avr8 gcc/native/3.4.2.876/avr8-gnu-toolchain/bin/../lib/gcc/avr/4.7.2/avr4\libgcc.a(_clear_bss.o)
 .bss           0x00000000        0x0 c:/program files (x86)/atmel/atmel toolchain/avr8 gcc/native/3.4.2.876/avr8-gnu-toolchain/bin/../lib/gcc/avr/4.7.2/avr4\libgcc.a(_clear_bss.o)
 .text.libgcc.mul
                0x00000000        0x0 c:/program files (x86)/atmel/atmel toolchain/avr8 gcc/native/3.4.2.876/avr8-gnu-toolchain/bin/../lib/gcc/avr/4.7.2/avr4\libgcc.a(_clear_bss.o)
 .text.libgcc.div
                0x00000000        0x0 c:/program files (x86)/atmel/atmel toolchain/avr8 gcc/native/3.4.2.876/avr8-gnu-toolchain/bin/../lib/gcc/avr/4.7.2/avr4\libgcc.a(_clear_bss.o)
 .text.libgcc   0x00000000        0x0 c:/program files (x86)/atmel/atmel toolchain/avr8 gcc/native/3.4.2.876/avr8-gnu-toolchain/bin/../lib/gcc/avr/4.7.2/avr4\libgcc.a(_clear_bss.o)
 .text.libgcc.prologue
                0x00000000        0x0 c:/program files (x86)/atmel/atmel toolchain/avr8 gcc/native/3.4.2.876/avr8-gnu-toolchain/bin/../lib/gcc/avr/4.7.2/avr4\libgcc.a(_clear_bss.o)
 .text.libgcc.builtins
                0x00000000        0x0 c:/program files (x86)/atmel/atmel toolchain/avr8 gcc/native/3.4.2.876/avr8-gnu-toolchain/bin/../lib/gcc/avr/4.7.2/avr4\libgcc.a(_clear_bss.o)
 .text.libgcc.fmul
                0x00000000        0x0 c:/program files (x86)/atmel/atmel toolchain/avr8 gcc/native/3.4.2.876/avr8-gnu-toolchain/bin/../lib/gcc/avr/4.7.2/avr4\libgcc.a(_clear_bss.o)
 .text          0x00000000        0x0 c:/program files (x86)/atmel/atmel toolchain/avr8 gcc/native/3.4.2.876/avr8-gnu-toolchain/bin/../lib/gcc/avr/4.7.2/avr4\libgcc.a(_umulhisi3.o)
 .bss           0x00000000        0x0 c:/program files (x86)/atmel/atmel toolchain/avr8 gcc/native/3.4.2.876/avr8-gnu-toolchain/bin/../lib/gcc/avr/4.7.2/avr4\libgcc.a(_umulhisi3.o)
 .text.libgcc.div
                0x00000000        0x0 c:/program files (x86)/atmel/atmel toolchain/avr8 gcc/native/3.4.2.876/avr8-gnu-toolchain/bin/../lib/gcc/avr/4.7.2/avr4\libgcc.a(_umulhisi3.o)
 .text.libgcc   0x00000000        0x0 c:/program files (x86)/atmel/atmel toolchain/avr8 gcc/native/3.4.2.876/avr8-gnu-toolchain/bin/../lib/gcc/avr/4.7.2/avr4\libgcc.a(_umulhisi3.o)
 .text.libgcc.prologue
                0x00000000        0x0 c:/program files (x86)/atmel/atmel toolchain/avr8 gcc/native/3.4.2.876/avr8-gnu-toolchain/bin/../lib/gcc/avr/4.7.2/avr4\libgcc.a(_umulhisi3.o)
 .text.libgcc.builtins
                0x00000000        0x0 c:/program files (x86)/atmel/atmel toolchain/avr8 gcc/native/3.4.2.876/avr8-gnu-toolchain/bin/../lib/gcc/avr/4.7.2/avr4\libgcc.a(_umulhisi3.o)
 .text.libgcc.fmul
                0x00000000        0x0 c:/program files (x86)/atmel/atmel toolchain/avr8 gcc/native/3.4.2.876/avr8-gnu-toolchain/bin/../lib/gcc/avr/4.7.2/avr4\libgcc.a(_umulhisi3.o)
 .text          0x00000000        0x0 c:/program files (x86)/atmel/atmel toolchain/avr8 gcc/native/3.4.2.876/avr8-gnu-toolchain/bin/../lib/gcc/avr/4.7.2/avr4\libgcc.a(_usmulhisi3.o)
 .bss           0x00000000        0x0 c:/program files (x86)/atmel/atmel toolchain/avr8 gcc/native/3.4.2.876/avr8-gnu-toolchain/bin/../lib/gcc/avr/4.7.2/avr4\libgcc.a(_usmulhisi3.o)
 .text.libgcc.div
                0x00000000        0x0 c:/program files (x86)/atmel/atmel toolchain/avr8 gcc/native/3.4.2.876/avr8-gnu-toolchain/bin/../lib/gcc/avr/4.7.2/avr4\libgcc.a(_usmulhisi3.o)
 .text.libgcc   0x00000000        0x0 c:/program files (x86)/atmel/atmel toolchain/avr8 gcc/native/3.4.2.876/avr8-gnu-toolchain/bin/../lib/gcc/avr/4.7.2/avr4\libgcc.a(_usmulhisi3.o)
 .text.libgcc.prologue
                0x00000000        0x0 c:/program files (x86)/atmel/atmel toolchain/avr8 gcc/native/3.4.2.876/avr8-gnu-toolchain/bin/../lib/gcc/avr/4.7.2/avr4\libgcc.a(_usmulhisi3.o)
 .text.libgcc.builtins
                0x00000000        0x0 c:/program files (x86)/atmel/atmel toolchain/avr8 gcc/native/3.4.2.876/avr8-gnu-toolchain/bin/../lib/gcc/avr/4.7.2/avr4\libgcc.a(_usmulhisi3.o)
 .text.libgcc.fmul
                0x00000000        0x0 c:/program files (x86)/atmel/atmel toolchain/avr8 gcc/native/3.4.2.876/avr8-gnu-toolchain/bin/../lib/gcc/avr/4.7.2/avr4\libgcc.a(_usmulhisi3.o)
 .text          0x00000000        0x0 c:/program files (x86)/atmel/atmel toolchain/avr8 gcc/native/3.4.2.876/avr8-gnu-toolchain/bin/../lib/gcc/avr/4.7.2/avr4\libgcc.a(_muluhisi3.o)
 .bss           0x00000000        0x0 c:/program files (x86)/atmel/atmel toolchain/avr8 gcc/native/3.4.2.876/avr8-gnu-toolchain/bin/../lib/gcc/avr/4.7.2/avr4\libgcc.a(_muluhisi3.o)
 .text.libgcc.div
                0x00000000        0x0 c:/program files (x86)/atmel/atmel toolchain/avr8 gcc/native/3.4.2.876/avr8-gnu-toolchain/bin/../lib/gcc/avr/4.7.2/avr4\libgcc.a(_muluhisi3.o)
 .text.libgcc   0x00000000        0x0 c:/program files (x86)/atmel/atmel toolchain/avr8 gcc/native/3.4.2.876/avr8-gnu-toolchain/bin/../lib/gcc/avr/4.7.2/avr4\libgcc.a(_muluhisi3.o)
 .text.libgcc.prologue
                0x00000000        0x0 c:/program files (x86)/atmel/atmel toolchain/avr8 gcc/native/3.4.2.876/avr8-gnu-toolchain/bin/../lib/gcc/avr/4.7.2/avr4\libgcc.a(_muluhisi3.o)
 .text.libgcc.builtins
                0x00000000        0x0 c:/program files (x86)/atmel/atmel toolchain/avr8 gcc/native/3.4.2.876/avr8-gnu-toolchain/bin/../lib/gcc/avr/4.7.2/avr4\libgcc.a(_muluhisi3.o)
 .text.libgcc.fmul
                0x00000000        0x0 c:/program files (x86)/atmel/atmel toolchain/avr8 gcc/native/3.4.2.876/avr8-gnu-toolchain/bin/../lib/gcc/avr/4.7.2/avr4\libgcc.a(_muluhisi3.o)
 .text          0x00000000        0x0 c:/program files (x86)/atmel/atmel toolchain/avr8 gcc/native/3.4.2.876/avr8-gnu-toolchain/bin/../lib/gcc/avr/4.7.2/../../../../avr/lib/avr4\libc.a(eerd_block_atmega8.o)
 .bss           0x00000000        0x0 c:/program files (x86)/atmel/atmel toolchain/avr8 gcc/native/3.4.2.876/avr8-gnu-toolchain/bin/../lib/gcc/avr/4.7.2/../../../../avr/lib/avr4\libc.a(eerd_block_atmega8.o)
 .text          0x00000000        0x0 c:/program files (x86)/atmel/atmel toolchain/avr8 gcc/native/3.4.2.876/avr8-gnu-toolchain/bin/../lib/gcc/avr/4.7.2/../../../../avr/lib/avr4\libc.a(eeupd_block_atmega8.o)
 .bss           0x00000000        0x0 c:/program files (x86)/atmel/atmel toolchain/avr8 gcc/native/3.4.2.876/avr8-gnu-toolchain/bin/../lib/gcc/avr/4.7.2/../../../../avr/lib/avr4\libc.a(eeupd_block_atmega8.o)
 .text          0x00000000        0x0 c:/program files (x86)/atmel/atmel toolchain/avr8 gcc/native/3.4.2.876/avr8-gnu-toolchain/bin/../lib/gcc/avr/4.7.2/../../../../avr/lib/avr4\libc.a(eeupd_byte_atmega8.o)
 .bss           0x00000000        0x0 c:/program files (x86)/atmel/atmel toolchain/avr8 gcc/native/3.4.2.876/avr8-gnu-toolchain/bin/../lib/gcc/avr/4.7.2/../../../../avr/lib/avr4\libc.a(eeupd_byte_atmega8.o)

Memory Configuration

Name             Origin             Length             Attributes
text             0x00000000         0x00002000         xr
data             0x00800060         0x0000ffa0         rw !x
eeprom           0x00810000         0x00010000         rw !x
fuse             0x00820000         0x00000400         rw !x
lock             0x00830000         0x00000400         rw !x
signature        0x00840000         0x00000400         rw !x
user_signatures  0x00850000         0x00000400         rw !x
*default*        0x00000000         0xffffffff

Linker script and memory map

LOAD c:/program files (x86)/atmel/atmel toolchain/avr8 gcc/native/3.4.2.876/avr8-gnu-toolchain/bin/../lib/gcc/avr/4.7.2/../../../../avr/lib/avr4/crtm8.o
LOAD src/adc.o
LOAD src/buttons.o
LOAD src/control.o
LOAD src/led_indic.o
LOAD src/led_indic_hw.o
LOAD src/menu.o
LOAD src/my_string.o
LOAD src/pid1.o
LOAD src/power_control.o
LOAD src/soft_timer.o
LOAD src/systimer.o
LOAD src/usart.o
START GROUP
LOAD c:/program files (x86)/atmel/atmel toolchain/avr8 gcc/native/3.4.2.876/avr8-gnu-toolchain/bin/../lib/gcc/avr/4.7.2/../../../../avr/lib/avr4\libm.a
END GROUP
LOAD c:/program files (x86)/atmel/atmel toolchain/avr8 gcc/native/3.4.2.876/avr8-gnu-toolchain/bin/../lib/gcc/avr/4.7.2/avr4\libgcc.a
LOAD c:/program files (x86)/atmel/atmel toolchain/avr8 gcc/native/3.4.2.876/avr8-gnu-toolchain/bin/../lib/gcc/avr/4.7.2/../../../../avr/lib/avr4\libc.a
LOAD c:/program files (x86)/atmel/atmel toolchain/avr8 gcc/native/3.4.2.876/avr8-gnu-toolchain/bin/../lib/gcc/avr/4.7.2/avr4\libgcc.a

.hash
 *(.hash)

.dynsym
 *(.dynsym)

.dynstr
 *(.dynstr)

.gnu.version
 *(.gnu.version)

.gnu.version_d
 *(.gnu.version_d)

.gnu.version_r
 *(.gnu.version_r)

.rel.init
 *(.rel.init)

.rela.init
 *(.rela.init)

.rel.text
 *(.rel.text)
 *(.rel.text.*)
 *(.rel.gnu.linkonce.t*)

.rela.text
 *(.rela.text)
 *(.rela.text.*)
 *(.rela.gnu.linkonce.t*)

.rel.fini
 *(.rel.fini)

.rela.fini
 *(.rela.fini)

.rel.rodata
 *(.rel.rodata)
 *(.rel.rodata.*)
 *(.rel.gnu.linkonce.r*)

.rela.rodata
 *(.rela.rodata)
 *(.rela.rodata.*)
 *(.rela.gnu.linkonce.r*)

.rel.data
 *(.rel.data)
 *(.rel.data.*)
 *(.rel.gnu.linkonce.d*)

.rela.data
 *(.rela.data)
 *(.rela.data.*)
 *(.rela.gnu.linkonce.d*)

.rel.ctors
 *(.rel.ctors)

.rela.ctors
 *(.rela.ctors)

.rel.dtors
 *(.rel.dtors)

.rela.dtors
 *(.rela.dtors)

.rel.got
 *(.rel.got)

.rela.got
 *(.rela.got)

.rel.bss
 *(.rel.bss)

.rela.bss
 *(.rela.bss)

.rel.plt
 *(.rel.plt)

.rela.plt
 *(.rela.plt)

.text           0x00000000     0x1be8
 *(.vectors)
 .vectors       0x00000000       0x26 c:/program files (x86)/atmel/atmel toolchain/avr8 gcc/native/3.4.2.876/avr8-gnu-toolchain/bin/../lib/gcc/avr/4.7.2/../../../../avr/lib/avr4/crtm8.o
                0x00000000                __vector_default
                0x00000000                __vectors
 *(.vectors)
 *(.progmem.gcc*)
 *(.progmem*)
 .progmem.data  0x00000026       0x34 src/led_indic.o
                0x00000026                led_encode_table
 .progmem.data  0x0000005a      0x102 src/menu.o
                0x0000005a                menuFunctionSet
                0x000000bc                menuJumpSet
                0x0000015c                . = ALIGN (0x2)
                0x0000015c                __trampolines_start = .
 *(.trampolines)
 .trampolines   0x0000015c        0x0 linker stubs
 *(.trampolines*)
                0x0000015c                __trampolines_end = .
 *(.jumptables)
 *(.jumptables*)
 *(.lowtext)
 *(.lowtext*)
                0x0000015c                __ctors_start = .
 *(.ctors)
                0x0000015c                __ctors_end = .
                0x0000015c                __dtors_start = .
 *(.dtors)
                0x0000015c                __dtors_end = .
 SORT(*)(.ctors)
 SORT(*)(.dtors)
 *(.init0)
 .init0         0x0000015c        0x0 c:/program files (x86)/atmel/atmel toolchain/avr8 gcc/native/3.4.2.876/avr8-gnu-toolchain/bin/../lib/gcc/avr/4.7.2/../../../../avr/lib/avr4/crtm8.o
                0x0000015c                __init
 *(.init0)
 *(.init1)
 *(.init1)
 *(.init2)
 .init2         0x0000015c        0xc c:/program files (x86)/atmel/atmel toolchain/avr8 gcc/native/3.4.2.876/avr8-gnu-toolchain/bin/../lib/gcc/avr/4.7.2/../../../../avr/lib/avr4/crtm8.o
 *(.init2)
 *(.init3)
 *(.init3)
 *(.init4)
 .init4         0x00000168       0x16 c:/program files (x86)/atmel/atmel toolchain/avr8 gcc/native/3.4.2.876/avr8-gnu-toolchain/bin/../lib/gcc/avr/4.7.2/avr4\libgcc.a(_copy_data.o)
                0x00000168                __do_copy_data
 .init4         0x0000017e       0x10 c:/program files (x86)/atmel/atmel toolchain/avr8 gcc/native/3.4.2.876/avr8-gnu-toolchain/bin/../lib/gcc/avr/4.7.2/avr4\libgcc.a(_clear_bss.o)
                0x0000017e                __do_clear_bss
 *(.init4)
 *(.init5)
 *(.init5)
 *(.init6)
 *(.init6)
 *(.init7)
 *(.init7)
 *(.init8)
 *(.init8)
 *(.init9)
 .init9         0x0000018e        0x4 c:/program files (x86)/atmel/atmel toolchain/avr8 gcc/native/3.4.2.876/avr8-gnu-toolchain/bin/../lib/gcc/avr/4.7.2/../../../../avr/lib/avr4/crtm8.o
 *(.init9)
 *(.text)
 .text          0x00000192        0x2 c:/program files (x86)/atmel/atmel toolchain/avr8 gcc/native/3.4.2.876/avr8-gnu-toolchain/bin/../lib/gcc/avr/4.7.2/../../../../avr/lib/avr4/crtm8.o
                0x00000192                __vector_1
                0x00000192                __vector_12
                0x00000192                __bad_interrupt
                0x00000192                __vector_6
                0x00000192                __vector_11
                0x00000192                __vector_13
                0x00000192                __vector_17
                0x00000192                __vector_7
                0x00000192                __vector_5
                0x00000192                __vector_4
                0x00000192                __vector_2
                0x00000192                __vector_15
                0x00000192                __vector_8
                0x00000192                __vector_10
                0x00000192                __vector_18
                0x00000194                . = ALIGN (0x2)
 *(.text.*)
 .text.conv_ADC_to_Celsius
                0x00000194       0x42 src/adc.o
                0x00000194                conv_ADC_to_Celsius
 .text.conv_Celsius_to_ADC
                0x000001d6       0x42 src/adc.o
                0x000001d6                conv_Celsius_to_ADC
 .text.calculateCoeffs
                0x00000218       0x9a src/adc.o
                0x00000218                calculateCoeffs
 .text.update_Celsius
                0x000002b2       0x14 src/adc.o
                0x000002b2                update_Celsius
 .text.iir_u16  0x000002c6       0x62 src/adc.o
                0x000002c6                iir_u16
 .text.addToRingU16
                0x00000328       0xa2 src/adc.o
                0x00000328                addToRingU16
 .text.__vector_14
                0x000003ca       0x56 src/adc.o
                0x000003ca                __vector_14
 .text.update_normalized_adc
                0x00000420       0x4c src/adc.o
                0x00000420                update_normalized_adc
 .text.getNormalizedRingU16
                0x0000046c       0x18 src/adc.o
                0x0000046c                getNormalizedRingU16
 .text.process_buttons
                0x00000484       0x8a src/buttons.o
                0x00000484                process_buttons
 .text.processRollControl
                0x0000050e       0xf8 src/control.o
                0x0000050e                processRollControl
 .text.samplePIDProcessValue
                0x00000606       0x10 src/control.o
                0x00000606                samplePIDProcessValue
 .text.processPID
                0x00000616       0xee src/control.o
                0x00000616                processPID
 .text.processHeaterControl
                0x00000704       0xa4 src/control.o
                0x00000704                processHeaterControl
 .text.heaterInit
                0x000007a8       0x10 src/control.o
                0x000007a8                heaterInit
 .text.processHeaterAlerts
                0x000007b8       0x9c src/control.o
                0x000007b8                processHeaterAlerts
 .text.restoreGlobalParams
                0x00000854       0x1c src/control.o
                0x00000854                restoreGlobalParams
 .text.saveCalibrationToEEPROM
                0x00000870        0xe src/control.o
                0x00000870                saveCalibrationToEEPROM
 .text.exitPowerOff
                0x0000087e       0x1e src/control.o
                0x0000087e                exitPowerOff
 .text.decode_led_char
                0x0000089c       0x2e src/led_indic.o
 .text.wrap_led_buffer_index
                0x000008ca       0x20 src/led_indic.o
 .text.processLedIndicator
                0x000008ea       0xc0 src/led_indic.o
                0x000008ea                processLedIndicator
 .text.fillLedBuffer
                0x000009aa       0x48 src/led_indic.o
                0x000009aa                fillLedBuffer
 .text.startShiftingWindowLeft
                0x000009f2       0x1c src/led_indic.o
                0x000009f2                startShiftingWindowLeft
 .text.startShiftingWindowRight
                0x00000a0e       0x1c src/led_indic.o
                0x00000a0e                startShiftingWindowRight
 .text.initLedIndicator
                0x00000a2a       0x46 src/led_indic.o
                0x00000a2a                initLedIndicator
 .text.printLedBuffer
                0x00000a70       0x74 src/led_indic.o
                0x00000a70                printLedBuffer
 .text.setComma
                0x00000ae4       0x18 src/led_indic.o
                0x00000ae4                setComma
 .text.setExtraLeds
                0x00000afc        0xc src/led_indic.o
                0x00000afc                setExtraLeds
 .text.clearExtraLeds
                0x00000b08        0xe src/led_indic.o
                0x00000b08                clearExtraLeds
 .text.led_clock_pulse
                0x00000b16       0x20 src/led_indic_hw.o
                0x00000b16                led_clock_pulse
 .text.set_led_segments
                0x00000b36       0x1c src/led_indic_hw.o
                0x00000b36                set_led_segments
 .text.enable_led_segments_pullups
                0x00000b52        0xe src/led_indic_hw.o
                0x00000b52                enable_led_segments_pullups
 .text.enable_led_segments
                0x00000b60        0xe src/led_indic_hw.o
                0x00000b60                enable_led_segments
 .text.disable_led_segments
                0x00000b6e        0xe src/led_indic_hw.o
                0x00000b6e                disable_led_segments
 .text.capture_button_state
                0x00000b7c       0x16 src/led_indic_hw.o
                0x00000b7c                capture_button_state
 .text.processItemFunction
                0x00000b92        0xa src/menu.o
 .text.mf_setTempLeave
                0x00000b9c        0xc src/menu.o
                0x00000b9c                mf_setTempLeave
 .text.mf_leafSelectAct
                0x00000ba8       0x1c src/menu.o
                0x00000ba8                mf_leafSelectAct
 .text.mf_leafExit
                0x00000bc4        0xc src/menu.o
                0x00000bc4                mf_leafExit
 .text.mf_actpoffLeave
                0x00000bd0        0x6 src/menu.o
                0x00000bd0                mf_actpoffLeave
 .text.mf_calibDoExit
                0x00000bd6       0x16 src/menu.o
                0x00000bd6                mf_calibDoExit
 .text.mf_cdoneDo
                0x00000bec        0x8 src/menu.o
                0x00000bec                mf_cdoneDo
 .text.mf_actpoffDo
                0x00000bf4        0x8 src/menu.o
                0x00000bf4                mf_actpoffDo
 .text.mf_cdone2Select
                0x00000bfc       0x1c src/menu.o
                0x00000bfc                mf_cdone2Select
 .text.mf_cdone1Select
                0x00000c18       0x1c src/menu.o
                0x00000c18                mf_cdone1Select
 .text.mf_autopoffDo
                0x00000c34       0xa2 src/menu.o
                0x00000c34                mf_autopoffDo
 .text.mf_realTempDo
                0x00000cd6       0x56 src/menu.o
                0x00000cd6                mf_realTempDo
 .text.mf_calib2Do
                0x00000d2c       0x9c src/menu.o
                0x00000d2c                mf_calib2Do
 .text.mf_calib1Do
                0x00000dc8       0x9c src/menu.o
                0x00000dc8                mf_calib1Do
 .text.mf_actpoffSelect
                0x00000e64        0xc src/menu.o
                0x00000e64                mf_actpoffSelect
 .text.mf_leafSelect
                0x00000e70       0x10 src/menu.o
                0x00000e70                mf_leafSelect
 .text.mf_calibSelect
                0x00000e80       0x14 src/menu.o
                0x00000e80                mf_calibSelect
 .text.mf_rollLeave
                0x00000e94       0x10 src/menu.o
                0x00000e94                mf_rollLeave
 .text.mf_setTempSelect
                0x00000ea4        0x6 src/menu.o
                0x00000ea4                mf_setTempSelect
 .text.mf_realTempLeave
                0x00000eaa        0x4 src/menu.o
                0x00000eaa                mf_realTempLeave
 .text.mf_sndenDo
                0x00000eae       0x8a src/menu.o
                0x00000eae                mf_sndenDo
 .text.mf_rollDo
                0x00000f38       0xce src/menu.o
                0x00000f38                mf_rollDo
 .text.mf_rollSelect
                0x00001006        0x6 src/menu.o
                0x00001006                mf_rollSelect
 .text.mf_setTempDo
                0x0000100c       0x9e src/menu.o
                0x0000100c                mf_setTempDo
 .text.mf_realTempSelect
                0x000010aa        0x4 src/menu.o
                0x000010aa                mf_realTempSelect
 .text.getMenuFunctionRecord.constprop.0
                0x000010ae       0x6c src/menu.o
 .text.InitMenu
                0x0000111a       0x12 src/menu.o
                0x0000111a                InitMenu
 .text.processMenu
                0x0000112c       0xf8 src/menu.o
                0x0000112c                processMenu
 .text.u16toa_align_right
                0x00001224       0x40 src/my_string.o
                0x00001224                u16toa_align_right
 .text.i32toa_align_right
                0x00001264       0x94 src/my_string.o
                0x00001264                i32toa_align_right
 .text.logI32p  0x000012f8       0x36 src/pid1.o
 .text.logU16p  0x0000132e       0x32 src/pid1.o
 .text.init_system_io
                0x00001360       0x60 src/pid1.o
                0x00001360                init_system_io
 .text.startup.main
                0x000013c0      0x158 src/pid1.o
                0x000013c0                main
 .text.setHeaterControl
                0x00001518       0x1c src/power_control.o
                0x00001518                setHeaterControl
 .text.forceHeaterControlUpdate
                0x00001534       0x1a src/power_control.o
                0x00001534                forceHeaterControlUpdate
 .text.setMotorDirection
                0x0000154e       0x42 src/power_control.o
                0x0000154e                setMotorDirection
 .text.stopCycleRolling
                0x00001590       0x38 src/power_control.o
                0x00001590                stopCycleRolling
 .text.isTopPointValid
                0x000015c8       0x20 src/power_control.o
                0x000015c8                isTopPointValid
 .text.isBottomPointValid
                0x000015e8       0x20 src/power_control.o
                0x000015e8                isBottomPointValid
 .text.startCycleRolling
                0x00001608       0x30 src/power_control.o
                0x00001608                startCycleRolling
 .text.__vector_16
                0x00001638       0x4a src/power_control.o
                0x00001638                __vector_16
 .text.__vector_9
                0x00001682      0x1d2 src/power_control.o
                0x00001682                __vector_9
 .text.processSoftTimer8b
                0x00001854       0x58 src/soft_timer.o
                0x00001854                processSoftTimer8b
 .text.processSystemTimers
                0x000018ac       0xb4 src/systimer.o
                0x000018ac                processSystemTimers
 .text.resetAutoPowerOffCounter
                0x00001960        0x6 src/systimer.o
                0x00001960                resetAutoPowerOffCounter
 .text.SetBeeperFreq
                0x00001966       0x40 src/systimer.o
                0x00001966                SetBeeperFreq
 .text.StartBeep
                0x000019a6       0x24 src/systimer.o
                0x000019a6                StartBeep
 .text.OverrideSoundDisable
                0x000019ca        0x8 src/systimer.o
                0x000019ca                OverrideSoundDisable
 .text.__vector_3
                0x000019d2       0x6c src/systimer.o
                0x000019d2                __vector_3
 .text.USART_send
                0x00001a3e        0xa src/usart.o
                0x00001a3e                USART_send
 .text.USART_sendstr
                0x00001a48       0x24 src/usart.o
                0x00001a48                USART_sendstr
 .text.libgcc.div
                0x00001a6c       0x18 c:/program files (x86)/atmel/atmel toolchain/avr8 gcc/native/3.4.2.876/avr8-gnu-toolchain/bin/../lib/gcc/avr/4.7.2/avr4\libgcc.a(_udivmodqi4.o)
                0x00001a6c                __udivmodqi4
 .text.libgcc.div
                0x00001a84       0x28 c:/program files (x86)/atmel/atmel toolchain/avr8 gcc/native/3.4.2.876/avr8-gnu-toolchain/bin/../lib/gcc/avr/4.7.2/avr4\libgcc.a(_udivmodhi4.o)
                0x00001a84                __udivmodhi4
 .text.libgcc.div
                0x00001aac       0x26 c:/program files (x86)/atmel/atmel toolchain/avr8 gcc/native/3.4.2.876/avr8-gnu-toolchain/bin/../lib/gcc/avr/4.7.2/avr4\libgcc.a(_divmodhi4.o)
                0x00001aac                _div
                0x00001aac                __divmodhi4
 .text.libgcc.div
                0x00001ad2       0x44 c:/program files (x86)/atmel/atmel toolchain/avr8 gcc/native/3.4.2.876/avr8-gnu-toolchain/bin/../lib/gcc/avr/4.7.2/avr4\libgcc.a(_udivmodsi4.o)
                0x00001ad2                __udivmodsi4
 .text.libgcc.div
                0x00001b16       0x36 c:/program files (x86)/atmel/atmel toolchain/avr8 gcc/native/3.4.2.876/avr8-gnu-toolchain/bin/../lib/gcc/avr/4.7.2/avr4\libgcc.a(_divmodsi4.o)
                0x00001b16                __divmodsi4
 .text.libgcc.mul
                0x00001b4c       0x18 c:/program files (x86)/atmel/atmel toolchain/avr8 gcc/native/3.4.2.876/avr8-gnu-toolchain/bin/../lib/gcc/avr/4.7.2/avr4\libgcc.a(_umulhisi3.o)
                0x00001b4c                __umulhisi3
 .text.libgcc.mul
                0x00001b64        0xc c:/program files (x86)/atmel/atmel toolchain/avr8 gcc/native/3.4.2.876/avr8-gnu-toolchain/bin/../lib/gcc/avr/4.7.2/avr4\libgcc.a(_usmulhisi3.o)
                0x00001b64                __usmulhisi3
                0x00001b66                __usmulhisi3_tail
 .text.libgcc.mul
                0x00001b70       0x14 c:/program files (x86)/atmel/atmel toolchain/avr8 gcc/native/3.4.2.876/avr8-gnu-toolchain/bin/../lib/gcc/avr/4.7.2/avr4\libgcc.a(_muluhisi3.o)
                0x00001b70                __muluhisi3
 .text.avr-libc
                0x00001b84       0x20 c:/program files (x86)/atmel/atmel toolchain/avr8 gcc/native/3.4.2.876/avr8-gnu-toolchain/bin/../lib/gcc/avr/4.7.2/../../../../avr/lib/avr4\libc.a(eerd_block_atmega8.o)
                0x00001b84                __eerd_block_m8
                0x00001b88                __eerd_blraw_m8
 .text.avr-libc
                0x00001ba4       0x1e c:/program files (x86)/atmel/atmel toolchain/avr8 gcc/native/3.4.2.876/avr8-gnu-toolchain/bin/../lib/gcc/avr/4.7.2/../../../../avr/lib/avr4\libc.a(eeupd_block_atmega8.o)
                0x00001ba4                __eeupd_block_m8
 .text.avr-libc
                0x00001bc2       0x22 c:/program files (x86)/atmel/atmel toolchain/avr8 gcc/native/3.4.2.876/avr8-gnu-toolchain/bin/../lib/gcc/avr/4.7.2/../../../../avr/lib/avr4\libc.a(eeupd_byte_atmega8.o)
                0x00001bc2                __eeupd_byte_m8
                0x00001bc4                __eeupd_r18_m8
                0x00001be4                . = ALIGN (0x2)
 *(.fini9)
 .fini9         0x00001be4        0x0 c:/program files (x86)/atmel/atmel toolchain/avr8 gcc/native/3.4.2.876/avr8-gnu-toolchain/bin/../lib/gcc/avr/4.7.2/avr4\libgcc.a(_exit.o)
                0x00001be4                _exit
                0x00001be4                exit
 *(.fini9)
 *(.fini8)
 *(.fini8)
 *(.fini7)
 *(.fini7)
 *(.fini6)
 *(.fini6)
 *(.fini5)
 *(.fini5)
 *(.fini4)
 *(.fini4)
 *(.fini3)
 *(.fini3)
 *(.fini2)
 *(.fini2)
 *(.fini1)
 *(.fini1)
 *(.fini0)
 .fini0         0x00001be4        0x4 c:/program files (x86)/atmel/atmel toolchain/avr8 gcc/native/3.4.2.876/avr8-gnu-toolchain/bin/../lib/gcc/avr/4.7.2/avr4\libgcc.a(_exit.o)
 *(.fini0)
                0x00001be8                _etext = .

.data           0x00800060       0x8e load address 0x00001be8
                0x00800060                PROVIDE (__data_start, .)
 *(.data)
 .data          0x00800060        0x0 c:/program files (x86)/atmel/atmel toolchain/avr8 gcc/native/3.4.2.876/avr8-gnu-toolchain/bin/../lib/gcc/avr/4.7.2/../../../../avr/lib/avr4/crtm8.o
 .data          0x00800060       0x29 src/adc.o
                0x00800060                iir_filter_rect
                0x00800077                ringBufFilter
                0x00800080                ringBufADC
 .data          0x00800089        0x1 src/buttons.o
 .data          0x0080008a        0xc src/control.o
                0x0080008a                ringBufDterm
 .data          0x00800096        0x0 src/led_indic.o
 .data          0x00800096        0x0 src/led_indic_hw.o
 .data          0x00800096        0x4 src/menu.o
 .data          0x0080009a        0x0 src/my_string.o
 .data          0x0080009a        0x0 src/pid1.o
 .data          0x0080009a        0x2 src/power_control.o
                0x0080009a                p_state
 .data          0x0080009c        0x0 src/soft_timer.o
 .data          0x0080009c        0xa src/systimer.o
                0x0080009c                sys_timers
                0x008000a2                menuUpdateTimer
 .data          0x008000a6        0x0 src/usart.o
 .data          0x008000a6        0x0 c:/program files (x86)/atmel/atmel toolchain/avr8 gcc/native/3.4.2.876/avr8-gnu-toolchain/bin/../lib/gcc/avr/4.7.2/avr4\libgcc.a(_udivmodqi4.o)
 .data          0x008000a6        0x0 c:/program files (x86)/atmel/atmel toolchain/avr8 gcc/native/3.4.2.876/avr8-gnu-toolchain/bin/../lib/gcc/avr/4.7.2/avr4\libgcc.a(_udivmodhi4.o)
 .data          0x008000a6        0x0 c:/program files (x86)/atmel/atmel toolchain/avr8 gcc/native/3.4.2.876/avr8-gnu-toolchain/bin/../lib/gcc/avr/4.7.2/avr4\libgcc.a(_divmodhi4.o)
 .data          0x008000a6        0x0 c:/program files (x86)/atmel/atmel toolchain/avr8 gcc/native/3.4.2.876/avr8-gnu-toolchain/bin/../lib/gcc/avr/4.7.2/avr4\libgcc.a(_udivmodsi4.o)
 .data          0x008000a6        0x0 c:/program files (x86)/atmel/atmel toolchain/avr8 gcc/native/3.4.2.876/avr8-gnu-toolchain/bin/../lib/gcc/avr/4.7.2/avr4\libgcc.a(_divmodsi4.o)
 .data          0x008000a6        0x0 c:/program files (x86)/atmel/atmel toolchain/avr8 gcc/native/3.4.2.876/avr8-gnu-toolchain/bin/../lib/gcc/avr/4.7.2/avr4\libgcc.a(_exit.o)
 .data          0x008000a6        0x0 c:/program files (x86)/atmel/atmel toolchain/avr8 gcc/native/3.4.2.876/avr8-gnu-toolchain/bin/../lib/gcc/avr/4.7.2/avr4\libgcc.a(_copy_data.o)
 .data          0x008000a6        0x0 c:/program files (x86)/atmel/atmel toolchain/avr8 gcc/native/3.4.2.876/avr8-gnu-toolchain/bin/../lib/gcc/avr/4.7.2/avr4\libgcc.a(_clear_bss.o)
 .data          0x008000a6        0x0 c:/program files (x86)/atmel/atmel toolchain/avr8 gcc/native/3.4.2.876/avr8-gnu-toolchain/bin/../lib/gcc/avr/4.7.2/avr4\libgcc.a(_umulhisi3.o)
 .data          0x008000a6        0x0 c:/program files (x86)/atmel/atmel toolchain/avr8 gcc/native/3.4.2.876/avr8-gnu-toolchain/bin/../lib/gcc/avr/4.7.2/avr4\libgcc.a(_usmulhisi3.o)
 .data          0x008000a6        0x0 c:/program files (x86)/atmel/atmel toolchain/avr8 gcc/native/3.4.2.876/avr8-gnu-toolchain/bin/../lib/gcc/avr/4.7.2/avr4\libgcc.a(_muluhisi3.o)
 .data          0x008000a6        0x0 c:/program files (x86)/atmel/atmel toolchain/avr8 gcc/native/3.4.2.876/avr8-gnu-toolchain/bin/../lib/gcc/avr/4.7.2/../../../../avr/lib/avr4\libc.a(eerd_block_atmega8.o)
 .data          0x008000a6        0x0 c:/program files (x86)/atmel/atmel toolchain/avr8 gcc/native/3.4.2.876/avr8-gnu-toolchain/bin/../lib/gcc/avr/4.7.2/../../../../avr/lib/avr4\libc.a(eeupd_block_atmega8.o)
 .data          0x008000a6        0x0 c:/program files (x86)/atmel/atmel toolchain/avr8 gcc/native/3.4.2.876/avr8-gnu-toolchain/bin/../lib/gcc/avr/4.7.2/../../../../avr/lib/avr4\libc.a(eeupd_byte_atmega8.o)
 *(.data*)
 *(.rodata)
 .rodata        0x008000a6       0x2a src/menu.o
 *(.rodata*)
 .rodata.str1.1
                0x008000d0        0xe src/menu.o
 .rodata.str1.1
                0x008000de        0xf src/pid1.o
 *(.gnu.linkonce.d*)
                0x008000ee                . = ALIGN (0x2)
 *fill*         0x008000ed        0x1 
                0x008000ee                _edata = .
                0x008000ee                PROVIDE (__data_end, .)

.bss            0x008000ee       0xcc
                0x008000ee                PROVIDE (__bss_start, .)
 *(.bss)
 .bss           0x008000ee        0x8 src/adc.o
 .bss           0x008000f6        0x8 src/buttons.o
                0x008000f6                button_action_long
                0x008000f7                button_action_up_short
                0x008000f8                button_action_rep
                0x008000f9                button_action_down
                0x008000fa                button_state
 .bss           0x008000fe        0xa src/control.o
                0x008000fe                autoPowerOffState
 .bss           0x00800108        0x6 src/led_indic.o
 .bss           0x0080010e        0xe src/menu.o
 .bss           0x0080011c        0xe src/power_control.o
                0x0080011c                activeRollCycle
                0x0080011d                rollState
                0x0080011e                heater_reg_cnt
                0x0080011f                heaterState
                0x00800120                ctrl_heater
 .bss           0x0080012a        0x3 src/systimer.o
 *(.bss*)
 *(COMMON)
 COMMON         0x0080012d       0x5a src/adc.o
                0x0080012d                PIDsampledADC
                0x0080012f                adc_filtered
                0x00800131                adc_oversampled
                0x00800133                raw_adc_buffer
                0x0080015b                adc_normalized
                0x0080015d                adc_celsius
                0x0080015f                filter_buffer
 COMMON         0x00800187       0x20 src/control.o
                0x00800187                cp
                0x0080018d                p
                0x00800191                dbg_PID_output
                0x00800193                dbg_SetTempCelsius
                0x00800194                dbg_PID_p_term
                0x00800196                dbg_RealTempPID
                0x00800198                dbg_PID_i_term
                0x0080019a                pid_dterm_buffer
                0x008001a2                dbg_PID_d_term
                0x008001a4                dbg_RealTempCelsius
                0x008001a5                dbg_SetTempPID
 COMMON         0x008001a7       0x13 src/led_indic.o
                0x008001a7                extra_led_state
                0x008001a8                wStartPos
                0x008001a9                shifterState
                0x008001aa                bufStartPos
                0x008001ab                led_data_buffer
                0x008001b9                raw_button_state
                0x008001ba                PROVIDE (__bss_end, .)
                0x00001be8                __data_load_start = LOADADDR (.data)
                0x00001c76                __data_load_end = (__data_load_start + SIZEOF (.data))

.noinit         0x008001ba        0x0
                0x008001ba                PROVIDE (__noinit_start, .)
 *(.noinit*)
                0x008001ba                PROVIDE (__noinit_end, .)
                0x008001ba                _end = .
                0x008001ba                PROVIDE (__heap_start, .)

.eeprom         0x00810000        0xa
 *(.eeprom*)
 .eeprom        0x00810000        0xa src/control.o
                0x00810000                eeCalibrationParams
                0x00810006                eeGlobalParams
                0x0081000a                __eeprom_end = .

.fuse
 *(.fuse)
 *(.lfuse)
 *(.hfuse)
 *(.efuse)

.lock
 *(.lock*)

.signature
 *(.signature*)

.user_signatures
 *(.user_signatures*)

.stab           0x00000000      0x9c0
 *(.stab)
 .stab          0x00000000      0x6cc c:/program files (x86)/atmel/atmel toolchain/avr8 gcc/native/3.4.2.876/avr8-gnu-toolchain/bin/../lib/gcc/avr/4.7.2/../../../../avr/lib/avr4/crtm8.o
 .stab          0x000006cc      0x108 c:/program files (x86)/atmel/atmel toolchain/avr8 gcc/native/3.4.2.876/avr8-gnu-toolchain/bin/../lib/gcc/avr/4.7.2/../../../../avr/lib/avr4\libc.a(eerd_block_atmega8.o)
                                0x114 (size before relaxing)
 .stab          0x000007d4       0xe4 c:/program files (x86)/atmel/atmel toolchain/avr8 gcc/native/3.4.2.876/avr8-gnu-toolchain/bin/../lib/gcc/avr/4.7.2/../../../../avr/lib/avr4\libc.a(eeupd_block_atmega8.o)
                                 0xf0 (size before relaxing)
 .stab          0x000008b8      0x108 c:/program files (x86)/atmel/atmel toolchain/avr8 gcc/native/3.4.2.876/avr8-gnu-toolchain/bin/../lib/gcc/avr/4.7.2/../../../../avr/lib/avr4\libc.a(eeupd_byte_atmega8.o)
                                0x114 (size before relaxing)

.stabstr        0x00000000      0x1a6
 *(.stabstr)
 .stabstr       0x00000000      0x1a6 c:/program files (x86)/atmel/atmel toolchain/avr8 gcc/native/3.4.2.876/avr8-gnu-toolchain/bin/../lib/gcc/avr/4.7.2/../../../../avr/lib/avr4/crtm8.o

.stab.excl
 *(.stab.excl)

.stab.exclstr
 *(.stab.exclstr)

.stab.index
 *(.stab.index)

.stab.indexstr
 *(.stab.indexstr)

.comment        0x00000000       0x2f
 *(.comment)
 .comment       0x00000000       0x2f src/adc.o
                                 0x30 (size before relaxing)
 .comment       0x00000000       0x30 src/buttons.o
 .comment       0x00000000       0x30 src/control.o
 .comment       0x00000000       0x30 src/led_indic.o
 .comment       0x00000000       0x30 src/led_indic_hw.o
 .comment       0x00000000       0x30 src/menu.o
 .comment       0x00000000       0x30 src/my_string.o
 .comment       0x00000000       0x30 src/pid1.o
 .comment       0x00000000       0x30 src/power_control.o
 .comment       0x00000000       0x30 src/soft_timer.o
 .comment       0x00000000       0x30 src/systimer.o
 .comment       0x00000000       0x30 src/usart.o

.debug
 *(.debug)

.line
 *(.line)

.debug_srcinfo
 *(.debug_srcinfo)

.debug_sfnames
 *(.debug_sfnames)

.debug_aranges  0x00000000      0x418
 *(.debug_aranges)
 .debug_aranges
                0x00000000       0x60 src/adc.o
 .debug_aranges
                0x00000060       0x20 src/buttons.o
 .debug_aranges
                0x00000080       0x60 src/control.o
 .debug_aranges
                0x000000e0       0x98 src/led_indic.o
 .debug_aranges
                0x00000178       0x48 src/led_indic_hw.o
 .debug_aranges
                0x000001c0       0xf8 src/menu.o
 .debug_aranges
                0x000002b8       0x28 src/my_string.o
 .debug_aranges
                0x000002e0       0x38 src/pid1.o
 .debug_aranges
                0x00000318       0x60 src/power_control.o
 .debug_aranges
                0x00000378       0x20 src/soft_timer.o
 .debug_aranges
                0x00000398       0x58 src/systimer.o
 .debug_aranges
                0x000003f0       0x28 src/usart.o

.debug_pubnames
 *(.debug_pubnames)

.debug_info     0x00000000     0x3e9e
 *(.debug_info)
 .debug_info    0x00000000      0x484 src/adc.o
 .debug_info    0x00000484      0x17f src/buttons.o
 .debug_info    0x00000603      0x985 src/control.o
 .debug_info    0x00000f88      0x98f src/led_indic.o
 .debug_info    0x00001917      0x21c src/led_indic_hw.o
 .debug_info    0x00001b33     0x1060 src/menu.o
 .debug_info    0x00002b93      0x138 src/my_string.o
 .debug_info    0x00002ccb      0x826 src/pid1.o
 .debug_info    0x000034f1      0x37d src/power_control.o
 .debug_info    0x0000386e      0x161 src/soft_timer.o
 .debug_info    0x000039cf      0x3ed src/systimer.o
 .debug_info    0x00003dbc       0xe2 src/usart.o
 *(.gnu.linkonce.wi.*)

.debug_abbrev   0x00000000     0x1415
 *(.debug_abbrev)
 .debug_abbrev  0x00000000      0x19e src/adc.o
 .debug_abbrev  0x0000019e       0x98 src/buttons.o
 .debug_abbrev  0x00000236      0x247 src/control.o
 .debug_abbrev  0x0000047d      0x2bb src/led_indic.o
 .debug_abbrev  0x00000738      0x154 src/led_indic_hw.o
 .debug_abbrev  0x0000088c      0x373 src/menu.o
 .debug_abbrev  0x00000bff       0xb0 src/my_string.o
 .debug_abbrev  0x00000caf      0x26f src/pid1.o
 .debug_abbrev  0x00000f1e      0x1b6 src/power_control.o
 .debug_abbrev  0x000010d4       0xba src/soft_timer.o
 .debug_abbrev  0x0000118e      0x1d9 src/systimer.o
 .debug_abbrev  0x00001367       0xae src/usart.o

.debug_line     0x00000000     0x18cd
 *(.debug_line)
 .debug_line    0x00000000      0x1b3 src/adc.o
 .debug_line    0x000001b3      0x112 src/buttons.o
 .debug_line    0x000002c5      0x36b src/control.o
 .debug_line    0x00000630      0x34d src/led_indic.o
 .debug_line    0x0000097d      0x206 src/led_indic_hw.o
 .debug_line    0x00000b83      0x3e5 src/menu.o
 .debug_line    0x00000f68      0x139 src/my_string.o
 .debug_line    0x000010a1      0x28c src/pid1.o
 .debug_line    0x0000132d      0x1ed src/power_control.o
 .debug_line    0x0000151a       0xfe src/soft_timer.o
 .debug_line    0x00001618      0x1c3 src/systimer.o
 .debug_line    0x000017db       0xf2 src/usart.o

.debug_frame    0x00000000      0x9d8
 *(.debug_frame)
 .debug_frame   0x00000000      0x178 src/adc.o
 .debug_frame   0x00000178       0x24 src/buttons.o
 .debug_frame   0x0000019c       0xcc src/control.o
 .debug_frame   0x00000268      0x15c src/led_indic.o
 .debug_frame   0x000003c4       0x74 src/led_indic_hw.o
 .debug_frame   0x00000438      0x270 src/menu.o
 .debug_frame   0x000006a8       0x68 src/my_string.o
 .debug_frame   0x00000710       0x84 src/pid1.o
 .debug_frame   0x00000794      0x100 src/power_control.o
 .debug_frame   0x00000894       0x24 src/soft_timer.o
 .debug_frame   0x000008b8       0xdc src/systimer.o
 .debug_frame   0x00000994       0x44 src/usart.o

.debug_str      0x00000000     0x10df
 *(.debug_str)
 .debug_str     0x00000000      0x27a src/adc.o
                                0x2c2 (size before relaxing)
 .debug_str     0x0000027a       0xfa src/buttons.o
                                0x1ba (size before relaxing)
 .debug_str     0x00000374      0x3b7 src/control.o
                                0x5ab (size before relaxing)
 .debug_str     0x0000072b      0x37c src/led_indic.o
                                0x4bb (size before relaxing)
 .debug_str     0x00000aa7       0x22 src/led_indic_hw.o
                                0x1ab (size before relaxing)
 .debug_str     0x00000ac9      0x3af src/menu.o
                                0x6bf (size before relaxing)
 .debug_str     0x00000e78       0x3c src/my_string.o
                                0x116 (size before relaxing)
 .debug_str     0x00000eb4       0x8a src/pid1.o
                                0x436 (size before relaxing)
 .debug_str     0x00000f3e       0xed src/power_control.o
                                0x2c0 (size before relaxing)
 .debug_str     0x0000102b       0x20 src/soft_timer.o
                                0x125 (size before relaxing)
 .debug_str     0x0000104b       0x7a src/systimer.o
                                0x2c6 (size before relaxing)
 .debug_str     0x000010c5       0x1a src/usart.o
                                 0xdc (size before relaxing)

.debug_loc      0x00000000     0x1d86
 *(.debug_loc)
 .debug_loc     0x00000000      0x43a src/adc.o
 .debug_loc     0x0000043a       0x69 src/buttons.o
 .debug_loc     0x000004a3      0x21d src/control.o
 .debug_loc     0x000006c0      0x6b7 src/led_indic.o
 .debug_loc     0x00000d77       0xf6 src/led_indic_hw.o
 .debug_loc     0x00000e6d      0x752 src/menu.o
 .debug_loc     0x000015bf      0x212 src/my_string.o
 .debug_loc     0x000017d1      0x171 src/pid1.o
 .debug_loc     0x00001942      0x1b2 src/power_control.o
 .debug_loc     0x00001af4       0x47 src/soft_timer.o
 .debug_loc     0x00001b3b      0x1ba src/systimer.o
 .debug_loc     0x00001cf5       0x91 src/usart.o

.debug_macinfo
 *(.debug_macinfo)

.debug_pubtypes
 *(.debug_pubtypes)

.debug_ranges   0x00000000      0x358
 *(.debug_ranges)
 .debug_ranges  0x00000000       0x50 src/adc.o
 .debug_ranges  0x00000050       0x10 src/buttons.o
 .debug_ranges  0x00000060       0x50 src/control.o
 .debug_ranges  0x000000b0       0x88 src/led_indic.o
 .debug_ranges  0x00000138       0x38 src/led_indic_hw.o
 .debug_ranges  0x00000170       0xe8 src/menu.o
 .debug_ranges  0x00000258       0x18 src/my_string.o
 .debug_ranges  0x00000270       0x28 src/pid1.o
 .debug_ranges  0x00000298       0x50 src/power_control.o
 .debug_ranges  0x000002e8       0x10 src/soft_timer.o
 .debug_ranges  0x000002f8       0x48 src/systimer.o
 .debug_ranges  0x00000340       0x18 src/usart.o

.debug_macro
 *(.debug_macro)
OUTPUT(pid1.elf elf32-avr)
LOAD linker stubs
